240226 16:13:04  InnoDB: Initializing buffer pool, size = 8.0M
240226 16:13:04  InnoDB: Completed initialization of buffer pool
240226 16:21:33  InnoDB: Initializing buffer pool, size = 8.0M
240226 16:21:33  InnoDB: Completed initialization of buffer pool
240226 17:00:23  InnoDB: Initializing buffer pool, size = 8.0M
240226 17:00:23  InnoDB: Completed initialization of buffer pool
240226 17:11:14  InnoDB: Initializing buffer pool, size = 8.0M
240226 17:11:14  InnoDB: Completed initialization of buffer pool
240226 17:22:20  InnoDB: Initializing buffer pool, size = 8.0M
240226 17:22:20  InnoDB: Completed initialization of buffer pool
240227 10:17:23  InnoDB: Initializing buffer pool, size = 8.0M
240227 10:17:23  InnoDB: Completed initialization of buffer pool
240227 10:19:06  InnoDB: Initializing buffer pool, size = 8.0M
240227 10:19:06  InnoDB: Completed initialization of buffer pool
240228 15:28:43  InnoDB: Initializing buffer pool, size = 8.0M
240228 15:28:43  InnoDB: Completed initialization of buffer pool
240228 17:03:42  InnoDB: Initializing buffer pool, size = 8.0M
240228 17:03:42  InnoDB: Completed initialization of buffer pool
240304 11:15:04  InnoDB: Initializing buffer pool, size = 8.0M
240304 11:15:04  InnoDB: Completed initialization of buffer pool
240304 13:11:17  InnoDB: Initializing buffer pool, size = 8.0M
240304 13:11:17  InnoDB: Completed initialization of buffer pool
240304 13:24:36  InnoDB: Initializing buffer pool, size = 8.0M
240304 13:24:36  InnoDB: Completed initialization of buffer pool
240304 13:36:22  InnoDB: Initializing buffer pool, size = 8.0M
240304 13:36:22  InnoDB: Completed initialization of buffer pool
240304 13:38:42  InnoDB: Initializing buffer pool, size = 8.0M
240304 13:38:42  InnoDB: Completed initialization of buffer pool
240304 13:39:51  InnoDB: Initializing buffer pool, size = 8.0M
240304 13:39:51  InnoDB: Completed initialization of buffer pool
240304 14:50:55  InnoDB: Initializing buffer pool, size = 8.0M
240304 14:50:55  InnoDB: Completed initialization of buffer pool
240304 16:34:12  InnoDB: Initializing buffer pool, size = 8.0M
240304 16:34:12  InnoDB: Completed initialization of buffer pool
240304 16:37:16  InnoDB: Initializing buffer pool, size = 8.0M
240304 16:37:16  InnoDB: Completed initialization of buffer pool
240304 16:40:47  InnoDB: Initializing buffer pool, size = 8.0M
240304 16:40:47  InnoDB: Completed initialization of buffer pool
240304 16:43:04  InnoDB: Initializing buffer pool, size = 8.0M
240304 16:43:04  InnoDB: Completed initialization of buffer pool
240304 16:54:58  InnoDB: Initializing buffer pool, size = 8.0M
240304 16:54:58  InnoDB: Completed initialization of buffer pool
240304 17:16:19  InnoDB: Initializing buffer pool, size = 8.0M
240304 17:16:19  InnoDB: Completed initialization of buffer pool
240306 10:15:11  InnoDB: Initializing buffer pool, size = 8.0M
240306 10:15:11  InnoDB: Completed initialization of buffer pool
240306 10:16:52  InnoDB: Initializing buffer pool, size = 8.0M
240306 10:16:52  InnoDB: Completed initialization of buffer pool
240308 11:33:50  InnoDB: Initializing buffer pool, size = 8.0M
240308 11:33:50  InnoDB: Completed initialization of buffer pool
240308 13:30:07  InnoDB: Initializing buffer pool, size = 8.0M
240308 13:30:07  InnoDB: Completed initialization of buffer pool
240308 13:51:45  InnoDB: Initializing buffer pool, size = 8.0M
240308 13:51:45  InnoDB: Completed initialization of buffer pool
240311 11:17:38  InnoDB: Initializing buffer pool, size = 8.0M
240311 11:17:39  InnoDB: Completed initialization of buffer pool
240311 11:23:41  InnoDB: Initializing buffer pool, size = 8.0M
240311 11:23:41  InnoDB: Completed initialization of buffer pool
240311 13:44:15  InnoDB: Initializing buffer pool, size = 8.0M
240311 13:44:15  InnoDB: Completed initialization of buffer pool
240311 13:47:11  InnoDB: Initializing buffer pool, size = 8.0M
240311 13:47:11  InnoDB: Completed initialization of buffer pool
240311 13:53:44  InnoDB: Initializing buffer pool, size = 8.0M
240311 13:53:44  InnoDB: Completed initialization of buffer pool
240311 14:23:11  InnoDB: Initializing buffer pool, size = 8.0M
240311 14:23:11  InnoDB: Completed initialization of buffer pool
240311 15:43:09  InnoDB: Initializing buffer pool, size = 8.0M
240311 15:43:09  InnoDB: Completed initialization of buffer pool
240311 18:29:48  InnoDB: Initializing buffer pool, size = 8.0M
240311 18:29:48  InnoDB: Completed initialization of buffer pool
240311 18:33:17  InnoDB: Initializing buffer pool, size = 8.0M
240311 18:33:17  InnoDB: Completed initialization of buffer pool
240312 13:12:48  InnoDB: Initializing buffer pool, size = 8.0M
240312 13:12:48  InnoDB: Completed initialization of buffer pool
240312 13:51:41  InnoDB: Initializing buffer pool, size = 8.0M
240312 13:51:41  InnoDB: Completed initialization of buffer pool
240312 14:45:50  InnoDB: Initializing buffer pool, size = 8.0M
240312 14:45:50  InnoDB: Completed initialization of buffer pool
240312 15:22:24  InnoDB: Initializing buffer pool, size = 8.0M
240312 15:22:24  InnoDB: Completed initialization of buffer pool
240312 15:27:17  InnoDB: Initializing buffer pool, size = 8.0M
240312 15:27:17  InnoDB: Completed initialization of buffer pool
240312 15:36:39  InnoDB: Initializing buffer pool, size = 8.0M
240312 15:36:39  InnoDB: Completed initialization of buffer pool
240409 13:09:00  InnoDB: Initializing buffer pool, size = 8.0M
240409 13:09:00  InnoDB: Completed initialization of buffer pool
240409 13:26:30  InnoDB: Initializing buffer pool, size = 8.0M
240409 13:26:30  InnoDB: Completed initialization of buffer pool
240409 13:29:11  InnoDB: Initializing buffer pool, size = 8.0M
240409 13:29:11  InnoDB: Completed initialization of buffer pool
240409 13:29:25  InnoDB: Initializing buffer pool, size = 8.0M
240409 13:29:25  InnoDB: Completed initialization of buffer pool
240409 13:31:49  InnoDB: Initializing buffer pool, size = 8.0M
240409 13:31:49  InnoDB: Completed initialization of buffer pool
240409 13:32:00  InnoDB: Initializing buffer pool, size = 8.0M
240409 13:32:00  InnoDB: Completed initialization of buffer pool
240410 13:23:18  InnoDB: Initializing buffer pool, size = 8.0M
240410 13:23:18  InnoDB: Completed initialization of buffer pool
240411 15:26:41  InnoDB: Initializing buffer pool, size = 8.0M
240411 15:26:41  InnoDB: Completed initialization of buffer pool
240411 15:56:30  InnoDB: Initializing buffer pool, size = 8.0M
240411 15:56:30  InnoDB: Completed initialization of buffer pool
240411 16:13:25  InnoDB: Initializing buffer pool, size = 8.0M
240411 16:13:25  InnoDB: Completed initialization of buffer pool
240411 17:09:43  InnoDB: Initializing buffer pool, size = 8.0M
240411 17:09:43  InnoDB: Completed initialization of buffer pool
240411 17:29:39  InnoDB: Initializing buffer pool, size = 8.0M
240411 17:29:39  InnoDB: Completed initialization of buffer pool
240417 16:23:03  InnoDB: Initializing buffer pool, size = 8.0M
240417 16:23:03  InnoDB: Completed initialization of buffer pool
240424  9:13:35  InnoDB: Initializing buffer pool, size = 8.0M
240424  9:13:35  InnoDB: Completed initialization of buffer pool
240424  9:28:26  InnoDB: Initializing buffer pool, size = 8.0M
240424  9:28:26  InnoDB: Completed initialization of buffer pool
240424 10:07:18  InnoDB: Initializing buffer pool, size = 8.0M
240424 10:07:18  InnoDB: Completed initialization of buffer pool
240424 11:34:52  InnoDB: Initializing buffer pool, size = 8.0M
240424 11:34:52  InnoDB: Completed initialization of buffer pool
240424 13:12:40  InnoDB: Initializing buffer pool, size = 8.0M
240424 13:12:40  InnoDB: Completed initialization of buffer pool
240428 16:53:58  InnoDB: Initializing buffer pool, size = 8.0M
240428 16:53:58  InnoDB: Completed initialization of buffer pool
240430 11:20:15  InnoDB: Initializing buffer pool, size = 8.0M
240430 11:20:15  InnoDB: Completed initialization of buffer pool
240430 13:08:23  InnoDB: Initializing buffer pool, size = 8.0M
240430 13:08:23  InnoDB: Completed initialization of buffer pool
240430 13:09:59  InnoDB: Initializing buffer pool, size = 8.0M
240430 13:09:59  InnoDB: Completed initialization of buffer pool
240430 13:20:50  InnoDB: Initializing buffer pool, size = 8.0M
240430 13:20:50  InnoDB: Completed initialization of buffer pool
240430 13:21:25  InnoDB: Initializing buffer pool, size = 8.0M
240430 13:21:25  InnoDB: Completed initialization of buffer pool
240430 13:22:18  InnoDB: Initializing buffer pool, size = 8.0M
240430 13:22:18  InnoDB: Completed initialization of buffer pool
240501 15:24:54  InnoDB: Initializing buffer pool, size = 8.0M
240501 15:24:54  InnoDB: Completed initialization of buffer pool
240502 10:55:25  InnoDB: Initializing buffer pool, size = 8.0M
240502 10:55:25  InnoDB: Completed initialization of buffer pool
240502 11:15:27  InnoDB: Initializing buffer pool, size = 8.0M
240502 11:15:27  InnoDB: Completed initialization of buffer pool
240506 10:16:45  InnoDB: Initializing buffer pool, size = 8.0M
240506 10:16:45  InnoDB: Completed initialization of buffer pool
240507 14:33:46  InnoDB: Initializing buffer pool, size = 8.0M
240507 14:33:46  InnoDB: Completed initialization of buffer pool
240508 19:22:49  InnoDB: Initializing buffer pool, size = 8.0M
240508 19:22:49  InnoDB: Completed initialization of buffer pool
240509 10:29:45  InnoDB: Initializing buffer pool, size = 8.0M
240509 10:29:45  InnoDB: Completed initialization of buffer pool
240509 18:17:08  InnoDB: Initializing buffer pool, size = 8.0M
240509 18:17:08  InnoDB: Completed initialization of buffer pool
240510  9:19:10  InnoDB: Initializing buffer pool, size = 8.0M
240510  9:19:10  InnoDB: Completed initialization of buffer pool
240510 13:57:36  InnoDB: Initializing buffer pool, size = 8.0M
240510 13:57:36  InnoDB: Completed initialization of buffer pool
240514 14:12:21  InnoDB: Initializing buffer pool, size = 8.0M
240514 14:12:21  InnoDB: Completed initialization of buffer pool
240514 15:04:37  InnoDB: Initializing buffer pool, size = 8.0M
240514 15:04:37  InnoDB: Completed initialization of buffer pool
240514 18:48:31  InnoDB: Initializing buffer pool, size = 8.0M
240514 18:48:31  InnoDB: Completed initialization of buffer pool
240515  9:22:01  InnoDB: Initializing buffer pool, size = 8.0M
240515  9:22:01  InnoDB: Completed initialization of buffer pool
240515  9:35:56  InnoDB: Initializing buffer pool, size = 8.0M
240515  9:35:56  InnoDB: Completed initialization of buffer pool
240515  9:37:13  InnoDB: Initializing buffer pool, size = 8.0M
240515  9:37:13  InnoDB: Completed initialization of buffer pool
240515 13:37:42  InnoDB: Initializing buffer pool, size = 8.0M
240515 13:37:42  InnoDB: Completed initialization of buffer pool
240516 14:37:36  InnoDB: Initializing buffer pool, size = 8.0M
240516 14:37:36  InnoDB: Completed initialization of buffer pool
240516 17:05:58  InnoDB: Initializing buffer pool, size = 8.0M
240516 17:05:58  InnoDB: Completed initialization of buffer pool
240516 18:16:50  InnoDB: Initializing buffer pool, size = 8.0M
240516 18:16:50  InnoDB: Completed initialization of buffer pool
240516 19:13:50  InnoDB: Initializing buffer pool, size = 8.0M
240516 19:13:50  InnoDB: Completed initialization of buffer pool
240516 19:27:26  InnoDB: Initializing buffer pool, size = 8.0M
240516 19:27:26  InnoDB: Completed initialization of buffer pool
240517 15:29:19  InnoDB: Initializing buffer pool, size = 8.0M
240517 15:29:19  InnoDB: Completed initialization of buffer pool
240517 16:00:58  InnoDB: Initializing buffer pool, size = 8.0M
240517 16:00:58  InnoDB: Completed initialization of buffer pool
240517 17:41:54  InnoDB: Initializing buffer pool, size = 8.0M
240517 17:41:54  InnoDB: Completed initialization of buffer pool
240517 18:36:11  InnoDB: Initializing buffer pool, size = 8.0M
240517 18:36:11  InnoDB: Completed initialization of buffer pool
240518 15:08:48  InnoDB: Initializing buffer pool, size = 8.0M
240518 15:08:48  InnoDB: Completed initialization of buffer pool
240518 16:07:33  InnoDB: Initializing buffer pool, size = 8.0M
240518 16:07:33  InnoDB: Completed initialization of buffer pool
240520 15:11:33  InnoDB: Initializing buffer pool, size = 8.0M
240520 15:11:33  InnoDB: Completed initialization of buffer pool
240520 16:08:48  InnoDB: Initializing buffer pool, size = 8.0M
240520 16:08:48  InnoDB: Completed initialization of buffer pool
240520 16:46:29  InnoDB: Initializing buffer pool, size = 8.0M
240520 16:46:29  InnoDB: Completed initialization of buffer pool
240520 18:45:44  InnoDB: Initializing buffer pool, size = 8.0M
240520 18:45:44  InnoDB: Completed initialization of buffer pool
240521  9:52:20  InnoDB: Initializing buffer pool, size = 8.0M
240521  9:52:20  InnoDB: Completed initialization of buffer pool
240521  9:59:01  InnoDB: Initializing buffer pool, size = 8.0M
240521  9:59:01  InnoDB: Completed initialization of buffer pool
240521 10:03:25  InnoDB: Initializing buffer pool, size = 8.0M
240521 10:03:25  InnoDB: Completed initialization of buffer pool
240521 10:07:37  InnoDB: Initializing buffer pool, size = 8.0M
240521 10:07:37  InnoDB: Completed initialization of buffer pool
240521 10:23:10  InnoDB: Initializing buffer pool, size = 8.0M
240521 10:23:10  InnoDB: Completed initialization of buffer pool
240521 10:31:38  InnoDB: Initializing buffer pool, size = 8.0M
240521 10:31:38  InnoDB: Completed initialization of buffer pool
240521 10:33:14  InnoDB: Initializing buffer pool, size = 8.0M
240521 10:33:14  InnoDB: Completed initialization of buffer pool
240521 11:13:44  InnoDB: Initializing buffer pool, size = 8.0M
240521 11:13:44  InnoDB: Completed initialization of buffer pool
240521 13:09:43  InnoDB: Initializing buffer pool, size = 8.0M
240521 13:09:43  InnoDB: Completed initialization of buffer pool
240521 13:12:50  InnoDB: Initializing buffer pool, size = 8.0M
240521 13:12:50  InnoDB: Completed initialization of buffer pool
240521 17:34:24  InnoDB: Initializing buffer pool, size = 8.0M
240521 17:34:24  InnoDB: Completed initialization of buffer pool
240522 10:27:10  InnoDB: Initializing buffer pool, size = 8.0M
240522 10:27:10  InnoDB: Completed initialization of buffer pool
240522 11:30:23  InnoDB: Initializing buffer pool, size = 8.0M
240522 11:30:23  InnoDB: Completed initialization of buffer pool
240522 15:54:10  InnoDB: Initializing buffer pool, size = 8.0M
240522 15:54:10  InnoDB: Completed initialization of buffer pool
240523 10:04:06  InnoDB: Initializing buffer pool, size = 8.0M
240523 10:04:06  InnoDB: Completed initialization of buffer pool
240523 10:38:25  InnoDB: Initializing buffer pool, size = 8.0M
240523 10:38:25  InnoDB: Completed initialization of buffer pool
240523 13:32:35  InnoDB: Initializing buffer pool, size = 8.0M
240523 13:32:35  InnoDB: Completed initialization of buffer pool
240523 14:46:28  InnoDB: Initializing buffer pool, size = 8.0M
240523 14:46:28  InnoDB: Completed initialization of buffer pool
240523 15:56:11  InnoDB: Initializing buffer pool, size = 8.0M
240523 15:56:11  InnoDB: Completed initialization of buffer pool
240523 16:00:19  InnoDB: Initializing buffer pool, size = 8.0M
240523 16:00:19  InnoDB: Completed initialization of buffer pool
240524 10:52:27  InnoDB: Initializing buffer pool, size = 8.0M
240524 10:52:27  InnoDB: Completed initialization of buffer pool
240524 11:00:46  InnoDB: Initializing buffer pool, size = 8.0M
240524 11:00:46  InnoDB: Completed initialization of buffer pool
240524 11:24:58  InnoDB: Initializing buffer pool, size = 8.0M
240524 11:24:58  InnoDB: Completed initialization of buffer pool
240524 12:58:24  InnoDB: Initializing buffer pool, size = 8.0M
240524 12:58:24  InnoDB: Completed initialization of buffer pool
240524 15:59:55  InnoDB: Initializing buffer pool, size = 8.0M
240524 15:59:55  InnoDB: Completed initialization of buffer pool
240524 16:14:48  InnoDB: Initializing buffer pool, size = 8.0M
240524 16:14:48  InnoDB: Completed initialization of buffer pool
240524 18:40:58  InnoDB: Initializing buffer pool, size = 8.0M
240524 18:40:58  InnoDB: Completed initialization of buffer pool
240524 18:48:16  InnoDB: Initializing buffer pool, size = 8.0M
240524 18:48:16  InnoDB: Completed initialization of buffer pool
240525 14:37:01  InnoDB: Initializing buffer pool, size = 8.0M
240525 14:37:01  InnoDB: Completed initialization of buffer pool
240527 16:19:11  InnoDB: Initializing buffer pool, size = 8.0M
240527 16:19:11  InnoDB: Completed initialization of buffer pool
240527 17:10:15  InnoDB: Initializing buffer pool, size = 8.0M
240527 17:10:15  InnoDB: Completed initialization of buffer pool
240527 18:58:36  InnoDB: Initializing buffer pool, size = 8.0M
240527 18:58:36  InnoDB: Completed initialization of buffer pool
240527 19:37:14  InnoDB: Initializing buffer pool, size = 8.0M
240527 19:37:14  InnoDB: Completed initialization of buffer pool
240527 19:58:32  InnoDB: Initializing buffer pool, size = 8.0M
240527 19:58:32  InnoDB: Completed initialization of buffer pool
240527 20:16:31  InnoDB: Initializing buffer pool, size = 8.0M
240527 20:16:31  InnoDB: Completed initialization of buffer pool
240527 20:31:20  InnoDB: Initializing buffer pool, size = 8.0M
240527 20:31:20  InnoDB: Completed initialization of buffer pool
240527 20:37:49  InnoDB: Initializing buffer pool, size = 8.0M
240527 20:37:49  InnoDB: Completed initialization of buffer pool
240527 20:52:19  InnoDB: Initializing buffer pool, size = 8.0M
240527 20:52:19  InnoDB: Completed initialization of buffer pool
240528  9:47:07  InnoDB: Initializing buffer pool, size = 8.0M
240528  9:47:07  InnoDB: Completed initialization of buffer pool
240528  9:58:57  InnoDB: Initializing buffer pool, size = 8.0M
240528  9:58:57  InnoDB: Completed initialization of buffer pool
240528  9:59:59  InnoDB: Initializing buffer pool, size = 8.0M
240528  9:59:59  InnoDB: Completed initialization of buffer pool
240528 14:23:29  InnoDB: Initializing buffer pool, size = 8.0M
240528 14:23:29  InnoDB: Completed initialization of buffer pool
240529 11:10:51  InnoDB: Initializing buffer pool, size = 8.0M
240529 11:10:51  InnoDB: Completed initialization of buffer pool
240529 13:05:59  InnoDB: Initializing buffer pool, size = 8.0M
240529 13:05:59  InnoDB: Completed initialization of buffer pool
240529 13:16:09  InnoDB: Initializing buffer pool, size = 8.0M
240529 13:16:09  InnoDB: Completed initialization of buffer pool
240529 14:23:37  InnoDB: Initializing buffer pool, size = 8.0M
240529 14:23:37  InnoDB: Completed initialization of buffer pool
240529 14:33:59  InnoDB: Initializing buffer pool, size = 8.0M
240529 14:33:59  InnoDB: Completed initialization of buffer pool
240529 14:34:42  InnoDB: Initializing buffer pool, size = 8.0M
240529 14:34:42  InnoDB: Completed initialization of buffer pool
240529 15:00:25  InnoDB: Initializing buffer pool, size = 8.0M
240529 15:00:25  InnoDB: Completed initialization of buffer pool
240529 15:05:35  InnoDB: Initializing buffer pool, size = 8.0M
240529 15:05:35  InnoDB: Completed initialization of buffer pool
240529 15:34:11  InnoDB: Initializing buffer pool, size = 8.0M
240529 15:34:11  InnoDB: Completed initialization of buffer pool
240529 15:41:49  InnoDB: Initializing buffer pool, size = 8.0M
240529 15:41:49  InnoDB: Completed initialization of buffer pool
240529 16:16:36  InnoDB: Initializing buffer pool, size = 8.0M
240529 16:16:36  InnoDB: Completed initialization of buffer pool
240529 16:43:31  InnoDB: Initializing buffer pool, size = 8.0M
240529 16:43:31  InnoDB: Completed initialization of buffer pool
240529 17:03:19  InnoDB: Initializing buffer pool, size = 8.0M
240529 17:03:19  InnoDB: Completed initialization of buffer pool
240529 18:31:15  InnoDB: Initializing buffer pool, size = 8.0M
240529 18:31:15  InnoDB: Completed initialization of buffer pool
240529 19:37:21  InnoDB: Initializing buffer pool, size = 8.0M
240529 19:37:21  InnoDB: Completed initialization of buffer pool
240530  8:51:45  InnoDB: Initializing buffer pool, size = 8.0M
240530  8:51:45  InnoDB: Completed initialization of buffer pool
240530  8:58:33  InnoDB: Initializing buffer pool, size = 8.0M
240530  8:58:33  InnoDB: Completed initialization of buffer pool
240530 10:02:18  InnoDB: Initializing buffer pool, size = 8.0M
240530 10:02:18  InnoDB: Completed initialization of buffer pool
240530 10:06:58  InnoDB: Initializing buffer pool, size = 8.0M
240530 10:06:58  InnoDB: Completed initialization of buffer pool
240530 10:14:56  InnoDB: Initializing buffer pool, size = 8.0M
240530 10:14:56  InnoDB: Completed initialization of buffer pool
240530 10:40:30  InnoDB: Initializing buffer pool, size = 8.0M
240530 10:40:30  InnoDB: Completed initialization of buffer pool
240530 10:46:34  InnoDB: Initializing buffer pool, size = 8.0M
240530 10:46:34  InnoDB: Completed initialization of buffer pool
240530 10:56:17  InnoDB: Initializing buffer pool, size = 8.0M
240530 10:56:17  InnoDB: Completed initialization of buffer pool
240530 11:02:09  InnoDB: Initializing buffer pool, size = 8.0M
240530 11:02:09  InnoDB: Completed initialization of buffer pool
240530 11:06:46  InnoDB: Initializing buffer pool, size = 8.0M
240530 11:06:46  InnoDB: Completed initialization of buffer pool
240530 11:15:58  InnoDB: Initializing buffer pool, size = 8.0M
240530 11:15:58  InnoDB: Completed initialization of buffer pool
240530 11:23:27  InnoDB: Initializing buffer pool, size = 8.0M
240530 11:23:27  InnoDB: Completed initialization of buffer pool
240530 13:20:35  InnoDB: Initializing buffer pool, size = 8.0M
240530 13:20:35  InnoDB: Completed initialization of buffer pool
240530 13:29:31  InnoDB: Initializing buffer pool, size = 8.0M
240530 13:29:31  InnoDB: Completed initialization of buffer pool
240530 14:03:36  InnoDB: Initializing buffer pool, size = 8.0M
240530 14:03:36  InnoDB: Completed initialization of buffer pool
240530 14:08:10  InnoDB: Initializing buffer pool, size = 8.0M
240530 14:08:10  InnoDB: Completed initialization of buffer pool
240530 14:12:55  InnoDB: Initializing buffer pool, size = 8.0M
240530 14:12:55  InnoDB: Completed initialization of buffer pool
240530 14:16:59  InnoDB: Initializing buffer pool, size = 8.0M
240530 14:16:59  InnoDB: Completed initialization of buffer pool
240530 14:37:04  InnoDB: Initializing buffer pool, size = 8.0M
240530 14:37:04  InnoDB: Completed initialization of buffer pool
240530 14:44:49  InnoDB: Initializing buffer pool, size = 8.0M
240530 14:44:49  InnoDB: Completed initialization of buffer pool
240530 14:54:25  InnoDB: Initializing buffer pool, size = 8.0M
240530 14:54:25  InnoDB: Completed initialization of buffer pool
240530 15:16:45  InnoDB: Initializing buffer pool, size = 8.0M
240530 15:16:45  InnoDB: Completed initialization of buffer pool
240530 15:44:16  InnoDB: Initializing buffer pool, size = 8.0M
240530 15:44:16  InnoDB: Completed initialization of buffer pool
240530 15:58:14  InnoDB: Initializing buffer pool, size = 8.0M
240530 15:58:14  InnoDB: Completed initialization of buffer pool
240530 16:27:17  InnoDB: Initializing buffer pool, size = 8.0M
240530 16:27:17  InnoDB: Completed initialization of buffer pool
240530 17:33:09  InnoDB: Initializing buffer pool, size = 8.0M
240530 17:33:09  InnoDB: Completed initialization of buffer pool
240530 18:04:02  InnoDB: Initializing buffer pool, size = 8.0M
240530 18:04:02  InnoDB: Completed initialization of buffer pool
240530 18:12:59  InnoDB: Initializing buffer pool, size = 8.0M
240530 18:12:59  InnoDB: Completed initialization of buffer pool
240530 18:17:17  InnoDB: Initializing buffer pool, size = 8.0M
240530 18:17:17  InnoDB: Completed initialization of buffer pool
240530 18:21:50  InnoDB: Initializing buffer pool, size = 8.0M
240530 18:21:50  InnoDB: Completed initialization of buffer pool
240530 19:08:28  InnoDB: Initializing buffer pool, size = 8.0M
240530 19:08:28  InnoDB: Completed initialization of buffer pool
240530 19:19:02  InnoDB: Initializing buffer pool, size = 8.0M
240530 19:19:02  InnoDB: Completed initialization of buffer pool
240530 20:50:23  InnoDB: Initializing buffer pool, size = 8.0M
240530 20:50:23  InnoDB: Completed initialization of buffer pool
240603 10:58:07  InnoDB: Initializing buffer pool, size = 8.0M
240603 10:58:07  InnoDB: Completed initialization of buffer pool
240603 12:58:06  InnoDB: Initializing buffer pool, size = 8.0M
240603 12:58:06  InnoDB: Completed initialization of buffer pool
240603 13:37:42  InnoDB: Initializing buffer pool, size = 8.0M
240603 13:37:42  InnoDB: Completed initialization of buffer pool
240603 13:45:06  InnoDB: Initializing buffer pool, size = 8.0M
240603 13:45:06  InnoDB: Completed initialization of buffer pool
240603 15:48:39  InnoDB: Initializing buffer pool, size = 8.0M
240603 15:48:39  InnoDB: Completed initialization of buffer pool
240603 19:51:43  InnoDB: Initializing buffer pool, size = 8.0M
240603 19:51:43  InnoDB: Completed initialization of buffer pool
240603 20:22:30  InnoDB: Initializing buffer pool, size = 8.0M
240603 20:22:30  InnoDB: Completed initialization of buffer pool
240603 20:31:31  InnoDB: Initializing buffer pool, size = 8.0M
240603 20:31:31  InnoDB: Completed initialization of buffer pool
240603 20:39:30  InnoDB: Initializing buffer pool, size = 8.0M
240603 20:39:30  InnoDB: Completed initialization of buffer pool
240603 20:40:24  InnoDB: Initializing buffer pool, size = 8.0M
240603 20:40:24  InnoDB: Completed initialization of buffer pool
240604  8:52:56  InnoDB: Initializing buffer pool, size = 8.0M
240604  8:52:56  InnoDB: Completed initialization of buffer pool
240604  9:02:04  InnoDB: Initializing buffer pool, size = 8.0M
240604  9:02:04  InnoDB: Completed initialization of buffer pool
240604  9:08:15  InnoDB: Initializing buffer pool, size = 8.0M
240604  9:08:15  InnoDB: Completed initialization of buffer pool
240604  9:19:21  InnoDB: Initializing buffer pool, size = 8.0M
240604  9:19:21  InnoDB: Completed initialization of buffer pool
240604  9:34:43  InnoDB: Initializing buffer pool, size = 8.0M
240604  9:34:43  InnoDB: Completed initialization of buffer pool
240604 10:28:35  InnoDB: Initializing buffer pool, size = 8.0M
240604 10:28:35  InnoDB: Completed initialization of buffer pool
240604 10:46:56  InnoDB: Initializing buffer pool, size = 8.0M
240604 10:46:56  InnoDB: Completed initialization of buffer pool
240618 10:18:21  InnoDB: Initializing buffer pool, size = 8.0M
240618 10:18:21  InnoDB: Completed initialization of buffer pool
240618 11:08:54  InnoDB: Initializing buffer pool, size = 8.0M
240618 11:08:54  InnoDB: Completed initialization of buffer pool
240618 12:56:02  InnoDB: Initializing buffer pool, size = 8.0M
240618 12:56:02  InnoDB: Completed initialization of buffer pool
240618 13:23:03  InnoDB: Initializing buffer pool, size = 8.0M
240618 13:23:03  InnoDB: Completed initialization of buffer pool
240618 13:49:22  InnoDB: Initializing buffer pool, size = 8.0M
240618 13:49:22  InnoDB: Completed initialization of buffer pool
240618 14:14:28  InnoDB: Initializing buffer pool, size = 8.0M
240618 14:14:28  InnoDB: Completed initialization of buffer pool
240618 14:50:25  InnoDB: Initializing buffer pool, size = 8.0M
240618 14:50:25  InnoDB: Completed initialization of buffer pool
240618 15:44:59  InnoDB: Initializing buffer pool, size = 8.0M
240618 15:44:59  InnoDB: Completed initialization of buffer pool
240618 16:23:12  InnoDB: Initializing buffer pool, size = 8.0M
240618 16:23:12  InnoDB: Completed initialization of buffer pool
240618 16:43:06  InnoDB: Initializing buffer pool, size = 8.0M
240618 16:43:06  InnoDB: Completed initialization of buffer pool
240618 17:07:17  InnoDB: Initializing buffer pool, size = 8.0M
240618 17:07:17  InnoDB: Completed initialization of buffer pool
240618 17:22:50  InnoDB: Initializing buffer pool, size = 8.0M
240618 17:22:50  InnoDB: Completed initialization of buffer pool
240618 19:54:47  InnoDB: Initializing buffer pool, size = 8.0M
240618 19:54:47  InnoDB: Completed initialization of buffer pool
240618 20:18:25  InnoDB: Initializing buffer pool, size = 8.0M
240618 20:18:25  InnoDB: Completed initialization of buffer pool
240619  8:57:56  InnoDB: Initializing buffer pool, size = 8.0M
240619  8:57:56  InnoDB: Completed initialization of buffer pool
240619  9:27:37  InnoDB: Initializing buffer pool, size = 8.0M
240619  9:27:37  InnoDB: Completed initialization of buffer pool
240619 10:14:06  InnoDB: Initializing buffer pool, size = 8.0M
240619 10:14:06  InnoDB: Completed initialization of buffer pool
240619 10:22:53  InnoDB: Initializing buffer pool, size = 8.0M
240619 10:22:53  InnoDB: Completed initialization of buffer pool
240619 10:37:39  InnoDB: Initializing buffer pool, size = 8.0M
240619 10:37:39  InnoDB: Completed initialization of buffer pool
240619 18:24:57  InnoDB: Initializing buffer pool, size = 8.0M
240619 18:24:57  InnoDB: Completed initialization of buffer pool
240619 19:29:36  InnoDB: Initializing buffer pool, size = 8.0M
240619 19:29:36  InnoDB: Completed initialization of buffer pool
240619 19:53:18  InnoDB: Initializing buffer pool, size = 8.0M
240619 19:53:18  InnoDB: Completed initialization of buffer pool
240620  8:57:41  InnoDB: Initializing buffer pool, size = 8.0M
240620  8:57:41  InnoDB: Completed initialization of buffer pool
240620  9:27:52  InnoDB: Initializing buffer pool, size = 8.0M
240620  9:27:52  InnoDB: Completed initialization of buffer pool
240620 14:40:53  InnoDB: Initializing buffer pool, size = 8.0M
240620 14:40:53  InnoDB: Completed initialization of buffer pool
240620 15:01:53  InnoDB: Initializing buffer pool, size = 8.0M
240620 15:01:53  InnoDB: Completed initialization of buffer pool
240620 19:31:32  InnoDB: Initializing buffer pool, size = 8.0M
240620 19:31:32  InnoDB: Completed initialization of buffer pool
240620 19:48:24  InnoDB: Initializing buffer pool, size = 8.0M
240620 19:48:24  InnoDB: Completed initialization of buffer pool
240621 10:30:33  InnoDB: Initializing buffer pool, size = 8.0M
240621 10:30:33  InnoDB: Completed initialization of buffer pool
240621 10:42:44  InnoDB: Initializing buffer pool, size = 8.0M
240621 10:42:44  InnoDB: Completed initialization of buffer pool
240621 14:07:47  InnoDB: Initializing buffer pool, size = 8.0M
240621 14:07:47  InnoDB: Completed initialization of buffer pool
240621 14:25:00  InnoDB: Initializing buffer pool, size = 8.0M
240621 14:25:00  InnoDB: Completed initialization of buffer pool
240621 16:24:39  InnoDB: Initializing buffer pool, size = 8.0M
240621 16:24:39  InnoDB: Completed initialization of buffer pool
240621 18:38:36  InnoDB: Initializing buffer pool, size = 8.0M
240621 18:38:36  InnoDB: Completed initialization of buffer pool
240621 18:45:35  InnoDB: Initializing buffer pool, size = 8.0M
240621 18:45:35  InnoDB: Completed initialization of buffer pool
240622 13:52:20  InnoDB: Initializing buffer pool, size = 8.0M
240622 13:52:20  InnoDB: Completed initialization of buffer pool
240622 14:25:25  InnoDB: Initializing buffer pool, size = 8.0M
240622 14:25:25  InnoDB: Completed initialization of buffer pool
240622 14:37:43  InnoDB: Initializing buffer pool, size = 8.0M
240622 14:37:43  InnoDB: Completed initialization of buffer pool
240622 14:47:58  InnoDB: Initializing buffer pool, size = 8.0M
240622 14:47:58  InnoDB: Completed initialization of buffer pool
240622 14:59:48  InnoDB: Initializing buffer pool, size = 8.0M
240622 14:59:48  InnoDB: Completed initialization of buffer pool
240622 15:04:07  InnoDB: Initializing buffer pool, size = 8.0M
240622 15:04:07  InnoDB: Completed initialization of buffer pool
240622 15:05:03  InnoDB: Initializing buffer pool, size = 8.0M
240622 15:05:03  InnoDB: Completed initialization of buffer pool
240622 15:17:16  InnoDB: Initializing buffer pool, size = 8.0M
240622 15:17:16  InnoDB: Completed initialization of buffer pool
240622 15:26:52  InnoDB: Initializing buffer pool, size = 8.0M
240622 15:26:52  InnoDB: Completed initialization of buffer pool
240622 15:51:39  InnoDB: Initializing buffer pool, size = 8.0M
240622 15:51:39  InnoDB: Completed initialization of buffer pool
240622 16:15:16  InnoDB: Initializing buffer pool, size = 8.0M
240622 16:15:16  InnoDB: Completed initialization of buffer pool
240622 16:31:23  InnoDB: Initializing buffer pool, size = 8.0M
240622 16:31:23  InnoDB: Completed initialization of buffer pool
240622 16:45:10  InnoDB: Initializing buffer pool, size = 8.0M
240622 16:45:10  InnoDB: Completed initialization of buffer pool
240622 16:55:29  InnoDB: Initializing buffer pool, size = 8.0M
240622 16:55:29  InnoDB: Completed initialization of buffer pool
240622 17:01:35  InnoDB: Initializing buffer pool, size = 8.0M
240622 17:01:35  InnoDB: Completed initialization of buffer pool
240622 17:19:21  InnoDB: Initializing buffer pool, size = 8.0M
240622 17:19:21  InnoDB: Completed initialization of buffer pool
240622 18:02:51  InnoDB: Initializing buffer pool, size = 8.0M
240622 18:02:51  InnoDB: Completed initialization of buffer pool
240625 15:48:50  InnoDB: Initializing buffer pool, size = 8.0M
240625 15:48:50  InnoDB: Completed initialization of buffer pool
240625 16:15:31  InnoDB: Initializing buffer pool, size = 8.0M
240625 16:15:31  InnoDB: Completed initialization of buffer pool
240625 17:00:21  InnoDB: Initializing buffer pool, size = 8.0M
240625 17:00:21  InnoDB: Completed initialization of buffer pool
240625 17:11:18  InnoDB: Initializing buffer pool, size = 8.0M
240625 17:11:18  InnoDB: Completed initialization of buffer pool
240625 18:48:53  InnoDB: Initializing buffer pool, size = 8.0M
240625 18:48:53  InnoDB: Completed initialization of buffer pool
240625 19:10:14  InnoDB: Initializing buffer pool, size = 8.0M
240625 19:10:14  InnoDB: Completed initialization of buffer pool
240625 19:16:15  InnoDB: Initializing buffer pool, size = 8.0M
240625 19:16:15  InnoDB: Completed initialization of buffer pool
240625 19:26:41  InnoDB: Initializing buffer pool, size = 8.0M
240625 19:26:41  InnoDB: Completed initialization of buffer pool
240626  8:56:44  InnoDB: Initializing buffer pool, size = 8.0M
240626  8:56:44  InnoDB: Completed initialization of buffer pool
240626  9:19:50  InnoDB: Initializing buffer pool, size = 8.0M
240626  9:19:50  InnoDB: Completed initialization of buffer pool
240626  9:28:39  InnoDB: Initializing buffer pool, size = 8.0M
240626  9:28:39  InnoDB: Completed initialization of buffer pool
240626  9:49:23  InnoDB: Initializing buffer pool, size = 8.0M
240626  9:49:23  InnoDB: Completed initialization of buffer pool
240626 10:01:43  InnoDB: Initializing buffer pool, size = 8.0M
240626 10:01:43  InnoDB: Completed initialization of buffer pool
240626 14:21:58  InnoDB: Initializing buffer pool, size = 8.0M
240626 14:21:58  InnoDB: Completed initialization of buffer pool
240626 14:51:38  InnoDB: Initializing buffer pool, size = 8.0M
240626 14:51:38  InnoDB: Completed initialization of buffer pool
240627  8:48:34  InnoDB: Initializing buffer pool, size = 8.0M
240627  8:48:34  InnoDB: Completed initialization of buffer pool
240627  9:08:26  InnoDB: Initializing buffer pool, size = 8.0M
240627  9:08:26  InnoDB: Completed initialization of buffer pool
240627 10:00:29  InnoDB: Initializing buffer pool, size = 8.0M
240627 10:00:29  InnoDB: Completed initialization of buffer pool
240627 10:16:03  InnoDB: Initializing buffer pool, size = 8.0M
240627 10:16:03  InnoDB: Completed initialization of buffer pool
240627 10:40:32  InnoDB: Initializing buffer pool, size = 8.0M
240627 10:40:32  InnoDB: Completed initialization of buffer pool
240627 11:14:25  InnoDB: Initializing buffer pool, size = 8.0M
240627 11:14:25  InnoDB: Completed initialization of buffer pool
240627 11:32:04  InnoDB: Initializing buffer pool, size = 8.0M
240627 11:32:04  InnoDB: Completed initialization of buffer pool
240627 15:04:12  InnoDB: Initializing buffer pool, size = 8.0M
240627 15:04:12  InnoDB: Completed initialization of buffer pool
240627 15:29:12  InnoDB: Initializing buffer pool, size = 8.0M
240627 15:29:12  InnoDB: Completed initialization of buffer pool
240627 15:50:40  InnoDB: Initializing buffer pool, size = 8.0M
240627 15:50:40  InnoDB: Completed initialization of buffer pool
240627 15:59:26  InnoDB: Initializing buffer pool, size = 8.0M
240627 15:59:26  InnoDB: Completed initialization of buffer pool
240627 16:31:05  InnoDB: Initializing buffer pool, size = 8.0M
240627 16:31:05  InnoDB: Completed initialization of buffer pool
240627 16:50:59  InnoDB: Initializing buffer pool, size = 8.0M
240627 16:50:59  InnoDB: Completed initialization of buffer pool
240627 17:05:36  InnoDB: Initializing buffer pool, size = 8.0M
240627 17:05:36  InnoDB: Completed initialization of buffer pool
240701 18:42:08  InnoDB: Initializing buffer pool, size = 8.0M
240701 18:42:08  InnoDB: Completed initialization of buffer pool
240701 19:28:57  InnoDB: Initializing buffer pool, size = 8.0M
240701 19:28:57  InnoDB: Completed initialization of buffer pool
240702 10:55:32  InnoDB: Initializing buffer pool, size = 8.0M
240702 10:55:32  InnoDB: Completed initialization of buffer pool
240702 14:08:00  InnoDB: Initializing buffer pool, size = 8.0M
240702 14:08:00  InnoDB: Completed initialization of buffer pool
240702 15:23:55  InnoDB: Initializing buffer pool, size = 8.0M
240702 15:23:55  InnoDB: Completed initialization of buffer pool
240702 15:59:23  InnoDB: Initializing buffer pool, size = 8.0M
240702 15:59:23  InnoDB: Completed initialization of buffer pool
240702 16:15:26  InnoDB: Initializing buffer pool, size = 8.0M
240702 16:15:26  InnoDB: Completed initialization of buffer pool
240703  9:11:15  InnoDB: Initializing buffer pool, size = 8.0M
240703  9:11:15  InnoDB: Completed initialization of buffer pool
240703  9:16:12  InnoDB: Initializing buffer pool, size = 8.0M
240703  9:16:12  InnoDB: Completed initialization of buffer pool
240703  9:21:42  InnoDB: Initializing buffer pool, size = 8.0M
240703  9:21:42  InnoDB: Completed initialization of buffer pool
240703  9:24:02  InnoDB: Initializing buffer pool, size = 8.0M
240703  9:24:02  InnoDB: Completed initialization of buffer pool
240703 10:56:53  InnoDB: Initializing buffer pool, size = 8.0M
240703 10:56:53  InnoDB: Completed initialization of buffer pool
240704 16:17:05  InnoDB: Initializing buffer pool, size = 8.0M
240704 16:17:05  InnoDB: Completed initialization of buffer pool
240704 16:24:42  InnoDB: Initializing buffer pool, size = 8.0M
240704 16:24:42  InnoDB: Completed initialization of buffer pool
240704 16:36:57  InnoDB: Initializing buffer pool, size = 8.0M
240704 16:36:57  InnoDB: Completed initialization of buffer pool
240704 16:49:04  InnoDB: Initializing buffer pool, size = 8.0M
240704 16:49:04  InnoDB: Completed initialization of buffer pool
240704 16:55:18  InnoDB: Initializing buffer pool, size = 8.0M
240704 16:55:18  InnoDB: Completed initialization of buffer pool
240704 17:00:31  InnoDB: Initializing buffer pool, size = 8.0M
240704 17:00:31  InnoDB: Completed initialization of buffer pool
240704 17:12:40  InnoDB: Initializing buffer pool, size = 8.0M
240704 17:12:40  InnoDB: Completed initialization of buffer pool
240704 17:38:12  InnoDB: Initializing buffer pool, size = 8.0M
240704 17:38:12  InnoDB: Completed initialization of buffer pool
240704 18:24:49  InnoDB: Initializing buffer pool, size = 8.0M
240704 18:24:49  InnoDB: Completed initialization of buffer pool
240704 19:20:27  InnoDB: Initializing buffer pool, size = 8.0M
240704 19:20:27  InnoDB: Completed initialization of buffer pool
240704 19:44:42  InnoDB: Initializing buffer pool, size = 8.0M
240704 19:44:42  InnoDB: Completed initialization of buffer pool
240706 16:49:37  InnoDB: Initializing buffer pool, size = 8.0M
240706 16:49:37  InnoDB: Completed initialization of buffer pool
240708 15:34:53  InnoDB: Initializing buffer pool, size = 8.0M
240708 15:34:53  InnoDB: Completed initialization of buffer pool
240708 16:29:16  InnoDB: Initializing buffer pool, size = 8.0M
240708 16:29:16  InnoDB: Completed initialization of buffer pool
240708 16:39:27  InnoDB: Initializing buffer pool, size = 8.0M
240708 16:39:27  InnoDB: Completed initialization of buffer pool
240708 17:00:57  InnoDB: Initializing buffer pool, size = 8.0M
240708 17:00:57  InnoDB: Completed initialization of buffer pool
240708 17:22:27  InnoDB: Initializing buffer pool, size = 8.0M
240708 17:22:27  InnoDB: Completed initialization of buffer pool
240709  9:18:44  InnoDB: Initializing buffer pool, size = 8.0M
240709  9:18:44  InnoDB: Completed initialization of buffer pool
240709 10:45:58  InnoDB: Initializing buffer pool, size = 8.0M
240709 10:45:58  InnoDB: Completed initialization of buffer pool
240709 11:20:33  InnoDB: Initializing buffer pool, size = 8.0M
240709 11:20:33  InnoDB: Completed initialization of buffer pool
240709 13:27:45  InnoDB: Initializing buffer pool, size = 8.0M
240709 13:27:45  InnoDB: Completed initialization of buffer pool
240709 13:43:43  InnoDB: Initializing buffer pool, size = 8.0M
240709 13:43:43  InnoDB: Completed initialization of buffer pool
240709 14:39:40  InnoDB: Initializing buffer pool, size = 8.0M
240709 14:39:40  InnoDB: Completed initialization of buffer pool
240709 14:52:11  InnoDB: Initializing buffer pool, size = 8.0M
240709 14:52:11  InnoDB: Completed initialization of buffer pool
240709 15:03:46  InnoDB: Initializing buffer pool, size = 8.0M
240709 15:03:46  InnoDB: Completed initialization of buffer pool
240709 15:30:34  InnoDB: Initializing buffer pool, size = 8.0M
240709 15:30:34  InnoDB: Completed initialization of buffer pool
240709 15:40:28  InnoDB: Initializing buffer pool, size = 8.0M
240709 15:40:28  InnoDB: Completed initialization of buffer pool
240709 15:51:23  InnoDB: Initializing buffer pool, size = 8.0M
240709 15:51:23  InnoDB: Completed initialization of buffer pool
240709 15:53:07  InnoDB: Initializing buffer pool, size = 8.0M
240709 15:53:07  InnoDB: Completed initialization of buffer pool
240709 15:57:51  InnoDB: Initializing buffer pool, size = 8.0M
240709 15:57:51  InnoDB: Completed initialization of buffer pool
240709 16:04:08  InnoDB: Initializing buffer pool, size = 8.0M
240709 16:04:08  InnoDB: Completed initialization of buffer pool
240709 16:16:04  InnoDB: Initializing buffer pool, size = 8.0M
240709 16:16:04  InnoDB: Completed initialization of buffer pool
240709 16:19:18  InnoDB: Initializing buffer pool, size = 8.0M
240709 16:19:18  InnoDB: Completed initialization of buffer pool
240709 18:55:23  InnoDB: Initializing buffer pool, size = 8.0M
240709 18:55:23  InnoDB: Completed initialization of buffer pool
240709 20:08:17  InnoDB: Initializing buffer pool, size = 8.0M
240709 20:08:17  InnoDB: Completed initialization of buffer pool
240710  9:57:06  InnoDB: Initializing buffer pool, size = 8.0M
240710  9:57:06  InnoDB: Completed initialization of buffer pool
240710 10:10:48  InnoDB: Initializing buffer pool, size = 8.0M
240710 10:10:48  InnoDB: Completed initialization of buffer pool
240710 10:47:38  InnoDB: Initializing buffer pool, size = 8.0M
240710 10:47:38  InnoDB: Completed initialization of buffer pool
240710 11:17:55  InnoDB: Initializing buffer pool, size = 8.0M
240710 11:17:55  InnoDB: Completed initialization of buffer pool
240710 11:28:46  InnoDB: Initializing buffer pool, size = 8.0M
240710 11:28:46  InnoDB: Completed initialization of buffer pool
240710 11:39:06  InnoDB: Initializing buffer pool, size = 8.0M
240710 11:39:06  InnoDB: Completed initialization of buffer pool
240710 13:27:48  InnoDB: Initializing buffer pool, size = 8.0M
240710 13:27:48  InnoDB: Completed initialization of buffer pool
240710 14:13:03  InnoDB: Initializing buffer pool, size = 8.0M
240710 14:13:03  InnoDB: Completed initialization of buffer pool
240710 14:41:04  InnoDB: Initializing buffer pool, size = 8.0M
240710 14:41:04  InnoDB: Completed initialization of buffer pool
240710 14:49:02  InnoDB: Initializing buffer pool, size = 8.0M
240710 14:49:02  InnoDB: Completed initialization of buffer pool
240710 14:52:41  InnoDB: Initializing buffer pool, size = 8.0M
240710 14:52:41  InnoDB: Completed initialization of buffer pool
240710 14:58:31  InnoDB: Initializing buffer pool, size = 8.0M
240710 14:58:31  InnoDB: Completed initialization of buffer pool
240710 15:04:55  InnoDB: Initializing buffer pool, size = 8.0M
240710 15:04:55  InnoDB: Completed initialization of buffer pool
240710 15:25:59  InnoDB: Initializing buffer pool, size = 8.0M
240710 15:25:59  InnoDB: Completed initialization of buffer pool
240710 15:53:32  InnoDB: Initializing buffer pool, size = 8.0M
240710 15:53:32  InnoDB: Completed initialization of buffer pool
240716 19:05:41  InnoDB: Initializing buffer pool, size = 8.0M
240716 19:05:41  InnoDB: Completed initialization of buffer pool
240716 19:11:26  InnoDB: Initializing buffer pool, size = 8.0M
240716 19:11:26  InnoDB: Completed initialization of buffer pool
240716 19:43:11  InnoDB: Initializing buffer pool, size = 8.0M
240716 19:43:11  InnoDB: Completed initialization of buffer pool
240717 14:50:29  InnoDB: Initializing buffer pool, size = 8.0M
240717 14:50:29  InnoDB: Completed initialization of buffer pool
240720 16:34:06  InnoDB: Initializing buffer pool, size = 8.0M
240720 16:34:06  InnoDB: Completed initialization of buffer pool
240720 17:43:23  InnoDB: Initializing buffer pool, size = 8.0M
240720 17:43:23  InnoDB: Completed initialization of buffer pool
240723 13:04:36  InnoDB: Initializing buffer pool, size = 8.0M
240723 13:04:36  InnoDB: Completed initialization of buffer pool
240723 15:25:37  InnoDB: Initializing buffer pool, size = 8.0M
240723 15:25:37  InnoDB: Completed initialization of buffer pool
240723 16:17:53  InnoDB: Initializing buffer pool, size = 8.0M
240723 16:17:53  InnoDB: Completed initialization of buffer pool
240723 16:51:29  InnoDB: Initializing buffer pool, size = 8.0M
240723 16:51:29  InnoDB: Completed initialization of buffer pool
240723 17:02:16  InnoDB: Initializing buffer pool, size = 8.0M
240723 17:02:16  InnoDB: Completed initialization of buffer pool
240723 18:16:08  InnoDB: Initializing buffer pool, size = 8.0M
240723 18:16:08  InnoDB: Completed initialization of buffer pool
240723 19:01:06  InnoDB: Initializing buffer pool, size = 8.0M
240723 19:01:06  InnoDB: Completed initialization of buffer pool
240723 19:02:34  InnoDB: Initializing buffer pool, size = 8.0M
240723 19:02:34  InnoDB: Completed initialization of buffer pool
240723 19:17:59  InnoDB: Initializing buffer pool, size = 8.0M
240723 19:17:59  InnoDB: Completed initialization of buffer pool
240723 19:24:52  InnoDB: Initializing buffer pool, size = 8.0M
240723 19:24:52  InnoDB: Completed initialization of buffer pool
240723 19:32:47  InnoDB: Initializing buffer pool, size = 8.0M
240723 19:32:47  InnoDB: Completed initialization of buffer pool
240723 19:49:48  InnoDB: Initializing buffer pool, size = 8.0M
240723 19:49:48  InnoDB: Completed initialization of buffer pool
240723 20:04:44  InnoDB: Initializing buffer pool, size = 8.0M
240723 20:04:44  InnoDB: Completed initialization of buffer pool
240723 20:15:22  InnoDB: Initializing buffer pool, size = 8.0M
240723 20:15:22  InnoDB: Completed initialization of buffer pool
240723 20:45:39  InnoDB: Initializing buffer pool, size = 8.0M
240723 20:45:39  InnoDB: Completed initialization of buffer pool
240724  9:16:45  InnoDB: Initializing buffer pool, size = 8.0M
240724  9:16:45  InnoDB: Completed initialization of buffer pool
240724  9:35:41  InnoDB: Initializing buffer pool, size = 8.0M
240724  9:35:41  InnoDB: Completed initialization of buffer pool
240724 13:58:04  InnoDB: Initializing buffer pool, size = 8.0M
240724 13:58:04  InnoDB: Completed initialization of buffer pool
240724 14:23:50  InnoDB: Initializing buffer pool, size = 8.0M
240724 14:23:50  InnoDB: Completed initialization of buffer pool
240725 10:36:17  InnoDB: Initializing buffer pool, size = 8.0M
240725 10:36:17  InnoDB: Completed initialization of buffer pool
240725 16:13:45  InnoDB: Initializing buffer pool, size = 8.0M
240725 16:13:45  InnoDB: Completed initialization of buffer pool
240725 16:22:39  InnoDB: Initializing buffer pool, size = 8.0M
240725 16:22:39  InnoDB: Completed initialization of buffer pool
240725 16:32:09  InnoDB: Initializing buffer pool, size = 8.0M
240725 16:32:09  InnoDB: Completed initialization of buffer pool
240726 15:25:55  InnoDB: Initializing buffer pool, size = 8.0M
240726 15:25:55  InnoDB: Completed initialization of buffer pool
240726 16:36:47  InnoDB: Initializing buffer pool, size = 8.0M
240726 16:36:47  InnoDB: Completed initialization of buffer pool
240726 17:16:22  InnoDB: Initializing buffer pool, size = 8.0M
240726 17:16:22  InnoDB: Completed initialization of buffer pool
240727 10:51:47  InnoDB: Initializing buffer pool, size = 8.0M
240727 10:51:47  InnoDB: Completed initialization of buffer pool
240727 11:43:09  InnoDB: Initializing buffer pool, size = 8.0M
240727 11:43:09  InnoDB: Completed initialization of buffer pool
240727 13:15:43  InnoDB: Initializing buffer pool, size = 8.0M
240727 13:15:43  InnoDB: Completed initialization of buffer pool
240730  9:40:02  InnoDB: Initializing buffer pool, size = 8.0M
240730  9:40:02  InnoDB: Completed initialization of buffer pool
240730  9:42:36  InnoDB: Initializing buffer pool, size = 8.0M
240730  9:42:36  InnoDB: Completed initialization of buffer pool
240731 13:30:57  InnoDB: Initializing buffer pool, size = 8.0M
240731 13:30:57  InnoDB: Completed initialization of buffer pool
240731 14:15:06  InnoDB: Initializing buffer pool, size = 8.0M
240731 14:15:06  InnoDB: Completed initialization of buffer pool
240801  8:37:04  InnoDB: Initializing buffer pool, size = 8.0M
240801  8:37:04  InnoDB: Completed initialization of buffer pool
240802 10:07:02  InnoDB: Initializing buffer pool, size = 8.0M
240802 10:07:02  InnoDB: Completed initialization of buffer pool
240802 11:12:37  InnoDB: Initializing buffer pool, size = 8.0M
240802 11:12:37  InnoDB: Completed initialization of buffer pool
240802 14:11:47  InnoDB: Initializing buffer pool, size = 8.0M
240802 14:11:47  InnoDB: Completed initialization of buffer pool
240802 17:13:08  InnoDB: Initializing buffer pool, size = 8.0M
240802 17:13:08  InnoDB: Completed initialization of buffer pool
240803 11:10:28  InnoDB: Initializing buffer pool, size = 8.0M
240803 11:10:28  InnoDB: Completed initialization of buffer pool
240803 14:28:36  InnoDB: Initializing buffer pool, size = 8.0M
240803 14:28:36  InnoDB: Completed initialization of buffer pool
240803 17:10:54  InnoDB: Initializing buffer pool, size = 8.0M
240803 17:10:54  InnoDB: Completed initialization of buffer pool
240805 10:27:04  InnoDB: Initializing buffer pool, size = 8.0M
240805 10:27:04  InnoDB: Completed initialization of buffer pool
240805 10:50:10  InnoDB: Initializing buffer pool, size = 8.0M
240805 10:50:10  InnoDB: Completed initialization of buffer pool
240805 11:11:24  InnoDB: Initializing buffer pool, size = 8.0M
240805 11:11:24  InnoDB: Completed initialization of buffer pool
240805 11:14:54  InnoDB: Initializing buffer pool, size = 8.0M
240805 11:14:54  InnoDB: Completed initialization of buffer pool
240805 17:15:06  InnoDB: Initializing buffer pool, size = 8.0M
240805 17:15:06  InnoDB: Completed initialization of buffer pool
240805 17:35:41  InnoDB: Initializing buffer pool, size = 8.0M
240805 17:35:41  InnoDB: Completed initialization of buffer pool
240805 18:56:06  InnoDB: Initializing buffer pool, size = 8.0M
240805 18:56:06  InnoDB: Completed initialization of buffer pool
240805 19:25:07  InnoDB: Initializing buffer pool, size = 8.0M
240805 19:25:07  InnoDB: Completed initialization of buffer pool
240805 19:44:02  InnoDB: Initializing buffer pool, size = 8.0M
240805 19:44:02  InnoDB: Completed initialization of buffer pool
240805 19:59:59  InnoDB: Initializing buffer pool, size = 8.0M
240805 19:59:59  InnoDB: Completed initialization of buffer pool
240805 20:07:50  InnoDB: Initializing buffer pool, size = 8.0M
240805 20:07:50  InnoDB: Completed initialization of buffer pool
240806  8:38:13  InnoDB: Initializing buffer pool, size = 8.0M
240806  8:38:13  InnoDB: Completed initialization of buffer pool
240806 10:47:25  InnoDB: Initializing buffer pool, size = 8.0M
240806 10:47:25  InnoDB: Completed initialization of buffer pool
240806 11:35:00  InnoDB: Initializing buffer pool, size = 8.0M
240806 11:35:00  InnoDB: Completed initialization of buffer pool
240812 13:13:23  InnoDB: Initializing buffer pool, size = 8.0M
240812 13:13:23  InnoDB: Completed initialization of buffer pool
240812 13:15:19  InnoDB: Initializing buffer pool, size = 8.0M
240812 13:15:19  InnoDB: Completed initialization of buffer pool
240812 14:19:27  InnoDB: Initializing buffer pool, size = 8.0M
240812 14:19:27  InnoDB: Completed initialization of buffer pool
240812 15:47:46  InnoDB: Initializing buffer pool, size = 8.0M
240812 15:47:46  InnoDB: Completed initialization of buffer pool
240812 16:35:02  InnoDB: Initializing buffer pool, size = 8.0M
240812 16:35:02  InnoDB: Completed initialization of buffer pool
240812 16:49:26  InnoDB: Initializing buffer pool, size = 8.0M
240812 16:49:26  InnoDB: Completed initialization of buffer pool
240812 19:22:52  InnoDB: Initializing buffer pool, size = 8.0M
240812 19:22:52  InnoDB: Completed initialization of buffer pool
240812 19:26:31  InnoDB: Initializing buffer pool, size = 8.0M
240812 19:26:32  InnoDB: Completed initialization of buffer pool
240812 19:36:09  InnoDB: Initializing buffer pool, size = 8.0M
240812 19:36:09  InnoDB: Completed initialization of buffer pool
240813  9:56:16  InnoDB: Initializing buffer pool, size = 8.0M
240813  9:56:16  InnoDB: Completed initialization of buffer pool
240813 10:13:34  InnoDB: Initializing buffer pool, size = 8.0M
240813 10:13:34  InnoDB: Completed initialization of buffer pool
240813 17:16:53  InnoDB: Initializing buffer pool, size = 8.0M
240813 17:16:53  InnoDB: Completed initialization of buffer pool
240813 17:38:43  InnoDB: Initializing buffer pool, size = 8.0M
240813 17:38:43  InnoDB: Completed initialization of buffer pool
240813 18:47:05  InnoDB: Initializing buffer pool, size = 8.0M
240813 18:47:05  InnoDB: Completed initialization of buffer pool
240814 11:19:53  InnoDB: Initializing buffer pool, size = 8.0M
240814 11:19:53  InnoDB: Completed initialization of buffer pool
240814 11:21:49  InnoDB: Initializing buffer pool, size = 8.0M
240814 11:21:49  InnoDB: Completed initialization of buffer pool
240814 11:41:54  InnoDB: Initializing buffer pool, size = 8.0M
240814 11:41:54  InnoDB: Completed initialization of buffer pool
240814 13:00:14  InnoDB: Initializing buffer pool, size = 8.0M
240814 13:00:14  InnoDB: Completed initialization of buffer pool
240814 13:09:25  InnoDB: Initializing buffer pool, size = 8.0M
240814 13:09:25  InnoDB: Completed initialization of buffer pool
240814 13:11:22  InnoDB: Initializing buffer pool, size = 8.0M
240814 13:11:22  InnoDB: Completed initialization of buffer pool
240814 13:26:15  InnoDB: Initializing buffer pool, size = 8.0M
240814 13:26:15  InnoDB: Completed initialization of buffer pool
240814 13:27:52  InnoDB: Initializing buffer pool, size = 8.0M
240814 13:27:52  InnoDB: Completed initialization of buffer pool
240814 13:29:26  InnoDB: Initializing buffer pool, size = 8.0M
240814 13:29:26  InnoDB: Completed initialization of buffer pool
240814 14:39:08  InnoDB: Initializing buffer pool, size = 8.0M
240814 14:39:08  InnoDB: Completed initialization of buffer pool
240814 14:42:27  InnoDB: Initializing buffer pool, size = 8.0M
240814 14:42:27  InnoDB: Completed initialization of buffer pool
240814 15:27:24  InnoDB: Initializing buffer pool, size = 8.0M
240814 15:27:24  InnoDB: Completed initialization of buffer pool
240814 17:25:11  InnoDB: Initializing buffer pool, size = 8.0M
240814 17:25:11  InnoDB: Completed initialization of buffer pool
240816  9:00:43  InnoDB: Initializing buffer pool, size = 8.0M
240816  9:00:43  InnoDB: Completed initialization of buffer pool
240816  9:05:52  InnoDB: Initializing buffer pool, size = 8.0M
240816  9:05:52  InnoDB: Completed initialization of buffer pool
240816  9:20:53  InnoDB: Initializing buffer pool, size = 8.0M
240816  9:20:53  InnoDB: Completed initialization of buffer pool
240816  9:23:48  InnoDB: Initializing buffer pool, size = 8.0M
240816  9:23:48  InnoDB: Completed initialization of buffer pool
240816  9:38:17  InnoDB: Initializing buffer pool, size = 8.0M
240816  9:38:17  InnoDB: Completed initialization of buffer pool
240816  9:44:42  InnoDB: Initializing buffer pool, size = 8.0M
240816  9:44:42  InnoDB: Completed initialization of buffer pool
240816 11:23:21  InnoDB: Initializing buffer pool, size = 8.0M
240816 11:23:21  InnoDB: Completed initialization of buffer pool
240816 13:07:48  InnoDB: Initializing buffer pool, size = 8.0M
240816 13:07:48  InnoDB: Completed initialization of buffer pool
240816 13:15:11  InnoDB: Initializing buffer pool, size = 8.0M
240816 13:15:11  InnoDB: Completed initialization of buffer pool
240816 14:06:25  InnoDB: Initializing buffer pool, size = 8.0M
240816 14:06:25  InnoDB: Completed initialization of buffer pool
240819 13:19:10  InnoDB: Initializing buffer pool, size = 8.0M
240819 13:19:10  InnoDB: Completed initialization of buffer pool
240820 14:21:47  InnoDB: Initializing buffer pool, size = 8.0M
240820 14:21:47  InnoDB: Completed initialization of buffer pool
240821 10:30:24  InnoDB: Initializing buffer pool, size = 8.0M
240821 10:30:24  InnoDB: Completed initialization of buffer pool
240821 18:49:33  InnoDB: Initializing buffer pool, size = 8.0M
240821 18:49:33  InnoDB: Completed initialization of buffer pool
240822 13:41:31  InnoDB: Initializing buffer pool, size = 8.0M
240822 13:41:31  InnoDB: Completed initialization of buffer pool
240822 13:54:40  InnoDB: Initializing buffer pool, size = 8.0M
240822 13:54:40  InnoDB: Completed initialization of buffer pool
240823  9:27:42  InnoDB: Initializing buffer pool, size = 8.0M
240823  9:27:42  InnoDB: Completed initialization of buffer pool
240823 11:58:55  InnoDB: Initializing buffer pool, size = 8.0M
240823 11:58:55  InnoDB: Completed initialization of buffer pool
240823 13:07:07  InnoDB: Initializing buffer pool, size = 8.0M
240823 13:07:07  InnoDB: Completed initialization of buffer pool
240823 13:24:34  InnoDB: Initializing buffer pool, size = 8.0M
240823 13:24:34  InnoDB: Completed initialization of buffer pool
240823 13:30:02  InnoDB: Initializing buffer pool, size = 8.0M
240823 13:30:02  InnoDB: Completed initialization of buffer pool
240823 14:50:44  InnoDB: Initializing buffer pool, size = 8.0M
240823 14:50:44  InnoDB: Completed initialization of buffer pool
240828 13:00:10  InnoDB: Initializing buffer pool, size = 8.0M
240828 13:00:10  InnoDB: Completed initialization of buffer pool
240828 13:44:46  InnoDB: Initializing buffer pool, size = 8.0M
240828 13:44:46  InnoDB: Completed initialization of buffer pool
240828 15:35:11  InnoDB: Initializing buffer pool, size = 8.0M
240828 15:35:11  InnoDB: Completed initialization of buffer pool
240828 17:02:46  InnoDB: Initializing buffer pool, size = 8.0M
240828 17:02:46  InnoDB: Completed initialization of buffer pool
240830 15:28:57  InnoDB: Initializing buffer pool, size = 8.0M
240830 15:28:57  InnoDB: Completed initialization of buffer pool
240830 16:00:17  InnoDB: Initializing buffer pool, size = 8.0M
240830 16:00:17  InnoDB: Completed initialization of buffer pool
240903 18:35:07  InnoDB: Initializing buffer pool, size = 8.0M
240903 18:35:07  InnoDB: Completed initialization of buffer pool
240904 16:05:06  InnoDB: Initializing buffer pool, size = 8.0M
240904 16:05:06  InnoDB: Completed initialization of buffer pool
240904 16:11:54  InnoDB: Initializing buffer pool, size = 8.0M
240904 16:11:54  InnoDB: Completed initialization of buffer pool
240904 16:15:13  InnoDB: Initializing buffer pool, size = 8.0M
240904 16:15:13  InnoDB: Completed initialization of buffer pool
240904 16:47:17  InnoDB: Initializing buffer pool, size = 8.0M
240904 16:47:17  InnoDB: Completed initialization of buffer pool
240904 16:57:20  InnoDB: Initializing buffer pool, size = 8.0M
240904 16:57:20  InnoDB: Completed initialization of buffer pool
240904 17:05:37  InnoDB: Initializing buffer pool, size = 8.0M
240904 17:05:37  InnoDB: Completed initialization of buffer pool
240905  9:12:40  InnoDB: Initializing buffer pool, size = 8.0M
240905  9:12:40  InnoDB: Completed initialization of buffer pool
240905  9:50:59  InnoDB: Initializing buffer pool, size = 8.0M
240905  9:50:59  InnoDB: Completed initialization of buffer pool
240905 10:02:42  InnoDB: Initializing buffer pool, size = 8.0M
240905 10:02:42  InnoDB: Completed initialization of buffer pool
240905 10:59:31  InnoDB: Initializing buffer pool, size = 8.0M
240905 10:59:31  InnoDB: Completed initialization of buffer pool
240905 11:10:21  InnoDB: Initializing buffer pool, size = 8.0M
240905 11:10:21  InnoDB: Completed initialization of buffer pool
240905 11:52:32  InnoDB: Initializing buffer pool, size = 8.0M
240905 11:52:32  InnoDB: Completed initialization of buffer pool
240905 12:58:24  InnoDB: Initializing buffer pool, size = 8.0M
240905 12:58:24  InnoDB: Completed initialization of buffer pool
240905 13:43:00  InnoDB: Initializing buffer pool, size = 8.0M
240905 13:43:00  InnoDB: Completed initialization of buffer pool
240905 13:43:34  InnoDB: Initializing buffer pool, size = 8.0M
240905 13:43:34  InnoDB: Completed initialization of buffer pool
240905 13:50:24  InnoDB: Initializing buffer pool, size = 8.0M
240905 13:50:24  InnoDB: Completed initialization of buffer pool
240905 14:31:07  InnoDB: Initializing buffer pool, size = 8.0M
240905 14:31:07  InnoDB: Completed initialization of buffer pool
240905 14:35:57  InnoDB: Initializing buffer pool, size = 8.0M
240905 14:35:57  InnoDB: Completed initialization of buffer pool
240905 14:41:41  InnoDB: Initializing buffer pool, size = 8.0M
240905 14:41:41  InnoDB: Completed initialization of buffer pool
240905 15:04:41  InnoDB: Initializing buffer pool, size = 8.0M
240905 15:04:41  InnoDB: Completed initialization of buffer pool
240905 15:29:39  InnoDB: Initializing buffer pool, size = 8.0M
240905 15:29:39  InnoDB: Completed initialization of buffer pool
240905 15:36:22  InnoDB: Initializing buffer pool, size = 8.0M
240905 15:36:22  InnoDB: Completed initialization of buffer pool
240905 16:50:17  InnoDB: Initializing buffer pool, size = 8.0M
240905 16:50:17  InnoDB: Completed initialization of buffer pool
240907 16:42:19  InnoDB: Initializing buffer pool, size = 8.0M
240907 16:42:19  InnoDB: Completed initialization of buffer pool
240909  9:44:10  InnoDB: Initializing buffer pool, size = 8.0M
240909  9:44:10  InnoDB: Completed initialization of buffer pool
240910 14:04:40  InnoDB: Initializing buffer pool, size = 8.0M
240910 14:04:40  InnoDB: Completed initialization of buffer pool
240910 16:37:01  InnoDB: Initializing buffer pool, size = 8.0M
240910 16:37:01  InnoDB: Completed initialization of buffer pool
240910 16:39:12  InnoDB: Initializing buffer pool, size = 8.0M
240910 16:39:12  InnoDB: Completed initialization of buffer pool
240910 17:05:28  InnoDB: Initializing buffer pool, size = 8.0M
240910 17:05:28  InnoDB: Completed initialization of buffer pool
240910 18:55:00  InnoDB: Initializing buffer pool, size = 8.0M
240910 18:55:00  InnoDB: Completed initialization of buffer pool
240910 18:56:04  InnoDB: Initializing buffer pool, size = 8.0M
240910 18:56:04  InnoDB: Completed initialization of buffer pool
240911  9:18:52  InnoDB: Initializing buffer pool, size = 8.0M
240911  9:18:52  InnoDB: Completed initialization of buffer pool
240911  9:28:57  InnoDB: Initializing buffer pool, size = 8.0M
240911  9:28:57  InnoDB: Completed initialization of buffer pool
240911  9:45:01  InnoDB: Initializing buffer pool, size = 8.0M
240911  9:45:01  InnoDB: Completed initialization of buffer pool
240911  9:53:47  InnoDB: Initializing buffer pool, size = 8.0M
240911  9:53:47  InnoDB: Completed initialization of buffer pool
240911 10:01:51  InnoDB: Initializing buffer pool, size = 8.0M
240911 10:01:51  InnoDB: Completed initialization of buffer pool
240911 10:52:41  InnoDB: Initializing buffer pool, size = 8.0M
240911 10:52:41  InnoDB: Completed initialization of buffer pool
240912 10:01:48  InnoDB: Initializing buffer pool, size = 8.0M
240912 10:01:48  InnoDB: Completed initialization of buffer pool
240912 10:14:12  InnoDB: Initializing buffer pool, size = 8.0M
240912 10:14:12  InnoDB: Completed initialization of buffer pool
240912 13:21:28  InnoDB: Initializing buffer pool, size = 8.0M
240912 13:21:28  InnoDB: Completed initialization of buffer pool
240912 14:08:46  InnoDB: Initializing buffer pool, size = 8.0M
240912 14:08:46  InnoDB: Completed initialization of buffer pool
240912 14:09:22  InnoDB: Initializing buffer pool, size = 8.0M
240912 14:09:22  InnoDB: Completed initialization of buffer pool
240912 17:35:43  InnoDB: Initializing buffer pool, size = 8.0M
240912 17:35:43  InnoDB: Completed initialization of buffer pool
240912 19:28:02  InnoDB: Initializing buffer pool, size = 8.0M
240912 19:28:02  InnoDB: Completed initialization of buffer pool
240912 19:39:13  InnoDB: Initializing buffer pool, size = 8.0M
240912 19:39:13  InnoDB: Completed initialization of buffer pool
240912 19:53:10  InnoDB: Initializing buffer pool, size = 8.0M
240912 19:53:10  InnoDB: Completed initialization of buffer pool
240913  8:37:35  InnoDB: Initializing buffer pool, size = 8.0M
240913  8:37:35  InnoDB: Completed initialization of buffer pool
240913  9:46:06  InnoDB: Initializing buffer pool, size = 8.0M
240913  9:46:06  InnoDB: Completed initialization of buffer pool
240913  9:48:52  InnoDB: Initializing buffer pool, size = 8.0M
240913  9:48:52  InnoDB: Completed initialization of buffer pool
240913 13:29:17  InnoDB: Initializing buffer pool, size = 8.0M
240913 13:29:17  InnoDB: Completed initialization of buffer pool
240913 16:36:40  InnoDB: Initializing buffer pool, size = 8.0M
240913 16:36:40  InnoDB: Completed initialization of buffer pool
240918  9:48:39  InnoDB: Initializing buffer pool, size = 8.0M
240918  9:48:39  InnoDB: Completed initialization of buffer pool
240919 10:10:55  InnoDB: Initializing buffer pool, size = 8.0M
240919 10:10:55  InnoDB: Completed initialization of buffer pool
240919 10:36:51  InnoDB: Initializing buffer pool, size = 8.0M
240919 10:36:51  InnoDB: Completed initialization of buffer pool
240919 10:43:17  InnoDB: Initializing buffer pool, size = 8.0M
240919 10:43:17  InnoDB: Completed initialization of buffer pool
240920  9:58:20  InnoDB: Initializing buffer pool, size = 8.0M
240920  9:58:20  InnoDB: Completed initialization of buffer pool
240923 16:22:09  InnoDB: Initializing buffer pool, size = 8.0M
240923 16:22:09  InnoDB: Completed initialization of buffer pool
240929 16:59:58  InnoDB: Initializing buffer pool, size = 8.0M
240929 16:59:58  InnoDB: Completed initialization of buffer pool
241009 13:05:25  InnoDB: Initializing buffer pool, size = 8.0M
241009 13:05:25  InnoDB: Completed initialization of buffer pool
241010 11:17:39  InnoDB: Initializing buffer pool, size = 8.0M
241010 11:17:39  InnoDB: Completed initialization of buffer pool
241010 11:25:12  InnoDB: Initializing buffer pool, size = 8.0M
241010 11:25:12  InnoDB: Completed initialization of buffer pool
241010 11:28:25  InnoDB: Initializing buffer pool, size = 8.0M
241010 11:28:25  InnoDB: Completed initialization of buffer pool
241017 11:28:28  InnoDB: Initializing buffer pool, size = 8.0M
241017 11:28:28  InnoDB: Completed initialization of buffer pool
241021  9:21:52  InnoDB: Initializing buffer pool, size = 8.0M
241021  9:21:52  InnoDB: Completed initialization of buffer pool
241021 15:11:03  InnoDB: Initializing buffer pool, size = 8.0M
241021 15:11:03  InnoDB: Completed initialization of buffer pool
241021 15:21:57  InnoDB: Initializing buffer pool, size = 8.0M
241021 15:21:57  InnoDB: Completed initialization of buffer pool
241021 16:42:09  InnoDB: Initializing buffer pool, size = 8.0M
241021 16:42:09  InnoDB: Completed initialization of buffer pool
241023 10:07:11  InnoDB: Initializing buffer pool, size = 8.0M
241023 10:07:11  InnoDB: Completed initialization of buffer pool
241025 16:57:31  InnoDB: Initializing buffer pool, size = 8.0M
241025 16:57:31  InnoDB: Completed initialization of buffer pool
241026 11:09:50  InnoDB: Initializing buffer pool, size = 8.0M
241026 11:09:50  InnoDB: Completed initialization of buffer pool
241026 11:17:29  InnoDB: Initializing buffer pool, size = 8.0M
241026 11:17:29  InnoDB: Completed initialization of buffer pool
241026 17:14:27  InnoDB: Initializing buffer pool, size = 8.0M
241026 17:14:27  InnoDB: Completed initialization of buffer pool
241026 17:19:16  InnoDB: Initializing buffer pool, size = 8.0M
241026 17:19:16  InnoDB: Completed initialization of buffer pool
241026 17:26:53  InnoDB: Initializing buffer pool, size = 8.0M
241026 17:26:53  InnoDB: Completed initialization of buffer pool
241031 13:41:05  InnoDB: Initializing buffer pool, size = 8.0M
241031 13:41:05  InnoDB: Completed initialization of buffer pool
241031 13:49:42  InnoDB: Initializing buffer pool, size = 8.0M
241031 13:49:42  InnoDB: Completed initialization of buffer pool
241108 14:33:45  InnoDB: Initializing buffer pool, size = 8.0M
241108 14:33:45  InnoDB: Completed initialization of buffer pool
241111  9:46:47  InnoDB: Initializing buffer pool, size = 8.0M
241111  9:46:47  InnoDB: Completed initialization of buffer pool
241111 10:17:47  InnoDB: Initializing buffer pool, size = 8.0M
241111 10:17:47  InnoDB: Completed initialization of buffer pool
241111 13:07:05  InnoDB: Initializing buffer pool, size = 8.0M
241111 13:07:05  InnoDB: Completed initialization of buffer pool
241111 15:24:48  InnoDB: Initializing buffer pool, size = 8.0M
241111 15:24:48  InnoDB: Completed initialization of buffer pool
241112 11:43:01  InnoDB: Initializing buffer pool, size = 8.0M
241112 11:43:01  InnoDB: Completed initialization of buffer pool
241112 12:58:36  InnoDB: Initializing buffer pool, size = 8.0M
241112 12:58:36  InnoDB: Completed initialization of buffer pool
241112 13:16:45  InnoDB: Initializing buffer pool, size = 8.0M
241112 13:16:45  InnoDB: Completed initialization of buffer pool
241112 13:31:10  InnoDB: Initializing buffer pool, size = 8.0M
241112 13:31:10  InnoDB: Completed initialization of buffer pool
241112 13:56:49  InnoDB: Initializing buffer pool, size = 8.0M
241112 13:56:49  InnoDB: Completed initialization of buffer pool
241112 14:15:03  InnoDB: Initializing buffer pool, size = 8.0M
241112 14:15:03  InnoDB: Completed initialization of buffer pool
241114 11:15:13  InnoDB: Initializing buffer pool, size = 8.0M
241114 11:15:13  InnoDB: Completed initialization of buffer pool
241118  9:04:39  InnoDB: Initializing buffer pool, size = 8.0M
241118  9:04:39  InnoDB: Completed initialization of buffer pool
241120 11:54:55  InnoDB: Initializing buffer pool, size = 8.0M
241120 11:54:55  InnoDB: Completed initialization of buffer pool
241121 15:00:00  InnoDB: Initializing buffer pool, size = 8.0M
241121 15:00:00  InnoDB: Completed initialization of buffer pool
241121 15:48:22  InnoDB: Initializing buffer pool, size = 8.0M
241121 15:48:22  InnoDB: Completed initialization of buffer pool
241121 16:44:13  InnoDB: Initializing buffer pool, size = 8.0M
241121 16:44:13  InnoDB: Completed initialization of buffer pool
241121 16:50:54  InnoDB: Initializing buffer pool, size = 8.0M
241121 16:50:54  InnoDB: Completed initialization of buffer pool
241121 16:59:55  InnoDB: Initializing buffer pool, size = 8.0M
241121 16:59:55  InnoDB: Completed initialization of buffer pool
241127 11:11:42  InnoDB: Initializing buffer pool, size = 8.0M
241127 11:11:42  InnoDB: Completed initialization of buffer pool
241127 14:07:40  InnoDB: Initializing buffer pool, size = 8.0M
241127 14:07:40  InnoDB: Completed initialization of buffer pool
241127 14:51:57  InnoDB: Initializing buffer pool, size = 8.0M
241127 14:51:57  InnoDB: Completed initialization of buffer pool
241127 15:03:57  InnoDB: Initializing buffer pool, size = 8.0M
241127 15:03:57  InnoDB: Completed initialization of buffer pool
241127 15:22:56  InnoDB: Initializing buffer pool, size = 8.0M
241127 15:22:56  InnoDB: Completed initialization of buffer pool
241127 15:30:51  InnoDB: Initializing buffer pool, size = 8.0M
241127 15:30:51  InnoDB: Completed initialization of buffer pool
241128 17:42:10  InnoDB: Initializing buffer pool, size = 8.0M
241128 17:42:10  InnoDB: Completed initialization of buffer pool
