230104 10:09:11  InnoDB: Initializing buffer pool, size = 8.0M
230104 10:09:11  InnoDB: Completed initialization of buffer pool
230104 10:25:39  InnoDB: Initializing buffer pool, size = 8.0M
230104 10:25:39  InnoDB: Completed initialization of buffer pool
230104 19:14:03  InnoDB: Initializing buffer pool, size = 8.0M
230104 19:14:03  InnoDB: Completed initialization of buffer pool
230104 19:19:36  InnoDB: Initializing buffer pool, size = 8.0M
230104 19:19:36  InnoDB: Completed initialization of buffer pool
230104 19:25:08  InnoDB: Initializing buffer pool, size = 8.0M
230104 19:25:08  InnoDB: Completed initialization of buffer pool
230104 19:29:44  InnoDB: Initializing buffer pool, size = 8.0M
230104 19:29:44  InnoDB: Completed initialization of buffer pool
230105  9:04:42  InnoDB: Initializing buffer pool, size = 8.0M
230105  9:04:42  InnoDB: Completed initialization of buffer pool
230106 18:28:07  InnoDB: Initializing buffer pool, size = 8.0M
230106 18:28:07  InnoDB: Completed initialization of buffer pool
230106 18:28:39  InnoDB: Initializing buffer pool, size = 8.0M
230106 18:28:39  InnoDB: Completed initialization of buffer pool
230106 19:04:34  InnoDB: Initializing buffer pool, size = 8.0M
230106 19:04:34  InnoDB: Completed initialization of buffer pool
230106 19:13:48  InnoDB: Initializing buffer pool, size = 8.0M
230106 19:13:48  InnoDB: Completed initialization of buffer pool
230106 19:24:03  InnoDB: Initializing buffer pool, size = 8.0M
230106 19:24:03  InnoDB: Completed initialization of buffer pool
230106 19:39:22  InnoDB: Initializing buffer pool, size = 8.0M
230106 19:39:22  InnoDB: Completed initialization of buffer pool
230107  9:22:21  InnoDB: Initializing buffer pool, size = 8.0M
230107  9:22:21  InnoDB: Completed initialization of buffer pool
230107  9:49:01  InnoDB: Initializing buffer pool, size = 8.0M
230107  9:49:01  InnoDB: Completed initialization of buffer pool
230107 10:09:09  InnoDB: Initializing buffer pool, size = 8.0M
230107 10:09:09  InnoDB: Completed initialization of buffer pool
230107 10:20:02  InnoDB: Initializing buffer pool, size = 8.0M
230107 10:20:02  InnoDB: Completed initialization of buffer pool
230107 10:27:14  InnoDB: Initializing buffer pool, size = 8.0M
230107 10:27:14  InnoDB: Completed initialization of buffer pool
230107 10:36:11  InnoDB: Initializing buffer pool, size = 8.0M
230107 10:36:11  InnoDB: Completed initialization of buffer pool
230107 17:45:18  InnoDB: Initializing buffer pool, size = 8.0M
230107 17:45:18  InnoDB: Completed initialization of buffer pool
230109 10:58:48  InnoDB: Initializing buffer pool, size = 8.0M
230109 10:58:48  InnoDB: Completed initialization of buffer pool
230109 10:59:48  InnoDB: Initializing buffer pool, size = 8.0M
230109 10:59:48  InnoDB: Completed initialization of buffer pool
230109 11:00:52  InnoDB: Initializing buffer pool, size = 8.0M
230109 11:00:52  InnoDB: Completed initialization of buffer pool
230109 11:07:15  InnoDB: Initializing buffer pool, size = 8.0M
230109 11:07:15  InnoDB: Completed initialization of buffer pool
230109 11:08:41  InnoDB: Initializing buffer pool, size = 8.0M
230109 11:08:41  InnoDB: Completed initialization of buffer pool
230109 11:09:33  InnoDB: Initializing buffer pool, size = 8.0M
230109 11:09:33  InnoDB: Completed initialization of buffer pool
230109 11:11:47  InnoDB: Initializing buffer pool, size = 8.0M
230109 11:11:47  InnoDB: Completed initialization of buffer pool
230109 11:18:26  InnoDB: Initializing buffer pool, size = 8.0M
230109 11:18:26  InnoDB: Completed initialization of buffer pool
230109 13:00:50  InnoDB: Initializing buffer pool, size = 8.0M
230109 13:00:50  InnoDB: Completed initialization of buffer pool
230109 13:31:04  InnoDB: Initializing buffer pool, size = 8.0M
230109 13:31:04  InnoDB: Completed initialization of buffer pool
230109 13:48:37  InnoDB: Initializing buffer pool, size = 8.0M
230109 13:48:37  InnoDB: Completed initialization of buffer pool
230109 15:19:41  InnoDB: Initializing buffer pool, size = 8.0M
230109 15:19:41  InnoDB: Completed initialization of buffer pool
230109 15:25:21  InnoDB: Initializing buffer pool, size = 8.0M
230109 15:25:21  InnoDB: Completed initialization of buffer pool
230109 15:26:37  InnoDB: Initializing buffer pool, size = 8.0M
230109 15:26:37  InnoDB: Completed initialization of buffer pool
230109 15:31:05  InnoDB: Initializing buffer pool, size = 8.0M
230109 15:31:05  InnoDB: Completed initialization of buffer pool
230109 15:38:58  InnoDB: Initializing buffer pool, size = 8.0M
230109 15:38:58  InnoDB: Completed initialization of buffer pool
230109 15:40:53  InnoDB: Initializing buffer pool, size = 8.0M
230109 15:40:53  InnoDB: Completed initialization of buffer pool
230109 15:52:14  InnoDB: Initializing buffer pool, size = 8.0M
230109 15:52:14  InnoDB: Completed initialization of buffer pool
230109 15:59:55  InnoDB: Initializing buffer pool, size = 8.0M
230109 15:59:55  InnoDB: Completed initialization of buffer pool
230109 16:03:19  InnoDB: Initializing buffer pool, size = 8.0M
230109 16:03:19  InnoDB: Completed initialization of buffer pool
230109 16:04:54  InnoDB: Initializing buffer pool, size = 8.0M
230109 16:04:54  InnoDB: Completed initialization of buffer pool
230109 16:28:47  InnoDB: Initializing buffer pool, size = 8.0M
230109 16:28:47  InnoDB: Completed initialization of buffer pool
230109 16:30:03  InnoDB: Initializing buffer pool, size = 8.0M
230109 16:30:03  InnoDB: Completed initialization of buffer pool
230109 16:49:28  InnoDB: Initializing buffer pool, size = 8.0M
230109 16:49:28  InnoDB: Completed initialization of buffer pool
230109 16:55:10  InnoDB: Initializing buffer pool, size = 8.0M
230109 16:55:10  InnoDB: Completed initialization of buffer pool
230109 17:13:19  InnoDB: Initializing buffer pool, size = 8.0M
230109 17:13:19  InnoDB: Completed initialization of buffer pool
230109 17:16:04  InnoDB: Initializing buffer pool, size = 8.0M
230109 17:16:04  InnoDB: Completed initialization of buffer pool
230109 17:22:00  InnoDB: Initializing buffer pool, size = 8.0M
230109 17:22:00  InnoDB: Completed initialization of buffer pool
230109 17:24:40  InnoDB: Initializing buffer pool, size = 8.0M
230109 17:24:40  InnoDB: Completed initialization of buffer pool
230109 17:25:16  InnoDB: Initializing buffer pool, size = 8.0M
230109 17:25:16  InnoDB: Completed initialization of buffer pool
230109 17:29:17  InnoDB: Initializing buffer pool, size = 8.0M
230109 17:29:17  InnoDB: Completed initialization of buffer pool
230109 18:03:36  InnoDB: Initializing buffer pool, size = 8.0M
230109 18:03:36  InnoDB: Completed initialization of buffer pool
230109 18:41:54  InnoDB: Initializing buffer pool, size = 8.0M
230109 18:41:54  InnoDB: Completed initialization of buffer pool
230109 18:53:12  InnoDB: Initializing buffer pool, size = 8.0M
230109 18:53:12  InnoDB: Completed initialization of buffer pool
230109 18:54:55  InnoDB: Initializing buffer pool, size = 8.0M
230109 18:54:55  InnoDB: Completed initialization of buffer pool
230109 19:19:28  InnoDB: Initializing buffer pool, size = 8.0M
230109 19:19:28  InnoDB: Completed initialization of buffer pool
230109 19:28:58  InnoDB: Initializing buffer pool, size = 8.0M
230109 19:28:58  InnoDB: Completed initialization of buffer pool
230109 19:38:44  InnoDB: Initializing buffer pool, size = 8.0M
230109 19:38:44  InnoDB: Completed initialization of buffer pool
230110 14:47:53  InnoDB: Initializing buffer pool, size = 8.0M
230110 14:47:53  InnoDB: Completed initialization of buffer pool
230110 14:59:38  InnoDB: Initializing buffer pool, size = 8.0M
230110 14:59:38  InnoDB: Completed initialization of buffer pool
230110 15:01:37  InnoDB: Initializing buffer pool, size = 8.0M
230110 15:01:37  InnoDB: Completed initialization of buffer pool
230110 15:02:43  InnoDB: Initializing buffer pool, size = 8.0M
230110 15:02:43  InnoDB: Completed initialization of buffer pool
230110 15:03:38  InnoDB: Initializing buffer pool, size = 8.0M
230110 15:03:38  InnoDB: Completed initialization of buffer pool
230110 15:34:23  InnoDB: Initializing buffer pool, size = 8.0M
230110 15:34:23  InnoDB: Completed initialization of buffer pool
230110 15:36:35  InnoDB: Initializing buffer pool, size = 8.0M
230110 15:36:35  InnoDB: Completed initialization of buffer pool
230110 16:06:15  InnoDB: Initializing buffer pool, size = 8.0M
230110 16:06:15  InnoDB: Completed initialization of buffer pool
230110 16:12:50  InnoDB: Initializing buffer pool, size = 8.0M
230110 16:12:50  InnoDB: Completed initialization of buffer pool
230110 16:25:24  InnoDB: Initializing buffer pool, size = 8.0M
230110 16:25:24  InnoDB: Completed initialization of buffer pool
230110 16:26:40  InnoDB: Initializing buffer pool, size = 8.0M
230110 16:26:40  InnoDB: Completed initialization of buffer pool
230110 16:27:53  InnoDB: Initializing buffer pool, size = 8.0M
230110 16:27:53  InnoDB: Completed initialization of buffer pool
230110 16:29:22  InnoDB: Initializing buffer pool, size = 8.0M
230110 16:29:22  InnoDB: Completed initialization of buffer pool
230110 16:31:13  InnoDB: Initializing buffer pool, size = 8.0M
230110 16:31:13  InnoDB: Completed initialization of buffer pool
230110 16:32:59  InnoDB: Initializing buffer pool, size = 8.0M
230110 16:32:59  InnoDB: Completed initialization of buffer pool
230110 16:35:52  InnoDB: Initializing buffer pool, size = 8.0M
230110 16:35:52  InnoDB: Completed initialization of buffer pool
230110 16:37:37  InnoDB: Initializing buffer pool, size = 8.0M
230110 16:37:37  InnoDB: Completed initialization of buffer pool
230110 16:39:26  InnoDB: Initializing buffer pool, size = 8.0M
230110 16:39:26  InnoDB: Completed initialization of buffer pool
230110 16:41:16  InnoDB: Initializing buffer pool, size = 8.0M
230110 16:41:16  InnoDB: Completed initialization of buffer pool
230110 16:42:51  InnoDB: Initializing buffer pool, size = 8.0M
230110 16:42:51  InnoDB: Completed initialization of buffer pool
230110 17:17:25  InnoDB: Initializing buffer pool, size = 8.0M
230110 17:17:25  InnoDB: Completed initialization of buffer pool
230110 20:02:31  InnoDB: Initializing buffer pool, size = 8.0M
230110 20:02:31  InnoDB: Completed initialization of buffer pool
230110 20:05:40  InnoDB: Initializing buffer pool, size = 8.0M
230110 20:05:40  InnoDB: Completed initialization of buffer pool
230111  9:40:31  InnoDB: Initializing buffer pool, size = 8.0M
230111  9:40:31  InnoDB: Completed initialization of buffer pool
230111 11:27:38  InnoDB: Initializing buffer pool, size = 8.0M
230111 11:27:38  InnoDB: Completed initialization of buffer pool
230111 11:29:46  InnoDB: Initializing buffer pool, size = 8.0M
230111 11:29:46  InnoDB: Completed initialization of buffer pool
230111 13:12:55  InnoDB: Initializing buffer pool, size = 8.0M
230111 13:12:55  InnoDB: Completed initialization of buffer pool
230111 14:15:06  InnoDB: Initializing buffer pool, size = 8.0M
230111 14:15:06  InnoDB: Completed initialization of buffer pool
230111 14:21:27  InnoDB: Initializing buffer pool, size = 8.0M
230111 14:21:27  InnoDB: Completed initialization of buffer pool
230111 14:22:25  InnoDB: Initializing buffer pool, size = 8.0M
230111 14:22:25  InnoDB: Completed initialization of buffer pool
230111 14:27:45  InnoDB: Initializing buffer pool, size = 8.0M
230111 14:27:45  InnoDB: Completed initialization of buffer pool
230111 14:30:31  InnoDB: Initializing buffer pool, size = 8.0M
230111 14:30:31  InnoDB: Completed initialization of buffer pool
230111 15:02:53  InnoDB: Initializing buffer pool, size = 8.0M
230111 15:02:53  InnoDB: Completed initialization of buffer pool
230111 15:13:41  InnoDB: Initializing buffer pool, size = 8.0M
230111 15:13:41  InnoDB: Completed initialization of buffer pool
230111 15:21:56  InnoDB: Initializing buffer pool, size = 8.0M
230111 15:21:56  InnoDB: Completed initialization of buffer pool
230111 15:53:01  InnoDB: Initializing buffer pool, size = 8.0M
230111 15:53:01  InnoDB: Completed initialization of buffer pool
230111 16:13:19  InnoDB: Initializing buffer pool, size = 8.0M
230111 16:13:19  InnoDB: Completed initialization of buffer pool
230111 16:15:22  InnoDB: Initializing buffer pool, size = 8.0M
230111 16:15:22  InnoDB: Completed initialization of buffer pool
230111 16:31:27  InnoDB: Initializing buffer pool, size = 8.0M
230111 16:31:27  InnoDB: Completed initialization of buffer pool
230111 16:38:58  InnoDB: Initializing buffer pool, size = 8.0M
230111 16:38:58  InnoDB: Completed initialization of buffer pool
230111 16:41:53  InnoDB: Initializing buffer pool, size = 8.0M
230111 16:41:53  InnoDB: Completed initialization of buffer pool
230111 16:45:09  InnoDB: Initializing buffer pool, size = 8.0M
230111 16:45:09  InnoDB: Completed initialization of buffer pool
230129  9:10:26  InnoDB: Initializing buffer pool, size = 8.0M
230129  9:10:26  InnoDB: Completed initialization of buffer pool
230130 10:10:42  InnoDB: Initializing buffer pool, size = 8.0M
230130 10:10:42  InnoDB: Completed initialization of buffer pool
230130 10:33:51  InnoDB: Initializing buffer pool, size = 8.0M
230130 10:33:51  InnoDB: Completed initialization of buffer pool
230130 10:56:59  InnoDB: Initializing buffer pool, size = 8.0M
230130 10:56:59  InnoDB: Completed initialization of buffer pool
230130 11:17:53  InnoDB: Initializing buffer pool, size = 8.0M
230130 11:17:53  InnoDB: Completed initialization of buffer pool
230130 11:21:21  InnoDB: Initializing buffer pool, size = 8.0M
230130 11:21:21  InnoDB: Completed initialization of buffer pool
230130 11:22:53  InnoDB: Initializing buffer pool, size = 8.0M
230130 11:22:53  InnoDB: Completed initialization of buffer pool
230130 11:30:28  InnoDB: Initializing buffer pool, size = 8.0M
230130 11:30:28  InnoDB: Completed initialization of buffer pool
230130 11:36:20  InnoDB: Initializing buffer pool, size = 8.0M
230130 11:36:20  InnoDB: Completed initialization of buffer pool
230130 11:39:44  InnoDB: Initializing buffer pool, size = 8.0M
230130 11:39:44  InnoDB: Completed initialization of buffer pool
230130 11:44:46  InnoDB: Initializing buffer pool, size = 8.0M
230130 11:44:46  InnoDB: Completed initialization of buffer pool
230130 11:47:25  InnoDB: Initializing buffer pool, size = 8.0M
230130 11:47:25  InnoDB: Completed initialization of buffer pool
230130 11:54:26  InnoDB: Initializing buffer pool, size = 8.0M
230130 11:54:26  InnoDB: Completed initialization of buffer pool
230130 13:21:52  InnoDB: Initializing buffer pool, size = 8.0M
230130 13:21:52  InnoDB: Completed initialization of buffer pool
230130 13:28:09  InnoDB: Initializing buffer pool, size = 8.0M
230130 13:28:09  InnoDB: Completed initialization of buffer pool
230202 13:23:08  InnoDB: Initializing buffer pool, size = 8.0M
230202 13:23:08  InnoDB: Completed initialization of buffer pool
230202 13:41:58  InnoDB: Initializing buffer pool, size = 8.0M
230202 13:41:58  InnoDB: Completed initialization of buffer pool
230202 13:52:08  InnoDB: Initializing buffer pool, size = 8.0M
230202 13:52:08  InnoDB: Completed initialization of buffer pool
230202 14:54:13  InnoDB: Initializing buffer pool, size = 8.0M
230202 14:54:13  InnoDB: Completed initialization of buffer pool
230203 13:51:29  InnoDB: Initializing buffer pool, size = 8.0M
230203 13:51:29  InnoDB: Completed initialization of buffer pool
230203 15:36:42  InnoDB: Initializing buffer pool, size = 8.0M
230203 15:36:42  InnoDB: Completed initialization of buffer pool
230203 16:02:02  InnoDB: Initializing buffer pool, size = 8.0M
230203 16:02:02  InnoDB: Completed initialization of buffer pool
230203 16:03:37  InnoDB: Initializing buffer pool, size = 8.0M
230203 16:03:37  InnoDB: Completed initialization of buffer pool
230203 16:17:54  InnoDB: Initializing buffer pool, size = 8.0M
230203 16:17:54  InnoDB: Completed initialization of buffer pool
230203 16:35:30  InnoDB: Initializing buffer pool, size = 8.0M
230203 16:35:30  InnoDB: Completed initialization of buffer pool
230204 15:54:01  InnoDB: Initializing buffer pool, size = 8.0M
230204 15:54:01  InnoDB: Completed initialization of buffer pool
230204 16:50:40  InnoDB: Initializing buffer pool, size = 8.0M
230204 16:50:40  InnoDB: Completed initialization of buffer pool
230204 17:36:02  InnoDB: Initializing buffer pool, size = 8.0M
230204 17:36:02  InnoDB: Completed initialization of buffer pool
230204 18:12:28  InnoDB: Initializing buffer pool, size = 8.0M
230204 18:12:28  InnoDB: Completed initialization of buffer pool
230206  8:51:32  InnoDB: Initializing buffer pool, size = 8.0M
230206  8:51:32  InnoDB: Completed initialization of buffer pool
230206  9:35:42  InnoDB: Initializing buffer pool, size = 8.0M
230206  9:35:42  InnoDB: Completed initialization of buffer pool
230206 10:19:34  InnoDB: Initializing buffer pool, size = 8.0M
230206 10:19:34  InnoDB: Completed initialization of buffer pool
230206 13:21:17  InnoDB: Initializing buffer pool, size = 8.0M
230206 13:21:17  InnoDB: Completed initialization of buffer pool
230206 14:48:06  InnoDB: Initializing buffer pool, size = 8.0M
230206 14:48:06  InnoDB: Completed initialization of buffer pool
230206 14:49:52  InnoDB: Initializing buffer pool, size = 8.0M
230206 14:49:52  InnoDB: Completed initialization of buffer pool
230206 14:59:26  InnoDB: Initializing buffer pool, size = 8.0M
230206 14:59:26  InnoDB: Completed initialization of buffer pool
230206 15:02:50  InnoDB: Initializing buffer pool, size = 8.0M
230206 15:02:50  InnoDB: Completed initialization of buffer pool
230206 15:10:08  InnoDB: Initializing buffer pool, size = 8.0M
230206 15:10:08  InnoDB: Completed initialization of buffer pool
230206 15:12:17  InnoDB: Initializing buffer pool, size = 8.0M
230206 15:12:17  InnoDB: Completed initialization of buffer pool
230206 15:33:00  InnoDB: Initializing buffer pool, size = 8.0M
230206 15:33:00  InnoDB: Completed initialization of buffer pool
230206 15:48:57  InnoDB: Initializing buffer pool, size = 8.0M
230206 15:48:57  InnoDB: Completed initialization of buffer pool
230206 15:56:10  InnoDB: Initializing buffer pool, size = 8.0M
230206 15:56:10  InnoDB: Completed initialization of buffer pool
230206 16:04:20  InnoDB: Initializing buffer pool, size = 8.0M
230206 16:04:20  InnoDB: Completed initialization of buffer pool
230206 16:07:00  InnoDB: Initializing buffer pool, size = 8.0M
230206 16:07:00  InnoDB: Completed initialization of buffer pool
230206 16:08:23  InnoDB: Initializing buffer pool, size = 8.0M
230206 16:08:23  InnoDB: Completed initialization of buffer pool
230206 16:12:26  InnoDB: Initializing buffer pool, size = 8.0M
230206 16:12:26  InnoDB: Completed initialization of buffer pool
230206 16:55:32  InnoDB: Initializing buffer pool, size = 8.0M
230206 16:55:32  InnoDB: Completed initialization of buffer pool
230206 16:58:34  InnoDB: Initializing buffer pool, size = 8.0M
230206 16:58:34  InnoDB: Completed initialization of buffer pool
230206 17:00:23  InnoDB: Initializing buffer pool, size = 8.0M
230206 17:00:23  InnoDB: Completed initialization of buffer pool
230206 17:05:02  InnoDB: Initializing buffer pool, size = 8.0M
230206 17:05:02  InnoDB: Completed initialization of buffer pool
230206 17:10:55  InnoDB: Initializing buffer pool, size = 8.0M
230206 17:10:55  InnoDB: Completed initialization of buffer pool
230206 17:22:24  InnoDB: Initializing buffer pool, size = 8.0M
230206 17:22:24  InnoDB: Completed initialization of buffer pool
230206 17:28:36  InnoDB: Initializing buffer pool, size = 8.0M
230206 17:28:36  InnoDB: Completed initialization of buffer pool
230206 17:33:24  InnoDB: Initializing buffer pool, size = 8.0M
230206 17:33:24  InnoDB: Completed initialization of buffer pool
230206 17:34:27  InnoDB: Initializing buffer pool, size = 8.0M
230206 17:34:27  InnoDB: Completed initialization of buffer pool
230206 17:34:28  InnoDB: Initializing buffer pool, size = 8.0M
230206 17:34:28  InnoDB: Completed initialization of buffer pool
230206 17:34:28  InnoDB: Operating system error number 32 in a file operation.
InnoDB: The error means that another program is using InnoDB's files.
InnoDB: This might be a backup or antivirus software or another instance
InnoDB: of MySQL. Please close it to get rid of this error.
230206 17:36:42  InnoDB: Initializing buffer pool, size = 8.0M
230206 17:36:42  InnoDB: Completed initialization of buffer pool
230206 17:38:24  InnoDB: Initializing buffer pool, size = 8.0M
230206 17:38:24  InnoDB: Completed initialization of buffer pool
230206 17:39:10  InnoDB: Initializing buffer pool, size = 8.0M
230206 17:39:10  InnoDB: Completed initialization of buffer pool
230206 17:52:11  InnoDB: Initializing buffer pool, size = 8.0M
230206 17:52:11  InnoDB: Completed initialization of buffer pool
230207  8:39:04  InnoDB: Initializing buffer pool, size = 8.0M
230207  8:39:04  InnoDB: Completed initialization of buffer pool
230207  8:45:30  InnoDB: Initializing buffer pool, size = 8.0M
230207  8:45:30  InnoDB: Completed initialization of buffer pool
230207  9:05:06  InnoDB: Initializing buffer pool, size = 8.0M
230207  9:05:06  InnoDB: Completed initialization of buffer pool
230207  9:12:57  InnoDB: Initializing buffer pool, size = 8.0M
230207  9:12:57  InnoDB: Completed initialization of buffer pool
230207  9:14:28  InnoDB: Initializing buffer pool, size = 8.0M
230207  9:14:28  InnoDB: Completed initialization of buffer pool
230207  9:15:07  InnoDB: Initializing buffer pool, size = 8.0M
230207  9:15:07  InnoDB: Completed initialization of buffer pool
230207 10:01:49  InnoDB: Initializing buffer pool, size = 8.0M
230207 10:01:49  InnoDB: Completed initialization of buffer pool
230207 10:02:26  InnoDB: Initializing buffer pool, size = 8.0M
230207 10:02:26  InnoDB: Completed initialization of buffer pool
230207 10:59:17  InnoDB: Initializing buffer pool, size = 8.0M
230207 10:59:17  InnoDB: Completed initialization of buffer pool
230207 11:13:42  InnoDB: Initializing buffer pool, size = 8.0M
230207 11:13:42  InnoDB: Completed initialization of buffer pool
230207 13:20:55  InnoDB: Initializing buffer pool, size = 8.0M
230207 13:20:55  InnoDB: Completed initialization of buffer pool
230207 13:23:41  InnoDB: Initializing buffer pool, size = 8.0M
230207 13:23:41  InnoDB: Completed initialization of buffer pool
230207 13:24:14  InnoDB: Initializing buffer pool, size = 8.0M
230207 13:24:14  InnoDB: Completed initialization of buffer pool
230207 15:31:50  InnoDB: Initializing buffer pool, size = 8.0M
230207 15:31:50  InnoDB: Completed initialization of buffer pool
230207 15:52:15  InnoDB: Initializing buffer pool, size = 8.0M
230207 15:52:15  InnoDB: Completed initialization of buffer pool
230207 17:09:59  InnoDB: Initializing buffer pool, size = 8.0M
230207 17:09:59  InnoDB: Completed initialization of buffer pool
230207 17:38:53  InnoDB: Initializing buffer pool, size = 8.0M
230207 17:38:53  InnoDB: Completed initialization of buffer pool
230208 11:09:55  InnoDB: Initializing buffer pool, size = 8.0M
230208 11:09:55  InnoDB: Completed initialization of buffer pool
230208 11:23:45  InnoDB: Initializing buffer pool, size = 8.0M
230208 11:23:45  InnoDB: Completed initialization of buffer pool
230208 11:32:17  InnoDB: Initializing buffer pool, size = 8.0M
230208 11:32:17  InnoDB: Completed initialization of buffer pool
230208 13:19:04  InnoDB: Initializing buffer pool, size = 8.0M
230208 13:19:04  InnoDB: Completed initialization of buffer pool
230208 13:25:51  InnoDB: Initializing buffer pool, size = 8.0M
230208 13:25:51  InnoDB: Completed initialization of buffer pool
230208 13:30:56  InnoDB: Initializing buffer pool, size = 8.0M
230208 13:30:56  InnoDB: Completed initialization of buffer pool
230208 13:32:53  InnoDB: Initializing buffer pool, size = 8.0M
230208 13:32:53  InnoDB: Completed initialization of buffer pool
230208 13:36:11  InnoDB: Initializing buffer pool, size = 8.0M
230208 13:36:11  InnoDB: Completed initialization of buffer pool
230208 13:39:38  InnoDB: Initializing buffer pool, size = 8.0M
230208 13:39:38  InnoDB: Completed initialization of buffer pool
230208 13:41:02  InnoDB: Initializing buffer pool, size = 8.0M
230208 13:41:02  InnoDB: Completed initialization of buffer pool
230208 13:55:51  InnoDB: Initializing buffer pool, size = 8.0M
230208 13:55:51  InnoDB: Completed initialization of buffer pool
230208 14:08:52  InnoDB: Initializing buffer pool, size = 8.0M
230208 14:08:52  InnoDB: Completed initialization of buffer pool
230208 16:26:00  InnoDB: Initializing buffer pool, size = 8.0M
230208 16:26:00  InnoDB: Completed initialization of buffer pool
230211 14:00:13  InnoDB: Initializing buffer pool, size = 8.0M
230211 14:00:13  InnoDB: Completed initialization of buffer pool
230211 14:06:00  InnoDB: Initializing buffer pool, size = 8.0M
230211 14:06:00  InnoDB: Completed initialization of buffer pool
230211 14:21:35  InnoDB: Initializing buffer pool, size = 8.0M
230211 14:21:35  InnoDB: Completed initialization of buffer pool
230213 16:15:14  InnoDB: Initializing buffer pool, size = 8.0M
230213 16:15:14  InnoDB: Completed initialization of buffer pool
230213 16:29:34  InnoDB: Initializing buffer pool, size = 8.0M
230213 16:29:34  InnoDB: Completed initialization of buffer pool
230213 16:34:34  InnoDB: Initializing buffer pool, size = 8.0M
230213 16:34:34  InnoDB: Completed initialization of buffer pool
230213 16:51:50  InnoDB: Initializing buffer pool, size = 8.0M
230213 16:51:50  InnoDB: Completed initialization of buffer pool
230213 17:17:27  InnoDB: Initializing buffer pool, size = 8.0M
230213 17:17:27  InnoDB: Completed initialization of buffer pool
230214 10:56:20  InnoDB: Initializing buffer pool, size = 8.0M
230214 10:56:20  InnoDB: Completed initialization of buffer pool
230214 13:22:25  InnoDB: Initializing buffer pool, size = 8.0M
230214 13:22:25  InnoDB: Completed initialization of buffer pool
230214 14:04:38  InnoDB: Initializing buffer pool, size = 8.0M
230214 14:04:38  InnoDB: Completed initialization of buffer pool
230214 14:14:11  InnoDB: Initializing buffer pool, size = 8.0M
230214 14:14:11  InnoDB: Completed initialization of buffer pool
230214 14:47:00  InnoDB: Initializing buffer pool, size = 8.0M
230214 14:47:00  InnoDB: Completed initialization of buffer pool
230214 15:03:48  InnoDB: Initializing buffer pool, size = 8.0M
230214 15:03:48  InnoDB: Completed initialization of buffer pool
230214 15:27:37  InnoDB: Initializing buffer pool, size = 8.0M
230214 15:27:37  InnoDB: Completed initialization of buffer pool
230214 15:36:58  InnoDB: Initializing buffer pool, size = 8.0M
230214 15:36:58  InnoDB: Completed initialization of buffer pool
230214 16:07:46  InnoDB: Initializing buffer pool, size = 8.0M
230214 16:07:46  InnoDB: Completed initialization of buffer pool
230215  8:58:01  InnoDB: Initializing buffer pool, size = 8.0M
230215  8:58:01  InnoDB: Completed initialization of buffer pool
230215  9:16:53  InnoDB: Initializing buffer pool, size = 8.0M
230215  9:16:53  InnoDB: Completed initialization of buffer pool
230215  9:50:22  InnoDB: Initializing buffer pool, size = 8.0M
230215  9:50:22  InnoDB: Completed initialization of buffer pool
230215 11:07:43  InnoDB: Initializing buffer pool, size = 8.0M
230215 11:07:43  InnoDB: Completed initialization of buffer pool
230215 11:13:00  InnoDB: Initializing buffer pool, size = 8.0M
230215 11:13:01  InnoDB: Completed initialization of buffer pool
230215 11:17:17  InnoDB: Initializing buffer pool, size = 8.0M
230215 11:17:17  InnoDB: Completed initialization of buffer pool
230215 11:21:11  InnoDB: Initializing buffer pool, size = 8.0M
230215 11:21:11  InnoDB: Completed initialization of buffer pool
230215 11:23:35  InnoDB: Initializing buffer pool, size = 8.0M
230215 11:23:35  InnoDB: Completed initialization of buffer pool
230215 11:27:38  InnoDB: Initializing buffer pool, size = 8.0M
230215 11:27:38  InnoDB: Completed initialization of buffer pool
230215 14:10:31  InnoDB: Initializing buffer pool, size = 8.0M
230215 14:10:31  InnoDB: Completed initialization of buffer pool
230217  9:23:15  InnoDB: Initializing buffer pool, size = 8.0M
230217  9:23:15  InnoDB: Completed initialization of buffer pool
230218 17:06:30  InnoDB: Initializing buffer pool, size = 8.0M
230218 17:06:30  InnoDB: Completed initialization of buffer pool
230218 17:14:38  InnoDB: Initializing buffer pool, size = 8.0M
230218 17:14:38  InnoDB: Completed initialization of buffer pool
230218 17:32:04  InnoDB: Initializing buffer pool, size = 8.0M
230218 17:32:04  InnoDB: Completed initialization of buffer pool
230218 17:37:04  InnoDB: Initializing buffer pool, size = 8.0M
230218 17:37:04  InnoDB: Completed initialization of buffer pool
230218 17:38:44  InnoDB: Initializing buffer pool, size = 8.0M
230218 17:38:44  InnoDB: Completed initialization of buffer pool
230218 18:09:11  InnoDB: Initializing buffer pool, size = 8.0M
230218 18:09:11  InnoDB: Completed initialization of buffer pool
230218 18:12:32  InnoDB: Initializing buffer pool, size = 8.0M
230218 18:12:32  InnoDB: Completed initialization of buffer pool
230218 18:17:19  InnoDB: Initializing buffer pool, size = 8.0M
230218 18:17:19  InnoDB: Completed initialization of buffer pool
230218 18:19:48  InnoDB: Initializing buffer pool, size = 8.0M
230218 18:19:48  InnoDB: Completed initialization of buffer pool
230220 10:48:28  InnoDB: Initializing buffer pool, size = 8.0M
230220 10:48:28  InnoDB: Completed initialization of buffer pool
230220 16:03:49  InnoDB: Initializing buffer pool, size = 8.0M
230220 16:03:49  InnoDB: Completed initialization of buffer pool
230220 16:12:45  InnoDB: Initializing buffer pool, size = 8.0M
230220 16:12:45  InnoDB: Completed initialization of buffer pool
230220 18:29:40  InnoDB: Initializing buffer pool, size = 8.0M
230220 18:29:40  InnoDB: Completed initialization of buffer pool
230220 18:41:48  InnoDB: Initializing buffer pool, size = 8.0M
230220 18:41:48  InnoDB: Completed initialization of buffer pool
230220 18:46:24  InnoDB: Initializing buffer pool, size = 8.0M
230220 18:46:24  InnoDB: Completed initialization of buffer pool
230220 18:56:09  InnoDB: Initializing buffer pool, size = 8.0M
230220 18:56:09  InnoDB: Completed initialization of buffer pool
230221 14:34:29  InnoDB: Initializing buffer pool, size = 8.0M
230221 14:34:29  InnoDB: Completed initialization of buffer pool
230221 18:06:34  InnoDB: Initializing buffer pool, size = 8.0M
230221 18:06:34  InnoDB: Completed initialization of buffer pool
230221 18:23:54  InnoDB: Initializing buffer pool, size = 8.0M
230221 18:23:54  InnoDB: Completed initialization of buffer pool
230221 19:18:33  InnoDB: Initializing buffer pool, size = 8.0M
230221 19:18:33  InnoDB: Completed initialization of buffer pool
230222  9:02:48  InnoDB: Initializing buffer pool, size = 8.0M
230222  9:02:48  InnoDB: Completed initialization of buffer pool
230222 10:42:33  InnoDB: Initializing buffer pool, size = 8.0M
230222 10:42:33  InnoDB: Completed initialization of buffer pool
230222 10:58:42  InnoDB: Initializing buffer pool, size = 8.0M
230222 10:58:42  InnoDB: Completed initialization of buffer pool
230222 18:21:28  InnoDB: Initializing buffer pool, size = 8.0M
230222 18:21:28  InnoDB: Completed initialization of buffer pool
230222 18:24:56  InnoDB: Initializing buffer pool, size = 8.0M
230222 18:24:56  InnoDB: Completed initialization of buffer pool
230222 18:26:25  InnoDB: Initializing buffer pool, size = 8.0M
230222 18:26:25  InnoDB: Completed initialization of buffer pool
230222 18:36:45  InnoDB: Initializing buffer pool, size = 8.0M
230222 18:36:45  InnoDB: Completed initialization of buffer pool
230222 18:37:33  InnoDB: Initializing buffer pool, size = 8.0M
230222 18:37:33  InnoDB: Completed initialization of buffer pool
230222 19:06:15  InnoDB: Initializing buffer pool, size = 8.0M
230222 19:06:15  InnoDB: Completed initialization of buffer pool
230223  9:28:14  InnoDB: Initializing buffer pool, size = 8.0M
230223  9:28:14  InnoDB: Completed initialization of buffer pool
230223 19:33:28  InnoDB: Initializing buffer pool, size = 8.0M
230223 19:33:28  InnoDB: Completed initialization of buffer pool
230224 16:04:31  InnoDB: Initializing buffer pool, size = 8.0M
230224 16:04:31  InnoDB: Completed initialization of buffer pool
230224 16:21:32  InnoDB: Initializing buffer pool, size = 8.0M
230224 16:21:32  InnoDB: Completed initialization of buffer pool
230224 16:34:19  InnoDB: Initializing buffer pool, size = 8.0M
230224 16:34:19  InnoDB: Completed initialization of buffer pool
230228 15:36:08  InnoDB: Initializing buffer pool, size = 8.0M
230228 15:36:08  InnoDB: Completed initialization of buffer pool
230228 15:43:25  InnoDB: Initializing buffer pool, size = 8.0M
230228 15:43:25  InnoDB: Completed initialization of buffer pool
230228 15:45:14  InnoDB: Initializing buffer pool, size = 8.0M
230228 15:45:14  InnoDB: Completed initialization of buffer pool
230228 15:55:21  InnoDB: Initializing buffer pool, size = 8.0M
230228 15:55:21  InnoDB: Completed initialization of buffer pool
230301 14:13:14  InnoDB: Initializing buffer pool, size = 8.0M
230301 14:13:14  InnoDB: Completed initialization of buffer pool
230301 15:22:48  InnoDB: Initializing buffer pool, size = 8.0M
230301 15:22:48  InnoDB: Completed initialization of buffer pool
230301 15:41:34  InnoDB: Initializing buffer pool, size = 8.0M
230301 15:41:34  InnoDB: Completed initialization of buffer pool
230301 17:39:10  InnoDB: Initializing buffer pool, size = 8.0M
230301 17:39:10  InnoDB: Completed initialization of buffer pool
230302  8:42:16  InnoDB: Initializing buffer pool, size = 8.0M
230302  8:42:16  InnoDB: Completed initialization of buffer pool
230302 10:13:07  InnoDB: Initializing buffer pool, size = 8.0M
230302 10:13:07  InnoDB: Completed initialization of buffer pool
230302 10:27:23  InnoDB: Initializing buffer pool, size = 8.0M
230302 10:27:23  InnoDB: Completed initialization of buffer pool
230302 11:30:39  InnoDB: Initializing buffer pool, size = 8.0M
230302 11:30:39  InnoDB: Completed initialization of buffer pool
230302 16:01:16  InnoDB: Initializing buffer pool, size = 8.0M
230302 16:01:16  InnoDB: Completed initialization of buffer pool
230307 10:42:54  InnoDB: Initializing buffer pool, size = 8.0M
230307 10:42:54  InnoDB: Completed initialization of buffer pool
230307 14:40:17  InnoDB: Initializing buffer pool, size = 8.0M
230307 14:40:17  InnoDB: Completed initialization of buffer pool
230310 14:10:03  InnoDB: Initializing buffer pool, size = 8.0M
230310 14:10:03  InnoDB: Completed initialization of buffer pool
230310 14:59:14  InnoDB: Initializing buffer pool, size = 8.0M
230310 14:59:14  InnoDB: Completed initialization of buffer pool
230310 15:13:58  InnoDB: Initializing buffer pool, size = 8.0M
230310 15:13:58  InnoDB: Completed initialization of buffer pool
230310 16:46:31  InnoDB: Initializing buffer pool, size = 8.0M
230310 16:46:31  InnoDB: Completed initialization of buffer pool
230310 16:47:08  InnoDB: Initializing buffer pool, size = 8.0M
230310 16:47:08  InnoDB: Completed initialization of buffer pool
230310 17:17:19  InnoDB: Initializing buffer pool, size = 8.0M
230310 17:17:19  InnoDB: Completed initialization of buffer pool
230310 17:19:09  InnoDB: Initializing buffer pool, size = 8.0M
230310 17:19:09  InnoDB: Completed initialization of buffer pool
230310 18:31:16  InnoDB: Initializing buffer pool, size = 8.0M
230310 18:31:16  InnoDB: Completed initialization of buffer pool
230313 14:54:47  InnoDB: Initializing buffer pool, size = 8.0M
230313 14:54:47  InnoDB: Completed initialization of buffer pool
230313 18:12:25  InnoDB: Initializing buffer pool, size = 8.0M
230313 18:12:25  InnoDB: Completed initialization of buffer pool
230314  8:48:53  InnoDB: Initializing buffer pool, size = 8.0M
230314  8:48:53  InnoDB: Completed initialization of buffer pool
230314  9:33:07  InnoDB: Initializing buffer pool, size = 8.0M
230314  9:33:07  InnoDB: Completed initialization of buffer pool
230314  9:39:32  InnoDB: Initializing buffer pool, size = 8.0M
230314  9:39:32  InnoDB: Completed initialization of buffer pool
230314  9:42:44  InnoDB: Initializing buffer pool, size = 8.0M
230314  9:42:44  InnoDB: Completed initialization of buffer pool
230314  9:43:59  InnoDB: Initializing buffer pool, size = 8.0M
230314  9:43:59  InnoDB: Completed initialization of buffer pool
230314  9:54:39  InnoDB: Initializing buffer pool, size = 8.0M
230314  9:54:39  InnoDB: Completed initialization of buffer pool
230314  9:57:53  InnoDB: Initializing buffer pool, size = 8.0M
230314  9:57:53  InnoDB: Completed initialization of buffer pool
230315 13:56:27  InnoDB: Initializing buffer pool, size = 8.0M
230315 13:56:27  InnoDB: Completed initialization of buffer pool
230315 14:07:27  InnoDB: Initializing buffer pool, size = 8.0M
230315 14:07:27  InnoDB: Completed initialization of buffer pool
230315 21:12:24  InnoDB: Initializing buffer pool, size = 8.0M
230315 21:12:24  InnoDB: Completed initialization of buffer pool
230315 21:53:58  InnoDB: Initializing buffer pool, size = 8.0M
230315 21:53:58  InnoDB: Completed initialization of buffer pool
230316 15:29:18  InnoDB: Initializing buffer pool, size = 8.0M
230316 15:29:18  InnoDB: Completed initialization of buffer pool
230320 16:24:52  InnoDB: Initializing buffer pool, size = 8.0M
230320 16:24:52  InnoDB: Completed initialization of buffer pool
230320 16:45:35  InnoDB: Initializing buffer pool, size = 8.0M
230320 16:45:35  InnoDB: Completed initialization of buffer pool
230320 17:00:55  InnoDB: Initializing buffer pool, size = 8.0M
230320 17:00:55  InnoDB: Completed initialization of buffer pool
230320 17:04:25  InnoDB: Initializing buffer pool, size = 8.0M
230320 17:04:25  InnoDB: Completed initialization of buffer pool
230320 17:32:08  InnoDB: Initializing buffer pool, size = 8.0M
230320 17:32:08  InnoDB: Completed initialization of buffer pool
230320 17:56:25  InnoDB: Initializing buffer pool, size = 8.0M
230320 17:56:25  InnoDB: Completed initialization of buffer pool
230320 17:59:45  InnoDB: Initializing buffer pool, size = 8.0M
230320 17:59:45  InnoDB: Completed initialization of buffer pool
230320 18:24:26  InnoDB: Initializing buffer pool, size = 8.0M
230320 18:24:26  InnoDB: Completed initialization of buffer pool
230320 18:50:28  InnoDB: Initializing buffer pool, size = 8.0M
230320 18:50:28  InnoDB: Completed initialization of buffer pool
230320 19:30:57  InnoDB: Initializing buffer pool, size = 8.0M
230320 19:30:57  InnoDB: Completed initialization of buffer pool
230321  9:26:15  InnoDB: Initializing buffer pool, size = 8.0M
230321  9:26:15  InnoDB: Completed initialization of buffer pool
230321  9:33:29  InnoDB: Initializing buffer pool, size = 8.0M
230321  9:33:29  InnoDB: Completed initialization of buffer pool
230321 10:31:02  InnoDB: Initializing buffer pool, size = 8.0M
230321 10:31:02  InnoDB: Completed initialization of buffer pool
230321 10:35:01  InnoDB: Initializing buffer pool, size = 8.0M
230321 10:35:01  InnoDB: Completed initialization of buffer pool
230321 10:40:31  InnoDB: Initializing buffer pool, size = 8.0M
230321 10:40:31  InnoDB: Completed initialization of buffer pool
230321 11:02:48  InnoDB: Initializing buffer pool, size = 8.0M
230321 11:02:48  InnoDB: Completed initialization of buffer pool
230321 11:08:10  InnoDB: Initializing buffer pool, size = 8.0M
230321 11:08:10  InnoDB: Completed initialization of buffer pool
230321 11:09:19  InnoDB: Initializing buffer pool, size = 8.0M
230321 11:09:19  InnoDB: Completed initialization of buffer pool
230321 11:15:12  InnoDB: Initializing buffer pool, size = 8.0M
230321 11:15:12  InnoDB: Completed initialization of buffer pool
230321 11:28:17  InnoDB: Initializing buffer pool, size = 8.0M
230321 11:28:17  InnoDB: Completed initialization of buffer pool
230321 13:03:54  InnoDB: Initializing buffer pool, size = 8.0M
230321 13:03:54  InnoDB: Completed initialization of buffer pool
230321 13:05:41  InnoDB: Initializing buffer pool, size = 8.0M
230321 13:05:41  InnoDB: Completed initialization of buffer pool
230321 13:07:16  InnoDB: Initializing buffer pool, size = 8.0M
230321 13:07:16  InnoDB: Completed initialization of buffer pool
230321 13:14:08  InnoDB: Initializing buffer pool, size = 8.0M
230321 13:14:08  InnoDB: Completed initialization of buffer pool
230321 13:21:23  InnoDB: Initializing buffer pool, size = 8.0M
230321 13:21:23  InnoDB: Completed initialization of buffer pool
230321 13:28:56  InnoDB: Initializing buffer pool, size = 8.0M
230321 13:28:56  InnoDB: Completed initialization of buffer pool
230321 13:45:15  InnoDB: Initializing buffer pool, size = 8.0M
230321 13:45:15  InnoDB: Completed initialization of buffer pool
230321 19:44:09  InnoDB: Initializing buffer pool, size = 8.0M
230321 19:44:09  InnoDB: Completed initialization of buffer pool
230321 20:41:37  InnoDB: Initializing buffer pool, size = 8.0M
230321 20:41:37  InnoDB: Completed initialization of buffer pool
230323 21:22:36  InnoDB: Initializing buffer pool, size = 8.0M
230323 21:22:36  InnoDB: Completed initialization of buffer pool
230324  8:48:38  InnoDB: Initializing buffer pool, size = 8.0M
230324  8:48:38  InnoDB: Completed initialization of buffer pool
230324 10:01:16  InnoDB: Initializing buffer pool, size = 8.0M
230324 10:01:16  InnoDB: Completed initialization of buffer pool
230324 11:14:24  InnoDB: Initializing buffer pool, size = 8.0M
230324 11:14:24  InnoDB: Completed initialization of buffer pool
230324 13:22:26  InnoDB: Initializing buffer pool, size = 8.0M
230324 13:22:26  InnoDB: Completed initialization of buffer pool
230324 13:57:10  InnoDB: Initializing buffer pool, size = 8.0M
230324 13:57:10  InnoDB: Completed initialization of buffer pool
230324 14:15:10  InnoDB: Initializing buffer pool, size = 8.0M
230324 14:15:10  InnoDB: Completed initialization of buffer pool
230324 14:18:23  InnoDB: Initializing buffer pool, size = 8.0M
230324 14:18:23  InnoDB: Completed initialization of buffer pool
230324 14:21:12  InnoDB: Initializing buffer pool, size = 8.0M
230324 14:21:12  InnoDB: Completed initialization of buffer pool
230325 13:36:53  InnoDB: Initializing buffer pool, size = 8.0M
230325 13:36:53  InnoDB: Completed initialization of buffer pool
230325 15:29:46  InnoDB: Initializing buffer pool, size = 8.0M
230325 15:29:46  InnoDB: Completed initialization of buffer pool
230325 15:49:35  InnoDB: Initializing buffer pool, size = 8.0M
230325 15:49:35  InnoDB: Completed initialization of buffer pool
230327  8:46:00  InnoDB: Initializing buffer pool, size = 8.0M
230327  8:46:00  InnoDB: Completed initialization of buffer pool
230327  8:54:10  InnoDB: Initializing buffer pool, size = 8.0M
230327  8:54:10  InnoDB: Completed initialization of buffer pool
230328  9:34:09  InnoDB: Initializing buffer pool, size = 8.0M
230328  9:34:09  InnoDB: Completed initialization of buffer pool
230329 19:22:14  InnoDB: Initializing buffer pool, size = 8.0M
230329 19:22:14  InnoDB: Completed initialization of buffer pool
230330  0:50:08  InnoDB: Initializing buffer pool, size = 8.0M
230330  0:50:08  InnoDB: Completed initialization of buffer pool
230330 13:47:18  InnoDB: Initializing buffer pool, size = 8.0M
230330 13:47:18  InnoDB: Completed initialization of buffer pool
230401 16:57:24  InnoDB: Initializing buffer pool, size = 8.0M
230401 16:57:24  InnoDB: Completed initialization of buffer pool
230401 17:28:50  InnoDB: Initializing buffer pool, size = 8.0M
230401 17:28:50  InnoDB: Completed initialization of buffer pool
230401 17:47:57  InnoDB: Initializing buffer pool, size = 8.0M
230401 17:47:57  InnoDB: Completed initialization of buffer pool
230401 17:50:05  InnoDB: Initializing buffer pool, size = 8.0M
230401 17:50:05  InnoDB: Completed initialization of buffer pool
230401 17:51:09  InnoDB: Initializing buffer pool, size = 8.0M
230401 17:51:09  InnoDB: Completed initialization of buffer pool
230403  8:58:51  InnoDB: Initializing buffer pool, size = 8.0M
230403  8:58:51  InnoDB: Completed initialization of buffer pool
230403  9:05:08  InnoDB: Initializing buffer pool, size = 8.0M
230403  9:05:08  InnoDB: Completed initialization of buffer pool
230403  9:06:33  InnoDB: Initializing buffer pool, size = 8.0M
230403  9:06:33  InnoDB: Completed initialization of buffer pool
230403 18:32:01  InnoDB: Initializing buffer pool, size = 8.0M
230403 18:32:01  InnoDB: Completed initialization of buffer pool
230403 20:19:27  InnoDB: Initializing buffer pool, size = 8.0M
230403 20:19:27  InnoDB: Completed initialization of buffer pool
230404 13:11:17  InnoDB: Initializing buffer pool, size = 8.0M
230404 13:11:17  InnoDB: Completed initialization of buffer pool
230404 14:17:59  InnoDB: Initializing buffer pool, size = 8.0M
230404 14:17:59  InnoDB: Completed initialization of buffer pool
230404 14:41:51  InnoDB: Initializing buffer pool, size = 8.0M
230404 14:41:51  InnoDB: Completed initialization of buffer pool
230405 14:13:57  InnoDB: Initializing buffer pool, size = 8.0M
230405 14:13:57  InnoDB: Completed initialization of buffer pool
230406 13:56:46  InnoDB: Initializing buffer pool, size = 8.0M
230406 13:56:46  InnoDB: Completed initialization of buffer pool
230414 10:16:01  InnoDB: Initializing buffer pool, size = 8.0M
230414 10:16:01  InnoDB: Completed initialization of buffer pool
230414 15:14:10  InnoDB: Initializing buffer pool, size = 8.0M
230414 15:14:10  InnoDB: Completed initialization of buffer pool
230419 11:06:38  InnoDB: Initializing buffer pool, size = 8.0M
230419 11:06:38  InnoDB: Completed initialization of buffer pool
230420 19:14:45  InnoDB: Initializing buffer pool, size = 8.0M
230420 19:14:45  InnoDB: Completed initialization of buffer pool
230420 19:37:35  InnoDB: Initializing buffer pool, size = 8.0M
230420 19:37:35  InnoDB: Completed initialization of buffer pool
230421  9:58:07  InnoDB: Initializing buffer pool, size = 8.0M
230421  9:58:07  InnoDB: Completed initialization of buffer pool
230421 16:37:16  InnoDB: Initializing buffer pool, size = 8.0M
230421 16:37:16  InnoDB: Completed initialization of buffer pool
230421 19:55:40  InnoDB: Initializing buffer pool, size = 8.0M
230421 19:55:40  InnoDB: Completed initialization of buffer pool
230422 13:40:58  InnoDB: Initializing buffer pool, size = 8.0M
230422 13:40:58  InnoDB: Completed initialization of buffer pool
230422 14:01:33  InnoDB: Initializing buffer pool, size = 8.0M
230422 14:01:33  InnoDB: Completed initialization of buffer pool
230422 14:58:03  InnoDB: Initializing buffer pool, size = 8.0M
230422 14:58:03  InnoDB: Completed initialization of buffer pool
230422 16:03:42  InnoDB: Initializing buffer pool, size = 8.0M
230422 16:03:42  InnoDB: Completed initialization of buffer pool
230422 20:05:41  InnoDB: Initializing buffer pool, size = 8.0M
230422 20:05:41  InnoDB: Completed initialization of buffer pool
230423  9:42:13  InnoDB: Initializing buffer pool, size = 8.0M
230423  9:42:13  InnoDB: Completed initialization of buffer pool
230423 14:22:33  InnoDB: Initializing buffer pool, size = 8.0M
230423 14:22:33  InnoDB: Completed initialization of buffer pool
230423 15:18:35  InnoDB: Initializing buffer pool, size = 8.0M
230423 15:18:35  InnoDB: Completed initialization of buffer pool
230423 17:15:07  InnoDB: Initializing buffer pool, size = 8.0M
230423 17:15:07  InnoDB: Completed initialization of buffer pool
230423 17:36:56  InnoDB: Initializing buffer pool, size = 8.0M
230423 17:36:56  InnoDB: Completed initialization of buffer pool
230423 19:11:28  InnoDB: Initializing buffer pool, size = 8.0M
230423 19:11:28  InnoDB: Completed initialization of buffer pool
230423 21:26:34  InnoDB: Initializing buffer pool, size = 8.0M
230423 21:26:34  InnoDB: Completed initialization of buffer pool
230424 14:30:32  InnoDB: Initializing buffer pool, size = 8.0M
230424 14:30:32  InnoDB: Completed initialization of buffer pool
230424 15:25:41  InnoDB: Initializing buffer pool, size = 8.0M
230424 15:25:41  InnoDB: Completed initialization of buffer pool
230424 15:34:37  InnoDB: Initializing buffer pool, size = 8.0M
230424 15:34:37  InnoDB: Completed initialization of buffer pool
230424 16:05:34  InnoDB: Initializing buffer pool, size = 8.0M
230424 16:05:34  InnoDB: Completed initialization of buffer pool
230424 16:55:35  InnoDB: Initializing buffer pool, size = 8.0M
230424 16:55:35  InnoDB: Completed initialization of buffer pool
230424 17:07:51  InnoDB: Initializing buffer pool, size = 8.0M
230424 17:07:51  InnoDB: Completed initialization of buffer pool
230424 17:20:04  InnoDB: Initializing buffer pool, size = 8.0M
230424 17:20:04  InnoDB: Completed initialization of buffer pool
230424 17:31:08  InnoDB: Initializing buffer pool, size = 8.0M
230424 17:31:08  InnoDB: Completed initialization of buffer pool
230424 18:55:27  InnoDB: Initializing buffer pool, size = 8.0M
230424 18:55:27  InnoDB: Completed initialization of buffer pool
230424 19:00:55  InnoDB: Initializing buffer pool, size = 8.0M
230424 19:00:55  InnoDB: Completed initialization of buffer pool
230424 19:02:11  InnoDB: Initializing buffer pool, size = 8.0M
230424 19:02:11  InnoDB: Completed initialization of buffer pool
230424 19:03:29  InnoDB: Initializing buffer pool, size = 8.0M
230424 19:03:29  InnoDB: Completed initialization of buffer pool
230424 19:11:44  InnoDB: Initializing buffer pool, size = 8.0M
230424 19:11:44  InnoDB: Completed initialization of buffer pool
230424 19:22:22  InnoDB: Initializing buffer pool, size = 8.0M
230424 19:22:22  InnoDB: Completed initialization of buffer pool
230424 19:26:01  InnoDB: Initializing buffer pool, size = 8.0M
230424 19:26:01  InnoDB: Completed initialization of buffer pool
230424 19:29:58  InnoDB: Initializing buffer pool, size = 8.0M
230424 19:29:58  InnoDB: Completed initialization of buffer pool
230424 19:35:45  InnoDB: Initializing buffer pool, size = 8.0M
230424 19:35:45  InnoDB: Completed initialization of buffer pool
230425 14:02:32  InnoDB: Initializing buffer pool, size = 8.0M
230425 14:02:32  InnoDB: Completed initialization of buffer pool
230425 14:40:07  InnoDB: Initializing buffer pool, size = 8.0M
230425 14:40:07  InnoDB: Completed initialization of buffer pool
230425 14:53:01  InnoDB: Initializing buffer pool, size = 8.0M
230425 14:53:01  InnoDB: Completed initialization of buffer pool
230425 15:14:22  InnoDB: Initializing buffer pool, size = 8.0M
230425 15:14:22  InnoDB: Completed initialization of buffer pool
230425 15:19:49  InnoDB: Initializing buffer pool, size = 8.0M
230425 15:19:49  InnoDB: Completed initialization of buffer pool
230425 15:29:21  InnoDB: Initializing buffer pool, size = 8.0M
230425 15:29:21  InnoDB: Completed initialization of buffer pool
230425 15:34:13  InnoDB: Initializing buffer pool, size = 8.0M
230425 15:34:13  InnoDB: Completed initialization of buffer pool
230425 15:36:23  InnoDB: Initializing buffer pool, size = 8.0M
230425 15:36:23  InnoDB: Completed initialization of buffer pool
230425 15:40:09  InnoDB: Initializing buffer pool, size = 8.0M
230425 15:40:09  InnoDB: Completed initialization of buffer pool
230425 15:42:51  InnoDB: Initializing buffer pool, size = 8.0M
230425 15:42:51  InnoDB: Completed initialization of buffer pool
230425 16:04:57  InnoDB: Initializing buffer pool, size = 8.0M
230425 16:04:57  InnoDB: Completed initialization of buffer pool
230425 16:25:16  InnoDB: Initializing buffer pool, size = 8.0M
230425 16:25:16  InnoDB: Completed initialization of buffer pool
230426  9:03:07  InnoDB: Initializing buffer pool, size = 8.0M
230426  9:03:07  InnoDB: Completed initialization of buffer pool
230426  9:18:31  InnoDB: Initializing buffer pool, size = 8.0M
230426  9:18:31  InnoDB: Completed initialization of buffer pool
230426 13:14:44  InnoDB: Initializing buffer pool, size = 8.0M
230426 13:14:44  InnoDB: Completed initialization of buffer pool
230426 13:25:00  InnoDB: Initializing buffer pool, size = 8.0M
230426 13:25:00  InnoDB: Completed initialization of buffer pool
230426 13:29:08  InnoDB: Initializing buffer pool, size = 8.0M
230426 13:29:08  InnoDB: Completed initialization of buffer pool
230426 13:33:54  InnoDB: Initializing buffer pool, size = 8.0M
230426 13:33:54  InnoDB: Completed initialization of buffer pool
230426 13:51:19  InnoDB: Initializing buffer pool, size = 8.0M
230426 13:51:19  InnoDB: Completed initialization of buffer pool
230426 16:06:26  InnoDB: Initializing buffer pool, size = 8.0M
230426 16:06:26  InnoDB: Completed initialization of buffer pool
230427 13:19:50  InnoDB: Initializing buffer pool, size = 8.0M
230427 13:19:50  InnoDB: Completed initialization of buffer pool
230428 14:28:35  InnoDB: Initializing buffer pool, size = 8.0M
230428 14:28:35  InnoDB: Completed initialization of buffer pool
230428 15:50:04  InnoDB: Initializing buffer pool, size = 8.0M
230428 15:50:04  InnoDB: Completed initialization of buffer pool
230428 17:02:38  InnoDB: Initializing buffer pool, size = 8.0M
230428 17:02:38  InnoDB: Completed initialization of buffer pool
230428 20:53:49  InnoDB: Initializing buffer pool, size = 8.0M
230428 20:53:49  InnoDB: Completed initialization of buffer pool
230502 13:36:08  InnoDB: Initializing buffer pool, size = 8.0M
230502 13:36:08  InnoDB: Completed initialization of buffer pool
230502 13:42:11  InnoDB: Initializing buffer pool, size = 8.0M
230502 13:42:11  InnoDB: Completed initialization of buffer pool
230502 15:19:43  InnoDB: Initializing buffer pool, size = 8.0M
230502 15:19:43  InnoDB: Completed initialization of buffer pool
230502 15:23:05  InnoDB: Initializing buffer pool, size = 8.0M
230502 15:23:05  InnoDB: Completed initialization of buffer pool
230504 14:39:23  InnoDB: Initializing buffer pool, size = 8.0M
230504 14:39:23  InnoDB: Completed initialization of buffer pool
230504 14:42:22  InnoDB: Initializing buffer pool, size = 8.0M
230504 14:42:22  InnoDB: Completed initialization of buffer pool
230504 14:59:52  InnoDB: Initializing buffer pool, size = 8.0M
230504 14:59:52  InnoDB: Completed initialization of buffer pool
230504 17:04:42  InnoDB: Initializing buffer pool, size = 8.0M
230504 17:04:42  InnoDB: Completed initialization of buffer pool
230504 19:40:20  InnoDB: Initializing buffer pool, size = 8.0M
230504 19:40:20  InnoDB: Completed initialization of buffer pool
230504 20:36:38  InnoDB: Initializing buffer pool, size = 8.0M
230504 20:36:38  InnoDB: Completed initialization of buffer pool
230504 20:45:55  InnoDB: Initializing buffer pool, size = 8.0M
230504 20:45:55  InnoDB: Completed initialization of buffer pool
230505 11:36:31  InnoDB: Initializing buffer pool, size = 8.0M
230505 11:36:31  InnoDB: Completed initialization of buffer pool
230506 13:50:30  InnoDB: Initializing buffer pool, size = 8.0M
230506 13:50:30  InnoDB: Completed initialization of buffer pool
230506 14:00:48  InnoDB: Initializing buffer pool, size = 8.0M
230506 14:00:48  InnoDB: Completed initialization of buffer pool
230506 17:28:07  InnoDB: Initializing buffer pool, size = 8.0M
230506 17:28:07  InnoDB: Completed initialization of buffer pool
230506 19:20:37  InnoDB: Initializing buffer pool, size = 8.0M
230506 19:20:37  InnoDB: Completed initialization of buffer pool
230506 19:44:27  InnoDB: Initializing buffer pool, size = 8.0M
230506 19:44:27  InnoDB: Completed initialization of buffer pool
230508  9:06:05  InnoDB: Initializing buffer pool, size = 8.0M
230508  9:06:05  InnoDB: Completed initialization of buffer pool
230508 10:30:29  InnoDB: Initializing buffer pool, size = 8.0M
230508 10:30:29  InnoDB: Completed initialization of buffer pool
230508 10:53:16  InnoDB: Initializing buffer pool, size = 8.0M
230508 10:53:16  InnoDB: Completed initialization of buffer pool
230508 13:29:11  InnoDB: Initializing buffer pool, size = 8.0M
230508 13:29:11  InnoDB: Completed initialization of buffer pool
230508 13:55:38  InnoDB: Initializing buffer pool, size = 8.0M
230508 13:55:38  InnoDB: Completed initialization of buffer pool
230508 17:06:48  InnoDB: Initializing buffer pool, size = 8.0M
230508 17:06:48  InnoDB: Completed initialization of buffer pool
230509  9:37:12  InnoDB: Initializing buffer pool, size = 8.0M
230509  9:37:12  InnoDB: Completed initialization of buffer pool
230509 10:10:29  InnoDB: Initializing buffer pool, size = 8.0M
230509 10:10:29  InnoDB: Completed initialization of buffer pool
230510 10:37:00  InnoDB: Initializing buffer pool, size = 8.0M
230510 10:37:00  InnoDB: Completed initialization of buffer pool
230510 11:03:32  InnoDB: Initializing buffer pool, size = 8.0M
230510 11:03:32  InnoDB: Completed initialization of buffer pool
230510 11:18:23  InnoDB: Initializing buffer pool, size = 8.0M
230510 11:18:23  InnoDB: Completed initialization of buffer pool
230510 11:43:00  InnoDB: Initializing buffer pool, size = 8.0M
230510 11:43:00  InnoDB: Completed initialization of buffer pool
230510 19:00:22  InnoDB: Initializing buffer pool, size = 8.0M
230510 19:00:22  InnoDB: Completed initialization of buffer pool
230510 20:34:41  InnoDB: Initializing buffer pool, size = 8.0M
230510 20:34:41  InnoDB: Completed initialization of buffer pool
230510 20:50:52  InnoDB: Initializing buffer pool, size = 8.0M
230510 20:50:52  InnoDB: Completed initialization of buffer pool
230510 21:01:54  InnoDB: Initializing buffer pool, size = 8.0M
230510 21:01:54  InnoDB: Completed initialization of buffer pool
230511 10:27:50  InnoDB: Initializing buffer pool, size = 8.0M
230511 10:27:50  InnoDB: Completed initialization of buffer pool
230512 14:19:36  InnoDB: Initializing buffer pool, size = 8.0M
230512 14:19:36  InnoDB: Completed initialization of buffer pool
230512 15:00:34  InnoDB: Initializing buffer pool, size = 8.0M
230512 15:00:34  InnoDB: Completed initialization of buffer pool
230512 15:23:48  InnoDB: Initializing buffer pool, size = 8.0M
230512 15:23:48  InnoDB: Completed initialization of buffer pool
230512 17:25:08  InnoDB: Initializing buffer pool, size = 8.0M
230512 17:25:08  InnoDB: Completed initialization of buffer pool
230512 17:29:22  InnoDB: Initializing buffer pool, size = 8.0M
230512 17:29:22  InnoDB: Completed initialization of buffer pool
230513 15:02:36  InnoDB: Initializing buffer pool, size = 8.0M
230513 15:02:36  InnoDB: Completed initialization of buffer pool
230513 15:33:00  InnoDB: Initializing buffer pool, size = 8.0M
230513 15:33:00  InnoDB: Completed initialization of buffer pool
230513 17:54:05  InnoDB: Initializing buffer pool, size = 8.0M
230513 17:54:05  InnoDB: Completed initialization of buffer pool
230516 14:26:45  InnoDB: Initializing buffer pool, size = 8.0M
230516 14:26:45  InnoDB: Completed initialization of buffer pool
230516 19:42:04  InnoDB: Initializing buffer pool, size = 8.0M
230516 19:42:04  InnoDB: Completed initialization of buffer pool
230516 19:54:55  InnoDB: Initializing buffer pool, size = 8.0M
230516 19:54:55  InnoDB: Completed initialization of buffer pool
230516 20:11:05  InnoDB: Initializing buffer pool, size = 8.0M
230516 20:11:05  InnoDB: Completed initialization of buffer pool
230516 20:30:31  InnoDB: Initializing buffer pool, size = 8.0M
230516 20:30:31  InnoDB: Completed initialization of buffer pool
230517  9:32:41  InnoDB: Initializing buffer pool, size = 8.0M
230517  9:32:41  InnoDB: Completed initialization of buffer pool
230517  9:41:27  InnoDB: Initializing buffer pool, size = 8.0M
230517  9:41:27  InnoDB: Completed initialization of buffer pool
230517  9:51:03  InnoDB: Initializing buffer pool, size = 8.0M
230517  9:51:03  InnoDB: Completed initialization of buffer pool
230517 10:07:50  InnoDB: Initializing buffer pool, size = 8.0M
230517 10:07:50  InnoDB: Completed initialization of buffer pool
230517 10:18:41  InnoDB: Initializing buffer pool, size = 8.0M
230517 10:18:41  InnoDB: Completed initialization of buffer pool
230526 16:25:08  InnoDB: Initializing buffer pool, size = 8.0M
230526 16:25:08  InnoDB: Completed initialization of buffer pool
230526 18:43:46  InnoDB: Initializing buffer pool, size = 8.0M
230526 18:43:46  InnoDB: Completed initialization of buffer pool
230602 15:00:18  InnoDB: Initializing buffer pool, size = 8.0M
230602 15:00:18  InnoDB: Completed initialization of buffer pool
230606  8:54:36  InnoDB: Initializing buffer pool, size = 8.0M
230606  8:54:36  InnoDB: Completed initialization of buffer pool
230606 20:12:26  InnoDB: Initializing buffer pool, size = 8.0M
230606 20:12:26  InnoDB: Completed initialization of buffer pool
230609 10:05:24  InnoDB: Initializing buffer pool, size = 8.0M
230609 10:05:24  InnoDB: Completed initialization of buffer pool
230609 13:29:41  InnoDB: Initializing buffer pool, size = 8.0M
230609 13:29:41  InnoDB: Completed initialization of buffer pool
230609 14:10:50  InnoDB: Initializing buffer pool, size = 8.0M
230609 14:10:50  InnoDB: Completed initialization of buffer pool
230609 14:26:41  InnoDB: Initializing buffer pool, size = 8.0M
230609 14:26:41  InnoDB: Completed initialization of buffer pool
230609 14:42:14  InnoDB: Initializing buffer pool, size = 8.0M
230609 14:42:14  InnoDB: Completed initialization of buffer pool
230609 14:52:38  InnoDB: Initializing buffer pool, size = 8.0M
230609 14:52:38  InnoDB: Completed initialization of buffer pool
230609 14:58:18  InnoDB: Initializing buffer pool, size = 8.0M
230609 14:58:18  InnoDB: Completed initialization of buffer pool
230609 15:09:03  InnoDB: Initializing buffer pool, size = 8.0M
230609 15:09:03  InnoDB: Completed initialization of buffer pool
230609 15:20:44  InnoDB: Initializing buffer pool, size = 8.0M
230609 15:20:44  InnoDB: Completed initialization of buffer pool
230609 15:40:00  InnoDB: Initializing buffer pool, size = 8.0M
230609 15:40:00  InnoDB: Completed initialization of buffer pool
230609 15:45:36  InnoDB: Initializing buffer pool, size = 8.0M
230609 15:45:36  InnoDB: Completed initialization of buffer pool
230609 16:10:41  InnoDB: Initializing buffer pool, size = 8.0M
230609 16:10:41  InnoDB: Completed initialization of buffer pool
230609 16:22:33  InnoDB: Initializing buffer pool, size = 8.0M
230609 16:22:33  InnoDB: Completed initialization of buffer pool
230609 16:50:55  InnoDB: Initializing buffer pool, size = 8.0M
230609 16:50:55  InnoDB: Completed initialization of buffer pool
230609 17:48:03  InnoDB: Initializing buffer pool, size = 8.0M
230609 17:48:03  InnoDB: Completed initialization of buffer pool
230609 19:54:13  InnoDB: Initializing buffer pool, size = 8.0M
230609 19:54:13  InnoDB: Completed initialization of buffer pool
230609 19:56:48  InnoDB: Initializing buffer pool, size = 8.0M
230609 19:56:48  InnoDB: Completed initialization of buffer pool
230609 20:50:12  InnoDB: Initializing buffer pool, size = 8.0M
230609 20:50:12  InnoDB: Completed initialization of buffer pool
230609 20:58:08  InnoDB: Initializing buffer pool, size = 8.0M
230609 20:58:08  InnoDB: Completed initialization of buffer pool
230610 16:24:03  InnoDB: Initializing buffer pool, size = 8.0M
230610 16:24:03  InnoDB: Completed initialization of buffer pool
230610 16:35:53  InnoDB: Initializing buffer pool, size = 8.0M
230610 16:35:53  InnoDB: Completed initialization of buffer pool
230610 16:49:18  InnoDB: Initializing buffer pool, size = 8.0M
230610 16:49:18  InnoDB: Completed initialization of buffer pool
230610 19:42:59  InnoDB: Initializing buffer pool, size = 8.0M
230610 19:42:59  InnoDB: Completed initialization of buffer pool
230610 20:46:21  InnoDB: Initializing buffer pool, size = 8.0M
230610 20:46:21  InnoDB: Completed initialization of buffer pool
230612 14:38:49  InnoDB: Initializing buffer pool, size = 8.0M
230612 14:38:49  InnoDB: Completed initialization of buffer pool
230612 20:42:26  InnoDB: Initializing buffer pool, size = 8.0M
230612 20:42:26  InnoDB: Completed initialization of buffer pool
230612 20:44:20  InnoDB: Initializing buffer pool, size = 8.0M
230612 20:44:20  InnoDB: Completed initialization of buffer pool
230612 20:50:36  InnoDB: Initializing buffer pool, size = 8.0M
230612 20:50:36  InnoDB: Completed initialization of buffer pool
230612 21:19:17  InnoDB: Initializing buffer pool, size = 8.0M
230612 21:19:17  InnoDB: Completed initialization of buffer pool
230612 21:27:59  InnoDB: Initializing buffer pool, size = 8.0M
230612 21:27:59  InnoDB: Completed initialization of buffer pool
230613 11:13:00  InnoDB: Initializing buffer pool, size = 8.0M
230613 11:13:00  InnoDB: Completed initialization of buffer pool
230613 13:31:04  InnoDB: Initializing buffer pool, size = 8.0M
230613 13:31:04  InnoDB: Completed initialization of buffer pool
230613 17:20:58  InnoDB: Initializing buffer pool, size = 8.0M
230613 17:20:58  InnoDB: Completed initialization of buffer pool
230613 18:30:50  InnoDB: Initializing buffer pool, size = 8.0M
230613 18:30:50  InnoDB: Completed initialization of buffer pool
230613 20:04:32  InnoDB: Initializing buffer pool, size = 8.0M
230613 20:04:32  InnoDB: Completed initialization of buffer pool
230614 11:07:10  InnoDB: Initializing buffer pool, size = 8.0M
230614 11:07:10  InnoDB: Completed initialization of buffer pool
230614 17:38:22  InnoDB: Initializing buffer pool, size = 8.0M
230614 17:38:22  InnoDB: Completed initialization of buffer pool
230614 20:28:14  InnoDB: Initializing buffer pool, size = 8.0M
230614 20:28:14  InnoDB: Completed initialization of buffer pool
230615 16:31:08  InnoDB: Initializing buffer pool, size = 8.0M
230615 16:31:08  InnoDB: Completed initialization of buffer pool
230615 17:25:54  InnoDB: Initializing buffer pool, size = 8.0M
230615 17:25:54  InnoDB: Completed initialization of buffer pool
230615 17:33:01  InnoDB: Initializing buffer pool, size = 8.0M
230615 17:33:01  InnoDB: Completed initialization of buffer pool
230616 17:33:52  InnoDB: Initializing buffer pool, size = 8.0M
230616 17:33:52  InnoDB: Completed initialization of buffer pool
230616 18:45:28  InnoDB: Initializing buffer pool, size = 8.0M
230616 18:45:28  InnoDB: Completed initialization of buffer pool
230616 19:14:18  InnoDB: Initializing buffer pool, size = 8.0M
230616 19:14:18  InnoDB: Completed initialization of buffer pool
230616 19:45:47  InnoDB: Initializing buffer pool, size = 8.0M
230616 19:45:47  InnoDB: Completed initialization of buffer pool
230617 14:32:36  InnoDB: Initializing buffer pool, size = 8.0M
230617 14:32:36  InnoDB: Completed initialization of buffer pool
230617 15:21:31  InnoDB: Initializing buffer pool, size = 8.0M
230617 15:21:31  InnoDB: Completed initialization of buffer pool
230617 15:50:50  InnoDB: Initializing buffer pool, size = 8.0M
230617 15:50:50  InnoDB: Completed initialization of buffer pool
230617 16:23:18  InnoDB: Initializing buffer pool, size = 8.0M
230617 16:23:18  InnoDB: Completed initialization of buffer pool
230617 16:32:44  InnoDB: Initializing buffer pool, size = 8.0M
230617 16:32:44  InnoDB: Completed initialization of buffer pool
230617 17:03:03  InnoDB: Initializing buffer pool, size = 8.0M
230617 17:03:03  InnoDB: Completed initialization of buffer pool
230617 22:01:36  InnoDB: Initializing buffer pool, size = 8.0M
230617 22:01:36  InnoDB: Completed initialization of buffer pool
230618 21:27:15  InnoDB: Initializing buffer pool, size = 8.0M
230618 21:27:15  InnoDB: Completed initialization of buffer pool
230619 21:34:54  InnoDB: Initializing buffer pool, size = 8.0M
230619 21:34:54  InnoDB: Completed initialization of buffer pool
230625 14:20:33  InnoDB: Initializing buffer pool, size = 8.0M
230625 14:20:33  InnoDB: Completed initialization of buffer pool
230625 14:30:28  InnoDB: Initializing buffer pool, size = 8.0M
230625 14:30:28  InnoDB: Completed initialization of buffer pool
230625 15:59:55  InnoDB: Initializing buffer pool, size = 8.0M
230625 15:59:55  InnoDB: Completed initialization of buffer pool
230625 19:54:04  InnoDB: Initializing buffer pool, size = 8.0M
230625 19:54:04  InnoDB: Completed initialization of buffer pool
230707 13:19:21  InnoDB: Initializing buffer pool, size = 8.0M
230707 13:19:21  InnoDB: Completed initialization of buffer pool
230710 13:42:25  InnoDB: Initializing buffer pool, size = 8.0M
230710 13:42:25  InnoDB: Completed initialization of buffer pool
230711  9:47:33  InnoDB: Initializing buffer pool, size = 8.0M
230711  9:47:33  InnoDB: Completed initialization of buffer pool
230711  9:59:07  InnoDB: Initializing buffer pool, size = 8.0M
230711  9:59:07  InnoDB: Completed initialization of buffer pool
230712 10:32:30  InnoDB: Initializing buffer pool, size = 8.0M
230712 10:32:30  InnoDB: Completed initialization of buffer pool
230712 16:43:22  InnoDB: Initializing buffer pool, size = 8.0M
230712 16:43:22  InnoDB: Completed initialization of buffer pool
230712 17:17:27  InnoDB: Initializing buffer pool, size = 8.0M
230712 17:17:27  InnoDB: Completed initialization of buffer pool
230712 20:48:47  InnoDB: Initializing buffer pool, size = 8.0M
230712 20:48:47  InnoDB: Completed initialization of buffer pool
230713  9:37:41  InnoDB: Initializing buffer pool, size = 8.0M
230713  9:37:41  InnoDB: Completed initialization of buffer pool
230713 13:44:20  InnoDB: Initializing buffer pool, size = 8.0M
230713 13:44:20  InnoDB: Completed initialization of buffer pool
230713 15:59:38  InnoDB: Initializing buffer pool, size = 8.0M
230713 15:59:38  InnoDB: Completed initialization of buffer pool
230718 10:11:38  InnoDB: Initializing buffer pool, size = 8.0M
230718 10:11:38  InnoDB: Completed initialization of buffer pool
230718 11:01:43  InnoDB: Initializing buffer pool, size = 8.0M
230718 11:01:43  InnoDB: Completed initialization of buffer pool
230802 19:09:01  InnoDB: Initializing buffer pool, size = 8.0M
230802 19:09:01  InnoDB: Completed initialization of buffer pool
230802 19:50:58  InnoDB: Initializing buffer pool, size = 8.0M
230802 19:50:58  InnoDB: Completed initialization of buffer pool
230803 13:44:38  InnoDB: Initializing buffer pool, size = 8.0M
230803 13:44:38  InnoDB: Completed initialization of buffer pool
230805 16:59:42  InnoDB: Initializing buffer pool, size = 8.0M
230805 16:59:42  InnoDB: Completed initialization of buffer pool
230805 17:40:02  InnoDB: Initializing buffer pool, size = 8.0M
230805 17:40:02  InnoDB: Completed initialization of buffer pool
230805 17:57:54  InnoDB: Initializing buffer pool, size = 8.0M
230805 17:57:54  InnoDB: Completed initialization of buffer pool
230806 15:00:50  InnoDB: Initializing buffer pool, size = 8.0M
230806 15:00:50  InnoDB: Completed initialization of buffer pool
230807 20:01:03  InnoDB: Initializing buffer pool, size = 8.0M
230807 20:01:03  InnoDB: Completed initialization of buffer pool
230807 21:04:47  InnoDB: Initializing buffer pool, size = 8.0M
230807 21:04:47  InnoDB: Completed initialization of buffer pool
230909 18:24:22  InnoDB: Initializing buffer pool, size = 8.0M
230909 18:24:22  InnoDB: Completed initialization of buffer pool
230911 14:31:27  InnoDB: Initializing buffer pool, size = 8.0M
230911 14:31:27  InnoDB: Completed initialization of buffer pool
230919 11:39:48  InnoDB: Initializing buffer pool, size = 8.0M
230919 11:39:48  InnoDB: Completed initialization of buffer pool
230922 10:13:17  InnoDB: Initializing buffer pool, size = 8.0M
230922 10:13:17  InnoDB: Completed initialization of buffer pool
230922 10:14:25  InnoDB: Initializing buffer pool, size = 8.0M
230922 10:14:25  InnoDB: Completed initialization of buffer pool
