
Parameters not found in MAP/ABS file (null addresses):

Parameter

APSSve_Pct_AccPedPos
BLDC_0_bHallInvalidFlt
BLDC_0_bHallUndefFlt
BLDC_0_bOilPressShortGndFlt
BLDC_0_bOilPressShortVccFlt
BLDC_0_bP5vAD2SOverVolFlt
BLDC_0_bP5vAD2SUnderVolFlt
BLDC_0_bUShortGnd
BLDC_0_bUShortVs
BLDC_0_bUvwShortGnd
BLDC_0_bUvwShortVs
BLDC_0_bVShortGnd
BLDC_0_bVShortVs
BLDC_0_bWShortGnd
BLDC_0_bWShortVs
BLDC_0_f32BatteryVoltage
BLDC_0_f32BkpVoltage
BLDC_0_f32P5vAD2SPhys
BLDC_0_f32Pfb1DutyPhysSum
BLDC_0_f32Pfb1DutyPhys[0]
BLDC_0_f32Pfb1DutyPhys[1]
BLDC_0_f32Pfb1DutyPhys[2]
BLDC_0_f32Pfb1DutyPhys[3]
BLDC_0_f32Pfb1DutyPhys[4]
BLDC_0_f32Pfb1DutyPhys[5]
BLDC_0_f32Pfb1DutyPhys[6]
BLDC_0_f32Pfb1DutyPhys[7]
BLDC_0_f32Pfb2DutyPhysSum
BLDC_0_f32Pfb2DutyPhys[0]
BLDC_0_f32Pfb2DutyPhys[1]
BLDC_0_f32Pfb2DutyPhys[2]
BLDC_0_f32Pfb2DutyPhys[3]
BLDC_0_f32Pfb2DutyPhys[4]
BLDC_0_f32Pfb2DutyPhys[5]
BLDC_0_f32Pfb2DutyPhys[6]
BLDC_0_f32Pfb2DutyPhys[7]
BLDC_0_f32Pfb3DutyPhysSum
BLDC_0_f32Pfb3DutyPhys[0]
BLDC_0_f32Pfb3DutyPhys[1]
BLDC_0_f32Pfb3DutyPhys[2]
BLDC_0_f32Pfb3DutyPhys[3]
BLDC_0_f32Pfb3DutyPhys[4]
BLDC_0_f32Pfb3DutyPhys[5]
BLDC_0_f32Pfb3DutyPhys[6]
BLDC_0_f32Pfb3DutyPhys[7]
BLDC_0_f32PrevTgtDuty
BLDC_0_f32TgtDutyDeltVal
BLDC_0_f32TgtDutyPhysSum
BLDC_0_f32TgtDutyPhys[0]
BLDC_0_f32TgtDutyPhys[1]
BLDC_0_f32TgtDutyPhys[2]
BLDC_0_f32TgtDutyPhys[3]
BLDC_0_f32TgtDutyPhys[4]
BLDC_0_f32TgtDutyPhys[5]
BLDC_0_f32TgtDutyPhys[6]
BLDC_0_f32TgtDutyPhys[7]
BLDC_0_u16OilPressureRaw
BLDC_0_u16P5vAD2SRaw
BLDC_0_u16PowerOnDelay
BLDC_0_u16ShortConfirmCnt
BLDC_0_u16ShortRecoveryCnt
BLDC_0_u16TgtDutyRisingDelay
BLDC_0_u8ConfirmDirSts
BLDC_0_u8CurHallStt
BLDC_0_u8DiagHallStt
BLDC_0_u8DiagHallSttPre
BLDC_0_u8MotorMgrSts
BLDC_0_u8PfbDutyCnt
BLDC_0_u8WrCurHallStt
BLDC_0_u8WrExpOutput
BLDC_0_u8WrExpOutputLast
BPPDve_b_BrakeSwitchActive
BSW_bAppMsgTxEna
BSW_bCbkRxTOutFlag_SGBCM_pepsReq
BSW_bCsumErrFlag_SGGcu2Req
BSW_bCsumErrFlag_SGGcu4Req
BSW_bCsumErrFlag_SGPdcm_acu_epsReq
BSW_bCsumErrFlag_SGPdcm_gcuReq
BSW_bCsumErrFlag_SGPdcm_ic_acuReq
BSW_bCsumErrFlag_SGRx22Req
BSW_bCsumErrFlag_SGRx23Req
BSW_bCsumErrFlag_SGRx25Req
BSW_bEnableCalcWriteNvMMaxTime
BSW_bGCUTOutTestOnC
BSW_bIntLockDetEna
BSW_bIntLockDetEnaC
BSW_bIntLockOccurFlg
BSW_bMSGTrigTxFlag_Mcu7Req
BSW_bNvmWrTrig
BSW_bOBDEnaC
BSW_bOtaComReq
BSW_bRcErrFlag_SGGcu2Req
BSW_bRcErrFlag_SGGcu4Req
BSW_bRcErrFlag_SGPdcm_acu_epsReq
BSW_bRcErrFlag_SGPdcm_gcuReq
BSW_bRcErrFlag_SGPdcm_ic_acuReq
BSW_bRcErrFlag_SGRx22Req
BSW_bRcErrFlag_SGRx23Req
BSW_bRcErrFlag_SGRx25Req
BSW_bStackOverflowWarning
BSW_bUdsFunctionReqFlg
BSW_u16IntLockDelayTim
BSW_u16NvmStoreDelay
BSW_u16RawVolMonCurOcpH
BSW_u16RawVolMonCurOcpL
BSW_u16RawVolMonDcOvpSele
BSW_u16RawVoltDclinkFIL
BSW_u16WriteNvMMaxTime
BSW_u32CbkRxAckCntSGPepsMsgSts
BSW_u32FeeNextFreePageAddr
BSW_u32StackUsed
BSW_u32VSICounterSafeCkreq
BSW_u32VSICounterTimeoutCs
BSW_u32VSICounterTimeoutFrame
BSW_u32VSICounterTimeoutSafeTCalc
BSW_u32VSICounterTimeoutSyncPos
BSW_u32VSICounterTimeoutTCalc
BSW_u32VSISafeTimeDuration
BSW_u32VSISafeTimeDurationMax
BSW_u32VSISafeTimeDurationMin
BSW_u32VSITimeDuration
BSW_u32VSITimeDurationMax
BSW_u32VSITimeDurationMin
BSW_u8FeeCurSector
BSW_u8FeeSectorChangeCnt
BSW_u8Gcu2CsumErrCnt
BSW_u8Gcu2RcErrCnt
BSW_u8Gcu2RcLast
BSW_u8Gcu2RcNow
BSW_u8Gcu4CsumErrCnt
BSW_u8Gcu4RcErrCnt
BSW_u8Gcu4RcLast
BSW_u8Gcu4RcNow
BSW_u8IntLockErrCnt
BSW_u8McuMotTrqRollCnt
BSW_u8McuStsRollCnt
BSW_u8NvMReturnResult
BSW_u8NvmMngStt
BSW_u8Pdcm_acu_epsCsumErrCnt
BSW_u8Pdcm_acu_epsRcErrCnt
BSW_u8Pdcm_acu_epsRcLast
BSW_u8Pdcm_acu_epsRcNow
BSW_u8Pdcm_gcuCsumErrCnt
BSW_u8Pdcm_gcuRcErrCnt
BSW_u8Pdcm_gcuRcLast
BSW_u8Pdcm_gcuRcNow
BSW_u8Pdcm_ic_acuCsumErrCnt
BSW_u8Pdcm_ic_acuRcErrCnt
BSW_u8Pdcm_ic_acuRcLast
BSW_u8Pdcm_ic_acuRcNow
BSW_u8Rx22CsumErrCnt
BSW_u8Rx22RcErrCnt
BSW_u8Rx22RcLast
BSW_u8Rx22RcUnchangedErrCnt
BSW_u8Rx22RollingCod
BSW_u8Rx23CsumErrCnt
BSW_u8Rx23RcErrCnt
BSW_u8Rx23RcLast
BSW_u8Rx23RcUnchangedErrCnt
BSW_u8Rx23RollingCod
BSW_u8Rx25CsumErrCnt
BSW_u8Rx25RcErrCnt
BSW_u8Rx25RcLast
BSW_u8Rx25RcUnchangedErrCnt
BSW_u8Rx25RollingCod
CACEve_b_IgnitionOn
CANDve_Cnt_DiagCounts
CANDve_Cnt_DiagFails
CANDve_b_ATFailure
CANDve_e_VCU_InvalidDataVld
CANDve_y_HTCU_Fault
CANDve_y_HTCU_State
CANDve_y_ID_Status
CANDve_y_Progress
CANDve_y_Status
CANDve_y_VCUFAULT_DiagCounts
CANDve_y_VCUFAULT_DiagFails
CANDve_y_VCUFAULT_Progress
CANDve_y_VCUFAULT_Status
CANEve_b_ProdTestModeActive
CANEve_y_BSWDiagBcmCANFault
CANEve_y_BSWDiagEmsCANFault
CANEve_y_BSWDiagGcuCANFault
CANEve_y_BSWDiagIpbCANFault
CANEve_y_BSWDiagIviCANFault
CANEve_y_BSWDiagPdcmCANFault
CANEve_y_BSWDiagTboxCANFault
CCAPve_M_EstClchTrnsfTrq
CCAPve_M_InstantaneousCapabilityOdd
CCAPve_M_OddClutchMaxTransferTorque
CCAPve_T_EvenClutchTemp
CCAPve_T_OddClutchTemp
CCAPve_e_ClutchState
CCAPve_e_EvenClutchState
CCAPve_e_OddClutchState
CCAPve_p_ReturnSpringEven
CCAPve_p_ReturnSpringOdd
CCU6_bHighVoltStdbyFlg
CCU6_f32DrvClkHsDuty
CCU6_f32DrvClkLsDuty
CCU6_u8P5VSelfTstStt
CLCOve_M_CurrentTorqueMargin
CLCOve_M_EvenDesiredClutchTrq
CLCOve_M_OddDesiredClutchTrq
CLCOve_b_EvenClutchOpenReq
CLCOve_b_OddClutchOpenReq
CLCOve_b_OddClutchSlipDetected
CLCOve_e_EvenActualClutchState
CLCOve_e_EvenClutchProgress
CLCOve_e_OddActualClutchState
CLCOve_e_OddClutchProgress
CLPCke_b_CAPM_CommandDBC_Enable
CLPCve_Cf_PressureToTorqueEven
CLPCve_Cf_PressureToTorqueOdd
CLPCve_Cnt_CAPM_CommandDBC
CLPCve_DC_CAPM_SpeedControllerPressureCompensation_IRV
CLPCve_I_CAPM
CLPCve_I_CAPM_CompletePhase
CLPCve_I_CAPM_IRV
CLPCve_I_CAP_ReducedMaxCurrent
CLPCve_P_CAPM_IRV
CLPCve_Pct_CAPMPS_DC_Actual
CLPCve_Pct_CAPM_DC
CLPCve_Pct_CAPM_DC_DBC
CLPCve_Pct_CAPM_DC_IRV
CLPCve_Pct_C_Pct_CAP_Data
CLPCve_b_AdaptKissPointActive
CLPCve_b_AdaptionFinished
CLPCve_b_CAPM_DC_SaturatedHigh_IRV
CLPCve_b_CAPM_DC_SaturatedLow_IRV
CLPCve_b_CAP_TooCloseToOverCurrent
CLPCve_b_ClutchControlActive
CLPCve_b_DisableCAP
CLPCve_b_DisengageComplete
CLPCve_b_InGearComplete
CLPCve_b_KneePoint_FirstDone
CLPCve_b_NewKissPointAdaptionPointFound
CLPCve_b_PrepareComplete
CLPCve_b_SpeedControllerActive_IRV
CLPCve_e_CAP_DID_Enabled
CLPCve_e_CAP_DID_EnabledIndication
CLPCve_e_NegativeResponseCode_IRV
CLPCve_n_CAPM_IRV
CLPCve_n_CAPM_Overrequest_IRV
CLPCve_n_CAPM_SpeedTgtDBC
CLPCve_n_C_n_CAP_Data
CLPCve_p_CAPM_PressTgtDBC
CLPCve_p_C_p_CAP_Data
CLPCve_p_ClutchPresReq
CLPCve_p_ClutchTarget
CLPCve_p_EvenClutchPresReq
CLPCve_p_KissPoint
CLPCve_p_KneePoint_Stored
CLPCve_p_LastEstimatedKisspoint_IRV
CLPCve_p_OddClutchPresReq
CLPCve_p_OddMaxAllowedClutchOilPress
CLPCve_p_PressureKneePoint
CLPCve_r_CAP_Y
CLPCve_r_CAP_Y_IRV
COMMUSR_bComNoComModeReqed
COMMUSR_bPwrDnRunFlg
COMMUSR_bShutdownReq
COMMUSR_bStayAwakeReq
COMMUSR_bStayAwakeReqDiag
COMMUSR_bTrigPwrDownFlg
COMMUSR_bWkpByCAN
COMMUSR_u16DiagToutCtr
COMMUSR_u8NmState
COMMUSR_u8NvmJobRes
COMMUSR_u8PrevNmState
COMMUSR_u8State
COMMUSR_u8StayAwakeReason
COMMUSR_u8WakeReason
CWTDve_T_EngineCoolant
CWTDve_e_EngineCoolantVld
Core0_WdgCurTime
Core0_WdgLastTime
Core0_WdgTotalTime
Core0_f32Asw100msLoad
Core0_f32Asw10msLoad
Core0_f32Bsw100msLoad
Core0_f32Bsw10msLoad
Core0_f32Bsw1msLoad
Core0_f32Bsw50msLoad
Core0_f32ModReqLoad
Core0_f32VsiTreatmentLoad
Core1_Asw5msStartTime
Core1_Asw5msStopTime
Core1_Asw5msTotalTime
Core1_f32Asw10msLoad
Core1_f32Asw1msLoad
Core1_f32Bsw10msLoad
Core1_f32PosTreatmentLoad
Core2_BldcTreatmentStartTime
Core2_BldcTreatmentStopTime
Core2_BldcTreatmentTotalTime
Core2_f32Asw10msLoad
Core2_f32Asw1msLoad
Core2_f32BldcTreatmentLoad
Core2_f32Bsw10msLoad
Core3_MaxUserStackUtilization
DEVHAL_bIsInitialized
DFApp_u8DflashMainState
DGPSte_e_Gear
DGPSve_n_LaunchTargetSpeed
DPSCve_e_VehicleActState
DRSPve_e_RangeSelPos
Det_astrRecordedErrors[0].u16ModuleId
Det_astrRecordedErrors[0].u8ApiId
Det_astrRecordedErrors[0].u8ErrorId
Det_astrRecordedErrors[0].u8InstanceId
Det_astrRecordedErrors[1].u16ModuleId
Det_astrRecordedErrors[1].u8ApiId
Det_astrRecordedErrors[1].u8ErrorId
Det_astrRecordedErrors[1].u8InstanceId
Det_astrRecordedErrors[2].u16ModuleId
Det_astrRecordedErrors[2].u8ApiId
Det_astrRecordedErrors[2].u8ErrorId
Det_astrRecordedErrors[2].u8InstanceId
Det_astrRecordedErrors[3].u16ModuleId
Det_astrRecordedErrors[3].u8ApiId
Det_astrRecordedErrors[3].u8ErrorId
Det_astrRecordedErrors[3].u8InstanceId
Det_astrRecordedErrors[4].u16ModuleId
Det_astrRecordedErrors[4].u8ApiId
Det_astrRecordedErrors[4].u8ErrorId
Det_astrRecordedErrors[4].u8InstanceId
Det_bOverflowOccured
Det_u8BufferHead
Det_u8NumberOfErrors
EMS_EngActualFlwTorque
EMS_EngFlywh
EMS_EngRunningStatus
EMS_EngSpd
EMS_EngSpdValid
EOL1_CCP_control_DC
EOL1_CCP_control_Enable
EOL1_CCP_control_flow
EOL1_CCP_control_speed
EOL2_CAP_control_DC
EOL2_CAP_control_Enable
EOL2_CAP_control_pres
EOL2_CAP_control_speed
EOL3_CAP_DC
EOL3_CAP_current
EOL3_CAP_speed
EOL4_CCP_DC
EOL4_CCP_current
EOL4_CCP_flow
EOL4_CCP_speed
EOL5_clutch_pressure
EOL5_clutch_targetpressure
EOL5_oil_temp
EPOSve_d2n_EngSpdAccel
EPOSve_dn_EngSpdChangeRate
EPOSve_e_EngSpdValidity
EPOSve_n_EngSpd
EP_Tbox3_CoolantTemp
EP_Tbox3_CoolantTempValid
EP_Tbox3_WarmUpCycle
ESM_u16AfterrunCnt
FAIL_bRstHotFlagNvm_def
FAIL_u16RstHotCntNvm_def
FAIL_u16RstStartUpCntNvm_def
FAIL_u16TimestampIgnNvm_def
FAIL_u32TimestampLifeNvm_def
FAIL_u8Can1BusoffCnt
FDMAie_b_ForceEngineStop_ob
FDMAie_b_ForceEngineStop_ov
FDMAie_b_ForceNeutralGear_ob
FDMAie_b_ForceNeutralGear_ov
FDMAve_Cnt_DID_NoOfInputsDrivingFA_TKO
FDMAve_b_AcceleratorStuckErrExt
FDMAve_b_ForceAC_CompressorCpbyPrioHigh
FDMAve_b_ForceAC_CompressorToOff
FDMAve_b_ForceAC_LoadCompensationToOff
FDMAve_b_ForceActiveDischarge
FDMAve_b_ForceAirEstimationByMAP_SensorToOff
FDMAve_b_ForceAntiJerkControlOff
FDMAve_b_ForceBackupPowerModeToActive
FDMAve_b_ForceBoostPressureControlToLowPressure
FDMAve_b_ForceBoostPressureControlToLowPressureIRV
FDMAve_b_ForceBoostTorqueOff
FDMAve_b_ForceBrakeRegenerationTorqueOff
FDMAve_b_ForceCCPCancleSpdLimit
FDMAve_b_ForceCamPositionToParked
FDMAve_b_ForceCamPositionToParkedIRV
FDMAve_b_ForceClutchOddOpen
FDMAve_b_ForceCoastRegenerationTorqueOff
FDMAve_b_ForceContactorsOpen
FDMAve_b_ForceCreepControlToOff
FDMAve_b_ForceCruiseControlToOff
FDMAve_b_ForceDCDC_BuckConversionOff
FDMAve_b_ForceDCDC_ControlToDefault
FDMAve_b_ForceEGR_ControlToOff
FDMAve_b_ForceElectricLoadCompensationToOff
FDMAve_b_ForceElectricThermostatControlToLowTemp
FDMAve_b_ForceElectricThermostatToOff
FDMAve_b_ForceElectricVacuumPumpOff
FDMAve_b_ForceElectricVacuumPumpPulseMode
FDMAve_b_ForceEngCoolantTempToEstimationModel
FDMAve_b_ForceEngTransientLimOff
FDMAve_b_ForceEngineRunning
FDMAve_b_ForceEngineStop
FDMAve_b_ForceEngineStopIRV
FDMAve_b_ForceEngineTorqueFillOff
FDMAve_b_ForceEngineTorqueReductionToMedium
FDMAve_b_ForceEngineTorqueReductionToMediumIRV
FDMAve_b_ForceFrntO2SnsrBnk1ToPrtctnMd
FDMAve_b_ForceFuelControlToOpenLoop
FDMAve_b_ForceFuelPressureActivationToOff
FDMAve_b_ForceFuelPressureActivationToOffIRV
FDMAve_b_ForceFuelRailPressureFeedbackExclusion
FDMAve_b_ForceFuelRailPressureFeedbackExclusionIRV
FDMAve_b_ForceGCUTrqToExclFromTransClutchPresTarget
FDMAve_b_ForceGearRecommendationToOff
FDMAve_b_ForceHVAC_ElectricHeaterOff
FDMAve_b_ForceHVBattSOC_ControlOff
FDMAve_b_ForceHiPressFuelPumpEnblToDisable
FDMAve_b_ForceHiPressFuelPumpEnblToDisableIRV
FDMAve_b_ForceIdleControlToElevatedMode
FDMAve_b_ForceIgnitionToLowOctane
FDMAve_b_ForceIgnitionToOff
FDMAve_b_ForceIgnitionToOffIRV
FDMAve_b_ForceIntelligentGeneratorControlToDefault
FDMAve_b_ForceLftDrvnWhlSpdInfoExclusion
FDMAve_b_ForceLftNnDrvnWhlSpdInfoExclusion
FDMAve_b_ForceLongTermAdaptionToOff
FDMAve_b_ForceNeutralGear
FDMAve_b_ForceP1ElectricMotorToNeutral
FDMAve_b_ForceP1ElectricTorqueReserveOff
FDMAve_b_ForceP3MtrSpdInfoExclusion
FDMAve_b_ForcePF_ActiveRegenOff
FDMAve_b_ForcePF_PrssrSnsrAdptnOff
FDMAve_b_ForcePF_PrssrSnsrBasedSootEstOff
FDMAve_b_ForcePowerModeLock
FDMAve_b_ForcePowerSteeringCompensationToOff
FDMAve_b_ForcePropModeCalcToExcludeVehSpd
FDMAve_b_ForcePropulsionAllowedToNotAllowed
FDMAve_b_ForcePurgeControlToOff
FDMAve_b_ForceRearO2SensorFuelControlToOff
FDMAve_b_ForceRghtDrvnWhlSpdInfoExclusion
FDMAve_b_ForceRghtNnDrvnWhlSpdInfoExclusion
FDMAve_b_ForceTCU_CreepTorqueControlToOff
FDMAve_b_ForceThrottleMassAirFlowToDefaultAir
FDMAve_b_ForceThrottleMassAirFlowToDefaultAirIRV
FDMAve_b_ForceTransIOCControlToOff
FDMAve_b_ForceTransOilCoolingToSafeCoolingMode
FDMAve_b_ForceTransOilLubricationToSafeLubricationMode
FDMAve_b_ForceUnderHoodCoolingToHigh
FDMAve_b_ForceVehicleSpeedInfoExclusion
FDMAve_b_LimitHV_BattSOC_CntrlAuthorityToLow
FDMAve_b_LockoutEngineStateChange
FDMAve_b_LockoutPropulsionSystemStart
FDMAve_b_LockoutPropulsionSystemStartIRV
FDMAve_b_LockoutSpdDepCntctrAfterrun
FDMAve_b_LockoutStopStartEngineStateChange
FDMAve_b_SetAccPedPosToZero
FDMAve_b_SetAccPedPosToZeroIRV
FDMAve_b_SetAutoTransIdleSpdRqstToNoRqst
FDMAve_b_SetAutoTransTorqueRequestToNoRequest
FDMAve_b_SetDCDC_ActualLoadDefaultVal
FDMAve_b_SetDriversRequestToZero
FDMAve_b_SetDriversRequestToZeroIRV
FDMAve_b_SetESP_TCS_TorqueRequestToNoRequest
FDMAve_b_SetFuelMassToZeroCylinder1
FDMAve_b_SetFuelMassToZeroCylinder1IRV
FDMAve_b_SetFuelMassToZeroCylinder2
FDMAve_b_SetFuelMassToZeroCylinder2IRV
FDMAve_b_SetFuelMassToZeroCylinder3
FDMAve_b_SetFuelMassToZeroCylinder3IRV
FDMAve_b_SetFuelMassToZeroCylinder4
FDMAve_b_SetFuelMassToZeroCylinder4IRV
FDMAve_b_SetHVBattElectricPowerLimToHalf
FDMAve_b_SetHVBattElectricPowerLimToHalfIRV
FDMAve_b_SetICETrqCapToSafeVal
FDMAve_b_SetICETrqCapToSafeValIRV
FDMAve_b_SetLoTempCoolantCircuitPumpFlowHigh
FDMAve_b_SetMAT_ToTempBeforeThrottle
FDMAve_b_SetP1ElectricMotorCapabilityToZero
FDMAve_b_SetP3ElectricMotorCapabilityToZero
FDMAve_b_SetShftLvrPstnToLstKnwnVal
FDMAve_b_SetShftLvrPstnToN
FDMAve_b_SetShftLvrPstnToP
FDMAve_e_ETC_ControlMode
FMCU24_CAP_DC
FMCU24_CAP_current
FMCU24_CAP_speed
FMCU25_CCP_DC
FMCU25_CCP_current
FMCU25_CCP_speed
FMCU26_clutch_pressure
FMCU26_clutch_targetpressure
FMCU26_oil_temp
FMCU8_HTCUFault
FMCU8_HTCULimphomeSts
FMCU8_OilTemp
FRecord_ku32TimeBeforeFaultOccurC
FRecord_u8ClearReq
FRecord_u8EventWriteState
FRecord_u8FRLockedStatus
FRecord_u8FRStoreState
FRecord_u8HeadWriteState
FaultBSW_COM_BusOff_CAN1Counter
FaultBSW_COM_ChecksumErrVCUCounter
FaultBSW_COM_InterFaultVCUCounter
FaultBSW_COM_RollCntErrVCUCounter
FaultBSW_COM_TimoutRxBCMCounter
FaultBSW_COM_TimoutRxBMSHCounter
FaultBSW_COM_TimoutRxEMSCounter
FaultBSW_COM_TimoutRxGCUCounter
FaultBSW_COM_TimoutRxIPCCounter
FaultBSW_COM_TimoutRxTBOXCounter
FaultBSW_COM_TimoutRxVCUCounter
FaultBSW_HW2_FPGA_OverVoltVBatCounter
FaultBSW_HW2_SafeTlib_PreRunCounter
FaultBSW_HW_EasAckFailCounter
FaultBSW_HW_FPGA_IGBT_HCounter
FaultBSW_HW_FPGA_IGBT_LCounter
FaultBSW_HW_FPGA_OverUnderCurUICounter
FaultBSW_HW_FPGA_OverUnderCurVICounter
FaultBSW_HW_FPGA_OverUnderCurWICounter
FaultBSW_HW_OCDataNotRationalCounter
FaultBSW_SYS_RstHotCounter
FaultBSW_SYS_StackOverflowCounter
FaultBSW_VSI_TimeoutTCalcCounter
FaultFSEVBHV_OverVoltageCounter
FaultFSEVBHV_SampleVolOutRngHCounter
FaultFSEVBHV_SampleVolOutRngLCounter
FaultFSEVBHV_UnderVoltageCounter
FaultFSEVBHV_UnderVoltageWarnCounter
FaultFSEVBHV_VolNotRationalCounter
FaultFSEVBHV_VoltageGndCounter
FaultFSEVBHV_VoltageVccCounter
FaultFSEVBLV_OverVoltageCounter
FaultFSEVBLV_P5VRefADCFltCounter
FaultFSEVBLV_UnderVoltageCounter
FaultFSEVBLV_UnderVoltageWarnCounter
FaultFSEVBLV_VoltageGndCounter
FaultFSEVBLV_VoltageVccCounter
FaultFSEVETA_DrvTempRationCounter
FaultFSEVETA_IgbtTempRationalCounter
FaultFSEVETA_OverTempDrvLeftCounter
FaultFSEVETA_OverTempIgbtLeftCounter
FaultFSEVETA_OverTempNTC1CmdBoardCounter
FaultFSEVETA_SampleIgbtTempOutRngHCounter
FaultFSEVETA_SampleIgbtTempOutRngLCounter
FaultFSEVETA_TempDrvBoardLeftGndCounter
FaultFSEVETA_TempDrvBoardLeftVccCounter
FaultFSEVETA_TempIgbtLeftGndCounter
FaultFSEVETA_TempIgbtLeftVccCounter
FaultFSEVETA_TempNTC1CmdBoardGndCounter
FaultFSEVETA_TempNTC1CmdBoardVccCounter
FaultFSEVETA_UnderTempDrvLeftCounter
FaultFSEVETA_UnderTempIgbtLeftCounter
FaultFSEVETA_UnderTempNTC1CmdBoardCounter
FaultFSMTMTA_OverTempWdgHead1Counter
FaultFSMTMTA_TempWindHead1OutRngHCounter
FaultFSMTMTA_TempWindHead1OutRngLCounter
FaultFSMTMTA_TempWindingHead1GndCounter
FaultFSMTMTA_TempWindingHead1VccCounter
FaultFSMTMTA_UnderTempWdgHead1Counter
FaultFSMTRDG_ExcGenerationCounter
FaultFSMTRDG_ExcSignalGNDCounter
FaultFSMTRDG_ExcSignalVCCCounter
FaultFSMTRDG_SinCosHLGndCounter
FaultFSMTRDG_SinCosHLOpenCounter
FaultFSMTRDG_SinCosHLVccCounter
FaultFSSMACS_AkdFailFlagCounter
FaultFTASBDS_BattVoltDeratingActCounter
FaultFTASETP_EstPmDeratingActCounter
FaultFTASETP_PmDeratingActCounter
FaultFTASMTP_Wndg1DeratingActCounter
FaultFTASOSP_MotorSpdDeratingActCounter
FaultFTCMSCS_CtrlSatTimoutCounter
FaultFTCMSCS_SpdOvershootCounter
FaultFTCMSCS_ZeroSpeedTimoutCounter
FaultFTCMTCS_VoltageMarginLowCounter
FaultFTEVEIT_EstOverTempCounter
FaultFTMTLCS_CurSenrPhaU_GNDCounter
FaultFTMTLCS_CurSenrPhaU_OutRngHCounter
FaultFTMTLCS_CurSenrPhaU_OutRngLCounter
FaultFTMTLCS_CurSenrPhaU_VCCCounter
FaultFTMTLCS_CurSenrPhaV_GNDCounter
FaultFTMTLCS_CurSenrPhaV_OutRngHCounter
FaultFTMTLCS_CurSenrPhaV_OutRngLCounter
FaultFTMTLCS_CurSenrPhaV_VCCCounter
FaultFTMTLCS_CurSenrPhaW_GNDCounter
FaultFTMTLCS_CurSenrPhaW_OutRngHCounter
FaultFTMTLCS_CurSenrPhaW_OutRngLCounter
FaultFTMTLCS_CurSenrPhaW_VCCCounter
FaultFTMTLCS_CurrentSumErrorCounter
FaultSDMTMEP_CosGndCounter
FaultSDMTMEP_CosOutRangeHighCounter
FaultSDMTMEP_CosOutRangeLowCounter
FaultSDMTMEP_CosVccCounter
FaultSDMTMEP_OverSpeedCounter
FaultSDMTMEP_ResSquaSumErrByFTCounter
FaultSDMTMEP_SinGndCounter
FaultSDMTMEP_SinOutRangeHighCounter
FaultSDMTMEP_SinOutRangeLowCounter
FaultSDMTMEP_SinVccCounter
FaultSDMTMEP_UnderSpeedCounter
FaultTCUCAP0_CAPPressureHCounter
FaultTCUCAP0_CAPPressureLCounter
FaultTCUCAP0_CAPPressureOverHCounter
FaultTCUCAP0_CAPSlipCounter
FaultTCUCAP0_DragMomentHCounter
FaultTCUCAP0_HLSinInvalidCounter
FaultTCUCAP0_HLSinUndefineCounter
FaultTCUCAP0_HLSupplyHCounter
FaultTCUCAP0_HLSupplyLCounter
FaultTCUCAP0_MotorPhaseVolHCounter
FaultTCUCAP0_PressureRationalCounter
FaultTCUCAP0_SenSigOpenOrGNDCounter
FaultTCUCAP0_SenSigVCCCounter
FaultTCUCAP0_SensorPerforErrCounter
FaultTCUCAP1_COM_GCUCounter
FaultTCUCAP1_DriverTempHCounter
FaultTCUCAP1_FETShortCounter
FaultTCUCAP1_HWOverCurCounter
FaultTCUCAP1_MotorPhaseDriveErrCounter
FaultTCUCAP1_MotorStallCounter
FaultTCUCAP1_OverVoltageCounter
FaultTCUCAP1_PhaseDetectGNDCounter
FaultTCUCAP1_PhaseDetectVCCCounter
FaultTCUCAP1_SWOverCurCounter
FaultTCUCAP1_ThermalShutDownCounter
FaultTCUCAP1_ThermalWarningCounter
FaultTCUCAP1_UnderVoltageCounter
FaultTCUCCP_OilMotorRationalCounter
FaultTCUCCP_OilMotorStallCounter
FaultTCUCCP_OilSenRationalL1Counter
FaultTCUCCP_OilSenRationalL2Counter
FaultTCUCCP_OilTempRationalHCounter
FaultTCUCCP_OilTempRationalLCounter
Frecord_bFaultRecoverPermission
GADCTotalTime
GASWNM_bFullComSts
GASWNM_bStayAwake
GASWNM_u8CurrentState
GASWNM_u8CurrentState[0]
GASWNM_u8CurrentState[10]
GASWNM_u8CurrentState[11]
GASWNM_u8CurrentState[12]
GASWNM_u8CurrentState[13]
GASWNM_u8CurrentState[14]
GASWNM_u8CurrentState[15]
GASWNM_u8CurrentState[16]
GASWNM_u8CurrentState[17]
GASWNM_u8CurrentState[18]
GASWNM_u8CurrentState[19]
GASWNM_u8CurrentState[1]
GASWNM_u8CurrentState[20]
GASWNM_u8CurrentState[2]
GASWNM_u8CurrentState[3]
GASWNM_u8CurrentState[4]
GASWNM_u8CurrentState[5]
GASWNM_u8CurrentState[6]
GASWNM_u8CurrentState[7]
GASWNM_u8CurrentState[8]
GASWNM_u8CurrentState[9]
GCCU6_bHighVoltStdbyFlg
GCCU6_bIsCCU6Start
GCCU6_u16CCU6T13CmpVal
GCCU6_u8P5VSelfTstStt
GCU_ActualTorque
GCU_GeneratorSpd
GCU_MotorTemp
GCalibration_debut
GCore0_f32Asw100msLoad
GCore0_f32Asw10msLoad
GCore0_f32Bsw100msLoad
GCore0_f32Bsw10msLoad
GCore0_f32Bsw1msLoad
GCore0_f32Bsw50msLoad
GCore0_f32ModReqLoad
GCore0_f32VsiTreatmentLoad
GCore1_f32Asw10msLoad
GCore1_f32Asw1msLoad
GCore1_f32Bsw10msLoad
GCore1_f32PosTreatmentLoad
GCore2_f32Asw10msLoad
GCore2_f32Asw1msLoad
GCore2_f32BldcTreatmentLoad
GCore2_f32Bsw10msLoad
GDSM_DtcNumber
GDSM_DtcNumber[0]
GDSM_DtcNumber[1]
GDSM_DtcNumber[2]
GDSM_DtcNumber[3]
GDSM_DtcNumber[4]
GDSM_DtcNumber[5]
GDSM_DtcNumber[6]
GDSM_DtcNumber[7]
GDSM_DtcNumber[8]
GDSM_DtcNumber[9]
GDSM_DtcStatusNvm
GDSM_DtcStatusNvm[0]
GDSM_DtcStatusNvm[1]
GDSM_DtcStatusNvm[2]
GDSM_DtcStatusNvm[3]
GDSM_DtcStatusNvm[4]
GDSM_DtcStatusNvm[5]
GDSM_DtcStatusNvm[6]
GDSM_DtcStatusNvm[7]
GDSM_DtcStatusNvm[8]
GDSM_DtcStatusNvm[9]
GERCve_e_ActualGear
GERCve_r_TransP1SpdRatio
GERCve_r_TransP3SpdRatio
GFaultEraseRequest
GFaultEraseRequestC
GFaultFailureLevel
GMAIN_CCPbBenchTestOnC
GMAIN_CurSequenceEnC
GMAIN_DutySequenceEnC
GMAIN_MSGbBenchTestOnC
GMAIN_MSGbFMCU1_ActTrqValid
GMAIN_MSGbFMCU2_DischrgAllowed
GMAIN_MSGbMCU_Canlost
GMAIN_MSGbMCU_ExicationFault
GMAIN_MSGbMCU_HwOvrCurrent
GMAIN_MSGbMCU_IgbtHiTempPwrLmt
GMAIN_MSGbMCU_IgbtModuleFault
GMAIN_MSGbMCU_IgbtOverHeat
GMAIN_MSGbMCU_McuTmpSensorDiscnt
GMAIN_MSGbMCU_ModeCmdFault
GMAIN_MSGbRMCU4_McuOverTemp
GMAIN_MSGbRMCU4_MilReq
GMAIN_MSGbRMCU4_MoterFault
GMAIN_MSGbRMCU4_MoterOverTemp
GMAIN_MSGbTCU_P1OverTempWarn
GMAIN_MSGbTCU_P3OverTempWarn
GMAIN_MSGbVCU_FmcuAkdReq
GMAIN_MSGbVCU_GcuAllowWork
GMAIN_MSGf32CAP_PhsCurLoadPhys
GMAIN_MSGf32DCU_OilPressurePhys
GMAIN_MSGf32MCU_LvVoltPhys
GMAIN_MSGf32VCU7_12VBatVoltPhys
GMAIN_MSGf32VCU_AccPedPosPhys
GMAIN_MSGf32VCU_BrakPedPosPhys
GMAIN_MSGf32VCU_GcuTrqCmdPhys
GMAIN_MSGu16DCU_OilPressureRaw
GMAIN_MSGu16EMS_EngActualFlwTorqueRaw
GMAIN_MSGu16TCU_ClutchActTorqRaw
GMAIN_MSGu8BMS_MainNegConnSts
GMAIN_MSGu8BMS_MainPosConnSts
GMAIN_MSGu8CompileDay
GMAIN_MSGu8CompileMonth
GMAIN_MSGu8CompileYear
GMAIN_MSGu8DCU_OfsAlCalSts
GMAIN_MSGu8DEV_Fault0
GMAIN_MSGu8DEV_Fault1
GMAIN_MSGu8DEV_Fault10
GMAIN_MSGu8DEV_Fault11
GMAIN_MSGu8DEV_Fault12
GMAIN_MSGu8DEV_Fault13
GMAIN_MSGu8DEV_Fault14
GMAIN_MSGu8DEV_Fault15
GMAIN_MSGu8DEV_Fault2
GMAIN_MSGu8DEV_Fault3
GMAIN_MSGu8DEV_Fault4
GMAIN_MSGu8DEV_Fault5
GMAIN_MSGu8DEV_Fault6
GMAIN_MSGu8DEV_Fault7
GMAIN_MSGu8DEV_Fault8
GMAIN_MSGu8DEV_Fault9
GMAIN_MSGu8FMCU8_HtcuLimpHomeSts
GMAIN_MSGu8GW2_PwrMode
GMAIN_MSGu8MCU_McuEnableSts
GMAIN_MSGu8MCU_McuMotCtrlMod
GMAIN_MSGu8MCU_McuMotWorkMod
GMAIN_MSGu8MCU_McuPrevSlipFlg
GMAIN_MSGu8MCU_PwrActvMod
GMAIN_MSGu8McuActvDischgFlt
GMAIN_MSGu8McuBusUVFlt
GMAIN_MSGu8McuCANComFlt
GMAIN_MSGu8McuDcHVCurSensFlt
GMAIN_MSGu8McuHVLoopFlt
GMAIN_MSGu8McuHwCapOVFlt
GMAIN_MSGu8McuIgbtFlt
GMAIN_MSGu8McuInvtTempSensErr
GMAIN_MSGu8McuLVVoltFlt
GMAIN_MSGu8McuMemoryFlt
GMAIN_MSGu8McuMotLockRotErr
GMAIN_MSGu8McuMotSN
GMAIN_MSGu8McuMotSpdHighAlarm
GMAIN_MSGu8McuMotSubFltLevel
GMAIN_MSGu8McuMotSysOVCAlarm
GMAIN_MSGu8McuMotTempHighAlarm
GMAIN_MSGu8McuMotTempSensErr
GMAIN_MSGu8McuResolverFlt
GMAIN_MSGu8McuSoftCapOVFlt
GMAIN_MSGu8McuSoftMajorVer
GMAIN_MSGu8McuSoftMinorVer
GMAIN_MSGu8McuTempHighAlarm
GMAIN_MSGu8McuUCurSensFlt
GMAIN_MSGu8McuVCurSensFlt
GMAIN_MSGu8McuWCurSensFlt
GMAIN_MSGu8PwModFiltCntC
GMAIN_MSGu8PwModOffCnt
GMAIN_MSGu8PwModOnCnt
GMAIN_MSGu8TCU_ClutchProgress
GMAIN_MSGu8VCU_AccPedPosRaw
GMAIN_MSGu8VCU_EMWorkMod
GMAIN_MSGu8VCU_GcuWorkMod
GMAIN_MSGu8VCU_HandBrakSts
GMAIN_MSGu8VCU_McuEnableReq
GMAIN_MSGu8VCU_ePTReady
GMAIN_TCUbHilTestOnC
GMAIN_TCUf32CAP_AvrgCurrentPhys
GMAIN_TCUf32CAP_DutyCyclePhys
GMAIN_TCUf32CAP_MotSpeedPhys
GMAIN_TCUf32CAP_TargetDutyCyclePhys
GMAIN_TCUs16GcuMotTorqC
GMAIN_TCUs16McuMotTorqC
GMAIN_TCUu16OilPresVoltC
GMAIN_TCUu16OilTempC
GMAIN_TCUu32GcuMotSpeedC
GMAIN_TCUu32McuMotSpeedC
GMAIN_TCUu8CAP_TargetMotSts
GMAIN_TCUu8GcuTempC
GMAIN_TCUu8McuTempC
GMAIN_TSTBenchOnC
GMAIN_VSIBenchOnWriteEmergSwC
GMAIN_VSITxsPwmUl
GMAIN_VSITxsPwmUlOn
GMAIN_VSITxsPwmUr
GMAIN_VSITxsPwmUrOn
GMAIN_VSITxsPwmVl
GMAIN_VSITxsPwmVlOn
GMAIN_VSITxsPwmVr
GMAIN_VSITxsPwmVrOn
GMAIN_VSITxsPwmWl
GMAIN_VSITxsPwmWlOn
GMAIN_VSITxsPwmWr
GMAIN_VSITxsPwmWrOn
GMAIN_au8ErrCode
GMAIN_au8ErrCode[0]
GMAIN_au8ErrCode[10]
GMAIN_au8ErrCode[11]
GMAIN_au8ErrCode[12]
GMAIN_au8ErrCode[13]
GMAIN_au8ErrCode[14]
GMAIN_au8ErrCode[15]
GMAIN_au8ErrCode[16]
GMAIN_au8ErrCode[17]
GMAIN_au8ErrCode[18]
GMAIN_au8ErrCode[19]
GMAIN_au8ErrCode[1]
GMAIN_au8ErrCode[2]
GMAIN_au8ErrCode[3]
GMAIN_au8ErrCode[4]
GMAIN_au8ErrCode[5]
GMAIN_au8ErrCode[6]
GMAIN_au8ErrCode[7]
GMAIN_au8ErrCode[8]
GMAIN_au8ErrCode[9]
GMAIN_bAntiSlopGearEna
GMAIN_bBldcBenchOnC
GMAIN_bFTInitFinshFlg
GMAIN_bMSGRxToutBenchOnC
GMAIN_bMcuMilStatus
GMAIN_bNoCurSenrErrFlg
GMAIN_bOcTrimNvmCorFlg
GMAIN_bOpcBenchOnC
GMAIN_bPosAccessLock
GMAIN_bSlopSlideTimoutFlg
GMAIN_bTcuStuckFlag
GMAIN_bTcuStuckFlagTestOnC
GMAIN_bTrigOcByManual
GMAIN_bVcuPropActiveEnaC
GMAIN_f32AccPosClrSSTimC
GMAIN_f32AntiSlopExitSpdC
GMAIN_f32AntiSsEnaBrakPos
GMAIN_f32AntiSsGapDrtGainC
GMAIN_f32AntiSsValidTrqC
GMAIN_f32BldcDebugDutyC
GMAIN_f32BldcDuty
GMAIN_f32BldcHallCapPos
GMAIN_f32BldcHallCapPosErr
GMAIN_f32BldcHallCapPosPre
GMAIN_f32BldcPositionDuty
GMAIN_f32BldcStuckDutyC
GMAIN_f32BrakDeratGainC
GMAIN_f32BrakPedPosHighC
GMAIN_f32BrakPedalPosLowC
GMAIN_f32CpuLoadMaxCore0
GMAIN_f32CpuLoadMaxCore1
GMAIN_f32CpuLoadMaxCore2
GMAIN_f32EmailNextThetaElecRdSurPi
GMAIN_f32IdDeltaAvg
GMAIN_f32IdDeltaSum
GMAIN_f32IdQuality
GMAIN_f32IqDeltaAvg
GMAIN_f32IqDeltaSum
GMAIN_f32IqQuality
GMAIN_f32OcAutophsGainC
GMAIN_f32OcAutophsOffstC
GMAIN_f32PowerdownVoltC
GMAIN_f32PwmFreqHighThrdC
GMAIN_f32PwmMaxDutyPhysC
GMAIN_f32PwmMinDutyPhysC
GMAIN_f32PwmRatioReduceC
GMAIN_f32RandomFrecMecaSpdMaxC
GMAIN_f32RandomFrecMecaSpdMinC
GMAIN_f32SlopOrRoadSpdDiffC
GMAIN_f32TcReadPosDuty
GMAIN_f32VsiPwmPeriodC
GMAIN_ku16PwmPerdInitValC
GMAIN_s16BldcHallDirFdb
GMAIN_s32DeltTimDiff
GMAIN_s32PosA2BDeltTimMax
GMAIN_s32PosA2BDeltTimMin
GMAIN_u16AntiSsBrakTimCnt
GMAIN_u16AntiSsChkTimC
GMAIN_u16AntiSsEnaBrakCnt
GMAIN_u16AntiSsEnaBrakTimC
GMAIN_u16AntiSsGapTimC
GMAIN_u16AntiSsValidCnt
GMAIN_u16BldcIbatAdcV01
GMAIN_u16BldcIbatAdcVR0
GMAIN_u16BldcOilPressAdc
GMAIN_u16BldcOilTempAdc
GMAIN_u16BrakRelsDelayC
GMAIN_u16BrakRelsDelayCnt
GMAIN_u16Core0Cnt2
GMAIN_u16Core2Cnt1
GMAIN_u16DetectSpdTestC
GMAIN_u16FaultDelayCnt
GMAIN_u16FpgaFltClrCnt
GMAIN_u16FpgaFltClrTimoutC
GMAIN_u16HandBrkRelsDelay
GMAIN_u16IdqDeltaCntMaxC
GMAIN_u16IdqDeltaSumCnt
GMAIN_u16MotorStallCnt
GMAIN_u16OverVolHighDelay
GMAIN_u16OverVolLowDelay
GMAIN_u16OverVolMidDelay
GMAIN_u16PwmRatioPerd0C
GMAIN_u16PwmRatioPerd1C
GMAIN_u16PwmRatioPerd2C
GMAIN_u16PwmRatioPerd3C
GMAIN_u16RandomFrecMaxC
GMAIN_u16ResCosADVal
GMAIN_u16ResSinADVal
GMAIN_u16SlopSlideTim1C
GMAIN_u16SlopSlideTim2C
GMAIN_u16SlopSlideTimCnt
GMAIN_u16SlopSlideTimoutC
GMAIN_u16SlopSpdConfirmC
GMAIN_u16SlopSpdConfirmCnt
GMAIN_u16StuckRecoverTimeStepC
GMAIN_u16StuckSpdThresholdC
GMAIN_u16StuckTimeThresholdC
GMAIN_u16T12CntVal
GMAIN_u16TeachInWrtDelayCnt
GMAIN_u16VadcPhaseCurU
GMAIN_u16VadcPhaseCurV
GMAIN_u16VadcPhaseCurW
GMAIN_u32BldcDeltTime
GMAIN_u32BldcPattnTreatCnt
GMAIN_u32BldcPwmTreatCnt
GMAIN_u32BldcTimStampA
GMAIN_u32BldcTimStampB
GMAIN_u32TestVar4
GMAIN_u32WaitValueVSISafeTreatment
GMAIN_u32WaitValueVSITreatment
GMAIN_u8BldcFaultLevel
GMAIN_u8BldcHallStt
GMAIN_u8BldcHallSttPre
GMAIN_u8BldcMotDir
GMAIN_u8CurSenrErrConfCntC
GMAIN_u8ErrCodNum
GMAIN_u8ErrCodRdIdx
GMAIN_u8ErrCodWrIdx
GMAIN_u8FaultSum
GMAIN_u8IGBTStatusUds
GMAIN_u8OverVolIndex
GMAIN_u8PrevGearPos
GMAIN_u8TcFaultCodeL0
GMAIN_u8TcFaultCodeL1
GMAIN_u8TcFaultCodeL2
GMAIN_u8TcFaultCodeL3
GMAIN_u8TcFaultCodeL3_1
GMAIN_u8TcFaultCodeL5
GMAIN_u8TestVar1
GMAIN_u8UdsSwVerSup
GMAIN_u8UdsSwVerSup[0]
GMAIN_u8UdsSwVerSup[10]
GMAIN_u8UdsSwVerSup[11]
GMAIN_u8UdsSwVerSup[12]
GMAIN_u8UdsSwVerSup[13]
GMAIN_u8UdsSwVerSup[14]
GMAIN_u8UdsSwVerSup[15]
GMAIN_u8UdsSwVerSup[16]
GMAIN_u8UdsSwVerSup[17]
GMAIN_u8UdsSwVerSup[18]
GMAIN_u8UdsSwVerSup[19]
GMAIN_u8UdsSwVerSup[1]
GMAIN_u8UdsSwVerSup[20]
GMAIN_u8UdsSwVerSup[2]
GMAIN_u8UdsSwVerSup[3]
GMAIN_u8UdsSwVerSup[4]
GMAIN_u8UdsSwVerSup[5]
GMAIN_u8UdsSwVerSup[6]
GMAIN_u8UdsSwVerSup[7]
GMAIN_u8UdsSwVerSup[8]
GMAIN_u8UdsSwVerSup[9]
GMAIN_u8UdsSwVerVeh
GMAIN_u8UdsSwVerVeh[0]
GMAIN_u8UdsSwVerVeh[10]
GMAIN_u8UdsSwVerVeh[11]
GMAIN_u8UdsSwVerVeh[12]
GMAIN_u8UdsSwVerVeh[1]
GMAIN_u8UdsSwVerVeh[2]
GMAIN_u8UdsSwVerVeh[3]
GMAIN_u8UdsSwVerVeh[4]
GMAIN_u8UdsSwVerVeh[5]
GMAIN_u8UdsSwVerVeh[6]
GMAIN_u8UdsSwVerVeh[7]
GMAIN_u8UdsSwVerVeh[8]
GMAIN_u8UdsSwVerVeh[9]
GMAIN_u8VCUAllowTorqUds
GMAIN_u8VcuModeReqUds
GMosSWOverCurrentTestOnC
GOs_Task_BackGround_Counter
GOs_Task_Idle_Counter
GRTE_bCCPDrvOverCurrentTestOnC
GRTE_bCCPDrvOverTempTestOnC
GRTE_bCCPDrvOverVoltageTestOnC
GRTE_bCCPDrvUnderVoltageTestOnC
GRTE_bCCPHALOrderInvalidTestOnC
GRTE_bCCPHALOverVoltTestOnC
GRTE_bCCPHALUndefinedTestOnC
GRTE_bCCPHALUnderVoltTestOnC
GRTE_bCCPPhasePerfTestOnC
GRTE_bCCPPhaseShortHighTestOnC
GRTE_bCCPPhaseShortLowTestOnC
GRTE_bCCPSwOverCurrentTestOnC
GRTE_bCCPbTcuStuckFlagTestOnC
GSCHte_e_ShiftType
GSCHve_b_GearAvailable
GSCHve_b_ShiftToSameClutch
GSEQve_e_EvenClutchStateReq
GSEQve_e_OddClutchStateReq
GSEQve_e_ShiftType
GSEQve_e_SpdCntrlTrgtCltch
GW_IBCMIgnitionSt
HARD_u16Adc0An00_MOT_COS
HARD_u16Adc0An01_P5VHS_REF
HARD_u16Adc0An02_P16VMult
HARD_u16Adc0An03_CTP_MOT1_F
HARD_u16Adc0An03_CTP_MOT1_FPhys
HARD_u16Adc0An04_CTP_MOT2_F
HARD_u16Adc0An04_CTP_MOT2_FPhys
HARD_u16Adc0An05_MonP5VRef
HARD_u16Adc0An06_P5vLsRef
HARD_u16Adc0An07_DIAG_CONS_EXC
HARD_u16Adc0An08_CTP_COOLING
HARD_u16Adc0An08_CTP_COOLINGPhys
HARD_u16Adc0An10_CTN_BOARD2
HARD_u16Adc0An11_IgbtTemp_3
HARD_u16Adc0An12_IgbtTemp_2
HARD_u16Adc0An13_MOT_COS_SAFE
HARD_u16Adc1An16_MOT_SIN
HARD_u16Adc1An18_VolDcLinkDrv
HARD_u16Adc1An19_P12V_BATT_F
HARD_u16Adc1An19_P12V_BATT_Fphys
HARD_u16Adc1An20_DELTA_COS_POS
HARD_u16Adc1An21_DELTA_COS_NEG
HARD_u16Adc1An24_PSU_P5V_LS
HARD_u16Adc1An25_CURR_DC
HARD_u16Adc1An26_PSU_P5V_HS
HARD_u16Adc1An27_SPARE_4
HARD_u16Adc1An28_MonCurrOcpL
HARD_u16Adc1An29_MOT_SIN_SAFE
HARD_u16Adc1An57_TempDrv
HARD_u16Adc2An32_DIAG_COS_H
HARD_u16Adc2An33_DIAG_COS_L
HARD_u16Adc2An35_DIAG_SIN_H
HARD_u16Adc2An38_DIAG_SIN_L
HARD_u16Adc2An44_CTN_BOARD1
HARD_u16Adc2An44_CTN_BOARD1Phys
HARD_u16Adc2An46_VolDcLinkFil
HARD_u16Adc2An47_15V_RDC
HARD_u16Adc2An48_MonDcOvpSele
HARD_u16Adc2An49_TempIgbt
HBSCve_Pct_HVBattSOC
HETEve_M_P1TotalActuatorDmn
HTCU_ATFailure
HTCU_CAP_DC
HTCU_CAP_DutyCycle
HTCU_CCPSpd
HTCU_CCP_DutyCycle
HTCU_ClutchActualTransferTorque
HTCU_Clutch_Progress
HTCU_ObdCLRReq
HTCU_P1_OverTempWarning
HTCU_P3_OverTempWarning
IPB_vehicleSpeed
IPB_vehicleSpeedValid
IPB_wheelSpeedFL
IPB_wheelSpeedFLValid
IPB_wheelSpeedFR
IPB_wheelSpeedFRValid
IPB_wheelSpeedRL
IPB_wheelSpeedRLValid
IPB_wheelSpeedRR
IPB_wheelSpeedRRValid
LMSCve_dV_LubeFlow
LSIDve_Cnt_PID_30_Server_Data_IRV
LSIDve_NA_VIT_06_Server_Data_IRV
MAIN_CurSequenceEnC
MAIN_DutySequenceEnC
MAIN_ESMGo2StartupIEvent
MAIN_MSGTxBenchOnC
MAIN_MSGbBenchTestOnC
MAIN_MSGbCan02_Rx01_MCU1_Mor_Fault Reset
MAIN_MSGbDbgFrameOnC
MAIN_MSGf32MCU_LvVoltPhys
MAIN_MSGf32VCU_BrakPedPosPhys
MAIN_MSGu16EMS_EngActualFlwTorqueRaw
MAIN_MSGu16VCU_DevelopSignal1
MAIN_MSGu16VCU_DevelopSignal2
MAIN_MSGu16VCU_DevelopSignal3
MAIN_MSGu16VCU_DevelopSignal4
MAIN_MSGu8BMS_MainNegConnSts
MAIN_MSGu8BMS_MainPosConnSts
MAIN_MSGu8Can01_Rx02_VCU_BackAirTank_KPa
MAIN_MSGu8Can01_Rx02_VCU_FrontAirTank_KPa
MAIN_MSGu8Can01_Rx06_TCU_MotorWorkModReq_Raw
MAIN_MSGu8CompileDay
MAIN_MSGu8CompileMonth
MAIN_MSGu8CompileYear
MAIN_MSGu8DCU_FltLev
MAIN_MSGu8GW2_PwrMode
MAIN_MSGu8MCUF_Cali1
MAIN_MSGu8MCUF_Cali1[0]
MAIN_MSGu8MCUF_Cali1[1]
MAIN_MSGu8MCUF_Cali1[2]
MAIN_MSGu8MCUF_Cali1[3]
MAIN_MSGu8MCUF_Cali1[4]
MAIN_MSGu8MCUF_Cali1[5]
MAIN_MSGu8MCUF_Cali1[6]
MAIN_MSGu8MCUF_Cali1[7]
MAIN_MSGu8MCUF_Cali2
MAIN_MSGu8MCUF_Cali2[0]
MAIN_MSGu8MCUF_Cali2[1]
MAIN_MSGu8MCUF_Cali2[2]
MAIN_MSGu8MCUF_Cali2[3]
MAIN_MSGu8MCUF_Cali2[4]
MAIN_MSGu8MCUF_Cali2[5]
MAIN_MSGu8MCUF_Cali2[6]
MAIN_MSGu8MCUF_Cali2[7]
MAIN_MSGu8MCUF_Cali3
MAIN_MSGu8MCUF_Cali3[0]
MAIN_MSGu8MCUF_Cali3[1]
MAIN_MSGu8MCUF_Cali3[2]
MAIN_MSGu8MCUF_Cali3[3]
MAIN_MSGu8MCUF_Cali3[4]
MAIN_MSGu8MCUF_Cali3[5]
MAIN_MSGu8MCUF_Cali3[6]
MAIN_MSGu8MCUF_Cali3[7]
MAIN_MSGu8MCUF_Cali4
MAIN_MSGu8MCUF_Cali4[0]
MAIN_MSGu8MCUF_Cali4[1]
MAIN_MSGu8MCUF_Cali4[2]
MAIN_MSGu8MCUF_Cali4[3]
MAIN_MSGu8MCUF_Cali4[4]
MAIN_MSGu8MCUF_Cali4[5]
MAIN_MSGu8MCUF_Cali4[6]
MAIN_MSGu8MCUF_Cali4[7]
MAIN_MSGu8MCUR_Cali
MAIN_MSGu8MCUR_Cali[0]
MAIN_MSGu8MCUR_Cali[1]
MAIN_MSGu8MCUR_Cali[2]
MAIN_MSGu8MCUR_Cali[3]
MAIN_MSGu8MCUR_Cali[4]
MAIN_MSGu8MCUR_Cali[5]
MAIN_MSGu8MCUR_Cali[6]
MAIN_MSGu8MCUR_Cali[7]
MAIN_MSGu8MCU_McuPrevSlipFlg
MAIN_MSGu8McuDTC
MAIN_MSGu8McuMotSN
MAIN_MSGu8McuMotSubFltLevel
MAIN_MSGu8VCU_EMWorkMod
MAIN_MSGu8VCU_HandBrakSts
MAIN_MSGu8VCU_McuEnableReq
MAIN_MSGu8VCU_TargetDrumPos
MAIN_SampleSequenceEnC
MAIN_TCUf32CAP_TargetDutyCyclePhys
MAIN_TCUu8CAP_TargetMotSts
MAIN_TSTBenchOnC
MAIN_VSIBenchOnWriteEmergSwC
MAIN_VSITxsPwmUl
MAIN_VSITxsPwmUlOn
MAIN_VSITxsPwmUr
MAIN_VSITxsPwmUrOn
MAIN_VSITxsPwmVl
MAIN_VSITxsPwmVlOn
MAIN_VSITxsPwmVr
MAIN_VSITxsPwmVrOn
MAIN_VSITxsPwmWl
MAIN_VSITxsPwmWlOn
MAIN_VSITxsPwmWr
MAIN_VSITxsPwmWrOn
MAIN_au8ErrCode
MAIN_au8ErrCode[0]
MAIN_au8ErrCode[10]
MAIN_au8ErrCode[11]
MAIN_au8ErrCode[12]
MAIN_au8ErrCode[13]
MAIN_au8ErrCode[14]
MAIN_au8ErrCode[15]
MAIN_au8ErrCode[16]
MAIN_au8ErrCode[17]
MAIN_au8ErrCode[18]
MAIN_au8ErrCode[19]
MAIN_au8ErrCode[1]
MAIN_au8ErrCode[2]
MAIN_au8ErrCode[3]
MAIN_au8ErrCode[4]
MAIN_au8ErrCode[5]
MAIN_au8ErrCode[6]
MAIN_au8ErrCode[7]
MAIN_au8ErrCode[8]
MAIN_au8ErrCode[9]
MAIN_bAntiSlopGearEna
MAIN_bFTInitFinshFlg
MAIN_bOCStoreManualReq
MAIN_bPosAccessLock
MAIN_bSlopSlideTimoutFlg
MAIN_bSysAbnormalPwrDownFlg
MAIN_bTcuFltLampEnC
MAIN_bTcuTchTrigForUds
MAIN_bTrigOcByManual
MAIN_f32AccPosClrSSTimC
MAIN_f32AdcTestVO1
MAIN_f32AdcTestVR0
MAIN_f32AntiSlopExitSpdC
MAIN_f32AntiSsEnaBrakPos
MAIN_f32AntiSsGapDrtGainC
MAIN_f32AntiSsValidTrqC
MAIN_f32BldcCurrentPos
MAIN_f32BldcCurrentPosRolCnt
MAIN_f32BldcDuty
MAIN_f32BrakDeratGainC
MAIN_f32BrakPedPosHighC
MAIN_f32BrakPedalPosLowC
MAIN_f32CpuLoadCore0
MAIN_f32CpuLoadCore1
MAIN_f32CpuLoadCore2
MAIN_f32CpuLoadMaxCore0
MAIN_f32CpuLoadMaxCore1
MAIN_f32CpuLoadMaxCore2
MAIN_f32EmailNextThetaElecRdSurPi
MAIN_f32EstTempRatioScale
MAIN_f32IdDeltaAvg
MAIN_f32IdDeltaSum
MAIN_f32IdQuality
MAIN_f32IqDeltaAvg
MAIN_f32IqDeltaSum
MAIN_f32IqQuality
MAIN_f32NvmShiftDrumAngle
MAIN_f32OcAutophsGainC
MAIN_f32OcAutophsOffstC
MAIN_f32PwmFreqHighThrdC
MAIN_f32PwmMaxDutyPhysC
MAIN_f32PwmMinDutyPhysC
MAIN_f32PwmRatioReduceC
MAIN_f32RandomFrecMecaSpdMaxC
MAIN_f32RandomFrecMecaSpdMinC
MAIN_f32ShiftDrumInitPos
MAIN_f32ShiftDrumTermPos
MAIN_f32SlopOrRoadSpdDiffC
MAIN_f32TcuNvmRetryCnt
MAIN_f32VsiPwmPeriodC
MAIN_ku16PwmPerdInitValC
MAIN_s16TcuIbtUsedVal
MAIN_s32DeltTimDiff
MAIN_s32PosA2BDeltTimMax
MAIN_s32PosA2BDeltTimMin
MAIN_u16ADS1115Result_1
MAIN_u16AntiSsBrakTimCnt
MAIN_u16AntiSsChkTimC
MAIN_u16AntiSsEnaBrakCnt
MAIN_u16AntiSsEnaBrakTimC
MAIN_u16AntiSsGapTimC
MAIN_u16AntiSsValidCnt
MAIN_u16BldcIbatAdcVR0
MAIN_u16BldcOilPressAdc
MAIN_u16BldcOilTempAdc
MAIN_u16BrakRelsDelayC
MAIN_u16BrakRelsDelayCnt
MAIN_u16FaultDelayCnt
MAIN_u16FpgaFltClrCnt
MAIN_u16FpgaFltClrTimoutC
MAIN_u16HandBrkRelsDelay
MAIN_u16IdqDeltaCntMaxC
MAIN_u16IdqDeltaSumCnt
MAIN_u16OverVolHighDelay
MAIN_u16OverVolLowDelay
MAIN_u16OverVolMidDelay
MAIN_u16PwmRatioPerd0C
MAIN_u16PwmRatioPerd1C
MAIN_u16PwmRatioPerd2C
MAIN_u16PwmRatioPerd3C
MAIN_u16RandomFrecMaxC
MAIN_u16ResCosADVal
MAIN_u16ResSinADVal
MAIN_u16SlopSlideTim1C
MAIN_u16SlopSlideTim2C
MAIN_u16SlopSlideTimCnt
MAIN_u16SlopSlideTimoutC
MAIN_u16SlopSpdConfirmC
MAIN_u16SlopSpdConfirmCnt
MAIN_u16T12CntVal
MAIN_u16VadcPhaseCurU
MAIN_u16VadcPhaseCurV
MAIN_u16VadcPhaseCurW
MAIN_u32BldcDeltTime
MAIN_u32BldcPattnTreatCnt
MAIN_u32BldcPwmTreatCnt
MAIN_u32BldcTimStampA
MAIN_u32BldcTimStampB
MAIN_u32Core3Cnt1ms
MAIN_u32GetRunTime_s
MAIN_u32MtrStallCnt
MAIN_u32PosPwmPerd
MAIN_u32PositionStartTime
MAIN_u32PositionStopTime
MAIN_u32PositionTotalTime
MAIN_u32RunTime_ms
MAIN_u32RunTime_s
MAIN_u32Task100msC1StartTime
MAIN_u32Task100msC1StopTime
MAIN_u32Task100msC1TotalTime
MAIN_u32Task100msC2StartTime
MAIN_u32Task100msC2StopTime
MAIN_u32Task100msC2TotalTime
MAIN_u32Task10msC1StartTime
MAIN_u32Task10msC1StopTime
MAIN_u32Task10msC1TotalTime
MAIN_u32Task10msC2StartTime
MAIN_u32Task10msC2StopTime
MAIN_u32Task10msC2TotalTime
MAIN_u32Task1msC2StartTime
MAIN_u32Task1msC2StopTime
MAIN_u32Task1msC2TotalTime
MAIN_u32Task1msStartTime
MAIN_u32Task1msStopTime
MAIN_u32Task1msTotalTime
MAIN_u32Task200msC1StartTime
MAIN_u32Task200msC1StopTime
MAIN_u32Task200msC1TotalTime
MAIN_u32Task2msC2StartTime
MAIN_u32Task2msC2StopTime
MAIN_u32Task2msC2TotalTime
MAIN_u32Task2msStartTime
MAIN_u32Task2msStopTime
MAIN_u32Task2msTotalTime
MAIN_u32Task5msC2StartTime
MAIN_u32Task5msC2StopTime
MAIN_u32Task5msC2TotalTime
MAIN_u32Task5msStartTime
MAIN_u32Task5msStopTime
MAIN_u32Task5msTotalTime
MAIN_u32TestVar4
MAIN_u32WaitValueVSISafeTreatment
MAIN_u8BldcHallStt
MAIN_u8BldcHallSttPre
MAIN_u8CurGainStoreState
MAIN_u8ErrCodNum
MAIN_u8ErrCodRdIdx
MAIN_u8ErrCodWrIdx
MAIN_u8FaultSum
MAIN_u8IGBTStatusUds
MAIN_u8OverVolIndex
MAIN_u8PrevGearPos
MAIN_u8TcuIbtForwardC
MAIN_u8TcuIbtFrozenC
MAIN_u8TcuIbtFrozenCnt
MAIN_u8TcuIbtUpdIdx
MAIN_u8TcuIbtUsedIdx
MAIN_u8TcuShiftSelfTestResult
MAIN_u8TcuTchSttForUds
MAIN_u8TeachInDoneFlg
MAIN_u8VCUAllowTorqUds
MCUF_ActualTorque
MCUF_MotorPower
MCUF_MotorSpd
MCUF_MotorTemp
MILDve_e_MIL_RequestState
MosSWOverCurrent
OBD_au8McuDtcPath
OBD_au8McuDtcPath[0]
OBD_au8McuDtcPath[100]
OBD_au8McuDtcPath[101]
OBD_au8McuDtcPath[102]
OBD_au8McuDtcPath[103]
OBD_au8McuDtcPath[104]
OBD_au8McuDtcPath[105]
OBD_au8McuDtcPath[106]
OBD_au8McuDtcPath[107]
OBD_au8McuDtcPath[108]
OBD_au8McuDtcPath[109]
OBD_au8McuDtcPath[10]
OBD_au8McuDtcPath[110]
OBD_au8McuDtcPath[111]
OBD_au8McuDtcPath[112]
OBD_au8McuDtcPath[113]
OBD_au8McuDtcPath[114]
OBD_au8McuDtcPath[115]
OBD_au8McuDtcPath[116]
OBD_au8McuDtcPath[117]
OBD_au8McuDtcPath[118]
OBD_au8McuDtcPath[119]
OBD_au8McuDtcPath[11]
OBD_au8McuDtcPath[12]
OBD_au8McuDtcPath[13]
OBD_au8McuDtcPath[14]
OBD_au8McuDtcPath[15]
OBD_au8McuDtcPath[16]
OBD_au8McuDtcPath[17]
OBD_au8McuDtcPath[18]
OBD_au8McuDtcPath[19]
OBD_au8McuDtcPath[1]
OBD_au8McuDtcPath[20]
OBD_au8McuDtcPath[21]
OBD_au8McuDtcPath[22]
OBD_au8McuDtcPath[23]
OBD_au8McuDtcPath[24]
OBD_au8McuDtcPath[25]
OBD_au8McuDtcPath[26]
OBD_au8McuDtcPath[27]
OBD_au8McuDtcPath[28]
OBD_au8McuDtcPath[29]
OBD_au8McuDtcPath[2]
OBD_au8McuDtcPath[30]
OBD_au8McuDtcPath[31]
OBD_au8McuDtcPath[32]
OBD_au8McuDtcPath[33]
OBD_au8McuDtcPath[34]
OBD_au8McuDtcPath[35]
OBD_au8McuDtcPath[36]
OBD_au8McuDtcPath[37]
OBD_au8McuDtcPath[38]
OBD_au8McuDtcPath[39]
OBD_au8McuDtcPath[3]
OBD_au8McuDtcPath[40]
OBD_au8McuDtcPath[41]
OBD_au8McuDtcPath[42]
OBD_au8McuDtcPath[43]
OBD_au8McuDtcPath[44]
OBD_au8McuDtcPath[45]
OBD_au8McuDtcPath[46]
OBD_au8McuDtcPath[47]
OBD_au8McuDtcPath[48]
OBD_au8McuDtcPath[49]
OBD_au8McuDtcPath[4]
OBD_au8McuDtcPath[50]
OBD_au8McuDtcPath[51]
OBD_au8McuDtcPath[52]
OBD_au8McuDtcPath[53]
OBD_au8McuDtcPath[54]
OBD_au8McuDtcPath[55]
OBD_au8McuDtcPath[56]
OBD_au8McuDtcPath[57]
OBD_au8McuDtcPath[58]
OBD_au8McuDtcPath[59]
OBD_au8McuDtcPath[5]
OBD_au8McuDtcPath[60]
OBD_au8McuDtcPath[61]
OBD_au8McuDtcPath[62]
OBD_au8McuDtcPath[63]
OBD_au8McuDtcPath[64]
OBD_au8McuDtcPath[65]
OBD_au8McuDtcPath[66]
OBD_au8McuDtcPath[67]
OBD_au8McuDtcPath[68]
OBD_au8McuDtcPath[69]
OBD_au8McuDtcPath[6]
OBD_au8McuDtcPath[70]
OBD_au8McuDtcPath[71]
OBD_au8McuDtcPath[72]
OBD_au8McuDtcPath[73]
OBD_au8McuDtcPath[74]
OBD_au8McuDtcPath[75]
OBD_au8McuDtcPath[76]
OBD_au8McuDtcPath[77]
OBD_au8McuDtcPath[78]
OBD_au8McuDtcPath[79]
OBD_au8McuDtcPath[7]
OBD_au8McuDtcPath[80]
OBD_au8McuDtcPath[81]
OBD_au8McuDtcPath[82]
OBD_au8McuDtcPath[83]
OBD_au8McuDtcPath[84]
OBD_au8McuDtcPath[85]
OBD_au8McuDtcPath[86]
OBD_au8McuDtcPath[87]
OBD_au8McuDtcPath[88]
OBD_au8McuDtcPath[89]
OBD_au8McuDtcPath[8]
OBD_au8McuDtcPath[90]
OBD_au8McuDtcPath[91]
OBD_au8McuDtcPath[92]
OBD_au8McuDtcPath[93]
OBD_au8McuDtcPath[94]
OBD_au8McuDtcPath[95]
OBD_au8McuDtcPath[96]
OBD_au8McuDtcPath[97]
OBD_au8McuDtcPath[98]
OBD_au8McuDtcPath[99]
OBD_au8McuDtcPath[9]
OBD_bCompMonComplet
OBD_bDtcClrFlg
OBD_bDtcClrInhibitFlg
OBD_bFFAccessLock
OBD_bPerDtcClrCyc
OBD_bPtReady
OBD_bWarmCycCalcFlg
OBD_bWarmUpAchiv
OBD_u16Kl15Value
OBD_u16Pid0CInfo
OBD_u16Pid42Info
OBD_u32OdomtWhenDtcClr
OBD_u32OdomtWhenMilOn
OBD_u32TotalOdmtr
OBD_u8NvmJobRes
OBD_u8Pid04Info
OBD_u8Pid05Info
OBD_u8Pid0DInfo
OBD_u8Pid11Info
OBD_u8Pid49Info
OBD_u8PoCycMonStep
PDCM_AccelPedal_Position
PDCM_AccelPedal_Status
PDCM_BrakePedal_Status
PDCM_ClutchCommand
PDCM_ClutchCommandTransferTorque
PDCM_Dcy_valid
PDCM_DriveReady
PDCM_DrivingCycle
PDCM_OBD_DenoGenValid
PDCM_OBD_DenoGeneral
PDCM_OBD_FaultClrInhibit
PDCM_OBD_PDTCClrSts
PDCM_OBD_WarmCycleSts
PDCM_SOC
PDCM_actualGear
PORSve_d2n_P1SecondDerivative
PORSve_dn_P1Derivative
PORSve_e_P1RotationalSpeedVld
PORSve_n_P1RotationalSpeed
PORSve_n_P1RotationalSpeedUnsigned
PWRMve_e_SysPwrMd
Presence_devaid
RSTSRV_bSWResetDetected
RSTSRV_bSWResetDoneByPerformReset
RSTSRV_ku16ConsecutiveRstMaxNbC
RSTSRV_u16ConsecutiveRstCtr
RSTSRV_u16HotResetCtr
RSTSRV_u16TimeAfterInit
RSTSRV_u32ResetReason
RTMCLD_u16MeasurementPeriodCounter
RTMCLD_u32IdleClock
RTMCLD_u32Load
RTMCLD_u32PrevIdleClock
RTMTSK_ku8TaskId
RTMTSK_u32TaskDuration
RTMTSK_u32TaskStartTime
RTMTSK_u8TaskId
Rte_CACEve_b_IgnitionOn
Rte_CAPStuckFlag
Rte_CCPStuckFlag
Rte_CUTDve_T_PCB_Temperature
Rte_FACTee_NA_Kisspoint
Rte_FACTee_NA_Kisspoint_Inv
Rte_FACTee_NA_TransferGain
Rte_FACTee_NA_TransferGain_Inv
Rte_FACTve_NA_CalibrationLength
Rte_FACTve_NA_CalibrationStart
Rte_FbVar_SWCI7_globalMode_currentMode
Rte_FbVar_SWCI7_mode0_currentMode
Rte_HAMFve_Cnt_CalMemChkSum
Rte_HAMFve_b_CalMemChkSumReady
Rte_HTCU_AirflowRequest
Rte_HTCU_State
Rte_Irv_CLPC_CLPCve_n_CAPM_SpeedControllerTarget_IRV
Rte_Irv_TCFC_TCFCve_n_CCPM_SpeedControllerTarget_IRV
Rte_Irv_TCPD_TCPDve_p_ClutchPressure_IRV
Rte_ModeCurrent_19
Rte_ModeCurrent_20
Rte_ModeStatus_4
Rte_Ms_ActvSession
Rte_Ms_ComCtlTyp
Rte_Ms_DisblMskbit
Rte_Ms_DtcGrp
Rte_Ms_ErrCode
Rte_Ms_Fus_SafeExec_L2Pfc100ms
Rte_Ms_Fus_SafeExec_L2Pfc10ms
Rte_Ms_Fus_SafeExec_L2Pfc2p5ms
Rte_Ms_Fus_SafeExec_L2Pfc5ms
Rte_Ms_Nrc
Rte_Ms_OP_FI_IUMPR_GenDenInh
Rte_Ms_OP_FI_IUMPR_PDTCClrCusPermission
Rte_Ms_OP_Fl_DrvCycl
Rte_Ms_OP_Fl_IUMPR_GenDenInc
Rte_Ms_OP_Fl_IgnCycl
Rte_Ms_OP_Fl_WrnUpCycl
Rte_Ms_OP_Idx_Mot
Rte_Ms_OP_Num_DayFrzFrm
Rte_Ms_OP_Num_HourFrzFrm
Rte_Ms_OP_Num_MinuteFrzFrm
Rte_Ms_OP_Num_MonthFrzFrm
Rte_Ms_OP_Num_SecsFrzFrm
Rte_Ms_OP_Num_YearFrzFrm
Rte_Ms_OP_St_MotSt
Rte_Ms_OP_St_PwrModeFrzFrm
Rte_Ms_OP_Temp_EngClntTempFrzFrm
Rte_Ms_OP_cyc_MotDuty
Rte_Ms_OP_s_ODOPrmrFrzFrm
Rte_Ms_ReqSession
Rte_Ms_Sid
Rte_Ms_TCU_Ct_PwrStgActPosInc
Rte_Ms_TCU_Fl_SysSycT15
Rte_Ms_TCU_I_MotAvrgCrnt
Rte_Ms_TCU_I_MotMaxCrnt
Rte_Ms_TCU_Idx_Mot
Rte_Ms_TCU_St_5V1RawSt
Rte_Ms_TCU_St_5V2RawSt
Rte_Ms_TCU_St_5V3RawSt
Rte_Ms_TCU_St_ACCRawSt
Rte_Ms_TCU_St_IgnRawSt
Rte_Ms_TCU_St_MotCrntSt
Rte_Ms_TCU_St_MotSpdSt
Rte_Ms_TCU_St_PresRawSt
Rte_Ms_TCU_St_PwrStgMode
Rte_Ms_TCU_St_PwrStgPosSt
Rte_Ms_TCU_St_PwrStgSt
Rte_Ms_TCU_St_PwrStgTempSt
Rte_Ms_TCU_St_PwrTempWarnLvl
Rte_Ms_TCU_St_T30HiRawSt
Rte_Ms_TCU_St_T30LowRawSt
Rte_Ms_TCU_Temp_PwrStgTemp
Rte_Ms_TCU_U_5V1Raw
Rte_Ms_TCU_U_5V2Raw
Rte_Ms_TCU_U_5V3Raw
Rte_Ms_TCU_U_ACCRaw
Rte_Ms_TCU_U_IgnRaw
Rte_Ms_TCU_U_T30HiRaw
Rte_Ms_TCU_U_T30LowRaw
Rte_Ms_TCU_U_TempRaw
Rte_Ms_TCU_cyc_PwrStgActPWM
Rte_Ms_TCU_n_MotRotSpd
Rte_Ms_TCU_p_PresRaw
Rte_Ms_TCU_st_ChipTemp
Rte_Ms_TCU_t_ChipTemp
Rte_Ms_TCU_u_PresRaw
Rte_Ms_busbarCur
Rte_Ms_busbarCurLoad
Rte_Ms_data_RxSignal
Rte_Ms_idx_RxAck
Rte_Ms_idx_RxDlcErr
Rte_Ms_idx_RxSignal
Rte_Ms_idx_RxTOut
Rte_Ms_idx_TxAck
Rte_Ms_idx_TxMessage
Rte_Ms_idx_TxTOut
Rte_Ms_length_TxMessage
Rte_Ms_motIdx
Rte_Ms_phaseCurLoad
Rte_Ms_sumCurLoad
Rte_RECount_Os_BswEnd_10ms_Task_divby1000_0
Rte_RECount_Os_BswEnd_10ms_Task_divby100_0
Rte_TCU_p_PresRaw
Rte_TCU_st_PresRawSt
Rte_TCU_u_OilTemp
Rte_TCU_u_PresRaw
Rte_V5RDve_U_VRef1RawValue
Rte_V5RDve_U_VRef2RawValue
Rte_V5RDve_U_VRef3RawValue
Rte_V5RDve_y_EC_Ref1_Status
Rte_V5RDve_y_EC_Ref2_Status
Rte_V5RDve_y_EC_Ref3_Status
Rte_bClutchCapInsufficient
Rte_bClutchDragTrqTooHigh
Rte_bClutchPresAboveLim
Rte_bClutchPresSensPerf
Rte_bCoolingActSpdDev
Rte_bHighClutchPressure
Rte_bLowClutchPressure
Rte_bTransCtrlSysPerf
Rte_bTransOilTempCrit
Rte_bTransOilTempWarn
Rte_bUnreasonHighOilTemp
Rte_bUnreasonLowOilTemp
Rte_bVcuFault
Rte_b_IgnitionOn
SBC_au16ConfigRegs
SBC_au16ConfigRegs[0]
SBC_au16ConfigRegs[10]
SBC_au16ConfigRegs[11]
SBC_au16ConfigRegs[1]
SBC_au16ConfigRegs[2]
SBC_au16ConfigRegs[3]
SBC_au16ConfigRegs[4]
SBC_au16ConfigRegs[5]
SBC_au16ConfigRegs[6]
SBC_au16ConfigRegs[7]
SBC_au16ConfigRegs[8]
SBC_au16ConfigRegs[9]
SBC_au16SpiRxStsData
SBC_au16SpiRxStsData[0]
SBC_au16SpiRxStsData[10]
SBC_au16SpiRxStsData[11]
SBC_au16SpiRxStsData[12]
SBC_au16SpiRxStsData[13]
SBC_au16SpiRxStsData[14]
SBC_au16SpiRxStsData[15]
SBC_au16SpiRxStsData[16]
SBC_au16SpiRxStsData[17]
SBC_au16SpiRxStsData[18]
SBC_au16SpiRxStsData[19]
SBC_au16SpiRxStsData[1]
SBC_au16SpiRxStsData[20]
SBC_au16SpiRxStsData[21]
SBC_au16SpiRxStsData[22]
SBC_au16SpiRxStsData[23]
SBC_au16SpiRxStsData[24]
SBC_au16SpiRxStsData[25]
SBC_au16SpiRxStsData[26]
SBC_au16SpiRxStsData[27]
SBC_au16SpiRxStsData[28]
SBC_au16SpiRxStsData[29]
SBC_au16SpiRxStsData[2]
SBC_au16SpiRxStsData[3]
SBC_au16SpiRxStsData[4]
SBC_au16SpiRxStsData[5]
SBC_au16SpiRxStsData[6]
SBC_au16SpiRxStsData[7]
SBC_au16SpiRxStsData[8]
SBC_au16SpiRxStsData[9]
SBC_au16SpiTxAddr
SBC_au16SpiTxAddr[0]
SBC_au16SpiTxAddr[10]
SBC_au16SpiTxAddr[11]
SBC_au16SpiTxAddr[12]
SBC_au16SpiTxAddr[13]
SBC_au16SpiTxAddr[14]
SBC_au16SpiTxAddr[15]
SBC_au16SpiTxAddr[16]
SBC_au16SpiTxAddr[17]
SBC_au16SpiTxAddr[18]
SBC_au16SpiTxAddr[19]
SBC_au16SpiTxAddr[1]
SBC_au16SpiTxAddr[20]
SBC_au16SpiTxAddr[21]
SBC_au16SpiTxAddr[22]
SBC_au16SpiTxAddr[23]
SBC_au16SpiTxAddr[24]
SBC_au16SpiTxAddr[25]
SBC_au16SpiTxAddr[26]
SBC_au16SpiTxAddr[27]
SBC_au16SpiTxAddr[28]
SBC_au16SpiTxAddr[29]
SBC_au16SpiTxAddr[2]
SBC_au16SpiTxAddr[3]
SBC_au16SpiTxAddr[4]
SBC_au16SpiTxAddr[5]
SBC_au16SpiTxAddr[6]
SBC_au16SpiTxAddr[7]
SBC_au16SpiTxAddr[8]
SBC_au16SpiTxAddr[9]
SBC_au16SpiTxData
SBC_au16SpiTxData[0]
SBC_au16SpiTxData[10]
SBC_au16SpiTxData[11]
SBC_au16SpiTxData[12]
SBC_au16SpiTxData[13]
SBC_au16SpiTxData[14]
SBC_au16SpiTxData[15]
SBC_au16SpiTxData[16]
SBC_au16SpiTxData[17]
SBC_au16SpiTxData[18]
SBC_au16SpiTxData[19]
SBC_au16SpiTxData[1]
SBC_au16SpiTxData[20]
SBC_au16SpiTxData[21]
SBC_au16SpiTxData[22]
SBC_au16SpiTxData[23]
SBC_au16SpiTxData[24]
SBC_au16SpiTxData[25]
SBC_au16SpiTxData[26]
SBC_au16SpiTxData[27]
SBC_au16SpiTxData[28]
SBC_au16SpiTxData[29]
SBC_au16SpiTxData[2]
SBC_au16SpiTxData[3]
SBC_au16SpiTxData[4]
SBC_au16SpiTxData[5]
SBC_au16SpiTxData[6]
SBC_au16SpiTxData[7]
SBC_au16SpiTxData[8]
SBC_au16SpiTxData[9]
SBC_au16StatusRegs
SBC_au16StatusRegs[0]
SBC_au16StatusRegs[10]
SBC_au16StatusRegs[11]
SBC_au16StatusRegs[12]
SBC_au16StatusRegs[13]
SBC_au16StatusRegs[14]
SBC_au16StatusRegs[15]
SBC_au16StatusRegs[16]
SBC_au16StatusRegs[17]
SBC_au16StatusRegs[1]
SBC_au16StatusRegs[2]
SBC_au16StatusRegs[3]
SBC_au16StatusRegs[4]
SBC_au16StatusRegs[5]
SBC_au16StatusRegs[6]
SBC_au16StatusRegs[7]
SBC_au16StatusRegs[8]
SBC_au16StatusRegs[9]
SBC_bClrStsRegs
SBC_bFaultSts
SBC_bFaultStsCom
SBC_bFaultStsInit
SBC_bFaultStsTemp
SBC_bFaultStsVolt
SBC_bPwOnFltClred
SBC_bPwrOnFaultCleared
SBC_bStdbyStsFlag
SBC_u8ReadingRegObj
SBC_u8SpiWriteNum
SBC_u8State
SCU_ku16MaxDieTempThrd
SCU_ku16MinDieTempThrd
SCU_u16DieTemp
SDADva_b_IUPR_GenDenStatus
SDADva_b_IUPR_GenDenStatus[0]
SDADva_b_IUPR_GenDenStatus[1]
SPARte_e_Validity
SPARve_l_WheelRadius
SPARve_r_P1MtrRatio
SPARve_r_P1Trans1stGearRatio
SPARve_r_P1Trans1stGearRatio_IRV
SPARve_r_P1Trans2ndGearRatio
SPARve_r_P3TransDM_Ratio
SPARve_r_P3TransDM_Ratio_IRV
SPARve_r_TransFnlDrvRatio
SSSCve_e_EngineStatus
SWFAIL_audtSaveContext
SWFAIL_audtSaveContext[0]
SWFAIL_audtSaveContext[10]
SWFAIL_audtSaveContext[11]
SWFAIL_audtSaveContext[12]
SWFAIL_audtSaveContext[13]
SWFAIL_audtSaveContext[14]
SWFAIL_audtSaveContext[15]
SWFAIL_audtSaveContext[16]
SWFAIL_audtSaveContext[17]
SWFAIL_audtSaveContext[18]
SWFAIL_audtSaveContext[19]
SWFAIL_audtSaveContext[1]
SWFAIL_audtSaveContext[20]
SWFAIL_audtSaveContext[21]
SWFAIL_audtSaveContext[22]
SWFAIL_audtSaveContext[23]
SWFAIL_audtSaveContext[24]
SWFAIL_audtSaveContext[25]
SWFAIL_audtSaveContext[26]
SWFAIL_audtSaveContext[27]
SWFAIL_audtSaveContext[28]
SWFAIL_audtSaveContext[29]
SWFAIL_audtSaveContext[2]
SWFAIL_audtSaveContext[30]
SWFAIL_audtSaveContext[31]
SWFAIL_audtSaveContext[3]
SWFAIL_audtSaveContext[4]
SWFAIL_audtSaveContext[5]
SWFAIL_audtSaveContext[6]
SWFAIL_audtSaveContext[7]
SWFAIL_audtSaveContext[8]
SWFAIL_audtSaveContext[9]
SWFAIL_bfErrorType
SWFAIL_bfTrapType
SWFAIL_pfErrorAddress
SWFAIL_pfu32IllegalInstruction
SWFAIL_pfu32ProgramReturnError
SWFAIL_u16ExceptionErrorCounter
SWFAIL_u16SoftwareErrorCounter
SWFAIL_u16StackErrorCounter
SWFAIL_u32StatusRegisterError
SWFAIL_u8CoreIdx
SWFAIL_udtStackIdx
SWINve_M_P1MtrTrq
SWINve_M_P3MtrTrq
SWINve_P_MotorPower
SWINve_Pct_AccelPedalPosition
SWINve_Pct_pepsPowerMode
SWINve_T_P1Motor
SWINve_T_P1Motor_IRV
SWINve_T_P3Motor
SWINve_T_P3Motor_IRV
SWINve_U_ebsBATT
SWINve_b_DrivingCycle
SWINve_b_FaultClrInhibit
SWINve_b_PDTCClrSts
SWINve_b_PropulsionActive
SWINve_b_WarmUpCycleCompleted
SWINve_e_Dcyvalid
SWINve_e_GCU_COM_Validity
SWINve_e_MCU_COM_Validity
SWINve_e_MCU_P1_COM_Validity
SWINve_e_MCU_P3_COM_Validity
SWINve_e_P1MtrSpdVld
SWINve_e_P1MtrTempVld
SWINve_e_P1MtrTrqVld
SWINve_e_P3MtrSpdVld
SWINve_e_P3MtrTempVld
SWINve_e_P3MtrTrqVld
SWINve_e_VCU_COM_Validity
SWINve_n_P1MtrSpd
SWINve_n_P3MtrSpd
SWINve_r_P1TransInput
SWINve_r_P1TransInput_IRV
SWINve_t_Day
SWINve_t_Hour
SWINve_t_Minute
SWINve_t_Month
SWINve_t_Second
SWINve_t_Year
SWINve_y_VCUFault
SYVDve_U_MotorSupplyVoltage
SYVDve_U_SystemVoltage
SYVDve_U_SystemVoltage_IRV
SYVDve_y_BSWDiagBLDCSupOvrVolt
SYVDve_y_BSWDiagBLDCSupUnrVolt
TAMDve_I_HWIO_MotorCurrent_IRV
TAMDve_Pct_HWIO_MotorActPWM_IRV
TAMDve_T_ClutchActPwrStg
TAMDve_e_ClutchActPwrStgTempVld
TAMDve_e_ClutchActuatorVld
TAMDve_e_MosfetVld
TAMDve_e_StuckVld
TAMDve_n_HWIO_MotorRotSpd_IRV
TAMDve_y_BSWDiagDrvOvrCur
TAMDve_y_BSWDiagDrvOvrTemp
TAMDve_y_BSWDiagDrvSupOvrVolt
TAMDve_y_BSWDiagHALInvalFault
TAMDve_y_BSWDiagHALSigOvrVolt
TAMDve_y_BSWDiagHALSigUndrVolt
TAMDve_y_BSWDiagHALSupOvrVolt
TAMDve_y_BSWDiagHALSupUndrVolt
TAMDve_y_BSWDiagHALUndefFault
TAMDve_y_BSWDiagMosUnderVolt
TAMDve_y_BSWDiagPhaseHigh
TAMDve_y_BSWDiagPhaseLow
TAMDve_y_BSWDiagPhasePerf
TAMDve_y_EC_MosStatus
TAMDve_y_EC_Status
TAMDve_y_EC_StuckStatus
TAMDve_y_Status
TCAPve_e_DrivelineState
TCFCke_b_CCPM_CommandDBC_Enable
TCFCve_Cnt_CCPM_CommandDBC
TCFCve_I_CCPM
TCFCve_I_CCPM_CompletePhase
TCFCve_I_CCPM_IRV
TCFCve_Pct_CCPM_DC
TCFCve_Pct_CCPM_DC_DBC
TCFCve_Pct_CCPM_DC_IRV
TCFCve_Pct_C_Pct_CCP_Data
TCFCve_b_CCPM_SpeedControllerActive
TCFCve_b_TargetSpeedActive_IRV
TCFCve_dV_C_dV_CCP_Data
TCFCve_dV_CoolingFlow
TCFCve_dV_CoolingFlowDBC
TCFCve_dV_CoolingFlow_IRV
TCFCve_e_CCP_DID_Enabled
TCFCve_e_CCP_DID_EnabledIndication
TCFCve_e_NegativeResponseCode_IRV
TCFCve_n_CCPM_CurrentSpeedLimit
TCFCve_n_CCPM_IRV
TCFCve_n_CCPM_SpeedControllerTarget
TCFCve_n_CCPM_SpeedControllerTarget_IRV
TCFCve_n_CCPM_SpeedTgtDBC
TCFCve_n_C_n_CCP_Data
TCFCve_r_CCP_Y
TCFRve_I_CAP_PhaseCurrentLimitation
TCFRve_I_CurrentAvailableForClutch
TCFRve_Pct_FanRequest
TCFRve_b_AfterRunRequest
TCFRve_b_AtMinLubrication_IRV
TCFRve_b_ClutchAvailable
TCFRve_b_CoolingNeedPreventsCoolingIOC
TCFRve_b_TooCloseToOverCurrent
TCFRve_dV_CCP_OvercurrentLimitation
TCFRve_dV_CCP_UsedLimit
TCFRve_dV_CoolingFlowCommand
TCMDve_Cnt_RC_SpdDev_Diags
TCMDve_Cnt_RC_SpdDev_Fails
TCMDve_I_HWIO_MotorCurrent_IRV
TCMDve_Pct_HWIO_MotorActPWM_IRV
TCMDve_T_CoolingActPwrStg
TCMDve_b_NewCycle
TCMDve_b_StuckNewCycle
TCMDve_e_CoolingActPwrStgTempVld
TCMDve_e_CoolingActSpdDevVld
TCMDve_e_CoolingActuatorVld
TCMDve_e_MosfetVld
TCMDve_e_StuckVld
TCMDve_n_HWIO_MotorRotSpd_IRV
TCMDve_n_MotorSpeed
TCMDve_y_BSWDiagDrvOvrCur
TCMDve_y_BSWDiagDrvOvrTemp
TCMDve_y_BSWDiagDrvSupOvrVolt
TCMDve_y_BSWDiagHALFault
TCMDve_y_BSWDiagHALSupOvrVolt
TCMDve_y_BSWDiagHALSupUndrVolt
TCMDve_y_BSWDiagPhaseHigh
TCMDve_y_BSWDiagPhaseLow
TCMDve_y_BSWDiagPhasePerf
TCMDve_y_EC_MosStatus
TCMDve_y_EC_Status
TCMDve_y_EC_StuckStatus
TCMDve_y_RC_SpdDev_MosStatus
TCMDve_y_RC_SpdDev_Progress
TCMDve_y_RC_SpdDev_Status
TCMDve_y_Status
TCPDne_p_BiasComp
TCPDve_Cnt_RC_Bias_Diags
TCPDve_Cnt_RC_Bias_Fails
TCPDve_Cnt_RC_HighClutchPres_Diags
TCPDve_Cnt_RC_HighClutchPres_Fails
TCPDve_Cnt_RC_LowClutchPres_Diags
TCPDve_Cnt_RC_LowClutchPres_Fails
TCPDve_Cnt_RC_MaxPres_Diags
TCPDve_Cnt_RC_MaxPres_Fails
TCPDve_U_ClutchPressureRaw
TCPDve_U_ClutchPressureVoltage
TCPDve_b_ClearBiasComp
TCPDve_e_ClutchPressureHighVld
TCPDve_e_ClutchPressureLowVld
TCPDve_e_ClutchPressureSensPerfVld
TCPDve_e_ClutchPressureSensorVld
TCPDve_p_AveragePresAtStart
TCPDve_p_BiasComp_IRV
TCPDve_p_ClutchPressure
TCPDve_y_BSWDiagHigh
TCPDve_y_BSWDiagLow
TCPDve_y_EC_Status
TCPDve_y_RC_Bias_Progress
TCPDve_y_RC_Bias_Status
TCPDve_y_RC_HighClutchPres_Progress
TCPDve_y_RC_HighClutchPres_Status
TCPDve_y_RC_LowClutchPres_Progress
TCPDve_y_RC_LowClutchPres_Status
TCPDve_y_RC_MaxPres_Progress
TCPDve_y_RC_MaxPres_Status
TCPDve_y_Status
TCU_AirFlowRequest
TCU_ClutchAvailableMaximumTorque
TCU_ClutchAvailableMinimumTorque
TCU_ClutchCapacityAct
TCU_Clutch_Status
TCU_CrankingAuthorizationEnable
TCU_FaultLamp_Req
TCU_Fault_Reaction_Req
TCU_GearEngagementAvailable
TCU_MaxFrtMotPwr_Req
TCU_MaxGCUPwr_Req
TCU_OBD_Lamp
TCU_OBD_Lamp_Req
TCU_TransmissionFluidTemp
TIRCve_M_ReqAtLashRtLim
TIRCve_M_TransInputTorqueImmd
TISCve_n_TargetIdleSpd
TJA1145_au16SpiReadFrame
TJA1145_au16SpiReadFrame[0]
TJA1145_au16SpiReadFrame[10]
TJA1145_au16SpiReadFrame[11]
TJA1145_au16SpiReadFrame[12]
TJA1145_au16SpiReadFrame[13]
TJA1145_au16SpiReadFrame[14]
TJA1145_au16SpiReadFrame[15]
TJA1145_au16SpiReadFrame[16]
TJA1145_au16SpiReadFrame[17]
TJA1145_au16SpiReadFrame[18]
TJA1145_au16SpiReadFrame[19]
TJA1145_au16SpiReadFrame[1]
TJA1145_au16SpiReadFrame[20]
TJA1145_au16SpiReadFrame[21]
TJA1145_au16SpiReadFrame[22]
TJA1145_au16SpiReadFrame[23]
TJA1145_au16SpiReadFrame[24]
TJA1145_au16SpiReadFrame[25]
TJA1145_au16SpiReadFrame[26]
TJA1145_au16SpiReadFrame[27]
TJA1145_au16SpiReadFrame[28]
TJA1145_au16SpiReadFrame[29]
TJA1145_au16SpiReadFrame[2]
TJA1145_au16SpiReadFrame[3]
TJA1145_au16SpiReadFrame[4]
TJA1145_au16SpiReadFrame[5]
TJA1145_au16SpiReadFrame[6]
TJA1145_au16SpiReadFrame[7]
TJA1145_au16SpiReadFrame[8]
TJA1145_au16SpiReadFrame[9]
TJA1145_au16SpiWriteFrame
TJA1145_au16SpiWriteFrame[0]
TJA1145_au16SpiWriteFrame[10]
TJA1145_au16SpiWriteFrame[11]
TJA1145_au16SpiWriteFrame[12]
TJA1145_au16SpiWriteFrame[13]
TJA1145_au16SpiWriteFrame[14]
TJA1145_au16SpiWriteFrame[15]
TJA1145_au16SpiWriteFrame[16]
TJA1145_au16SpiWriteFrame[17]
TJA1145_au16SpiWriteFrame[18]
TJA1145_au16SpiWriteFrame[19]
TJA1145_au16SpiWriteFrame[1]
TJA1145_au16SpiWriteFrame[20]
TJA1145_au16SpiWriteFrame[21]
TJA1145_au16SpiWriteFrame[22]
TJA1145_au16SpiWriteFrame[23]
TJA1145_au16SpiWriteFrame[24]
TJA1145_au16SpiWriteFrame[25]
TJA1145_au16SpiWriteFrame[26]
TJA1145_au16SpiWriteFrame[27]
TJA1145_au16SpiWriteFrame[28]
TJA1145_au16SpiWriteFrame[29]
TJA1145_au16SpiWriteFrame[2]
TJA1145_au16SpiWriteFrame[3]
TJA1145_au16SpiWriteFrame[4]
TJA1145_au16SpiWriteFrame[5]
TJA1145_au16SpiWriteFrame[6]
TJA1145_au16SpiWriteFrame[7]
TJA1145_au16SpiWriteFrame[8]
TJA1145_au16SpiWriteFrame[9]
TJA1145_bEnableTest
TJA1145_bFrameErrOverFlow
TJA1145_bFrameFinish
TJA1145_bNormSlpFinsh
TJA1145_bSpiComError
TJA1145_u8Add2Read
TJA1145_u8ChipTesting
TJA1145_u8ChipUsed
TJA1145_u8DONE
TJA1145_u8ErrorFrameCnt
TJA1145_u8IndexFrame
TJA1145_u8SpiTxFrameMaxNb
TJA1145_u8WakeupSrc
TLE9180_bDataTransferDone
TLE9180_bErrorFlag
TLE9180_bHALFault
TLE9180_bPhasePerf
TLE9180_bTestReadErrRegs
TLE9180_u16HallSupVolt
TLE9180_u8CurOperMode
TLE9180_u8ErrorFrameCnt
TLE9180_u8FeedBackAddr
TLE9180_u8FeedBackData
TLE9180_u8FeedBackStatus
TLE9180_u8HallSupVolt
TLE9180_u8IndexFrame
TLE9180_u8SelfTstModChk
TLE9180_u8TestMode
TLMDve_Cnt_TransCtrlSysPerf_Diags
TLMDve_Cnt_TransCtrlSysPerf_Fails
TLMDve_b_PwrstgCrrntlShtOffByTLMD
TLMDve_e_TransCtrlSysPerfVld
TLMDve_y_Status
TLMDve_y_TransCtrlSysPerf_Progress
TLMDve_y_TransCtrlSysPerf_Status
TOTDve_Cnt_RC_High_Diags
TOTDve_Cnt_RC_High_Fails
TOTDve_Cnt_RC_Low_Diags
TOTDve_Cnt_RC_Low_Fails
TOTDve_Cnt_RC_OilT_CritDiags
TOTDve_Cnt_RC_OilT_CritFails
TOTDve_Cnt_RC_OilT_WarnDiags
TOTDve_Cnt_RC_OilT_WarnFails
TOTDve_T_OilTemperature
TOTDve_T_OilTemperature_IRV
TOTDve_b_RC_DltFailRst
TOTDve_e_TransmissionOilTempCritVld
TOTDve_e_TransmissionOilTempWarnVld
TOTDve_e_TransmissionTempSensorVld
TOTDve_y_RC_High_Progress
TOTDve_y_RC_High_Status
TOTDve_y_RC_Low_Progress
TOTDve_y_RC_Low_Status
TOTDve_y_RC_OilT_CritProgress
TOTDve_y_RC_OilT_CritStatus
TOTDve_y_RC_OilT_WarnProgress
TOTDve_y_RC_OilT_WarnStatus
TOTDve_y_Status
TSPCve_n_EvenClthSpeed
TSPCve_n_OddClthSpeed
TSPCve_n_P1RotationalSpeedERS
TSPCve_n_TransOutputSpeed
TSPCve_n_TransP1ClutchInputSpeed
TSPCve_n_TransP3InputSpeed
TSSDve_Cnt_ClutchDragTrqTooHighFail
TSSDve_Cnt_RC_ClTrq_Diags
TSSDve_Cnt_RC_ClTrq_Fails
TSSDve_Cnt_RC_DrgTrq_Diags
TSSDve_Cnt_RC_DrgTrq_Fails
TSSDve_e_ClutchCapacityInsuffVld
TSSDve_e_ClutchDragTrqTooHighVld
TSSDve_t_RC_DrgTrq_ClOpenTimer
TSSDve_t_RC_DrgTrq_ICEOffTimer
TSSDve_y_RC_ClTrq_Progress
TSSDve_y_RC_ClTrq_Status
TSSDve_y_RC_DrgTrq_Progress
TSSDve_y_RC_DrgTrq_Status
TSSDve_y_Status
TTSSve_M_P1MaxTrqImmd
TTSSve_M_P1MinTrqImmd
TTSSve_b_P1TrqLimReq
TTSSve_e_SpdCntrlReqMod
TTSSve_n_SpdCntrlTarget
Tbox3_CoolantTempValid
Tbox3_WarmUpCycle
UDS_SecurAccessBenchOnC
UDS_au8DiagVers
UDS_au8DiagVers[0]
UDS_au8DiagVers[1]
UDS_au8DiagVers[2]
UDS_au8DiagVers[3]
UDS_au8DidBuf_0x0D01
UDS_au8DidBuf_0x0D02
UDS_au8DidBuf_0x0D02[0]
UDS_au8DidBuf_0x0D02[1]
UDS_au8DidBuf_0x0D03
UDS_au8DidBuf_0x0D03[0]
UDS_au8DidBuf_0x0D03[1]
UDS_au8DidBuf_0x0D04
UDS_au8DidBuf_0x0D04[0]
UDS_au8DidBuf_0x0D04[1]
UDS_au8DidBuf_0x0D05
UDS_au8DidBuf_0x0D06
UDS_au8DidBuf_0x0D06[0]
UDS_au8DidBuf_0x0D06[1]
UDS_au8DidBuf_0x0D07
UDS_au8DidBuf_0x0D08
UDS_au8DidBuf_0x0D08[0]
UDS_au8DidBuf_0x0D08[1]
UDS_au8DidBuf_0x0D09
UDS_au8DidBuf_0x0D0A
UDS_au8DidBuf_0x0D0B
UDS_au8DidBuf_0x0D0C
UDS_au8DidBuf_0x0D0C[0]
UDS_au8DidBuf_0x0D0C[1]
UDS_au8DidBuf_0x0D0C_1
UDS_au8DidBuf_0x0D0C_1[0]
UDS_au8DidBuf_0x0D0C_1[1]
UDS_au8DidBuf_0x0D0C_2
UDS_au8DidBuf_0x0D0C_2[0]
UDS_au8DidBuf_0x0D0C_2[1]
UDS_au8DidBuf_0x0D0D
UDS_au8DidBuf_0x0D0D[0]
UDS_au8DidBuf_0x0D0D[1]
UDS_au8DidBuf_0x0D0E
UDS_au8DidBuf_0x0D0E[0]
UDS_au8DidBuf_0x0D0E[1]
UDS_au8DidBuf_0x0D0F
UDS_au8DidBuf_0x0D0F[0]
UDS_au8DidBuf_0x0D0F[1]
UDS_au8DidBuf_0x0D13
UDS_au8DidBuf_0x0D13[0]
UDS_au8DidBuf_0x0D13[1]
UDS_au8DidBuf_0x0D14
UDS_au8DidBuf_0x0D14[0]
UDS_au8DidBuf_0x0D14[1]
UDS_au8DidBuf_0x0D15
UDS_au8DidBuf_0x0D15[0]
UDS_au8DidBuf_0x0D15[1]
UDS_au8DidBuf_0x0D16
UDS_au8DidBuf_0x0D16[0]
UDS_au8DidBuf_0x0D16[1]
UDS_au8DidBuf_0x0D17
UDS_au8DidBuf_0x0D17[0]
UDS_au8DidBuf_0x0D17[1]
UDS_au8DidBuf_0x0D18
UDS_au8DidBuf_0x0D18[0]
UDS_au8DidBuf_0x0D18[1]
UDS_au8DidBuf_0x0D19
UDS_au8DidBuf_0x0D19[0]
UDS_au8DidBuf_0x0D19[1]
UDS_au8DidBuf_0x0D1A
UDS_au8DidBuf_0x0D1A[0]
UDS_au8DidBuf_0x0D1A[1]
UDS_au8DidBuf_0x0D1B
UDS_au8DidBuf_0x0D1B[0]
UDS_au8DidBuf_0x0D1B[1]
UDS_au8DidBuf_0x0D1C
UDS_au8DidBuf_0x0D1C[0]
UDS_au8DidBuf_0x0D1C[1]
UDS_au8DidBuf_0x0D1D
UDS_au8DidBuf_0x0D1D[0]
UDS_au8DidBuf_0x0D1D[1]
UDS_au8DidBuf_0x0D1E
UDS_au8DidBuf_0x0D1E[0]
UDS_au8DidBuf_0x0D1E[1]
UDS_au8DidBuf_0x0D1F
UDS_au8DidBuf_0x0D1F[0]
UDS_au8DidBuf_0x0D1F[1]
UDS_au8DidBuf_0x0D20
UDS_au8DidBuf_0x0D20[0]
UDS_au8DidBuf_0x0D20[1]
UDS_au8DidBuf_0x0D21
UDS_au8DidBuf_0x0D21[0]
UDS_au8DidBuf_0x0D21[1]
UDS_au8DidBuf_0x0D22
UDS_au8DidBuf_0x0D22[0]
UDS_au8DidBuf_0x0D22[1]
UDS_au8DidBuf_0x0D23
UDS_au8DidBuf_0x0D23[0]
UDS_au8DidBuf_0x0D23[1]
UDS_au8DidBuf_0x0D24
UDS_au8DidBuf_0x0D24[0]
UDS_au8DidBuf_0x0D24[1]
UDS_au8DidBuf_0x0D25
UDS_au8DidBuf_0x0D25[0]
UDS_au8DidBuf_0x0D25[1]
UDS_au8DidBuf_0x0D26
UDS_au8DidBuf_0x0D26[0]
UDS_au8DidBuf_0x0D26[1]
UDS_au8DidBuf_0x0D27
UDS_au8DidBuf_0x0D27[0]
UDS_au8DidBuf_0x0D27[1]
UDS_au8DidBuf_0x0D28
UDS_au8DidBuf_0x0D28[0]
UDS_au8DidBuf_0x0D28[1]
UDS_au8DidBuf_0x0D29
UDS_au8DidBuf_0x0D29[0]
UDS_au8DidBuf_0x0D29[1]
UDS_au8DidBuf_0x0D2A
UDS_au8DidBuf_0x0D2A[0]
UDS_au8DidBuf_0x0D2A[1]
UDS_au8DidBuf_0x0D2A[2]
UDS_au8DidBuf_0x0D2A[3]
UDS_au8DidBuf_0x0D2A_1
UDS_au8DidBuf_0x0D2A_1[0]
UDS_au8DidBuf_0x0D2A_1[1]
UDS_au8DidBuf_0x0D2A_1[2]
UDS_au8DidBuf_0x0D2A_1[3]
UDS_au8DidBuf_0x0D2A_2
UDS_au8DidBuf_0x0D2A_2[0]
UDS_au8DidBuf_0x0D2A_2[1]
UDS_au8DidBuf_0x0D2A_2[2]
UDS_au8DidBuf_0x0D2A_2[3]
UDS_au8DidBuf_0x0D2A_3
UDS_au8DidBuf_0x0D2A_3[0]
UDS_au8DidBuf_0x0D2A_3[1]
UDS_au8DidBuf_0x0D2A_3[2]
UDS_au8DidBuf_0x0D2A_3[3]
UDS_au8DidBuf_0x0D2A_4
UDS_au8DidBuf_0x0D2A_4[0]
UDS_au8DidBuf_0x0D2A_4[1]
UDS_au8DidBuf_0x0D2A_4[2]
UDS_au8DidBuf_0x0D2A_4[3]
UDS_au8DidBuf_0x1D01
UDS_au8DidBuf_0x1D02
UDS_au8DidBuf_0x1D02[0]
UDS_au8DidBuf_0x1D02[1]
UDS_au8DidBuf_0x1D03
UDS_au8DidBuf_0x1D03[0]
UDS_au8DidBuf_0x1D03[1]
UDS_au8DidBuf_0x1D04
UDS_au8DidBuf_0x1D04[0]
UDS_au8DidBuf_0x1D04[1]
UDS_au8DidBuf_0x1D05
UDS_au8DidBuf_0x1D06
UDS_au8DidBuf_0x1D06[0]
UDS_au8DidBuf_0x1D06[1]
UDS_au8DidBuf_0x1D07
UDS_au8DidBuf_0x1D08
UDS_au8DidBuf_0x1D08[0]
UDS_au8DidBuf_0x1D08[1]
UDS_au8DidBuf_0x1D09
UDS_au8DidBuf_0x1D0A
UDS_au8DidBuf_0x1D0B
UDS_au8DidBuf_0x1D0C
UDS_au8DidBuf_0x1D0C[0]
UDS_au8DidBuf_0x1D0C[1]
UDS_au8DidBuf_0x1D0C_1
UDS_au8DidBuf_0x1D0C_1[0]
UDS_au8DidBuf_0x1D0C_1[1]
UDS_au8DidBuf_0x1D0C_2
UDS_au8DidBuf_0x1D0C_2[0]
UDS_au8DidBuf_0x1D0C_2[1]
UDS_au8DidBuf_0x1D0D
UDS_au8DidBuf_0x1D0D[0]
UDS_au8DidBuf_0x1D0D[1]
UDS_au8DidBuf_0x1D0E
UDS_au8DidBuf_0x1D0E[0]
UDS_au8DidBuf_0x1D0E[1]
UDS_au8DidBuf_0x1D0F
UDS_au8DidBuf_0x1D0F[0]
UDS_au8DidBuf_0x1D0F[1]
UDS_au8DidBuf_0x1D13
UDS_au8DidBuf_0x1D13[0]
UDS_au8DidBuf_0x1D13[1]
UDS_au8DidBuf_0x1D14
UDS_au8DidBuf_0x1D14[0]
UDS_au8DidBuf_0x1D14[1]
UDS_au8DidBuf_0x1D15
UDS_au8DidBuf_0x1D15[0]
UDS_au8DidBuf_0x1D15[1]
UDS_au8DidBuf_0x1D16
UDS_au8DidBuf_0x1D16[0]
UDS_au8DidBuf_0x1D16[1]
UDS_au8DidBuf_0x1D17
UDS_au8DidBuf_0x1D17[0]
UDS_au8DidBuf_0x1D17[1]
UDS_au8DidBuf_0x1D18
UDS_au8DidBuf_0x1D18[0]
UDS_au8DidBuf_0x1D18[1]
UDS_au8DidBuf_0x1D19
UDS_au8DidBuf_0x1D19[0]
UDS_au8DidBuf_0x1D19[1]
UDS_au8DidBuf_0x1D1A
UDS_au8DidBuf_0x1D1A[0]
UDS_au8DidBuf_0x1D1A[1]
UDS_au8DidBuf_0x1D1B
UDS_au8DidBuf_0x1D1B[0]
UDS_au8DidBuf_0x1D1B[1]
UDS_au8DidBuf_0x1D1C
UDS_au8DidBuf_0x1D1C[0]
UDS_au8DidBuf_0x1D1C[1]
UDS_au8DidBuf_0x1D1D
UDS_au8DidBuf_0x1D1D[0]
UDS_au8DidBuf_0x1D1D[1]
UDS_au8DidBuf_0x1D1E
UDS_au8DidBuf_0x1D1E[0]
UDS_au8DidBuf_0x1D1E[1]
UDS_au8DidBuf_0x1D1F
UDS_au8DidBuf_0x1D1F[0]
UDS_au8DidBuf_0x1D1F[1]
UDS_au8DidBuf_0x1D20
UDS_au8DidBuf_0x1D20[0]
UDS_au8DidBuf_0x1D20[1]
UDS_au8DidBuf_0x1D21
UDS_au8DidBuf_0x1D21[0]
UDS_au8DidBuf_0x1D21[1]
UDS_au8DidBuf_0x1D22
UDS_au8DidBuf_0x1D22[0]
UDS_au8DidBuf_0x1D22[1]
UDS_au8DidBuf_0x1D23
UDS_au8DidBuf_0x1D23[0]
UDS_au8DidBuf_0x1D23[1]
UDS_au8DidBuf_0x1D24
UDS_au8DidBuf_0x1D24[0]
UDS_au8DidBuf_0x1D24[1]
UDS_au8DidBuf_0x1D25
UDS_au8DidBuf_0x1D25[0]
UDS_au8DidBuf_0x1D25[1]
UDS_au8DidBuf_0x1D26
UDS_au8DidBuf_0x1D26[0]
UDS_au8DidBuf_0x1D26[1]
UDS_au8DidBuf_0x1D27
UDS_au8DidBuf_0x1D27[0]
UDS_au8DidBuf_0x1D27[1]
UDS_au8DidBuf_0x1D28
UDS_au8DidBuf_0x1D28[0]
UDS_au8DidBuf_0x1D28[1]
UDS_au8DidBuf_0x1D29
UDS_au8DidBuf_0x1D29[0]
UDS_au8DidBuf_0x1D29[1]
UDS_au8DidBuf_0x1D2A
UDS_au8DidBuf_0x1D2A[0]
UDS_au8DidBuf_0x1D2A[1]
UDS_au8DidBuf_0x1D2A[2]
UDS_au8DidBuf_0x1D2A[3]
UDS_au8DidBuf_0x1D2A_1
UDS_au8DidBuf_0x1D2A_1[0]
UDS_au8DidBuf_0x1D2A_1[1]
UDS_au8DidBuf_0x1D2A_1[2]
UDS_au8DidBuf_0x1D2A_1[3]
UDS_au8DidBuf_0x1D2A_2
UDS_au8DidBuf_0x1D2A_2[0]
UDS_au8DidBuf_0x1D2A_2[1]
UDS_au8DidBuf_0x1D2A_2[2]
UDS_au8DidBuf_0x1D2A_2[3]
UDS_au8DidBuf_0x1D2A_3
UDS_au8DidBuf_0x1D2A_3[0]
UDS_au8DidBuf_0x1D2A_3[1]
UDS_au8DidBuf_0x1D2A_3[2]
UDS_au8DidBuf_0x1D2A_3[3]
UDS_au8DidBuf_0x1D2A_4
UDS_au8DidBuf_0x1D2A_4[0]
UDS_au8DidBuf_0x1D2A_4[1]
UDS_au8DidBuf_0x1D2A_4[2]
UDS_au8DidBuf_0x1D2A_4[3]
UDS_au8DidBuf_0x2D02
UDS_au8DidBuf_0x2D02[0]
UDS_au8DidBuf_0x2D02[1]
UDS_au8DidBuf_0x2D03
UDS_au8DidBuf_0x2D03[0]
UDS_au8DidBuf_0x2D03[1]
UDS_au8DidBuf_0x2D04
UDS_au8DidBuf_0x2D04[0]
UDS_au8DidBuf_0x2D04[1]
UDS_au8DidBuf_0x2D05
UDS_au8DidBuf_0x2D06
UDS_au8DidBuf_0x2D06[0]
UDS_au8DidBuf_0x2D06[1]
UDS_au8DidBuf_0x2D07
UDS_au8DidBuf_0x2D08
UDS_au8DidBuf_0x2D08[0]
UDS_au8DidBuf_0x2D08[1]
UDS_au8DidBuf_0x2D0E
UDS_au8DidBuf_0x2D0E[0]
UDS_au8DidBuf_0x2D0E[1]
UDS_au8DidBuf_0x2D13
UDS_au8DidBuf_0x2D13[0]
UDS_au8DidBuf_0x2D13[1]
UDS_au8DidBuf_0x2D14
UDS_au8DidBuf_0x2D14[0]
UDS_au8DidBuf_0x2D14[1]
UDS_au8DidBuf_0x2D15
UDS_au8DidBuf_0x2D15[0]
UDS_au8DidBuf_0x2D15[1]
UDS_au8DidBuf_0x2D1C
UDS_au8DidBuf_0x2D1C[0]
UDS_au8DidBuf_0x2D1C[1]
UDS_au8DidBuf_0x2D1D
UDS_au8DidBuf_0x2D1D[0]
UDS_au8DidBuf_0x2D1D[1]
UDS_au8DidBuf_0x2D1E
UDS_au8DidBuf_0x2D1E[0]
UDS_au8DidBuf_0x2D1E[1]
UDS_au8DidBuf_0x2D1F
UDS_au8DidBuf_0x2D1F[0]
UDS_au8DidBuf_0x2D1F[1]
UDS_au8DidBuf_0x2D20
UDS_au8DidBuf_0x2D20[0]
UDS_au8DidBuf_0x2D20[1]
UDS_au8DidBuf_0x2D21
UDS_au8DidBuf_0x2D21[0]
UDS_au8DidBuf_0x2D21[1]
UDS_au8DidBuf_0x2D22
UDS_au8DidBuf_0x2D22[0]
UDS_au8DidBuf_0x2D22[1]
UDS_au8DidBuf_0x2D25
UDS_au8DidBuf_0x2D25[0]
UDS_au8DidBuf_0x2D25[1]
UDS_au8DidBuf_0x2D26
UDS_au8DidBuf_0x2D26[0]
UDS_au8DidBuf_0x2D26[1]
UDS_au8DidBuf_0x3D02
UDS_au8DidBuf_0x3D02[0]
UDS_au8DidBuf_0x3D02[1]
UDS_au8DidBuf_0x3D03
UDS_au8DidBuf_0x3D03[0]
UDS_au8DidBuf_0x3D03[1]
UDS_au8DidBuf_0x3D04
UDS_au8DidBuf_0x3D04[0]
UDS_au8DidBuf_0x3D04[1]
UDS_au8DidBuf_0x3D05
UDS_au8DidBuf_0x3D06
UDS_au8DidBuf_0x3D06[0]
UDS_au8DidBuf_0x3D06[1]
UDS_au8DidBuf_0x3D07
UDS_au8DidBuf_0x3D08
UDS_au8DidBuf_0x3D08[0]
UDS_au8DidBuf_0x3D08[1]
UDS_au8DidBuf_0x3D0E
UDS_au8DidBuf_0x3D0E[0]
UDS_au8DidBuf_0x3D0E[1]
UDS_au8DidBuf_0x3D13
UDS_au8DidBuf_0x3D13[0]
UDS_au8DidBuf_0x3D13[1]
UDS_au8DidBuf_0x3D14
UDS_au8DidBuf_0x3D14[0]
UDS_au8DidBuf_0x3D14[1]
UDS_au8DidBuf_0x3D15
UDS_au8DidBuf_0x3D15[0]
UDS_au8DidBuf_0x3D15[1]
UDS_au8DidBuf_0x3D1C
UDS_au8DidBuf_0x3D1C[0]
UDS_au8DidBuf_0x3D1C[1]
UDS_au8DidBuf_0x3D1D
UDS_au8DidBuf_0x3D1D[0]
UDS_au8DidBuf_0x3D1D[1]
UDS_au8DidBuf_0x3D1E
UDS_au8DidBuf_0x3D1E[0]
UDS_au8DidBuf_0x3D1E[1]
UDS_au8DidBuf_0x3D1F
UDS_au8DidBuf_0x3D1F[0]
UDS_au8DidBuf_0x3D1F[1]
UDS_au8DidBuf_0x3D20
UDS_au8DidBuf_0x3D20[0]
UDS_au8DidBuf_0x3D20[1]
UDS_au8DidBuf_0x3D21
UDS_au8DidBuf_0x3D21[0]
UDS_au8DidBuf_0x3D21[1]
UDS_au8DidBuf_0x3D22
UDS_au8DidBuf_0x3D22[0]
UDS_au8DidBuf_0x3D22[1]
UDS_au8DidBuf_0x3D25
UDS_au8DidBuf_0x3D25[0]
UDS_au8DidBuf_0x3D25[1]
UDS_au8DidBuf_0x3D26
UDS_au8DidBuf_0x3D26[0]
UDS_au8DidBuf_0x3D26[1]
UDS_au8DidBuf_0x4D27
UDS_au8DidBuf_0x4D27[0]
UDS_au8DidBuf_0x4D27[1]
UDS_au8DidBuf_0x4D28
UDS_au8DidBuf_0x4D28[0]
UDS_au8DidBuf_0x4D28[1]
UDS_au8DidBuf_0x4D29
UDS_au8DidBuf_0x4D29[0]
UDS_au8DidBuf_0x4D29[1]
UDS_au8DidBuf_0x4D2A
UDS_au8DidBuf_0x4D2A[0]
UDS_au8DidBuf_0x4D2A[1]
UDS_au8DidBuf_0x4D2B
UDS_au8DidBuf_0x4D2B[0]
UDS_au8DidBuf_0x4D2B[1]
UDS_au8DidBuf_0x4D2C
UDS_au8DidBuf_0x4D2C[0]
UDS_au8DidBuf_0x4D2C[1]
UDS_au8DidBuf_0x4D2D
UDS_au8DidBuf_0x4D2D[0]
UDS_au8DidBuf_0x4D2D[1]
UDS_au8DidBuf_0x4D2E
UDS_au8DidBuf_0x4D2E[0]
UDS_au8DidBuf_0x4D2E[1]
UDS_au8DidBuf_0x4D2F
UDS_au8DidBuf_0x4D2F[0]
UDS_au8DidBuf_0x4D2F[1]
UDS_au8DidBuf_0x4D30
UDS_au8DidBuf_0x4D30[0]
UDS_au8DidBuf_0x4D30[1]
UDS_au8DidBuf_0x4D31
UDS_au8DidBuf_0x4D31[0]
UDS_au8DidBuf_0x4D31[1]
UDS_au8DidBuf_0x4D32
UDS_au8DidBuf_0x4D32[0]
UDS_au8DidBuf_0x4D32[1]
UDS_au8DidBuf_0x4D33
UDS_au8DidBuf_0x4D33[0]
UDS_au8DidBuf_0x4D33[1]
UDS_au8DidBuf_0x4D34
UDS_au8DidBuf_0x4D34[0]
UDS_au8DidBuf_0x4D34[1]
UDS_au8DidBuf_0x4D35
UDS_au8DidBuf_0x4D35[0]
UDS_au8DidBuf_0x4D35[1]
UDS_au8DidBuf_0x4D36
UDS_au8DidBuf_0x4D36[0]
UDS_au8DidBuf_0x4D36[1]
UDS_au8DidBuf_0x4D37
UDS_au8DidBuf_0x4D37[0]
UDS_au8DidBuf_0x4D37[1]
UDS_au8DidBuf_0x4D38
UDS_au8DidBuf_0x4D38[0]
UDS_au8DidBuf_0x4D38[1]
UDS_au8DidBuf_0x4D39
UDS_au8DidBuf_0x4D39[0]
UDS_au8DidBuf_0x4D39[1]
UDS_au8DidBuf_0x4D3A
UDS_au8DidBuf_0x4D3A[0]
UDS_au8DidBuf_0x4D3A[1]
UDS_au8DidBuf_0x4D3B
UDS_au8DidBuf_0x4D3B[0]
UDS_au8DidBuf_0x4D3B[1]
UDS_au8DidBuf_0x4D3C
UDS_au8DidBuf_0x4D3C[0]
UDS_au8DidBuf_0x4D3C[1]
UDS_au8DidBuf_0x4D3D
UDS_au8DidBuf_0x4D3D[0]
UDS_au8DidBuf_0x4D3D[1]
UDS_au8ECUInstallDateNvm
UDS_au8ECUInstallDateNvm[0]
UDS_au8ECUInstallDateNvm[1]
UDS_au8ECUInstallDateNvm[2]
UDS_au8ECUInstallDateNvm[3]
UDS_au8ESKDataNvm
UDS_au8ESKDataNvmDef
UDS_au8ESKDataNvmDef[0]
UDS_au8ESKDataNvmDef[10]
UDS_au8ESKDataNvmDef[11]
UDS_au8ESKDataNvmDef[12]
UDS_au8ESKDataNvmDef[13]
UDS_au8ESKDataNvmDef[14]
UDS_au8ESKDataNvmDef[15]
UDS_au8ESKDataNvmDef[1]
UDS_au8ESKDataNvmDef[2]
UDS_au8ESKDataNvmDef[3]
UDS_au8ESKDataNvmDef[4]
UDS_au8ESKDataNvmDef[5]
UDS_au8ESKDataNvmDef[6]
UDS_au8ESKDataNvmDef[7]
UDS_au8ESKDataNvmDef[8]
UDS_au8ESKDataNvmDef[9]
UDS_au8ESKDataNvm[0]
UDS_au8ESKDataNvm[10]
UDS_au8ESKDataNvm[11]
UDS_au8ESKDataNvm[12]
UDS_au8ESKDataNvm[13]
UDS_au8ESKDataNvm[14]
UDS_au8ESKDataNvm[15]
UDS_au8ESKDataNvm[1]
UDS_au8ESKDataNvm[2]
UDS_au8ESKDataNvm[3]
UDS_au8ESKDataNvm[4]
UDS_au8ESKDataNvm[5]
UDS_au8ESKDataNvm[6]
UDS_au8ESKDataNvm[7]
UDS_au8ESKDataNvm[8]
UDS_au8ESKDataNvm[9]
UDS_au8VehManufEcuSwVersNvm
UDS_au8VehManufEcuSwVersNvm[0]
UDS_au8VehManufEcuSwVersNvm[10]
UDS_au8VehManufEcuSwVersNvm[11]
UDS_au8VehManufEcuSwVersNvm[12]
UDS_au8VehManufEcuSwVersNvm[13]
UDS_au8VehManufEcuSwVersNvm[14]
UDS_au8VehManufEcuSwVersNvm[15]
UDS_au8VehManufEcuSwVersNvm[1]
UDS_au8VehManufEcuSwVersNvm[2]
UDS_au8VehManufEcuSwVersNvm[3]
UDS_au8VehManufEcuSwVersNvm[4]
UDS_au8VehManufEcuSwVersNvm[5]
UDS_au8VehManufEcuSwVersNvm[6]
UDS_au8VehManufEcuSwVersNvm[7]
UDS_au8VehManufEcuSwVersNvm[8]
UDS_au8VehManufEcuSwVersNvm[9]
UDS_au8VehNetConfigNvm
UDS_au8VehNetConfigNvm[0]
UDS_au8VehNetConfigNvm[1]
UDS_au8VehNetConfigNvm[2]
UDS_au8VehNetConfigNvm[3]
UDS_au8VehNetConfigNvm[4]
UDS_au8VehNetConfigNvm[5]
UDS_au8VehNetConfigNvm[6]
UDS_au8VehNetConfigNvm[7]
UDS_bDisaNmComFlg
UDS_bDisableComFlg
UDS_bDisableDtcSettingFlg
UDS_bKeyOffOnResetActivated
UDS_bResetAndBootCondition
UDS_u16Autophs
UDS_u16AutophsCrc
UDS_u16EngineRPM
UDS_u16ISGCurrTorq
UDS_u16ReprogAttemptCntNvm
UDS_u16ReprogAttemptCntNvm_def
UDS_u16ReprogCntNvm
UDS_u16ReprogCntNvm_def
UDS_u16RmsCurU
UDS_u16RmsCurV
UDS_u16RmsCurW
UDS_u16SupplyVolt
UDS_u32Jump2PreBotCode
UDS_u32SecurKeyVal
UDS_u8ComCtrlType
UDS_u8DtcSettingControlNvm
UDS_u8DtcSettingControlNvm[0]
UDS_u8DtcSettingControlNvm[10]
UDS_u8DtcSettingControlNvm[11]
UDS_u8DtcSettingControlNvm[1]
UDS_u8DtcSettingControlNvm[2]
UDS_u8DtcSettingControlNvm[3]
UDS_u8DtcSettingControlNvm[4]
UDS_u8DtcSettingControlNvm[5]
UDS_u8DtcSettingControlNvm[6]
UDS_u8DtcSettingControlNvm[7]
UDS_u8DtcSettingControlNvm[8]
UDS_u8DtcSettingControlNvm[9]
UDS_u8DtcSettingControlNvm_def
UDS_u8DtcSettingControlNvm_def[0]
UDS_u8DtcSettingControlNvm_def[10]
UDS_u8DtcSettingControlNvm_def[11]
UDS_u8DtcSettingControlNvm_def[1]
UDS_u8DtcSettingControlNvm_def[2]
UDS_u8DtcSettingControlNvm_def[3]
UDS_u8DtcSettingControlNvm_def[4]
UDS_u8DtcSettingControlNvm_def[5]
UDS_u8DtcSettingControlNvm_def[6]
UDS_u8DtcSettingControlNvm_def[7]
UDS_u8DtcSettingControlNvm_def[8]
UDS_u8DtcSettingControlNvm_def[9]
UDS_u8IPUMode
UDS_u8ManufactoryModeNvm
UDS_u8ManufactoryModeNvm_def
UDS_u8MtocNvm
UDS_u8MtocNvm[0]
UDS_u8MtocNvm[10]
UDS_u8MtocNvm[11]
UDS_u8MtocNvm[12]
UDS_u8MtocNvm[13]
UDS_u8MtocNvm[14]
UDS_u8MtocNvm[15]
UDS_u8MtocNvm[16]
UDS_u8MtocNvm[1]
UDS_u8MtocNvm[2]
UDS_u8MtocNvm[3]
UDS_u8MtocNvm[4]
UDS_u8MtocNvm[5]
UDS_u8MtocNvm[6]
UDS_u8MtocNvm[7]
UDS_u8MtocNvm[8]
UDS_u8MtocNvm[9]
UDS_u8MtocNvm_def
UDS_u8MtocNvm_def[0]
UDS_u8MtocNvm_def[10]
UDS_u8MtocNvm_def[11]
UDS_u8MtocNvm_def[12]
UDS_u8MtocNvm_def[13]
UDS_u8MtocNvm_def[14]
UDS_u8MtocNvm_def[15]
UDS_u8MtocNvm_def[16]
UDS_u8MtocNvm_def[1]
UDS_u8MtocNvm_def[2]
UDS_u8MtocNvm_def[3]
UDS_u8MtocNvm_def[4]
UDS_u8MtocNvm_def[5]
UDS_u8MtocNvm_def[6]
UDS_u8MtocNvm_def[7]
UDS_u8MtocNvm_def[8]
UDS_u8MtocNvm_def[9]
UDS_u8ResetRequestedMode
V5RDve_e_EC_StatusRef1Vld
V5RDve_e_EC_StatusRef2Vld
V5RDve_e_EC_StatusRef3Vld
VADC_aku16MaxThrdGrp
VADC_aku16MinThrdGrp
VADC_ku16MaxThrdGlobal
VADC_ku16MinThrdGlobal
VCU_Fault
VECU_EngRunningStatusExpanded
VECU_EngSpdSignalFailure
VECU_IUP_RATE_GEN_DEN
VECU_IUP_RATE_GEN_INH
VODOve_l_TotalOdometer
VSI_bBenchFrameRxChkOffC
VSI_bSoftOvCurrPhsUFlg
VSI_bSoftOvCurrPhsVFlg
VSI_bSoftOvCurrPhsWFlg
VSI_u16Cal1OverCurThBatC
VSI_u16Cal1OverCurThMotC
VSI_u16Cal1OverVoltVbatThC
VSI_u16Cal1PwmDeadtimeC
VSI_u16Cal1PwmFreqC
VSI_u16Cal1PwmInitValUlC
VSI_u16Cal1PwmInitValUrC
VSI_u16Cal1PwmInitValVlC
VSI_u16Cal1PwmInitValVrC
VSI_u16Cal1PwmInitValWlC
VSI_u16Cal1PwmInitValWrC
VSI_u16Cal1SynchroDelayC
VSI_u32SafeTreatDelayC
VSI_u32TimeoutCsC
VSI_u32TimeoutEmailC
VSI_u32TimeoutSafeTcalcC
VSI_u32TimeoutSyncPosC
VSI_u32TimeoutTcalcC
VSI_u8IdTx
VSPEve_e_DrvnWhlsSpdUnsignedVld
VSPEve_e_DrvnWhlsSpdVld
VSPEve_e_VehSpdCOGUnsignedVld
VSPEve_e_VehSpdCOGVld
VSPEve_v_DrvnWhlsSpd
VSPEve_v_DrvnWhlsSpdUnsigned
VSPEve_v_VehSpdCOG
VSPEve_v_VehSpdCOGUnsigned
VSPEve_v_VehSpdNonDrivenUnsigned
VSSDve_e_VehicleSpeedVld
VSSDve_v_VehicleSpeed
WSSDve_e_DrvnWhlSpdLeftVld
WSSDve_e_DrvnWhlSpdRightVld
WSSDve_e_NonDrvnWhlSpdLeftVld
WSSDve_e_NonDrvnWhlSpdRightVld
WSSDve_v_DrvnWhlSpdLeft
WSSDve_v_DrvnWhlSpdRight
WSSDve_v_NonDrvnWhlSpdLeft
WSSDve_v_NonDrvnWhlSpdRight
bcm_pepsPowerMode
ebs_U_BATT
ic_totalMileage
ivi_timeInfoDay
ivi_timeInfoHour
ivi_timeInfoMinute
ivi_timeInfoMonth
ivi_timeInfoSecond
ivi_timeInfoYear
