	Integrity Errors: 
Parameter Name                 : Address  : Type of Error
 AMAIN_u32VSICntCkreqVSIStartedC:0x80058B1C: Address already in use
 AMAIN_u32VSICntCkreqVSIStartedC:0x80058B1D: Address already in use
 AMAIN_u32VSICntCkreqVSIStartedC:0x80058B1E: Address already in use
 AMAIN_u32VSICntCkreqVSIStartedC:0x80058B1F: Address already in use
            EAS_bDefaultEskPassC:0x8009AD44: Parameter address out of calibration zones
                 EAS_bRN32EnaOnC:0x8009AD43: Parameter address out of calibration zones
          EAS_u8Chg1DelayTimoutC:0x8009AD42: Parameter address out of calibration zones
           ESM_bPowerOffModeInhC:0x8009CF9B: Parameter address out of calibration zones
         ESM_u16PowerLatchTempoC:0x8009CA26: Parameter address out of calibration zones
         ESM_u16PowerLatchTempoC:0x8009CA27: Parameter address out of calibration zones
          ESM_u8RestartDelayCntC:0x8009CA24: Parameter address out of calibration zones
     FaultBSW_COM_BusOff_CAN1Dec:0x8009A9DC: Parameter address out of calibration zones
 FaultBSW_COM_BusOff_CAN1FailMod:0x8009AC20: Parameter address out of calibration zones
     FaultBSW_COM_BusOff_CAN1Inc:0x8009AAFE: Parameter address out of calibration zones
  FaultBSW_COM_ChecksumErrVCUDec:0x8009A9DD: Parameter address out of calibration zones
FaultBSW_COM_ChecksumErrVCUFailMod:0x8009AC21: Parameter address out of calibration zones
  FaultBSW_COM_ChecksumErrVCUInc:0x8009AAFF: Parameter address out of calibration zones
   FaultBSW_COM_InterFaultVCUDec:0x8009A9DE: Parameter address out of calibration zones
FaultBSW_COM_InterFaultVCUFailMod:0x8009AC22: Parameter address out of calibration zones
   FaultBSW_COM_InterFaultVCUInc:0x8009AB00: Parameter address out of calibration zones
   FaultBSW_COM_RollCntErrVCUDec:0x8009A9DF: Parameter address out of calibration zones
FaultBSW_COM_RollCntErrVCUFailMod:0x8009AC23: Parameter address out of calibration zones
   FaultBSW_COM_RollCntErrVCUInc:0x8009AB01: Parameter address out of calibration zones
     FaultBSW_COM_TimoutRxBCMDec:0x8009A9E0: Parameter address out of calibration zones
 FaultBSW_COM_TimoutRxBCMFailMod:0x8009AC24: Parameter address out of calibration zones
     FaultBSW_COM_TimoutRxBCMInc:0x8009AB02: Parameter address out of calibration zones
    FaultBSW_COM_TimoutRxBMSHDec:0x8009A9E1: Parameter address out of calibration zones
FaultBSW_COM_TimoutRxBMSHFailMod:0x8009AC25: Parameter address out of calibration zones
    FaultBSW_COM_TimoutRxBMSHInc:0x8009AB03: Parameter address out of calibration zones
     FaultBSW_COM_TimoutRxEMSDec:0x8009A9E2: Parameter address out of calibration zones
 FaultBSW_COM_TimoutRxEMSFailMod:0x8009AC26: Parameter address out of calibration zones
     FaultBSW_COM_TimoutRxEMSInc:0x8009AB04: Parameter address out of calibration zones
     FaultBSW_COM_TimoutRxGCUDec:0x8009A9E3: Parameter address out of calibration zones
 FaultBSW_COM_TimoutRxGCUFailMod:0x8009AC27: Parameter address out of calibration zones
     FaultBSW_COM_TimoutRxGCUInc:0x8009AB05: Parameter address out of calibration zones
     FaultBSW_COM_TimoutRxIPCDec:0x8009A9E4: Parameter address out of calibration zones
 FaultBSW_COM_TimoutRxIPCFailMod:0x8009AC28: Parameter address out of calibration zones
     FaultBSW_COM_TimoutRxIPCInc:0x8009AB06: Parameter address out of calibration zones
    FaultBSW_COM_TimoutRxTBOXDec:0x8009A9E5: Parameter address out of calibration zones
FaultBSW_COM_TimoutRxTBOXFailMod:0x8009AC29: Parameter address out of calibration zones
    FaultBSW_COM_TimoutRxTBOXInc:0x8009AB07: Parameter address out of calibration zones
     FaultBSW_COM_TimoutRxVCUDec:0x8009A9E6: Parameter address out of calibration zones
 FaultBSW_COM_TimoutRxVCUFailMod:0x8009AC2A: Parameter address out of calibration zones
     FaultBSW_COM_TimoutRxVCUInc:0x8009AB08: Parameter address out of calibration zones
FaultBSW_HW2_FPGA_OverVoltVBatDec:0x8009A9E7: Parameter address out of calibration zones
FaultBSW_HW2_FPGA_OverVoltVBatFailMod:0x8009AC2B: Parameter address out of calibration zones
FaultBSW_HW2_FPGA_OverVoltVBatInc:0x8009AB09: Parameter address out of calibration zones
 FaultBSW_HW2_SafeTlib_PreRunDec:0x8009A9E8: Parameter address out of calibration zones
FaultBSW_HW2_SafeTlib_PreRunFailMod:0x8009AC2C: Parameter address out of calibration zones
 FaultBSW_HW2_SafeTlib_PreRunInc:0x8009AB0A: Parameter address out of calibration zones
       FaultBSW_HW_EasAckFailDec:0x8009A9E9: Parameter address out of calibration zones
   FaultBSW_HW_EasAckFailFailMod:0x8009AC2D: Parameter address out of calibration zones
       FaultBSW_HW_EasAckFailInc:0x8009AB0B: Parameter address out of calibration zones
      FaultBSW_HW_FPGA_IGBT_HDec:0x8009A9EA: Parameter address out of calibration zones
  FaultBSW_HW_FPGA_IGBT_HFailMod:0x8009AC2E: Parameter address out of calibration zones
      FaultBSW_HW_FPGA_IGBT_HInc:0x8009AB0C: Parameter address out of calibration zones
      FaultBSW_HW_FPGA_IGBT_LDec:0x8009A9EB: Parameter address out of calibration zones
  FaultBSW_HW_FPGA_IGBT_LFailMod:0x8009AC2F: Parameter address out of calibration zones
      FaultBSW_HW_FPGA_IGBT_LInc:0x8009AB0D: Parameter address out of calibration zones
FaultBSW_HW_FPGA_OverUnderCurUIDec:0x8009A9EC: Parameter address out of calibration zones
FaultBSW_HW_FPGA_OverUnderCurUIFailMod:0x8009AC30: Parameter address out of calibration zones
FaultBSW_HW_FPGA_OverUnderCurUIInc:0x8009AB0E: Parameter address out of calibration zones
FaultBSW_HW_FPGA_OverUnderCurVIDec:0x8009A9ED: Parameter address out of calibration zones
FaultBSW_HW_FPGA_OverUnderCurVIFailMod:0x8009AC31: Parameter address out of calibration zones
FaultBSW_HW_FPGA_OverUnderCurVIInc:0x8009AB0F: Parameter address out of calibration zones
FaultBSW_HW_FPGA_OverUnderCurWIDec:0x8009A9EE: Parameter address out of calibration zones
FaultBSW_HW_FPGA_OverUnderCurWIFailMod:0x8009AC32: Parameter address out of calibration zones
FaultBSW_HW_FPGA_OverUnderCurWIInc:0x8009AB10: Parameter address out of calibration zones
FaultBSW_HW_OCDataNotRationalDec:0x8009A9EF: Parameter address out of calibration zones
FaultBSW_HW_OCDataNotRationalFailMod:0x8009AC33: Parameter address out of calibration zones
FaultBSW_HW_OCDataNotRationalInc:0x8009AB11: Parameter address out of calibration zones
          FaultBSW_SYS_RstHotDec:0x8009A9F0: Parameter address out of calibration zones
      FaultBSW_SYS_RstHotFailMod:0x8009AC34: Parameter address out of calibration zones
          FaultBSW_SYS_RstHotInc:0x8009AB12: Parameter address out of calibration zones
   FaultBSW_SYS_StackOverflowDec:0x8009A9F1: Parameter address out of calibration zones
FaultBSW_SYS_StackOverflowFailMod:0x8009AC35: Parameter address out of calibration zones
   FaultBSW_SYS_StackOverflowInc:0x8009AB13: Parameter address out of calibration zones
    FaultBSW_VSI_TimeoutTCalcDec:0x8009A9F2: Parameter address out of calibration zones
FaultBSW_VSI_TimeoutTCalcFailMod:0x8009AC36: Parameter address out of calibration zones
    FaultBSW_VSI_TimeoutTCalcInc:0x8009AB14: Parameter address out of calibration zones
     FaultFSEVBHV_OverVoltageDec:0x8009A9F3: Parameter address out of calibration zones
 FaultFSEVBHV_OverVoltageFailMod:0x8009AC37: Parameter address out of calibration zones
     FaultFSEVBHV_OverVoltageInc:0x8009AB15: Parameter address out of calibration zones
FaultFSEVBHV_SampleVolOutRngHDec:0x8009A9F4: Parameter address out of calibration zones
FaultFSEVBHV_SampleVolOutRngHFailMod:0x8009AC38: Parameter address out of calibration zones
FaultFSEVBHV_SampleVolOutRngHInc:0x8009AB16: Parameter address out of calibration zones
FaultFSEVBHV_SampleVolOutRngLDec:0x8009A9F5: Parameter address out of calibration zones
FaultFSEVBHV_SampleVolOutRngLFailMod:0x8009AC39: Parameter address out of calibration zones
FaultFSEVBHV_SampleVolOutRngLInc:0x8009AB17: Parameter address out of calibration zones
    FaultFSEVBHV_UnderVoltageDec:0x8009A9F6: Parameter address out of calibration zones
FaultFSEVBHV_UnderVoltageFailMod:0x8009AC3A: Parameter address out of calibration zones
    FaultFSEVBHV_UnderVoltageInc:0x8009AB18: Parameter address out of calibration zones
FaultFSEVBHV_UnderVoltageWarnDec:0x8009A9FA: Parameter address out of calibration zones
FaultFSEVBHV_UnderVoltageWarnFailMod:0x8009AC3E: Parameter address out of calibration zones
FaultFSEVBHV_UnderVoltageWarnInc:0x8009AB1C: Parameter address out of calibration zones
  FaultFSEVBHV_VolNotRationalDec:0x8009A9F7: Parameter address out of calibration zones
FaultFSEVBHV_VolNotRationalFailMod:0x8009AC3B: Parameter address out of calibration zones
  FaultFSEVBHV_VolNotRationalInc:0x8009AB19: Parameter address out of calibration zones
      FaultFSEVBHV_VoltageGndDec:0x8009A9F8: Parameter address out of calibration zones
  FaultFSEVBHV_VoltageGndFailMod:0x8009AC3C: Parameter address out of calibration zones
      FaultFSEVBHV_VoltageGndInc:0x8009AB1A: Parameter address out of calibration zones
      FaultFSEVBHV_VoltageVccDec:0x8009A9F9: Parameter address out of calibration zones
  FaultFSEVBHV_VoltageVccFailMod:0x8009AC3D: Parameter address out of calibration zones
      FaultFSEVBHV_VoltageVccInc:0x8009AB1B: Parameter address out of calibration zones
     FaultFSEVBLV_OverVoltageDec:0x8009A9FB: Parameter address out of calibration zones
 FaultFSEVBLV_OverVoltageFailMod:0x8009AC3F: Parameter address out of calibration zones
     FaultFSEVBLV_OverVoltageInc:0x8009AB1D: Parameter address out of calibration zones
    FaultFSEVBLV_P5VRefADCFltDec:0x8009A9FC: Parameter address out of calibration zones
FaultFSEVBLV_P5VRefADCFltFailMod:0x8009AC40: Parameter address out of calibration zones
    FaultFSEVBLV_P5VRefADCFltInc:0x8009AB1E: Parameter address out of calibration zones
    FaultFSEVBLV_UnderVoltageDec:0x8009A9FD: Parameter address out of calibration zones
FaultFSEVBLV_UnderVoltageFailMod:0x8009AC41: Parameter address out of calibration zones
    FaultFSEVBLV_UnderVoltageInc:0x8009AB1F: Parameter address out of calibration zones
FaultFSEVBLV_UnderVoltageWarnDec:0x8009AA00: Parameter address out of calibration zones
FaultFSEVBLV_UnderVoltageWarnFailMod:0x8009AC44: Parameter address out of calibration zones
FaultFSEVBLV_UnderVoltageWarnInc:0x8009AB22: Parameter address out of calibration zones
      FaultFSEVBLV_VoltageGndDec:0x8009A9FE: Parameter address out of calibration zones
  FaultFSEVBLV_VoltageGndFailMod:0x8009AC42: Parameter address out of calibration zones
      FaultFSEVBLV_VoltageGndInc:0x8009AB20: Parameter address out of calibration zones
      FaultFSEVBLV_VoltageVccDec:0x8009A9FF: Parameter address out of calibration zones
  FaultFSEVBLV_VoltageVccFailMod:0x8009AC43: Parameter address out of calibration zones
      FaultFSEVBLV_VoltageVccInc:0x8009AB21: Parameter address out of calibration zones
   FaultFSEVETA_DrvTempRationDec:0x8009AA01: Parameter address out of calibration zones
FaultFSEVETA_DrvTempRationFailMod:0x8009AC45: Parameter address out of calibration zones
   FaultFSEVETA_DrvTempRationInc:0x8009AB23: Parameter address out of calibration zones
FaultFSEVETA_IgbtTempRationalDec:0x8009AA02: Parameter address out of calibration zones
FaultFSEVETA_IgbtTempRationalFailMod:0x8009AC46: Parameter address out of calibration zones
FaultFSEVETA_IgbtTempRationalInc:0x8009AB24: Parameter address out of calibration zones
 FaultFSEVETA_OverTempDrvLeftDec:0x8009AA05: Parameter address out of calibration zones
FaultFSEVETA_OverTempDrvLeftFailMod:0x8009AC49: Parameter address out of calibration zones
 FaultFSEVETA_OverTempDrvLeftInc:0x8009AB27: Parameter address out of calibration zones
FaultFSEVETA_OverTempIgbtLeftDec:0x8009AA06: Parameter address out of calibration zones
FaultFSEVETA_OverTempIgbtLeftFailMod:0x8009AC4A: Parameter address out of calibration zones
FaultFSEVETA_OverTempIgbtLeftInc:0x8009AB28: Parameter address out of calibration zones
FaultFSEVETA_OverTempNTC1CmdBoardDec:0x8009AA07: Parameter address out of calibration zones
FaultFSEVETA_OverTempNTC1CmdBoardFailMod:0x8009AC4B: Parameter address out of calibration zones
FaultFSEVETA_OverTempNTC1CmdBoardInc:0x8009AB29: Parameter address out of calibration zones
FaultFSEVETA_SampleIgbtTempOutRngHDec:0x8009AA03: Parameter address out of calibration zones
FaultFSEVETA_SampleIgbtTempOutRngHFailMod:0x8009AC47: Parameter address out of calibration zones
FaultFSEVETA_SampleIgbtTempOutRngHInc:0x8009AB25: Parameter address out of calibration zones
FaultFSEVETA_SampleIgbtTempOutRngLDec:0x8009AA04: Parameter address out of calibration zones
FaultFSEVETA_SampleIgbtTempOutRngLFailMod:0x8009AC48: Parameter address out of calibration zones
FaultFSEVETA_SampleIgbtTempOutRngLInc:0x8009AB26: Parameter address out of calibration zones
FaultFSEVETA_TempDrvBoardLeftGndDec:0x8009AA08: Parameter address out of calibration zones
FaultFSEVETA_TempDrvBoardLeftGndFailMod:0x8009AC4C: Parameter address out of calibration zones
FaultFSEVETA_TempDrvBoardLeftGndInc:0x8009AB2A: Parameter address out of calibration zones
FaultFSEVETA_TempDrvBoardLeftVccDec:0x8009AA09: Parameter address out of calibration zones
FaultFSEVETA_TempDrvBoardLeftVccFailMod:0x8009AC4D: Parameter address out of calibration zones
FaultFSEVETA_TempDrvBoardLeftVccInc:0x8009AB2B: Parameter address out of calibration zones
 FaultFSEVETA_TempIgbtLeftGndDec:0x8009AA0A: Parameter address out of calibration zones
FaultFSEVETA_TempIgbtLeftGndFailMod:0x8009AC4E: Parameter address out of calibration zones
 FaultFSEVETA_TempIgbtLeftGndInc:0x8009AB2C: Parameter address out of calibration zones
 FaultFSEVETA_TempIgbtLeftVccDec:0x8009AA0B: Parameter address out of calibration zones
FaultFSEVETA_TempIgbtLeftVccFailMod:0x8009AC4F: Parameter address out of calibration zones
 FaultFSEVETA_TempIgbtLeftVccInc:0x8009AB2D: Parameter address out of calibration zones
FaultFSEVETA_TempNTC1CmdBoardGndDec:0x8009AA0C: Parameter address out of calibration zones
FaultFSEVETA_TempNTC1CmdBoardGndFailMod:0x8009AC50: Parameter address out of calibration zones
FaultFSEVETA_TempNTC1CmdBoardGndInc:0x8009AB2E: Parameter address out of calibration zones
FaultFSEVETA_TempNTC1CmdBoardVccDec:0x8009AA0D: Parameter address out of calibration zones
FaultFSEVETA_TempNTC1CmdBoardVccFailMod:0x8009AC51: Parameter address out of calibration zones
FaultFSEVETA_TempNTC1CmdBoardVccInc:0x8009AB2F: Parameter address out of calibration zones
FaultFSEVETA_UnderTempDrvLeftDec:0x8009AA0E: Parameter address out of calibration zones
FaultFSEVETA_UnderTempDrvLeftFailMod:0x8009AC52: Parameter address out of calibration zones
FaultFSEVETA_UnderTempDrvLeftInc:0x8009AB30: Parameter address out of calibration zones
FaultFSEVETA_UnderTempIgbtLeftDec:0x8009AA0F: Parameter address out of calibration zones
FaultFSEVETA_UnderTempIgbtLeftFailMod:0x8009AC53: Parameter address out of calibration zones
FaultFSEVETA_UnderTempIgbtLeftInc:0x8009AB31: Parameter address out of calibration zones
FaultFSEVETA_UnderTempNTC1CmdBoardDec:0x8009AA10: Parameter address out of calibration zones
FaultFSEVETA_UnderTempNTC1CmdBoardFailMod:0x8009AC54: Parameter address out of calibration zones
FaultFSEVETA_UnderTempNTC1CmdBoardInc:0x8009AB32: Parameter address out of calibration zones
FaultFSMTMTA_OverTempWdgHead1Dec:0x8009AA11: Parameter address out of calibration zones
FaultFSMTMTA_OverTempWdgHead1FailMod:0x8009AC55: Parameter address out of calibration zones
FaultFSMTMTA_OverTempWdgHead1Inc:0x8009AB33: Parameter address out of calibration zones
FaultFSMTMTA_TempWindHead1OutRngHDec:0x8009AA12: Parameter address out of calibration zones
FaultFSMTMTA_TempWindHead1OutRngHFailMod:0x8009AC56: Parameter address out of calibration zones
FaultFSMTMTA_TempWindHead1OutRngHInc:0x8009AB34: Parameter address out of calibration zones
FaultFSMTMTA_TempWindHead1OutRngLDec:0x8009AA13: Parameter address out of calibration zones
FaultFSMTMTA_TempWindHead1OutRngLFailMod:0x8009AC57: Parameter address out of calibration zones
FaultFSMTMTA_TempWindHead1OutRngLInc:0x8009AB35: Parameter address out of calibration zones
FaultFSMTMTA_TempWindingHead1GndDec:0x8009AA14: Parameter address out of calibration zones
FaultFSMTMTA_TempWindingHead1GndFailMod:0x8009AC58: Parameter address out of calibration zones
FaultFSMTMTA_TempWindingHead1GndInc:0x8009AB36: Parameter address out of calibration zones
FaultFSMTMTA_TempWindingHead1VccDec:0x8009AA15: Parameter address out of calibration zones
FaultFSMTMTA_TempWindingHead1VccFailMod:0x8009AC59: Parameter address out of calibration zones
FaultFSMTMTA_TempWindingHead1VccInc:0x8009AB37: Parameter address out of calibration zones
FaultFSMTMTA_UnderTempWdgHead1Dec:0x8009AA16: Parameter address out of calibration zones
FaultFSMTMTA_UnderTempWdgHead1FailMod:0x8009AC5A: Parameter address out of calibration zones
FaultFSMTMTA_UnderTempWdgHead1Inc:0x8009AB38: Parameter address out of calibration zones
   FaultFSMTRDG_ExcGenerationDec:0x8009AA17: Parameter address out of calibration zones
FaultFSMTRDG_ExcGenerationFailMod:0x8009AC5B: Parameter address out of calibration zones
   FaultFSMTRDG_ExcGenerationInc:0x8009AB39: Parameter address out of calibration zones
    FaultFSMTRDG_ExcSignalGNDDec:0x8009AA18: Parameter address out of calibration zones
FaultFSMTRDG_ExcSignalGNDFailMod:0x8009AC5C: Parameter address out of calibration zones
    FaultFSMTRDG_ExcSignalGNDInc:0x8009AB3A: Parameter address out of calibration zones
    FaultFSMTRDG_ExcSignalVCCDec:0x8009AA19: Parameter address out of calibration zones
FaultFSMTRDG_ExcSignalVCCFailMod:0x8009AC5D: Parameter address out of calibration zones
    FaultFSMTRDG_ExcSignalVCCInc:0x8009AB3B: Parameter address out of calibration zones
     FaultFSMTRDG_SinCosHLGndDec:0x8009AA1A: Parameter address out of calibration zones
 FaultFSMTRDG_SinCosHLGndFailMod:0x8009AC5E: Parameter address out of calibration zones
     FaultFSMTRDG_SinCosHLGndInc:0x8009AB3C: Parameter address out of calibration zones
    FaultFSMTRDG_SinCosHLOpenDec:0x8009AA1B: Parameter address out of calibration zones
FaultFSMTRDG_SinCosHLOpenFailMod:0x8009AC5F: Parameter address out of calibration zones
    FaultFSMTRDG_SinCosHLOpenInc:0x8009AB3D: Parameter address out of calibration zones
     FaultFSMTRDG_SinCosHLVccDec:0x8009AA1C: Parameter address out of calibration zones
 FaultFSMTRDG_SinCosHLVccFailMod:0x8009AC60: Parameter address out of calibration zones
     FaultFSMTRDG_SinCosHLVccInc:0x8009AB3E: Parameter address out of calibration zones
     FaultFSSMACS_AkdFailFlagDec:0x8009AA1D: Parameter address out of calibration zones
 FaultFSSMACS_AkdFailFlagFailMod:0x8009AC61: Parameter address out of calibration zones
     FaultFSSMACS_AkdFailFlagInc:0x8009AB3F: Parameter address out of calibration zones
FaultFTASBDS_BattVoltDeratingActDec:0x8009AA1E: Parameter address out of calibration zones
FaultFTASBDS_BattVoltDeratingActFailMod:0x8009AC62: Parameter address out of calibration zones
FaultFTASBDS_BattVoltDeratingActInc:0x8009AB40: Parameter address out of calibration zones
FaultFTASETP_EstPmDeratingActDec:0x8009AA1F: Parameter address out of calibration zones
FaultFTASETP_EstPmDeratingActFailMod:0x8009AC63: Parameter address out of calibration zones
FaultFTASETP_EstPmDeratingActInc:0x8009AB41: Parameter address out of calibration zones
   FaultFTASETP_PmDeratingActDec:0x8009AA20: Parameter address out of calibration zones
FaultFTASETP_PmDeratingActFailMod:0x8009AC64: Parameter address out of calibration zones
   FaultFTASETP_PmDeratingActInc:0x8009AB42: Parameter address out of calibration zones
FaultFTASMTP_Wndg1DeratingActDec:0x8009AA21: Parameter address out of calibration zones
FaultFTASMTP_Wndg1DeratingActFailMod:0x8009AC65: Parameter address out of calibration zones
FaultFTASMTP_Wndg1DeratingActInc:0x8009AB43: Parameter address out of calibration zones
FaultFTASOSP_MotorSpdDeratingActDec:0x8009AA22: Parameter address out of calibration zones
FaultFTASOSP_MotorSpdDeratingActFailMod:0x8009AC66: Parameter address out of calibration zones
FaultFTASOSP_MotorSpdDeratingActInc:0x8009AB44: Parameter address out of calibration zones
   FaultFTCMSCS_CtrlSatTimoutDec:0x8009AA23: Parameter address out of calibration zones
FaultFTCMSCS_CtrlSatTimoutFailMod:0x8009AC67: Parameter address out of calibration zones
   FaultFTCMSCS_CtrlSatTimoutInc:0x8009AB45: Parameter address out of calibration zones
    FaultFTCMSCS_SpdOvershootDec:0x8009AA24: Parameter address out of calibration zones
FaultFTCMSCS_SpdOvershootFailMod:0x8009AC68: Parameter address out of calibration zones
    FaultFTCMSCS_SpdOvershootInc:0x8009AB46: Parameter address out of calibration zones
 FaultFTCMSCS_ZeroSpeedTimoutDec:0x8009AA25: Parameter address out of calibration zones
FaultFTCMSCS_ZeroSpeedTimoutFailMod:0x8009AC69: Parameter address out of calibration zones
 FaultFTCMSCS_ZeroSpeedTimoutInc:0x8009AB47: Parameter address out of calibration zones
FaultFTCMTCS_VoltageMarginLowDec:0x8009AA26: Parameter address out of calibration zones
FaultFTCMTCS_VoltageMarginLowFailMod:0x8009AC6A: Parameter address out of calibration zones
FaultFTCMTCS_VoltageMarginLowInc:0x8009AB48: Parameter address out of calibration zones
     FaultFTEVEIT_EstOverTempDec:0x8009AA27: Parameter address out of calibration zones
 FaultFTEVEIT_EstOverTempFailMod:0x8009AC6B: Parameter address out of calibration zones
     FaultFTEVEIT_EstOverTempInc:0x8009AB49: Parameter address out of calibration zones
 FaultFTMTLCS_CurSenrPhaU_GNDDec:0x8009AA29: Parameter address out of calibration zones
FaultFTMTLCS_CurSenrPhaU_GNDFailMod:0x8009AC6D: Parameter address out of calibration zones
 FaultFTMTLCS_CurSenrPhaU_GNDInc:0x8009AB4B: Parameter address out of calibration zones
FaultFTMTLCS_CurSenrPhaU_OutRngHDec:0x8009AA2A: Parameter address out of calibration zones
FaultFTMTLCS_CurSenrPhaU_OutRngHFailMod:0x8009AC6E: Parameter address out of calibration zones
FaultFTMTLCS_CurSenrPhaU_OutRngHInc:0x8009AB4C: Parameter address out of calibration zones
FaultFTMTLCS_CurSenrPhaU_OutRngLDec:0x8009AA2B: Parameter address out of calibration zones
FaultFTMTLCS_CurSenrPhaU_OutRngLFailMod:0x8009AC6F: Parameter address out of calibration zones
FaultFTMTLCS_CurSenrPhaU_OutRngLInc:0x8009AB4D: Parameter address out of calibration zones
 FaultFTMTLCS_CurSenrPhaU_VCCDec:0x8009AA2C: Parameter address out of calibration zones
FaultFTMTLCS_CurSenrPhaU_VCCFailMod:0x8009AC70: Parameter address out of calibration zones
 FaultFTMTLCS_CurSenrPhaU_VCCInc:0x8009AB4E: Parameter address out of calibration zones
 FaultFTMTLCS_CurSenrPhaV_GNDDec:0x8009AA2D: Parameter address out of calibration zones
FaultFTMTLCS_CurSenrPhaV_GNDFailMod:0x8009AC71: Parameter address out of calibration zones
 FaultFTMTLCS_CurSenrPhaV_GNDInc:0x8009AB4F: Parameter address out of calibration zones
FaultFTMTLCS_CurSenrPhaV_OutRngHDec:0x8009AA2E: Parameter address out of calibration zones
FaultFTMTLCS_CurSenrPhaV_OutRngHFailMod:0x8009AC72: Parameter address out of calibration zones
FaultFTMTLCS_CurSenrPhaV_OutRngHInc:0x8009AB50: Parameter address out of calibration zones
FaultFTMTLCS_CurSenrPhaV_OutRngLDec:0x8009AA2F: Parameter address out of calibration zones
FaultFTMTLCS_CurSenrPhaV_OutRngLFailMod:0x8009AC73: Parameter address out of calibration zones
FaultFTMTLCS_CurSenrPhaV_OutRngLInc:0x8009AB51: Parameter address out of calibration zones
 FaultFTMTLCS_CurSenrPhaV_VCCDec:0x8009AA30: Parameter address out of calibration zones
FaultFTMTLCS_CurSenrPhaV_VCCFailMod:0x8009AC74: Parameter address out of calibration zones
 FaultFTMTLCS_CurSenrPhaV_VCCInc:0x8009AB52: Parameter address out of calibration zones
 FaultFTMTLCS_CurSenrPhaW_GNDDec:0x8009AA31: Parameter address out of calibration zones
FaultFTMTLCS_CurSenrPhaW_GNDFailMod:0x8009AC75: Parameter address out of calibration zones
 FaultFTMTLCS_CurSenrPhaW_GNDInc:0x8009AB53: Parameter address out of calibration zones
FaultFTMTLCS_CurSenrPhaW_OutRngHDec:0x8009AA32: Parameter address out of calibration zones
FaultFTMTLCS_CurSenrPhaW_OutRngHFailMod:0x8009AC76: Parameter address out of calibration zones
FaultFTMTLCS_CurSenrPhaW_OutRngHInc:0x8009AB54: Parameter address out of calibration zones
FaultFTMTLCS_CurSenrPhaW_OutRngLDec:0x8009AA33: Parameter address out of calibration zones
FaultFTMTLCS_CurSenrPhaW_OutRngLFailMod:0x8009AC77: Parameter address out of calibration zones
FaultFTMTLCS_CurSenrPhaW_OutRngLInc:0x8009AB55: Parameter address out of calibration zones
 FaultFTMTLCS_CurSenrPhaW_VCCDec:0x8009AA34: Parameter address out of calibration zones
FaultFTMTLCS_CurSenrPhaW_VCCFailMod:0x8009AC78: Parameter address out of calibration zones
 FaultFTMTLCS_CurSenrPhaW_VCCInc:0x8009AB56: Parameter address out of calibration zones
 FaultFTMTLCS_CurrentSumErrorDec:0x8009AA28: Parameter address out of calibration zones
FaultFTMTLCS_CurrentSumErrorFailMod:0x8009AC6C: Parameter address out of calibration zones
 FaultFTMTLCS_CurrentSumErrorInc:0x8009AB4A: Parameter address out of calibration zones
          FaultSDMTMEP_CosGndDec:0x8009AA35: Parameter address out of calibration zones
      FaultSDMTMEP_CosGndFailMod:0x8009AC79: Parameter address out of calibration zones
          FaultSDMTMEP_CosGndInc:0x8009AB57: Parameter address out of calibration zones
 FaultSDMTMEP_CosOutRangeHighDec:0x8009AA36: Parameter address out of calibration zones
FaultSDMTMEP_CosOutRangeHighFailMod:0x8009AC7A: Parameter address out of calibration zones
 FaultSDMTMEP_CosOutRangeHighInc:0x8009AB58: Parameter address out of calibration zones
  FaultSDMTMEP_CosOutRangeLowDec:0x8009AA37: Parameter address out of calibration zones
FaultSDMTMEP_CosOutRangeLowFailMod:0x8009AC7B: Parameter address out of calibration zones
  FaultSDMTMEP_CosOutRangeLowInc:0x8009AB59: Parameter address out of calibration zones
          FaultSDMTMEP_CosVccDec:0x8009AA38: Parameter address out of calibration zones
      FaultSDMTMEP_CosVccFailMod:0x8009AC7C: Parameter address out of calibration zones
          FaultSDMTMEP_CosVccInc:0x8009AB5A: Parameter address out of calibration zones
       FaultSDMTMEP_OverSpeedDec:0x8009AA39: Parameter address out of calibration zones
   FaultSDMTMEP_OverSpeedFailMod:0x8009AC7D: Parameter address out of calibration zones
       FaultSDMTMEP_OverSpeedInc:0x8009AB5B: Parameter address out of calibration zones
FaultSDMTMEP_ResSquaSumErrByFTDec:0x8009AA3A: Parameter address out of calibration zones
FaultSDMTMEP_ResSquaSumErrByFTFailMod:0x8009AC7E: Parameter address out of calibration zones
FaultSDMTMEP_ResSquaSumErrByFTInc:0x8009AB5C: Parameter address out of calibration zones
          FaultSDMTMEP_SinGndDec:0x8009AA3B: Parameter address out of calibration zones
      FaultSDMTMEP_SinGndFailMod:0x8009AC7F: Parameter address out of calibration zones
          FaultSDMTMEP_SinGndInc:0x8009AB5D: Parameter address out of calibration zones
 FaultSDMTMEP_SinOutRangeHighDec:0x8009AA3C: Parameter address out of calibration zones
FaultSDMTMEP_SinOutRangeHighFailMod:0x8009AC80: Parameter address out of calibration zones
 FaultSDMTMEP_SinOutRangeHighInc:0x8009AB5E: Parameter address out of calibration zones
  FaultSDMTMEP_SinOutRangeLowDec:0x8009AA3D: Parameter address out of calibration zones
FaultSDMTMEP_SinOutRangeLowFailMod:0x8009AC81: Parameter address out of calibration zones
  FaultSDMTMEP_SinOutRangeLowInc:0x8009AB5F: Parameter address out of calibration zones
          FaultSDMTMEP_SinVccDec:0x8009AA3E: Parameter address out of calibration zones
      FaultSDMTMEP_SinVccFailMod:0x8009AC82: Parameter address out of calibration zones
          FaultSDMTMEP_SinVccInc:0x8009AB60: Parameter address out of calibration zones
      FaultSDMTMEP_UnderSpeedDec:0x8009AA3F: Parameter address out of calibration zones
  FaultSDMTMEP_UnderSpeedFailMod:0x8009AC83: Parameter address out of calibration zones
      FaultSDMTMEP_UnderSpeedInc:0x8009AB61: Parameter address out of calibration zones
    FaultTCUCAP0_CAPPressureHDec:0x8009AA40: Parameter address out of calibration zones
FaultTCUCAP0_CAPPressureHFailMod:0x8009AC84: Parameter address out of calibration zones
    FaultTCUCAP0_CAPPressureHInc:0x8009AB62: Parameter address out of calibration zones
    FaultTCUCAP0_CAPPressureLDec:0x8009AA41: Parameter address out of calibration zones
FaultTCUCAP0_CAPPressureLFailMod:0x8009AC85: Parameter address out of calibration zones
    FaultTCUCAP0_CAPPressureLInc:0x8009AB63: Parameter address out of calibration zones
FaultTCUCAP0_CAPPressureOverHDec:0x8009AA42: Parameter address out of calibration zones
FaultTCUCAP0_CAPPressureOverHFailMod:0x8009AC86: Parameter address out of calibration zones
FaultTCUCAP0_CAPPressureOverHInc:0x8009AB64: Parameter address out of calibration zones
         FaultTCUCAP0_CAPSlipDec:0x8009AA43: Parameter address out of calibration zones
     FaultTCUCAP0_CAPSlipFailMod:0x8009AC87: Parameter address out of calibration zones
         FaultTCUCAP0_CAPSlipInc:0x8009AB65: Parameter address out of calibration zones
     FaultTCUCAP0_DragMomentHDec:0x8009AA44: Parameter address out of calibration zones
 FaultTCUCAP0_DragMomentHFailMod:0x8009AC88: Parameter address out of calibration zones
     FaultTCUCAP0_DragMomentHInc:0x8009AB66: Parameter address out of calibration zones
    FaultTCUCAP0_HLSinInvalidDec:0x8009AA45: Parameter address out of calibration zones
FaultTCUCAP0_HLSinInvalidFailMod:0x8009AC89: Parameter address out of calibration zones
    FaultTCUCAP0_HLSinInvalidInc:0x8009AB67: Parameter address out of calibration zones
   FaultTCUCAP0_HLSinUndefineDec:0x8009AA46: Parameter address out of calibration zones
FaultTCUCAP0_HLSinUndefineFailMod:0x8009AC8A: Parameter address out of calibration zones
   FaultTCUCAP0_HLSinUndefineInc:0x8009AB68: Parameter address out of calibration zones
       FaultTCUCAP0_HLSupplyHDec:0x8009AA47: Parameter address out of calibration zones
   FaultTCUCAP0_HLSupplyHFailMod:0x8009AC8B: Parameter address out of calibration zones
       FaultTCUCAP0_HLSupplyHInc:0x8009AB69: Parameter address out of calibration zones
       FaultTCUCAP0_HLSupplyLDec:0x8009AA48: Parameter address out of calibration zones
   FaultTCUCAP0_HLSupplyLFailMod:0x8009AC8C: Parameter address out of calibration zones
       FaultTCUCAP0_HLSupplyLInc:0x8009AB6A: Parameter address out of calibration zones
  FaultTCUCAP0_MotorPhaseVolHDec:0x8009AA49: Parameter address out of calibration zones
FaultTCUCAP0_MotorPhaseVolHFailMod:0x8009AC8D: Parameter address out of calibration zones
  FaultTCUCAP0_MotorPhaseVolHInc:0x8009AB6B: Parameter address out of calibration zones
FaultTCUCAP0_PressureRationalDec:0x8009AA4A: Parameter address out of calibration zones
FaultTCUCAP0_PressureRationalFailMod:0x8009AC8E: Parameter address out of calibration zones
FaultTCUCAP0_PressureRationalInc:0x8009AB6C: Parameter address out of calibration zones
 FaultTCUCAP0_SenSigOpenOrGNDDec:0x8009AA4B: Parameter address out of calibration zones
FaultTCUCAP0_SenSigOpenOrGNDFailMod:0x8009AC8F: Parameter address out of calibration zones
 FaultTCUCAP0_SenSigOpenOrGNDInc:0x8009AB6D: Parameter address out of calibration zones
       FaultTCUCAP0_SenSigVCCDec:0x8009AA4C: Parameter address out of calibration zones
   FaultTCUCAP0_SenSigVCCFailMod:0x8009AC90: Parameter address out of calibration zones
       FaultTCUCAP0_SenSigVCCInc:0x8009AB6E: Parameter address out of calibration zones
 FaultTCUCAP0_SensorPerforErrDec:0x8009AA4D: Parameter address out of calibration zones
FaultTCUCAP0_SensorPerforErrFailMod:0x8009AC91: Parameter address out of calibration zones
 FaultTCUCAP0_SensorPerforErrInc:0x8009AB6F: Parameter address out of calibration zones
         FaultTCUCAP1_COM_GCUDec:0x8009AA4E: Parameter address out of calibration zones
     FaultTCUCAP1_COM_GCUFailMod:0x8009AC92: Parameter address out of calibration zones
         FaultTCUCAP1_COM_GCUInc:0x8009AB70: Parameter address out of calibration zones
     FaultTCUCAP1_DriverTempHDec:0x8009AA4F: Parameter address out of calibration zones
 FaultTCUCAP1_DriverTempHFailMod:0x8009AC93: Parameter address out of calibration zones
     FaultTCUCAP1_DriverTempHInc:0x8009AB71: Parameter address out of calibration zones
        FaultTCUCAP1_FETShortDec:0x8009AA50: Parameter address out of calibration zones
    FaultTCUCAP1_FETShortFailMod:0x8009AC94: Parameter address out of calibration zones
        FaultTCUCAP1_FETShortInc:0x8009AB72: Parameter address out of calibration zones
       FaultTCUCAP1_HWOverCurDec:0x8009AA51: Parameter address out of calibration zones
   FaultTCUCAP1_HWOverCurFailMod:0x8009AC95: Parameter address out of calibration zones
       FaultTCUCAP1_HWOverCurInc:0x8009AB73: Parameter address out of calibration zones
FaultTCUCAP1_MotorPhaseDriveErrDec:0x8009AA52: Parameter address out of calibration zones
FaultTCUCAP1_MotorPhaseDriveErrFailMod:0x8009AC96: Parameter address out of calibration zones
FaultTCUCAP1_MotorPhaseDriveErrInc:0x8009AB74: Parameter address out of calibration zones
      FaultTCUCAP1_MotorStallDec:0x8009AA53: Parameter address out of calibration zones
  FaultTCUCAP1_MotorStallFailMod:0x8009AC97: Parameter address out of calibration zones
      FaultTCUCAP1_MotorStallInc:0x8009AB75: Parameter address out of calibration zones
     FaultTCUCAP1_OverVoltageDec:0x8009AA54: Parameter address out of calibration zones
 FaultTCUCAP1_OverVoltageFailMod:0x8009AC98: Parameter address out of calibration zones
     FaultTCUCAP1_OverVoltageInc:0x8009AB76: Parameter address out of calibration zones
  FaultTCUCAP1_PhaseDetectGNDDec:0x8009AA55: Parameter address out of calibration zones
FaultTCUCAP1_PhaseDetectGNDFailMod:0x8009AC99: Parameter address out of calibration zones
  FaultTCUCAP1_PhaseDetectGNDInc:0x8009AB77: Parameter address out of calibration zones
  FaultTCUCAP1_PhaseDetectVCCDec:0x8009AA56: Parameter address out of calibration zones
FaultTCUCAP1_PhaseDetectVCCFailMod:0x8009AC9A: Parameter address out of calibration zones
  FaultTCUCAP1_PhaseDetectVCCInc:0x8009AB78: Parameter address out of calibration zones
       FaultTCUCAP1_SWOverCurDec:0x8009AA57: Parameter address out of calibration zones
   FaultTCUCAP1_SWOverCurFailMod:0x8009AC9B: Parameter address out of calibration zones
       FaultTCUCAP1_SWOverCurInc:0x8009AB79: Parameter address out of calibration zones
 FaultTCUCAP1_ThermalShutDownDec:0x8009AA58: Parameter address out of calibration zones
FaultTCUCAP1_ThermalShutDownFailMod:0x8009AC9C: Parameter address out of calibration zones
 FaultTCUCAP1_ThermalShutDownInc:0x8009AB7A: Parameter address out of calibration zones
  FaultTCUCAP1_ThermalWarningDec:0x8009AA59: Parameter address out of calibration zones
FaultTCUCAP1_ThermalWarningFailMod:0x8009AC9D: Parameter address out of calibration zones
  FaultTCUCAP1_ThermalWarningInc:0x8009AB7B: Parameter address out of calibration zones
    FaultTCUCAP1_UnderVoltageDec:0x8009AA5A: Parameter address out of calibration zones
FaultTCUCAP1_UnderVoltageFailMod:0x8009AC9E: Parameter address out of calibration zones
    FaultTCUCAP1_UnderVoltageInc:0x8009AB7C: Parameter address out of calibration zones
 FaultTCUCCP_OilMotorRationalDec:0x8009AA5B: Parameter address out of calibration zones
FaultTCUCCP_OilMotorRationalFailMod:0x8009AC9F: Parameter address out of calibration zones
 FaultTCUCCP_OilMotorRationalInc:0x8009AB7D: Parameter address out of calibration zones
    FaultTCUCCP_OilMotorStallDec:0x8009AA5C: Parameter address out of calibration zones
FaultTCUCCP_OilMotorStallFailMod:0x8009ACA0: Parameter address out of calibration zones
    FaultTCUCCP_OilMotorStallInc:0x8009AB7E: Parameter address out of calibration zones
 FaultTCUCCP_OilSenRationalL1Dec:0x8009AA5D: Parameter address out of calibration zones
FaultTCUCCP_OilSenRationalL1FailMod:0x8009ACA1: Parameter address out of calibration zones
 FaultTCUCCP_OilSenRationalL1Inc:0x8009AB7F: Parameter address out of calibration zones
 FaultTCUCCP_OilSenRationalL2Dec:0x8009AA5E: Parameter address out of calibration zones
FaultTCUCCP_OilSenRationalL2FailMod:0x8009ACA2: Parameter address out of calibration zones
 FaultTCUCCP_OilSenRationalL2Inc:0x8009AB80: Parameter address out of calibration zones
 FaultTCUCCP_OilTempRationalHDec:0x8009AA5F: Parameter address out of calibration zones
FaultTCUCCP_OilTempRationalHFailMod:0x8009ACA3: Parameter address out of calibration zones
 FaultTCUCCP_OilTempRationalHInc:0x8009AB81: Parameter address out of calibration zones
 FaultTCUCCP_OilTempRationalLDec:0x8009AA60: Parameter address out of calibration zones
FaultTCUCCP_OilTempRationalLFailMod:0x8009ACA4: Parameter address out of calibration zones
 FaultTCUCCP_OilTempRationalLInc:0x8009AB82: Parameter address out of calibration zones
          GESM_bPowerOffModeInhC:0x8009CF99: Parameter address out of calibration zones
 OMAIN_u32VSICntCkreqVSIStartedC:0x80058B70: Address already in use
 OMAIN_u32VSICntCkreqVSIStartedC:0x80058B71: Address already in use
 OMAIN_u32VSICntCkreqVSIStartedC:0x80058B72: Address already in use
 OMAIN_u32VSICntCkreqVSIStartedC:0x80058B73: Address already in use
