; Input Files
 "C:/Users/ADMINI~1/AppData/Local/Temp/rta/rte/AR1911/src/bsw/CanIf/integration/Can_GeneralTypes.arxml"
 "C:/Users/ADMINI~1/AppData/Local/Temp/rta/rte/AR1911/ecu_config/bsw/gen/CDD.arxml"
 "C:/Users/ADMINI~1/AppData/Local/Temp/rta/rte/AR1911/ecu_config/bsw/gen/CanTrcv_EOC.arxml"
 "C:/Users/ADMINI~1/AppData/Local/Temp/rta/rte/AR1911/ecu_config/bsw/gen/ComM_EOC.arxml"
 "C:/Users/ADMINI~1/AppData/Local/Temp/rta/rte/AR1911/ecu_config/bsw/gen/ComStack_Types.arxml"
 "C:/Users/ADMINI~1/AppData/Local/Temp/rta/rte/AR1911/ecu_config/bsw/gen/Com_EOC.arxml"
 "C:/Users/ADMINI~1/AppData/Local/Temp/rta/rte/AR1911/ecu_config/bsw/gen/Com_Flatmap.arxml"
 "C:/Users/ADMINI~1/AppData/Local/Temp/rta/rte/AR1911/ecu_config/bsw/gen/Nm_EOC.arxml"
 "C:/Users/ADMINI~1/AppData/Local/Temp/rta/rte/AR1911/ecu_config/bsw/gen/Xcp_EOC.arxml"
 "C:/Users/ADMINI~1/AppData/Local/Temp/rta/rte/AR1911/ecu_config/bsw/gen/_fwd/ecuc_configuration_values_fwd.arxml"
 "C:/Users/ADMINI~1/AppData/Local/Temp/rta/rte/AR1911/ecu_config/bsw/gen/bswmd/Bfx_BSWMD.arxml"
 "C:/Users/ADMINI~1/AppData/Local/Temp/rta/rte/AR1911/ecu_config/bsw/gen/bswmd/BswM_Cfg_BSWMD.arxml"
 "C:/Users/ADMINI~1/AppData/Local/Temp/rta/rte/AR1911/ecu_config/bsw/gen/bswmd/CanIf_BSWMD.arxml"
 "C:/Users/ADMINI~1/AppData/Local/Temp/rta/rte/AR1911/ecu_config/bsw/gen/bswmd/CanIf_Cfg_BSWMD.arxml"
 "C:/Users/ADMINI~1/AppData/Local/Temp/rta/rte/AR1911/ecu_config/bsw/gen/bswmd/CanIf_EOC.arxml"
 "C:/Users/ADMINI~1/AppData/Local/Temp/rta/rte/AR1911/ecu_config/bsw/gen/bswmd/CanNm_BSWMD.arxml"
 "C:/Users/ADMINI~1/AppData/Local/Temp/rta/rte/AR1911/ecu_config/bsw/gen/bswmd/CanNm_Cfg_BSWMD.arxml"
 "C:/Users/ADMINI~1/AppData/Local/Temp/rta/rte/AR1911/ecu_config/bsw/gen/bswmd/CanNm_EOC.arxml"
 "C:/Users/ADMINI~1/AppData/Local/Temp/rta/rte/AR1911/ecu_config/bsw/gen/bswmd/CanSM_BSWMD.arxml"
 "C:/Users/ADMINI~1/AppData/Local/Temp/rta/rte/AR1911/ecu_config/bsw/gen/bswmd/CanSM_Cfg_BSWMD.arxml"
 "C:/Users/ADMINI~1/AppData/Local/Temp/rta/rte/AR1911/ecu_config/bsw/gen/bswmd/CanSM_EOC.arxml"
 "C:/Users/ADMINI~1/AppData/Local/Temp/rta/rte/AR1911/ecu_config/bsw/gen/bswmd/CanTp_BSWMD.arxml"
 "C:/Users/ADMINI~1/AppData/Local/Temp/rta/rte/AR1911/ecu_config/bsw/gen/bswmd/CanTp_Cfg_BSWMD.arxml"
 "C:/Users/ADMINI~1/AppData/Local/Temp/rta/rte/AR1911/ecu_config/bsw/gen/bswmd/CanTrcv_BSWMD.arxml"
 "C:/Users/ADMINI~1/AppData/Local/Temp/rta/rte/AR1911/ecu_config/bsw/gen/bswmd/CanTrcv_Cfg_BSWMD.arxml"
 "C:/Users/ADMINI~1/AppData/Local/Temp/rta/rte/AR1911/ecu_config/bsw/gen/bswmd/ComM_BSWMD.arxml"
 "C:/Users/ADMINI~1/AppData/Local/Temp/rta/rte/AR1911/ecu_config/bsw/gen/bswmd/ComM_Cfg_BSWMD.arxml"
 "C:/Users/ADMINI~1/AppData/Local/Temp/rta/rte/AR1911/ecu_config/bsw/gen/bswmd/Com_BSWMD.arxml"
 "C:/Users/ADMINI~1/AppData/Local/Temp/rta/rte/AR1911/ecu_config/bsw/gen/bswmd/Com_Cfg_BSWMD.arxml"
 "C:/Users/ADMINI~1/AppData/Local/Temp/rta/rte/AR1911/ecu_config/bsw/gen/bswmd/Crc_Cfg_BSWMD.arxml"
 "C:/Users/ADMINI~1/AppData/Local/Temp/rta/rte/AR1911/ecu_config/bsw/gen/bswmd/Dcm_BSWMD.arxml"
 "C:/Users/ADMINI~1/AppData/Local/Temp/rta/rte/AR1911/ecu_config/bsw/gen/bswmd/Dcm_Cfg_BSWMD.arxml"
 "C:/Users/ADMINI~1/AppData/Local/Temp/rta/rte/AR1911/ecu_config/bsw/gen/bswmd/Dem_Cfg_BSWMD.arxml"
 "C:/Users/ADMINI~1/AppData/Local/Temp/rta/rte/AR1911/ecu_config/bsw/gen/bswmd/E2EXf_BSWMD.arxml"
 "C:/Users/ADMINI~1/AppData/Local/Temp/rta/rte/AR1911/ecu_config/bsw/gen/bswmd/E2E_Cfg_BSWMD.arxml"
 "C:/Users/ADMINI~1/AppData/Local/Temp/rta/rte/AR1911/ecu_config/bsw/gen/bswmd/EcuM_BSWMD.arxml"
 "C:/Users/ADMINI~1/AppData/Local/Temp/rta/rte/AR1911/ecu_config/bsw/gen/bswmd/EcuM_Cfg_BSWMD.arxml"
 "C:/Users/ADMINI~1/AppData/Local/Temp/rta/rte/AR1911/ecu_config/bsw/gen/bswmd/Fee_BSWMD.arxml"
 "C:/Users/ADMINI~1/AppData/Local/Temp/rta/rte/AR1911/ecu_config/bsw/gen/bswmd/MemIf_Cfg_BSWMD.arxml"
 "C:/Users/ADMINI~1/AppData/Local/Temp/rta/rte/AR1911/ecu_config/bsw/gen/bswmd/Mfx_BSWMD.arxml"
 "C:/Users/ADMINI~1/AppData/Local/Temp/rta/rte/AR1911/ecu_config/bsw/gen/bswmd/Nm_BSWMD.arxml"
 "C:/Users/ADMINI~1/AppData/Local/Temp/rta/rte/AR1911/ecu_config/bsw/gen/bswmd/Nm_Cfg_BSWMD.arxml"
 "C:/Users/ADMINI~1/AppData/Local/Temp/rta/rte/AR1911/ecu_config/bsw/gen/bswmd/NvM_Cfg_BSWMD.arxml"
 "C:/Users/ADMINI~1/AppData/Local/Temp/rta/rte/AR1911/ecu_config/bsw/gen/bswmd/NvM_Static_Cfg_BSWMD.arxml"
 "C:/Users/ADMINI~1/AppData/Local/Temp/rta/rte/AR1911/ecu_config/bsw/gen/bswmd/PduR_BSWMD.arxml"
 "C:/Users/ADMINI~1/AppData/Local/Temp/rta/rte/AR1911/ecu_config/bsw/gen/bswmd/PduR_Cfg_BSWMD.arxml"
 "C:/Users/ADMINI~1/AppData/Local/Temp/rta/rte/AR1911/ecu_config/bsw/gen/bswmd/PduR_EOC.arxml"
 "C:/Users/ADMINI~1/AppData/Local/Temp/rta/rte/AR1911/ecu_config/bsw/gen/bswmd/WdgIf_Cfg_BSWMD.arxml"
 "C:/Users/ADMINI~1/AppData/Local/Temp/rta/rte/AR1911/ecu_config/bsw/gen/bswmd/WdgM_Cfg_BSWMD.arxml"
 "C:/Users/ADMINI~1/AppData/Local/Temp/rta/rte/AR1911/ecu_config/bsw/gen/bswmd/Xcp_Cfg_BSWMD.arxml"
 "C:/Users/ADMINI~1/AppData/Local/Temp/rta/rte/AR1911/ecu_config/bsw/gen/bswmd/Xcp_Cfg_ModuleEntries_BSWMD.arxml"
 "C:/Users/ADMINI~1/AppData/Local/Temp/rta/rte/AR1911/ecu_config/bsw/gen/bswmd/rba_MemLib_BSWMD.arxml"
 "C:/Users/ADMINI~1/AppData/Local/Temp/rta/rte/AR1911/ecu_config/bsw/gen/swcd/BswM_Cfg_SWCD.arxml"
 "C:/Users/ADMINI~1/AppData/Local/Temp/rta/rte/AR1911/ecu_config/bsw/gen/swcd/ComM_Cfg_SWCD.arxml"
 "C:/Users/ADMINI~1/AppData/Local/Temp/rta/rte/AR1911/ecu_config/bsw/gen/swcd/ComM_SWCD.arxml"
 "C:/Users/ADMINI~1/AppData/Local/Temp/rta/rte/AR1911/ecu_config/bsw/gen/swcd/Dcm_Cfg_SWCD.arxml"
 "C:/Users/ADMINI~1/AppData/Local/Temp/rta/rte/AR1911/ecu_config/bsw/gen/swcd/Dem_Cfg_SWCD.arxml"
 "C:/Users/ADMINI~1/AppData/Local/Temp/rta/rte/AR1911/ecu_config/bsw/gen/swcd/Det_Cfg_SWCD.arxml"
 "C:/Users/ADMINI~1/AppData/Local/Temp/rta/rte/AR1911/ecu_config/bsw/gen/swcd/EcuM_Cfg_SWCD.arxml"
 "C:/Users/ADMINI~1/AppData/Local/Temp/rta/rte/AR1911/ecu_config/bsw/gen/swcd/NvM_Cfg_SWCD.arxml"
 "C:/Users/ADMINI~1/AppData/Local/Temp/rta/rte/AR1911/ecu_config/bsw/gen/swcd/WdgM_Cfg_SWCD.arxml"
 "C:/Users/ADMINI~1/AppData/Local/Temp/rta/rte/AR1911/ecu_config/bsw/gen/swcd/rba_DiagLib_Cfg_SWCD.arxml"
 "C:/Users/ADMINI~1/AppData/Local/Temp/rta/rte/AR1911/ecu_config/bsw/internal/bswmd_ecuc_values/CanIf_Prot_EcucValues.arxml"
 "C:/Users/ADMINI~1/AppData/Local/Temp/rta/rte/AR1911/ecu_config/bsw/internal/bswmd_ecuc_values/CanNm_Prot_EcucValues.arxml"
 "C:/Users/ADMINI~1/AppData/Local/Temp/rta/rte/AR1911/ecu_config/bsw/internal/bswmd_ecuc_values/CanSM_Prot_EcucValues.arxml"
 "C:/Users/ADMINI~1/AppData/Local/Temp/rta/rte/AR1911/ecu_config/bsw/internal/bswmd_ecuc_values/CanTrcv_Prot_EcucValues.arxml"
 "C:/Users/ADMINI~1/AppData/Local/Temp/rta/rte/AR1911/ecu_config/bsw/internal/bswmd_ecuc_values/ComM_Prot_EcucValues.arxml"
 "C:/Users/ADMINI~1/AppData/Local/Temp/rta/rte/AR1911/ecu_config/bsw/internal/bswmd_ecuc_values/Com_Prot_EcucValues.arxml"
 "C:/Users/ADMINI~1/AppData/Local/Temp/rta/rte/AR1911/ecu_config/bsw/internal/bswmd_ecuc_values/Nm_Prot_EcucValues.arxml"
 "C:/Users/ADMINI~1/AppData/Local/Temp/rta/rte/AR1911/ecu_config/bsw/internal/bswmd_ecuc_values/PduR_Prot_EcucValues.arxml"
 "C:/Users/ADMINI~1/AppData/Local/Temp/rta/rte/AR1911/ecu_config/bsw/internal/bswmd_ecuc_values/Xcp_BswMD_EcucValues.arxml"
 "C:/Users/ADMINI~1/AppData/Local/Temp/rta/rte/AR1911/DBC_SysDesc.arxml"
 "C:/Users/ADMINI~1/AppData/Local/Temp/rta/rte/AR1911/EcucValueCollection_Generated.arxml"
 "C:/Users/ADMINI~1/AppData/Local/Temp/rta/rte/AR1911/IPC_FlatMap.arxml"
 "C:/Users/ADMINI~1/AppData/Local/Temp/rta/rte/AR1911/IPC_FlatView_SWCD.arxml"
 "C:/Users/ADMINI~1/AppData/Local/Temp/rta/rte/AR1911/ISOLAR_PlatformTypes.arxml"
 "C:/Users/ADMINI~1/AppData/Local/Temp/rta/rte/AR1911/System_EcuExtr.arxml"
 "C:/Users/ADMINI~1/AppData/Local/Temp/rta/rte/AR1911/asw_config/ASW_BASE.arxml"
 "C:/Users/ADMINI~1/AppData/Local/Temp/rta/rte/AR1911/asw_config/ASW_COM.arxml"
 "C:/Users/ADMINI~1/AppData/Local/Temp/rta/rte/AR1911/asw_config/ASW_CORE0.arxml"
 "C:/Users/ADMINI~1/AppData/Local/Temp/rta/rte/AR1911/asw_config/ASW_CORE1.arxml"
 "C:/Users/ADMINI~1/AppData/Local/Temp/rta/rte/AR1911/asw_config/ASW_CORE2.arxml"
 "C:/Users/ADMINI~1/AppData/Local/Temp/rta/rte/AR1911/asw_config/ASW_CORE3.arxml"
 "C:/Users/ADMINI~1/AppData/Local/Temp/rta/rte/AR1911/asw_config/ASW_DCM.arxml"
 "C:/Users/ADMINI~1/AppData/Local/Temp/rta/rte/AR1911/asw_config/ASW_Dem.arxml"
 "C:/Users/ADMINI~1/AppData/Local/Temp/rta/rte/AR1911/asw_config/ASW_NM.arxml"
 "C:/Users/ADMINI~1/AppData/Local/Temp/rta/rte/AR1911/asw_config/ASW_NVM.arxml"
 "C:/Users/ADMINI~1/AppData/Local/Temp/rta/rte/AR1911/asw_config/ASW_WDG.arxml"
 "C:/Users/ADMINI~1/AppData/Local/Temp/rta/rte/AR1911/asw_config/ASW_XCP.arxml"
 "C:/Users/ADMINI~1/AppData/Local/Temp/rta/rte/AR1911/asw_config/CDD_CORE0.arxml"
 "C:/Users/ADMINI~1/AppData/Local/Temp/rta/rte/AR1911/asw_config/CDD_CORE1.arxml"
 "C:/Users/ADMINI~1/AppData/Local/Temp/rta/rte/AR1911/asw_config/CDD_CORE2.arxml"
 "C:/Users/ADMINI~1/AppData/Local/Temp/rta/rte/AR1911/asw_config/CDD_CORE3.arxml"
 "C:/Users/ADMINI~1/AppData/Local/Temp/rta/rte/AR1911/asw_config/MDG_App_Mode.arxml"
 "C:/Users/ADMINI~1/AppData/Local/Temp/rta/rte/AR1911/asw_config/RSID.arxml"
 "C:/Users/ADMINI~1/AppData/Local/Temp/rta/rte/AR1911/asw_config/SWC_Dem.arxml"
 "C:/Users/ADMINI~1/AppData/Local/Temp/rta/rte/AR1911/asw_config/ServiceSwComponentInterface.arxml"
 "C:/Users/ADMINI~1/AppData/Local/Temp/rta/rte/AR1911/autogenConf/Dcm_DidDatas.arxml"
 "C:/Users/ADMINI~1/AppData/Local/Temp/rta/rte/AR1911/autogenConf/Dcm_DidInfos.arxml"
 "C:/Users/ADMINI~1/AppData/Local/Temp/rta/rte/AR1911/autogenConf/Dcm_Dids.arxml"
 "C:/Users/ADMINI~1/AppData/Local/Temp/rta/rte/AR1911/autogenConf/Dcm_General.arxml"
 "C:/Users/ADMINI~1/AppData/Local/Temp/rta/rte/AR1911/autogenConf/Dcm_IoControlDids.arxml"
 "C:/Users/ADMINI~1/AppData/Local/Temp/rta/rte/AR1911/autogenConf/Dcm_Routines.arxml"
 "C:/Users/ADMINI~1/AppData/Local/Temp/rta/rte/AR1911/autogenConf/DemComponents.arxml"
 "C:/Users/ADMINI~1/AppData/Local/Temp/rta/rte/AR1911/autogenConf/DemDTCAttributess.arxml"
 "C:/Users/ADMINI~1/AppData/Local/Temp/rta/rte/AR1911/autogenConf/DemDTCs.arxml"
 "C:/Users/ADMINI~1/AppData/Local/Temp/rta/rte/AR1911/autogenConf/DemDataElement.arxml"
 "C:/Users/ADMINI~1/AppData/Local/Temp/rta/rte/AR1911/autogenConf/DemDid.arxml"
 "C:/Users/ADMINI~1/AppData/Local/Temp/rta/rte/AR1911/autogenConf/DemEventParameters.arxml"
 "C:/Users/ADMINI~1/AppData/Local/Temp/rta/rte/AR1911/autogenConf/Dem_ConfigDtcs.arxml"
 "C:/Users/ADMINI~1/AppData/Local/Temp/rta/rte/AR1911/autogenConf/ETAS_E2E.arxml"
 "C:/Users/ADMINI~1/AppData/Local/Temp/rta/rte/AR1911/autogenConf/NvMBlock_PART0.arxml"
 "C:/Users/ADMINI~1/AppData/Local/Temp/rta/rte/AR1911/autogenConf/NvMBlock_PART1.arxml"
 "C:/Users/ADMINI~1/AppData/Local/Temp/rta/rte/AR1911/autogenConf/NvMBlock_PART2.arxml"
 "C:/Users/ADMINI~1/AppData/Local/Temp/rta/rte/AR1911/autogenConf/dcm_OBD.arxml"
 "C:/Users/ADMINI~1/AppData/Local/Temp/rta/rte/AR1911/autogenConf/dem_OBD.arxml"
 "C:/Users/ADMINI~1/AppData/Local/Temp/rta/rte/AR1911/bsw/IPC_Project_CanIf_EcucValues.arxml"
 "C:/Users/ADMINI~1/AppData/Local/Temp/rta/rte/AR1911/bsw/IPC_Project_CanNm_EcucValues.arxml"
 "C:/Users/ADMINI~1/AppData/Local/Temp/rta/rte/AR1911/bsw/IPC_Project_CanSM_EcucValues.arxml"
 "C:/Users/ADMINI~1/AppData/Local/Temp/rta/rte/AR1911/bsw/IPC_Project_CanTp_EcucValues.arxml"
 "C:/Users/ADMINI~1/AppData/Local/Temp/rta/rte/AR1911/bsw/IPC_Project_Can_EcucValues.arxml"
 "C:/Users/ADMINI~1/AppData/Local/Temp/rta/rte/AR1911/bsw/IPC_Project_ComM_EcucValues.arxml"
 "C:/Users/ADMINI~1/AppData/Local/Temp/rta/rte/AR1911/bsw/IPC_Project_Com_EcucValues.arxml"
 "C:/Users/ADMINI~1/AppData/Local/Temp/rta/rte/AR1911/bsw/IPC_Project_Dcm_EcucValues.arxml"
 "C:/Users/ADMINI~1/AppData/Local/Temp/rta/rte/AR1911/bsw/IPC_Project_EcuC_EcucValues.arxml"
 "C:/Users/ADMINI~1/AppData/Local/Temp/rta/rte/AR1911/bsw/IPC_Project_Fee_EcucValues.arxml"
 "C:/Users/ADMINI~1/AppData/Local/Temp/rta/rte/AR1911/bsw/IPC_Project_MemIf_EcucValues.arxml"
 "C:/Users/ADMINI~1/AppData/Local/Temp/rta/rte/AR1911/bsw/IPC_Project_Nm_EcucValues.arxml"
 "C:/Users/ADMINI~1/AppData/Local/Temp/rta/rte/AR1911/bsw/IPC_Project_NvM_EcucValues.arxml"
 "C:/Users/ADMINI~1/AppData/Local/Temp/rta/rte/AR1911/bsw/IPC_Project_PduR_EcucValues.arxml"
 "C:/Users/ADMINI~1/AppData/Local/Temp/rta/rte/AR1911/bsw/IPC_Project_Xcp_EcucValues.arxml"
 "C:/Users/ADMINI~1/AppData/Local/Temp/rta/rte/AR1911/bsw/IPC_Project_rba_MemLib_EcucValues.arxml"
 "C:/Users/ADMINI~1/AppData/Local/Temp/rta/rte/AR1911/ecu_config/bsw/BSW_Manual_Config/Basic_Interfaces.arxml"
 "C:/Users/ADMINI~1/AppData/Local/Temp/rta/rte/AR1911/ecu_config/bsw/BSW_Manual_Config/Bfx_EcucValues.arxml"
 "C:/Users/ADMINI~1/AppData/Local/Temp/rta/rte/AR1911/ecu_config/bsw/BSW_Manual_Config/BswM_EcucValues.arxml"
 "C:/Users/ADMINI~1/AppData/Local/Temp/rta/rte/AR1911/ecu_config/bsw/BSW_Manual_Config/BswM_ModeMapping.arxml"
 "C:/Users/ADMINI~1/AppData/Local/Temp/rta/rte/AR1911/ecu_config/bsw/BSW_Manual_Config/CRC_EcuValues.arxml"
 "C:/Users/ADMINI~1/AppData/Local/Temp/rta/rte/AR1911/ecu_config/bsw/BSW_Manual_Config/CanTp_EcucValues.arxml"
 "C:/Users/ADMINI~1/AppData/Local/Temp/rta/rte/AR1911/ecu_config/bsw/BSW_Manual_Config/CanTrcv_EcucValues.arxml"
 "C:/Users/ADMINI~1/AppData/Local/Temp/rta/rte/AR1911/ecu_config/bsw/BSW_Manual_Config/Can_BSWMD.arxml"
 "C:/Users/ADMINI~1/AppData/Local/Temp/rta/rte/AR1911/ecu_config/bsw/BSW_Manual_Config/DCM_Data_SWC.arxml"
 "C:/Users/ADMINI~1/AppData/Local/Temp/rta/rte/AR1911/ecu_config/bsw/BSW_Manual_Config/DEM_Data_SWC.arxml"
 "C:/Users/ADMINI~1/AppData/Local/Temp/rta/rte/AR1911/ecu_config/bsw/BSW_Manual_Config/Dcm_EcucValues.arxml"
 "C:/Users/ADMINI~1/AppData/Local/Temp/rta/rte/AR1911/ecu_config/bsw/BSW_Manual_Config/Dem_EcucValues.arxml"
 "C:/Users/ADMINI~1/AppData/Local/Temp/rta/rte/AR1911/ecu_config/bsw/BSW_Manual_Config/Det_EcucValues.arxml"
 "C:/Users/ADMINI~1/AppData/Local/Temp/rta/rte/AR1911/ecu_config/bsw/BSW_Manual_Config/EcuC_Hardware_Partition_EcucValues.arxml"
 "C:/Users/ADMINI~1/AppData/Local/Temp/rta/rte/AR1911/ecu_config/bsw/BSW_Manual_Config/EcuM_EcucValues.arxml"
 "C:/Users/ADMINI~1/AppData/Local/Temp/rta/rte/AR1911/ecu_config/bsw/BSW_Manual_Config/Mfx_EcucValues.arxml"
 "C:/Users/ADMINI~1/AppData/Local/Temp/rta/rte/AR1911/ecu_config/bsw/BSW_Manual_Config/Platform.arxml"
 "C:/Users/ADMINI~1/AppData/Local/Temp/rta/rte/AR1911/ecu_config/bsw/BSW_Manual_Config/SpiDioMsc_Cfg.arxml"
 "C:/Users/ADMINI~1/AppData/Local/Temp/rta/rte/AR1911/ecu_config/bsw/BSW_Manual_Config/WdgIf_EcucValues.arxml"
 "C:/Users/ADMINI~1/AppData/Local/Temp/rta/rte/AR1911/ecu_config/bsw/BSW_Manual_Config/Wdg_EcucValues.arxml"
 "C:/Users/ADMINI~1/AppData/Local/Temp/rta/rte/AR1911/ecu_config/bsw/BSW_Manual_Config/Xcp_EcucValues.arxml"
 "C:/Users/ADMINI~1/AppData/Local/Temp/rta/rte/AR1911/ecu_config/bsw/BSW_Manual_Config/wdgm_EcucValues.arxml"
 "C:/Users/ADMINI~1/AppData/Local/Temp/rta/rte/AR1911/ecu_config/bsw/internal/ComStack_EcucValues.arxml"
 "C:/Users/ADMINI~1/AppData/Local/Temp/rta/rte/AR1911/ecu_config/os/internal/Os_EcucValues.arxml"
 "C:/Users/ADMINI~1/AppData/Local/Temp/rta/rte/AR1911/ecu_config/rte/internal/Rte_EcucValues.arxml"
 "C:/Users/ADMINI~1/AppData/Local/Temp/rta/rte/AR1911/system_config/PlatformBaseOld_Types.arxml"
 "C:/Users/ADMINI~1/AppData/Local/Temp/rta/rte/AR1911/system_config/PlatformBase_Types.arxml"
 "C:/Users/ADMINI~1/AppData/Local/Temp/rta/rte/AR1911/system_config/PlatformOld_Types.arxml"
 "C:/Users/ADMINI~1/AppData/Local/Temp/rta/rte/AR1911/system_config/PlatformSwBasePatch_Types.arxml"
 "C:/Users/ADMINI~1/AppData/Local/Temp/rta/rte/AR1911/system_config/Platform_Types.arxml"
 "C:/Users/ADMINI~1/AppData/Local/Temp/rta/rte/AR1911/system_config/Standard_Types.arxml"
 "C:/Users/ADMINI~1/AppData/Local/Temp/rta/rte/AR1911/system_config/System.arxml"
 "C:/Users/ADMINI~1/AppData/Local/Temp/rta/rte/AR1911/system_config/rba_CUCELCompuMethods_BSWMD.arxml"
 "C:/Users/ADMINI~1/AppData/Local/Temp/rta/rte/AR1911/system_config/rba_CUCELSwAddrMethod_BSWMD.arxml"
