Conf-Gen PreProcessor executing...
Detected Ecu Extract preference customization file in the project: D:\MyProject\TC387Developement\TC387_BSW_1.0\TC387_ISOLAR_Workspace\EcuExtract_CLI_Input.txt
Ecu Extract completed successfully

Conf-Gen PreProcessor executed.
Conf-Gen executing...
********************************************************************************
Conf-Gen Execution Started
********************************************************************************
Tool Version : ISOLAR-B 
Tool Build Id :20220317_1800
Date : Tue Mar 12 09:40:09 CST 2024
Project : INVT_TC387_HighTec_AR422_SA_BSW_0222
********************************************************************************
Executing Start Script: RTA-BSW
********************************************************************************
Executing 'Conf-Gen Enhancer' for project 'INVT_TC387_HighTec_AR422_SA_BSW_0222'
********************************************************************************
********************************************************************************
Time taken for Executing Conf-Gen Enhancer: 00:00:00:014
********************************************************************************
********************************************************************************
Total Time taken for Conf-Gen Execution: 00:00:06:316
********************************************************************************
Conf-Gen executed.
Conf-Gen PostProcessor executing...
Conf-Gen PostProcessor executed.
