
	-----Running on port 59937-----
Processing Step ::ForwardWriteMonModule ::NvMPM Path ::C:\ETAS\RTA-CAR_9.2.1\ISOLAR-AB_9.2.1\configuration\org.eclipse.osgi\901\0\.cp\gen\Mem\NvM\scripts\common\NvM_EcucProc.pmWho am I ::NvM

	<--BCT running in AR42 context-->

ForwardWriteMon for NvM
Processing Step ::ForwardModule ::NvMPM Path ::C:\ETAS\RTA-CAR_9.2.1\ISOLAR-AB_9.2.1\configuration\org.eclipse.osgi\901\0\.cp\gen\Mem\NvM\scripts\common\NvM_EcucProc.pmWho am I ::NvM
Forward for NvM
Processing Step ::GenerateModule ::NvMPM Path ::C:\ETAS\RTA-CAR_9.2.1\ISOLAR-AB_9.2.1\configuration\org.eclipse.osgi\901\0\.cp\gen\Mem\NvM\scripts\common\NvM_EcucProc.pmWho am I ::NvM
Generate for NvM
Processing Step ::GenerateModule ::FeePM Path ::C:\ETAS\RTA-CAR_9.2.1\ISOLAR-AB_9.2.1\configuration\org.eclipse.osgi\901\0\.cp\gen\Mem\Fee\scripts\common\Fee_EcucProc.pmWho am I ::Fee
Generate for Fee
Using a hash as a reference is deprecated at /loader/0xe7d9ec/C:\ETAS\RTA-CAR_9.2.1\ISOLAR-AB_9.2.1\configuration\org.eclipse.osgi\901\0\.cp\gen\Mem\Fee\scripts\common\Fee_Fs1_EcucProc.pm line 414.
Using a hash as a reference is deprecated at /loader/0xe7d9ec/C:\ETAS\RTA-CAR_9.2.1\ISOLAR-AB_9.2.1\configuration\org.eclipse.osgi\901\0\.cp\gen\Mem\Fee\scripts\common\Fee_Fs1_EcucProc.pm line 415.
Warning: ConfProcess: Pop() is used together with AnalyzeInputData(). Please use GetInputData() or GetInvariantInputData() to get the analyzed input data.
Processing Step ::GenerateModule ::MemIfPM Path ::C:\ETAS\RTA-CAR_9.2.1\ISOLAR-AB_9.2.1\configuration\org.eclipse.osgi\901\0\.cp\gen\Mem\MemIf\scripts\common\MemIf_EcucProc.pmWho am I ::MemIf
Generate for MemIf
Processing Step ::ForwardModule ::FeePM Path ::C:\ETAS\RTA-CAR_9.2.1\ISOLAR-AB_9.2.1\configuration\org.eclipse.osgi\901\0\.cp\gen\Mem\Fee\scripts\common\Fee_EcucProc.pmWho am I ::Fee
Forward for Fee
Use of uninitialized value in lc at /loader/0xe7d9ec/C:\ETAS\RTA-CAR_9.2.1\ISOLAR-AB_9.2.1\configuration\org.eclipse.osgi\901\0\.cp\gen\Mem\Fee\scripts\common\Fee_Fs1_EcucProc.pm line 2452.
Use of uninitialized value $value in pattern match (m//) at C:/ETAS/RTA-CAR_9.2.1/ISOLAR-AB_9.2.1/plugins/com.bosch.ubk.perlinterpreter_5.14.4.1_3e/Perl/perl/site/lib/Frontier/RPC2.pm line 236.
Use of uninitialized value $value in pattern match (m//) at C:/ETAS/RTA-CAR_9.2.1/ISOLAR-AB_9.2.1/plugins/com.bosch.ubk.perlinterpreter_5.14.4.1_3e/Perl/perl/site/lib/Frontier/RPC2.pm line 251.
Use of uninitialized value $value in substitution (s///) at C:/ETAS/RTA-CAR_9.2.1/ISOLAR-AB_9.2.1/plugins/com.bosch.ubk.perlinterpreter_5.14.4.1_3e/Perl/perl/site/lib/Frontier/RPC2.pm line 254.
Use of uninitialized value $value in concatenation (.) or string at C:/ETAS/RTA-CAR_9.2.1/ISOLAR-AB_9.2.1/plugins/com.bosch.ubk.perlinterpreter_5.14.4.1_3e/Perl/perl/site/lib/Frontier/RPC2.pm line 255.
