********************************************************************************
Build Execution started
********************************************************************************
Tool Version : ISOLAR-A/B 9.2.1 
Tool Build Id :20220317_1800
Date : Mon Sep 14 19:38:58 CST 2026
Project : TE56H_XPDU_FBL_TC387_CAN2.0_2
********************************************************************************

********************************************************************************
Project clean execution has started at 19:39:10:184 hh:mm:ss:ms 
********************************************************************************
Clean action: RTA_RTE 
********************************************************************************
Project clean execution has been completed
Time taken to run Project Clean :: 00:00:00:004 hh:mm:ss:ms 
********************************************************************************
********************************************************************************
Pre build execution has started at 19:39:10:342 hh:mm:ss:ms 
********************************************************************************
Pre build validation successfully completed
Execute action: RtePreProcessor 
********************************************************************************
Execution of action RtePreProcessor successfully completed
********************************************************************************
********************************************************************************
Main build execution has started at 19:39:13:543 hh:mm:ss:ms 
********************************************************************************
Execute action: RTA_RTE 
********************************************************************************
Command line options: 
-q 1 -r /DBC_SysDesc_Can_Network/Pkg_Ecu/VCU -o [*.*]D:/1_OutProjest/dongfeng/90080-05101/trunk/BSW/20Proj/BOOT_2/BOOT/Fbl/BSW/Bsw_Cfg/src/rte -f D:/1_OutProjest/dongfeng/90080-05101/trunk/BSW/20Proj/BOOT_2/BOOT/Fbl/BSW/Bsw_Cfg/src/rte/rtegen_files.lst [ C:/Users/01004867/AppData/Local/Temp/rta/rte/AR1911/ecu_config/bsw/gen/CanTrcv_EOC.arxml C:/Users/01004867/AppData/Local/Temp/rta/rte/AR1911/ecu_config/bsw/gen/ComM_EOC.arxml C:/Users/01004867/AppData/Local/Temp/rta/rte/AR1911/ecu_config/bsw/gen/ComStack_Types.arxml C:/Users/01004867/AppData/Local/Temp/rta/rte/AR1911/ecu_config/bsw/gen/_fwd/ecuc_configuration_values_fwd.arxml C:/Users/01004867/AppData/Local/Temp/rta/rte/AR1911/ecu_config/bsw/gen/bswmd/CanIf_BSWMD.arxml C:/Users/01004867/AppData/Local/Temp/rta/rte/AR1911/ecu_config/bsw/gen/bswmd/CanIf_Cfg_BSWMD.arxml C:/Users/01004867/AppData/Local/Temp/rta/rte/AR1911/ecu_config/bsw/gen/bswmd/CanIf_EOC.arxml C:/Users/01004867/AppData/Local/Temp/rta/rte/AR1911/ecu_config/bsw/gen/bswmd/CanSM_BSWMD.arxml C:/Users/01004867/AppData/Local/Temp/rta/rte/AR1911/ecu_config/bsw/gen/bswmd/CanSM_Cfg_BSWMD.arxml C:/Users/01004867/AppData/Local/Temp/rta/rte/AR1911/ecu_config/bsw/gen/bswmd/CanSM_EOC.arxml C:/Users/01004867/AppData/Local/Temp/rta/rte/AR1911/ecu_config/bsw/gen/bswmd/CanTp_BSWMD.arxml C:/Users/01004867/AppData/Local/Temp/rta/rte/AR1911/ecu_config/bsw/gen/bswmd/CanTp_Cfg_BSWMD.arxml C:/Users/01004867/AppData/Local/Temp/rta/rte/AR1911/ecu_config/bsw/gen/bswmd/CanTrcv_BSWMD.arxml C:/Users/01004867/AppData/Local/Temp/rta/rte/AR1911/ecu_config/bsw/gen/bswmd/CanTrcv_Cfg_BSWMD.arxml C:/Users/01004867/AppData/Local/Temp/rta/rte/AR1911/ecu_config/bsw/gen/bswmd/ComM_BSWMD.arxml C:/Users/01004867/AppData/Local/Temp/rta/rte/AR1911/ecu_config/bsw/gen/bswmd/ComM_Cfg_BSWMD.arxml C:/Users/01004867/AppData/Local/Temp/rta/rte/AR1911/ecu_config/bsw/gen/bswmd/Crc_Cfg_BSWMD.arxml C:/Users/01004867/AppData/Local/Temp/rta/rte/AR1911/ecu_config/bsw/gen/bswmd/Dcm_BSWMD.arxml C:/Users/01004867/AppData/Local/Temp/rta/rte/AR1911/ecu_config/bsw/gen/bswmd/EcuM_BSWMD.arxml C:/Users/01004867/AppData/Local/Temp/rta/rte/AR1911/ecu_config/bsw/gen/bswmd/EcuM_Cfg_BSWMD.arxml C:/Users/01004867/AppData/Local/Temp/rta/rte/AR1911/ecu_config/bsw/gen/bswmd/Fee_BSWMD.arxml C:/Users/01004867/AppData/Local/Temp/rta/rte/AR1911/ecu_config/bsw/gen/bswmd/MemIf_Cfg_BSWMD.arxml C:/Users/01004867/AppData/Local/Temp/rta/rte/AR1911/ecu_config/bsw/gen/bswmd/NvM_Cfg_BSWMD.arxml C:/Users/01004867/AppData/Local/Temp/rta/rte/AR1911/ecu_config/bsw/gen/bswmd/NvM_Static_Cfg_BSWMD.arxml C:/Users/01004867/AppData/Local/Temp/rta/rte/AR1911/ecu_config/bsw/gen/bswmd/PduR_BSWMD.arxml C:/Users/01004867/AppData/Local/Temp/rta/rte/AR1911/ecu_config/bsw/gen/bswmd/PduR_Cfg_BSWMD.arxml C:/Users/01004867/AppData/Local/Temp/rta/rte/AR1911/ecu_config/bsw/gen/bswmd/PduR_EOC.arxml C:/Users/01004867/AppData/Local/Temp/rta/rte/AR1911/ecu_config/bsw/gen/bswmd/rba_MemLib_BSWMD.arxml C:/Users/01004867/AppData/Local/Temp/rta/rte/AR1911/ecu_config/bsw/gen/swcd/ComM_Cfg_SWCD.arxml C:/Users/01004867/AppData/Local/Temp/rta/rte/AR1911/ecu_config/bsw/gen/swcd/ComM_SWCD.arxml C:/Users/01004867/AppData/Local/Temp/rta/rte/AR1911/ecu_config/bsw/gen/swcd/Dcm_Cfg_SWCD.arxml C:/Users/01004867/AppData/Local/Temp/rta/rte/AR1911/ecu_config/bsw/gen/swcd/EcuM_Cfg_SWCD.arxml C:/Users/01004867/AppData/Local/Temp/rta/rte/AR1911/ecu_config/bsw/gen/swcd/NvM_Cfg_SWCD.arxml C:/Users/01004867/AppData/Local/Temp/rta/rte/AR1911/ecu_config/bsw/gen/swcd/rba_DiagLib_Cfg_SWCD.arxml C:/Users/01004867/AppData/Local/Temp/rta/rte/AR1911/ecu_config/bsw/internal/bswmd_ecuc_values/CanIf_Prot_EcucValues.arxml C:/Users/01004867/AppData/Local/Temp/rta/rte/AR1911/ecu_config/bsw/internal/bswmd_ecuc_values/CanSM_Prot_EcucValues.arxml C:/Users/01004867/AppData/Local/Temp/rta/rte/AR1911/ecu_config/bsw/internal/bswmd_ecuc_values/CanTrcv_Prot_EcucValues.arxml C:/Users/01004867/AppData/Local/Temp/rta/rte/AR1911/ecu_config/bsw/internal/bswmd_ecuc_values/PduR_Prot_EcucValues.arxml C:/Users/01004867/AppData/Local/Temp/rta/rte/AR1911/CanEcucValues.arxml C:/Users/01004867/AppData/Local/Temp/rta/rte/AR1911/DBC_SysDesc.arxml C:/Users/01004867/AppData/Local/Temp/rta/rte/AR1911/EcuC_Model_Export.arxml C:/Users/01004867/AppData/Local/Temp/rta/rte/AR1911/EcucValueCollection_Generated.arxml C:/Users/01004867/AppData/Local/Temp/rta/rte/AR1911/ISOLAR_PlatformTypes.arxml C:/Users/01004867/AppData/Local/Temp/rta/rte/AR1911/ManualConfig/CanTrcv_EcucValues.arxml C:/Users/01004867/AppData/Local/Temp/rta/rte/AR1911/ManualConfig/Diag_EcucValues.arxml C:/Users/01004867/AppData/Local/Temp/rta/rte/AR1911/ManualConfig/EcuM_EcucValues.arxml C:/Users/01004867/AppData/Local/Temp/rta/rte/AR1911/ManualConfig/Fee_TC275_EcuCValues.arxml C:/Users/01004867/AppData/Local/Temp/rta/rte/AR1911/ManualConfig/MemIf_EcucValues.arxml C:/Users/01004867/AppData/Local/Temp/rta/rte/AR1911/ManualConfig/NvMBlock_PART0.arxml C:/Users/01004867/AppData/Local/Temp/rta/rte/AR1911/ManualConfig/NvMBlock_PART2.arxml C:/Users/01004867/AppData/Local/Temp/rta/rte/AR1911/ManualConfig/NvMCommon_BT.arxml C:/Users/01004867/AppData/Local/Temp/rta/rte/AR1911/ManualConfig/NvmBlock_PART1.arxml C:/Users/01004867/AppData/Local/Temp/rta/rte/AR1911/ManualConfig/PduR_Diag_EcucValues.arxml C:/Users/01004867/AppData/Local/Temp/rta/rte/AR1911/ManualConfig/SpiDioMsc_Cfg.arxml C:/Users/01004867/AppData/Local/Temp/rta/rte/AR1911/Project_EcucValues.arxml C:/Users/01004867/AppData/Local/Temp/rta/rte/AR1911/ecu_config/bsw/internal/ComStack_EcucValues.arxml C:/Users/01004867/AppData/Local/Temp/rta/rte/AR1911/ecu_config/os/internal/Os_EcucValues.arxml C:/Users/01004867/AppData/Local/Temp/rta/rte/AR1911/ecu_config/rte/internal/Rte_EcucValues.arxml C:/Users/01004867/AppData/Local/Temp/rta/rte/AR1911/system_config/PlatformBaseOld_Types.arxml C:/Users/01004867/AppData/Local/Temp/rta/rte/AR1911/system_config/PlatformBase_Types.arxml C:/Users/01004867/AppData/Local/Temp/rta/rte/AR1911/system_config/PlatformOld_Types.arxml C:/Users/01004867/AppData/Local/Temp/rta/rte/AR1911/system_config/PlatformSwBasePatch_Types.arxml C:/Users/01004867/AppData/Local/Temp/rta/rte/AR1911/system_config/Platform_Types.arxml C:/Users/01004867/AppData/Local/Temp/rta/rte/AR1911/system_config/Standard_Types.arxml C:/Users/01004867/AppData/Local/Temp/rta/rte/AR1911/system_config/System.arxml C:/Users/01004867/AppData/Local/Temp/rta/rte/AR1911/system_config/rba_CUCELCompuMethods_BSWMD.arxml C:/Users/01004867/AppData/Local/Temp/rta/rte/AR1911/system_config/rba_CUCELSwAddrMethod_BSWMD.arxml ] --error-report=xml
RTA-RTE V7.5.3
Copyright (C) ETAS GmbH 2004-2022
Pre-processor warning set to - pragma message
Messages written to D:/1_OutProjest/dongfeng/90080-05101/trunk/BSW/20Proj/BOOT_2/BOOT/Fbl/BSW/Bsw_Cfg/src/rte/RteErr.xml.
Generation failed
No files had to be deleted.
1 error, 0 warnings and 0 info messages were generated.
Command: C:\ETAS\RTA-CAR_9.2.1\RTA-RTE_7.5.3/bin/RTEGen.exe -q 1 -r /DBC_SysDesc_Can_Network/Pkg_Ecu/VCU -o [*.*]"D:/1_OutProjest/dongfeng/90080-05101/trunk/BSW/20Proj/BOOT_2/BOOT/Fbl/BSW/Bsw_Cfg/src/rte" -f "D:/1_OutProjest/dongfeng/90080-05101/trunk/BSW/20Proj/BOOT_2/BOOT/Fbl/BSW/Bsw_Cfg/src/rte/rtegen_files.lst"  --error-report=xml

Execution failed with error
Execution of action RTA_RTE failed
********************************************************************************
********************************************************************************
Post build execution has started at 19:39:18:255 hh:mm:ss:ms 
********************************************************************************
Execute action: ProblemsLogEntryCreator 
********************************************************************************
Execution of action ProblemsLogEntryCreator successfully completed
********************************************************************************
Execute action: RtePostProcessor 
********************************************************************************
The Rte_BSWMD.arxml does not exist thus the post processor step for that file is skipped
Execution of action RtePostProcessor skipped
********************************************************************************
Post handle is skipped due to previous errors

********************************************************************************
RTA-RTE

********************************************************************************
Pre Build Summary 
********************************************************************************
- RtePreProcessor --> Success (Executed for 00:00:00:571 hh:mm:ss:ms)
Build Summary 
********************************************************************************
- RTA_RTE --> Error (Executed for 00:00:03:418 hh:mm:ss:ms)
Execution failed with error
********************************************************************************
Post Build Summary 
********************************************************************************
- ProblemsLogEntryCreator --> Success (Executed for 00:00:00:021 hh:mm:ss:ms)
- RtePostProcessor --> Skipped (Executed for 00:00:00:009 hh:mm:ss:ms)
Time taken for the complete build: 00:00:04:419

================================================================================
Build validation is failed with following errors for RTA-RTE and execution is aborted: 
================================================================================
1. Target ARObject: <boolean> Element 'boolean' has a duplicate name within context '/AUTOSAR_Platform/SwBaseTypes' but is not defined by AUTOSAR as splittable. Splittable elements and packages with the same name are merged but all sub-elements within the namespace formed by the splittable element that are not themselves splittable must have unique names. (This error can also occur if an XML file is specified multiple times on the command line). - Line: 439. [Infos] <boolean> : </AUTOSAR_Platform/SwBaseTypes/boolean>
