
	-----Running on port 62946-----
Processing Step ::ForwardWriteMonModule ::NvMPM Path ::C:\ETAS\RTA-CAR_9.2.1\ISOLAR-AB_9.2.1\configuration\org.eclipse.osgi\901\0\.cp\gen\Mem\NvM\scripts\common\NvM_EcucProc.pmWho am I ::NvM

	<--BCT running in AR42 context-->

ForwardWriteMon for NvM
Processing Step ::ForwardModule ::NvMPM Path ::C:\ETAS\RTA-CAR_9.2.1\ISOLAR-AB_9.2.1\configuration\org.eclipse.osgi\901\0\.cp\gen\Mem\NvM\scripts\common\NvM_EcucProc.pmWho am I ::NvM
Forward for NvM

WARNING: (Forward (Block: NVM_ID_EVT_STATUSBYTE)): NvMRbNvBlockLengthString is defined
            but feature Runtime RAM Block Configuration is disabled!.
            Please make sure NvMRbNvBlockLengthString's definition is calculated in compile time

WARNING: (Forward (Block: NVM_ID_EVT_STATUSBYTE)): NvMRbNvBlockLengthString is defined
                but feature First Read Data Migration is disabled!.
                Please make sure NvMRbNvBlockLengthString's definition is calculated in compile time

WARNING: (Forward (Block: NVM_ID_EVMEM_LOC_0)): NvMRbNvBlockLengthString is defined
            but feature Runtime RAM Block Configuration is disabled!.
            Please make sure NvMRbNvBlockLengthString's definition is calculated in compile time

WARNING: (Forward (Block: NVM_ID_EVMEM_LOC_0)): NvMRbNvBlockLengthString is defined
                but feature First Read Data Migration is disabled!.
                Please make sure NvMRbNvBlockLengthString's definition is calculated in compile time

WARNING: (Forward (Block: NVM_ID_EVMEM_LOC_1)): NvMRbNvBlockLengthString is defined
            but feature Runtime RAM Block Configuration is disabled!.
            Please make sure NvMRbNvBlockLengthString's definition is calculated in compile time

WARNING: (Forward (Block: NVM_ID_EVMEM_LOC_1)): NvMRbNvBlockLengthString is defined
                but feature First Read Data Migration is disabled!.
                Please make sure NvMRbNvBlockLengthString's definition is calculated in compile time

WARNING: (Forward (Block: NVM_ID_EVMEM_LOC_2)): NvMRbNvBlockLengthString is defined
            but feature Runtime RAM Block Configuration is disabled!.
            Please make sure NvMRbNvBlockLengthString's definition is calculated in compile time

WARNING: (Forward (Block: NVM_ID_EVMEM_LOC_2)): NvMRbNvBlockLengthString is defined
                but feature First Read Data Migration is disabled!.
                Please make sure NvMRbNvBlockLengthString's definition is calculated in compile time

WARNING: (Forward (Block: NVM_ID_EVMEM_LOC_3)): NvMRbNvBlockLengthString is defined
            but feature Runtime RAM Block Configuration is disabled!.
            Please make sure NvMRbNvBlockLengthString's definition is calculated in compile time

WARNING: (Forward (Block: NVM_ID_EVMEM_LOC_3)): NvMRbNvBlockLengthString is defined
                but feature First Read Data Migration is disabled!.
                Please make sure NvMRbNvBlockLengthString's definition is calculated in compile time

WARNING: (Forward (Block: NVM_ID_EVMEM_LOC_4)): NvMRbNvBlockLengthString is defined
            but feature Runtime RAM Block Configuration is disabled!.
            Please make sure NvMRbNvBlockLengthString's definition is calculated in compile time

WARNING: (Forward (Block: NVM_ID_EVMEM_LOC_4)): NvMRbNvBlockLengthString is defined
                but feature First Read Data Migration is disabled!.
                Please make sure NvMRbNvBlockLengthString's definition is calculated in compile time

WARNING: (Forward (Block: NVM_ID_EVMEM_LOC_5)): NvMRbNvBlockLengthString is defined
            but feature Runtime RAM Block Configuration is disabled!.
            Please make sure NvMRbNvBlockLengthString's definition is calculated in compile time

WARNING: (Forward (Block: NVM_ID_EVMEM_LOC_5)): NvMRbNvBlockLengthString is defined
                but feature First Read Data Migration is disabled!.
                Please make sure NvMRbNvBlockLengthString's definition is calculated in compile time

WARNING: (Forward (Block: NVM_ID_EVMEM_LOC_6)): NvMRbNvBlockLengthString is defined
            but feature Runtime RAM Block Configuration is disabled!.
            Please make sure NvMRbNvBlockLengthString's definition is calculated in compile time

WARNING: (Forward (Block: NVM_ID_EVMEM_LOC_6)): NvMRbNvBlockLengthString is defined
                but feature First Read Data Migration is disabled!.
                Please make sure NvMRbNvBlockLengthString's definition is calculated in compile time

WARNING: (Forward (Block: NVM_ID_EVMEM_LOC_7)): NvMRbNvBlockLengthString is defined
            but feature Runtime RAM Block Configuration is disabled!.
            Please make sure NvMRbNvBlockLengthString's definition is calculated in compile time

WARNING: (Forward (Block: NVM_ID_EVMEM_LOC_7)): NvMRbNvBlockLengthString is defined
                but feature First Read Data Migration is disabled!.
                Please make sure NvMRbNvBlockLengthString's definition is calculated in compile time

WARNING: (Forward (Block: NVM_ID_EVMEM_LOC_8)): NvMRbNvBlockLengthString is defined
            but feature Runtime RAM Block Configuration is disabled!.
            Please make sure NvMRbNvBlockLengthString's definition is calculated in compile time

WARNING: (Forward (Block: NVM_ID_EVMEM_LOC_8)): NvMRbNvBlockLengthString is defined
                but feature First Read Data Migration is disabled!.
                Please make sure NvMRbNvBlockLengthString's definition is calculated in compile time

WARNING: (Forward (Block: NVM_ID_EVMEM_LOC_9)): NvMRbNvBlockLengthString is defined
            but feature Runtime RAM Block Configuration is disabled!.
            Please make sure NvMRbNvBlockLengthString's definition is calculated in compile time

WARNING: (Forward (Block: NVM_ID_EVMEM_LOC_9)): NvMRbNvBlockLengthString is defined
                but feature First Read Data Migration is disabled!.
                Please make sure NvMRbNvBlockLengthString's definition is calculated in compile time

WARNING: (Forward (Block: NVM_ID_EVMEM_LOC_10)): NvMRbNvBlockLengthString is defined
            but feature Runtime RAM Block Configuration is disabled!.
            Please make sure NvMRbNvBlockLengthString's definition is calculated in compile time

WARNING: (Forward (Block: NVM_ID_EVMEM_LOC_10)): NvMRbNvBlockLengthString is defined
                but feature First Read Data Migration is disabled!.
                Please make sure NvMRbNvBlockLengthString's definition is calculated in compile time

WARNING: (Forward (Block: NVM_ID_EVMEM_LOC_11)): NvMRbNvBlockLengthString is defined
            but feature Runtime RAM Block Configuration is disabled!.
            Please make sure NvMRbNvBlockLengthString's definition is calculated in compile time

WARNING: (Forward (Block: NVM_ID_EVMEM_LOC_11)): NvMRbNvBlockLengthString is defined
                but feature First Read Data Migration is disabled!.
                Please make sure NvMRbNvBlockLengthString's definition is calculated in compile time

WARNING: (Forward (Block: NVM_ID_EVMEM_LOC_12)): NvMRbNvBlockLengthString is defined
            but feature Runtime RAM Block Configuration is disabled!.
            Please make sure NvMRbNvBlockLengthString's definition is calculated in compile time

WARNING: (Forward (Block: NVM_ID_EVMEM_LOC_12)): NvMRbNvBlockLengthString is defined
                but feature First Read Data Migration is disabled!.
                Please make sure NvMRbNvBlockLengthString's definition is calculated in compile time

WARNING: (Forward (Block: NVM_ID_EVMEM_LOC_13)): NvMRbNvBlockLengthString is defined
            but feature Runtime RAM Block Configuration is disabled!.
            Please make sure NvMRbNvBlockLengthString's definition is calculated in compile time

WARNING: (Forward (Block: NVM_ID_EVMEM_LOC_13)): NvMRbNvBlockLengthString is defined
                but feature First Read Data Migration is disabled!.
                Please make sure NvMRbNvBlockLengthString's definition is calculated in compile time

WARNING: (Forward (Block: NVM_ID_EVMEM_LOC_14)): NvMRbNvBlockLengthString is defined
            but feature Runtime RAM Block Configuration is disabled!.
            Please make sure NvMRbNvBlockLengthString's definition is calculated in compile time

WARNING: (Forward (Block: NVM_ID_EVMEM_LOC_14)): NvMRbNvBlockLengthString is defined
                but feature First Read Data Migration is disabled!.
                Please make sure NvMRbNvBlockLengthString's definition is calculated in compile time

WARNING: (Forward (Block: NVM_ID_EVMEM_LOC_15)): NvMRbNvBlockLengthString is defined
            but feature Runtime RAM Block Configuration is disabled!.
            Please make sure NvMRbNvBlockLengthString's definition is calculated in compile time

WARNING: (Forward (Block: NVM_ID_EVMEM_LOC_15)): NvMRbNvBlockLengthString is defined
                but feature First Read Data Migration is disabled!.
                Please make sure NvMRbNvBlockLengthString's definition is calculated in compile time

WARNING: (Forward (Block: NVM_ID_DEM_GENERIC_NV_DATA)): NvMRbNvBlockLengthString is defined
            but feature Runtime RAM Block Configuration is disabled!.
            Please make sure NvMRbNvBlockLengthString's definition is calculated in compile time

WARNING: (Forward (Block: NVM_ID_DEM_GENERIC_NV_DATA)): NvMRbNvBlockLengthString is defined
                but feature First Read Data Migration is disabled!.
                Please make sure NvMRbNvBlockLengthString's definition is calculated in compile time

WARNING: (Forward (Block: NVM_ID_INDICATOR_ATTRIBUTES)): NvMRbNvBlockLengthString is defined
            but feature Runtime RAM Block Configuration is disabled!.
            Please make sure NvMRbNvBlockLengthString's definition is calculated in compile time

WARNING: (Forward (Block: NVM_ID_INDICATOR_ATTRIBUTES)): NvMRbNvBlockLengthString is defined
                but feature First Read Data Migration is disabled!.
                Please make sure NvMRbNvBlockLengthString's definition is calculated in compile time

WARNING: (Forward (Block: NVM_ID_OBD_PERMANENT_MEMORY)): NvMRbNvBlockLengthString is defined
            but feature Runtime RAM Block Configuration is disabled!.
            Please make sure NvMRbNvBlockLengthString's definition is calculated in compile time

WARNING: (Forward (Block: NVM_ID_OBD_PERMANENT_MEMORY)): NvMRbNvBlockLengthString is defined
                but feature First Read Data Migration is disabled!.
                Please make sure NvMRbNvBlockLengthString's definition is calculated in compile time

WARNING: (Forward (Block: NVM_ID_OBD_DTR_DATA)): NvMRbNvBlockLengthString is defined
            but feature Runtime RAM Block Configuration is disabled!.
            Please make sure NvMRbNvBlockLengthString's definition is calculated in compile time

WARNING: (Forward (Block: NVM_ID_OBD_DTR_DATA)): NvMRbNvBlockLengthString is defined
                but feature First Read Data Migration is disabled!.
                Please make sure NvMRbNvBlockLengthString's definition is calculated in compile time
Processing Step ::GenerateModule ::NvMPM Path ::C:\ETAS\RTA-CAR_9.2.1\ISOLAR-AB_9.2.1\configuration\org.eclipse.osgi\901\0\.cp\gen\Mem\NvM\scripts\common\NvM_EcucProc.pmWho am I ::NvM
Generate for NvM

WARNING: (NvM_Generate (Block: NVM_ID_EVT_STATUSBYTE)): NvMRbNvBlockLengthString is defined
            but feature Runtime RAM Block Configuration is disabled!.
            Please make sure NvMRbNvBlockLengthString's definition is calculated in compile time

WARNING: (NvM_Generate (Block: NVM_ID_EVT_STATUSBYTE)): NvMRbNvBlockLengthString is defined
                but feature First Read Data Migration is disabled!.
                Please make sure NvMRbNvBlockLengthString's definition is calculated in compile time

WARNING: (NvM_Generate (Block: NVM_ID_EVMEM_LOC_0)): NvMRbNvBlockLengthString is defined
            but feature Runtime RAM Block Configuration is disabled!.
            Please make sure NvMRbNvBlockLengthString's definition is calculated in compile time

WARNING: (NvM_Generate (Block: NVM_ID_EVMEM_LOC_0)): NvMRbNvBlockLengthString is defined
                but feature First Read Data Migration is disabled!.
                Please make sure NvMRbNvBlockLengthString's definition is calculated in compile time

WARNING: (NvM_Generate (Block: NVM_ID_EVMEM_LOC_1)): NvMRbNvBlockLengthString is defined
            but feature Runtime RAM Block Configuration is disabled!.
            Please make sure NvMRbNvBlockLengthString's definition is calculated in compile time

WARNING: (NvM_Generate (Block: NVM_ID_EVMEM_LOC_1)): NvMRbNvBlockLengthString is defined
                but feature First Read Data Migration is disabled!.
                Please make sure NvMRbNvBlockLengthString's definition is calculated in compile time

WARNING: (NvM_Generate (Block: NVM_ID_EVMEM_LOC_2)): NvMRbNvBlockLengthString is defined
            but feature Runtime RAM Block Configuration is disabled!.
            Please make sure NvMRbNvBlockLengthString's definition is calculated in compile time

WARNING: (NvM_Generate (Block: NVM_ID_EVMEM_LOC_2)): NvMRbNvBlockLengthString is defined
                but feature First Read Data Migration is disabled!.
                Please make sure NvMRbNvBlockLengthString's definition is calculated in compile time

WARNING: (NvM_Generate (Block: NVM_ID_EVMEM_LOC_3)): NvMRbNvBlockLengthString is defined
            but feature Runtime RAM Block Configuration is disabled!.
            Please make sure NvMRbNvBlockLengthString's definition is calculated in compile time

WARNING: (NvM_Generate (Block: NVM_ID_EVMEM_LOC_3)): NvMRbNvBlockLengthString is defined
                but feature First Read Data Migration is disabled!.
                Please make sure NvMRbNvBlockLengthString's definition is calculated in compile time

WARNING: (NvM_Generate (Block: NVM_ID_EVMEM_LOC_4)): NvMRbNvBlockLengthString is defined
            but feature Runtime RAM Block Configuration is disabled!.
            Please make sure NvMRbNvBlockLengthString's definition is calculated in compile time

WARNING: (NvM_Generate (Block: NVM_ID_EVMEM_LOC_4)): NvMRbNvBlockLengthString is defined
                but feature First Read Data Migration is disabled!.
                Please make sure NvMRbNvBlockLengthString's definition is calculated in compile time

WARNING: (NvM_Generate (Block: NVM_ID_EVMEM_LOC_5)): NvMRbNvBlockLengthString is defined
            but feature Runtime RAM Block Configuration is disabled!.
            Please make sure NvMRbNvBlockLengthString's definition is calculated in compile time

WARNING: (NvM_Generate (Block: NVM_ID_EVMEM_LOC_5)): NvMRbNvBlockLengthString is defined
                but feature First Read Data Migration is disabled!.
                Please make sure NvMRbNvBlockLengthString's definition is calculated in compile time

WARNING: (NvM_Generate (Block: NVM_ID_EVMEM_LOC_6)): NvMRbNvBlockLengthString is defined
            but feature Runtime RAM Block Configuration is disabled!.
            Please make sure NvMRbNvBlockLengthString's definition is calculated in compile time

WARNING: (NvM_Generate (Block: NVM_ID_EVMEM_LOC_6)): NvMRbNvBlockLengthString is defined
                but feature First Read Data Migration is disabled!.
                Please make sure NvMRbNvBlockLengthString's definition is calculated in compile time

WARNING: (NvM_Generate (Block: NVM_ID_EVMEM_LOC_7)): NvMRbNvBlockLengthString is defined
            but feature Runtime RAM Block Configuration is disabled!.
            Please make sure NvMRbNvBlockLengthString's definition is calculated in compile time

WARNING: (NvM_Generate (Block: NVM_ID_EVMEM_LOC_7)): NvMRbNvBlockLengthString is defined
                but feature First Read Data Migration is disabled!.
                Please make sure NvMRbNvBlockLengthString's definition is calculated in compile time

WARNING: (NvM_Generate (Block: NVM_ID_EVMEM_LOC_8)): NvMRbNvBlockLengthString is defined
            but feature Runtime RAM Block Configuration is disabled!.
            Please make sure NvMRbNvBlockLengthString's definition is calculated in compile time

WARNING: (NvM_Generate (Block: NVM_ID_EVMEM_LOC_8)): NvMRbNvBlockLengthString is defined
                but feature First Read Data Migration is disabled!.
                Please make sure NvMRbNvBlockLengthString's definition is calculated in compile time

WARNING: (NvM_Generate (Block: NVM_ID_EVMEM_LOC_9)): NvMRbNvBlockLengthString is defined
            but feature Runtime RAM Block Configuration is disabled!.
            Please make sure NvMRbNvBlockLengthString's definition is calculated in compile time

WARNING: (NvM_Generate (Block: NVM_ID_EVMEM_LOC_9)): NvMRbNvBlockLengthString is defined
                but feature First Read Data Migration is disabled!.
                Please make sure NvMRbNvBlockLengthString's definition is calculated in compile time

WARNING: (NvM_Generate (Block: NVM_ID_EVMEM_LOC_10)): NvMRbNvBlockLengthString is defined
            but feature Runtime RAM Block Configuration is disabled!.
            Please make sure NvMRbNvBlockLengthString's definition is calculated in compile time

WARNING: (NvM_Generate (Block: NVM_ID_EVMEM_LOC_10)): NvMRbNvBlockLengthString is defined
                but feature First Read Data Migration is disabled!.
                Please make sure NvMRbNvBlockLengthString's definition is calculated in compile time

WARNING: (NvM_Generate (Block: NVM_ID_EVMEM_LOC_11)): NvMRbNvBlockLengthString is defined
            but feature Runtime RAM Block Configuration is disabled!.
            Please make sure NvMRbNvBlockLengthString's definition is calculated in compile time

WARNING: (NvM_Generate (Block: NVM_ID_EVMEM_LOC_11)): NvMRbNvBlockLengthString is defined
                but feature First Read Data Migration is disabled!.
                Please make sure NvMRbNvBlockLengthString's definition is calculated in compile time

WARNING: (NvM_Generate (Block: NVM_ID_EVMEM_LOC_12)): NvMRbNvBlockLengthString is defined
            but feature Runtime RAM Block Configuration is disabled!.
            Please make sure NvMRbNvBlockLengthString's definition is calculated in compile time

WARNING: (NvM_Generate (Block: NVM_ID_EVMEM_LOC_12)): NvMRbNvBlockLengthString is defined
                but feature First Read Data Migration is disabled!.
                Please make sure NvMRbNvBlockLengthString's definition is calculated in compile time

WARNING: (NvM_Generate (Block: NVM_ID_EVMEM_LOC_13)): NvMRbNvBlockLengthString is defined
            but feature Runtime RAM Block Configuration is disabled!.
            Please make sure NvMRbNvBlockLengthString's definition is calculated in compile time

WARNING: (NvM_Generate (Block: NVM_ID_EVMEM_LOC_13)): NvMRbNvBlockLengthString is defined
                but feature First Read Data Migration is disabled!.
                Please make sure NvMRbNvBlockLengthString's definition is calculated in compile time

WARNING: (NvM_Generate (Block: NVM_ID_EVMEM_LOC_14)): NvMRbNvBlockLengthString is defined
            but feature Runtime RAM Block Configuration is disabled!.
            Please make sure NvMRbNvBlockLengthString's definition is calculated in compile time

WARNING: (NvM_Generate (Block: NVM_ID_EVMEM_LOC_14)): NvMRbNvBlockLengthString is defined
                but feature First Read Data Migration is disabled!.
                Please make sure NvMRbNvBlockLengthString's definition is calculated in compile time

WARNING: (NvM_Generate (Block: NVM_ID_EVMEM_LOC_15)): NvMRbNvBlockLengthString is defined
            but feature Runtime RAM Block Configuration is disabled!.
            Please make sure NvMRbNvBlockLengthString's definition is calculated in compile time

WARNING: (NvM_Generate (Block: NVM_ID_EVMEM_LOC_15)): NvMRbNvBlockLengthString is defined
                but feature First Read Data Migration is disabled!.
                Please make sure NvMRbNvBlockLengthString's definition is calculated in compile time

WARNING: (NvM_Generate (Block: NVM_ID_DEM_GENERIC_NV_DATA)): NvMRbNvBlockLengthString is defined
            but feature Runtime RAM Block Configuration is disabled!.
            Please make sure NvMRbNvBlockLengthString's definition is calculated in compile time

WARNING: (NvM_Generate (Block: NVM_ID_DEM_GENERIC_NV_DATA)): NvMRbNvBlockLengthString is defined
                but feature First Read Data Migration is disabled!.
                Please make sure NvMRbNvBlockLengthString's definition is calculated in compile time

WARNING: (NvM_Generate (Block: NVM_ID_INDICATOR_ATTRIBUTES)): NvMRbNvBlockLengthString is defined
            but feature Runtime RAM Block Configuration is disabled!.
            Please make sure NvMRbNvBlockLengthString's definition is calculated in compile time

WARNING: (NvM_Generate (Block: NVM_ID_INDICATOR_ATTRIBUTES)): NvMRbNvBlockLengthString is defined
                but feature First Read Data Migration is disabled!.
                Please make sure NvMRbNvBlockLengthString's definition is calculated in compile time

WARNING: (NvM_Generate (Block: NVM_ID_OBD_PERMANENT_MEMORY)): NvMRbNvBlockLengthString is defined
            but feature Runtime RAM Block Configuration is disabled!.
            Please make sure NvMRbNvBlockLengthString's definition is calculated in compile time

WARNING: (NvM_Generate (Block: NVM_ID_OBD_PERMANENT_MEMORY)): NvMRbNvBlockLengthString is defined
                but feature First Read Data Migration is disabled!.
                Please make sure NvMRbNvBlockLengthString's definition is calculated in compile time

WARNING: (NvM_Generate (Block: NVM_ID_OBD_DTR_DATA)): NvMRbNvBlockLengthString is defined
            but feature Runtime RAM Block Configuration is disabled!.
            Please make sure NvMRbNvBlockLengthString's definition is calculated in compile time

WARNING: (NvM_Generate (Block: NVM_ID_OBD_DTR_DATA)): NvMRbNvBlockLengthString is defined
                but feature First Read Data Migration is disabled!.
                Please make sure NvMRbNvBlockLengthString's definition is calculated in compile time
Processing Step ::GenerateModule ::FeePM Path ::C:\ETAS\RTA-CAR_9.2.1\ISOLAR-AB_9.2.1\configuration\org.eclipse.osgi\901\0\.cp\gen\Mem\Fee\scripts\common\Fee_EcucProc.pmWho am I ::Fee
Generate for Fee
Using a hash as a reference is deprecated at /loader/0xf0da24/C:\ETAS\RTA-CAR_9.2.1\ISOLAR-AB_9.2.1\configuration\org.eclipse.osgi\901\0\.cp\gen\Mem\Fee\scripts\common\Fee_Fs1_EcucProc.pm line 414.
Using a hash as a reference is deprecated at /loader/0xf0da24/C:\ETAS\RTA-CAR_9.2.1\ISOLAR-AB_9.2.1\configuration\org.eclipse.osgi\901\0\.cp\gen\Mem\Fee\scripts\common\Fee_Fs1_EcucProc.pm line 415.
Warning: ConfProcess: Pop() is used together with AnalyzeInputData(). Please use GetInputData() or GetInvariantInputData() to get the analyzed input data.
Argument "\x{30}\x{78}..." isn't numeric in numeric lt (<) at /loader/0xf0da24/C:\ETAS\RTA-CAR_9.2.1\ISOLAR-AB_9.2.1\configuration\org.eclipse.osgi\901\0\.cp\gen\Mem\Fee\scripts\common\Fee_Fs1_Check.pm line 287.
Argument "\x{30}\x{78}..." isn't numeric in numeric lt (<) at /loader/0xf0da24/C:\ETAS\RTA-CAR_9.2.1\ISOLAR-AB_9.2.1\configuration\org.eclipse.osgi\901\0\.cp\gen\Mem\Fee\scripts\common\Fee_Fs1_Check.pm line 287.
Argument "\x{30}\x{78}..." isn't numeric in numeric lt (<) at /loader/0xf0da24/C:\ETAS\RTA-CAR_9.2.1\ISOLAR-AB_9.2.1\configuration\org.eclipse.osgi\901\0\.cp\gen\Mem\Fee\scripts\common\Fee_Fs1_Check.pm line 287.
Argument "\x{30}\x{78}..." isn't numeric in numeric lt (<) at /loader/0xf0da24/C:\ETAS\RTA-CAR_9.2.1\ISOLAR-AB_9.2.1\configuration\org.eclipse.osgi\901\0\.cp\gen\Mem\Fee\scripts\common\Fee_Fs1_Check.pm line 287.
Processing Step ::GenerateModule ::MemIfPM Path ::C:\ETAS\RTA-CAR_9.2.1\ISOLAR-AB_9.2.1\configuration\org.eclipse.osgi\901\0\.cp\gen\Mem\MemIf\scripts\common\MemIf_EcucProc.pmWho am I ::MemIf
Generate for MemIf
Processing Step ::ForwardModule ::FeePM Path ::C:\ETAS\RTA-CAR_9.2.1\ISOLAR-AB_9.2.1\configuration\org.eclipse.osgi\901\0\.cp\gen\Mem\Fee\scripts\common\Fee_EcucProc.pmWho am I ::Fee
Forward for Fee
Argument "\x{30}\x{78}..." isn't numeric in numeric lt (<) at /loader/0xf0da24/C:\ETAS\RTA-CAR_9.2.1\ISOLAR-AB_9.2.1\configuration\org.eclipse.osgi\901\0\.cp\gen\Mem\Fee\scripts\common\Fee_Fs1_Check.pm line 287.
Use of uninitialized value in lc at /loader/0xf0da24/C:\ETAS\RTA-CAR_9.2.1\ISOLAR-AB_9.2.1\configuration\org.eclipse.osgi\901\0\.cp\gen\Mem\Fee\scripts\common\Fee_Fs1_EcucProc.pm line 2452.
Use of uninitialized value $value in pattern match (m//) at C:/ETAS/RTA-CAR_9.2.1/ISOLAR-AB_9.2.1/plugins/com.bosch.ubk.perlinterpreter_5.14.4.1_3e/Perl/perl/site/lib/Frontier/RPC2.pm line 236.
Use of uninitialized value $value in pattern match (m//) at C:/ETAS/RTA-CAR_9.2.1/ISOLAR-AB_9.2.1/plugins/com.bosch.ubk.perlinterpreter_5.14.4.1_3e/Perl/perl/site/lib/Frontier/RPC2.pm line 251.
Use of uninitialized value $value in substitution (s///) at C:/ETAS/RTA-CAR_9.2.1/ISOLAR-AB_9.2.1/plugins/com.bosch.ubk.perlinterpreter_5.14.4.1_3e/Perl/perl/site/lib/Frontier/RPC2.pm line 254.
Use of uninitialized value $value in concatenation (.) or string at C:/ETAS/RTA-CAR_9.2.1/ISOLAR-AB_9.2.1/plugins/com.bosch.ubk.perlinterpreter_5.14.4.1_3e/Perl/perl/site/lib/Frontier/RPC2.pm line 255.
