********************************************************************************
Build Execution started
********************************************************************************
Tool Version : ISOLAR-A/B 9.2.1 
Tool Build Id :20220317_1800
Date : Thu Sep 24 15:36:28 CST 2026
Project : TE5XH_TC387_CAN2.0
********************************************************************************

********************************************************************************
Project clean execution has started at 15:36:32:399 hh:mm:ss:ms 
********************************************************************************
Clean action: Bfx_Prepare 
Clean action: CanTp_Prepare_PC 
Clean action: CanTrcv_Forward 
Clean action: ComM_Prepare 
Clean action: ComStack_Validate 
Clean action: Crc_Validate 
Clean action: Det_validator 
Clean action: EcuM_Forward 
Clean action: EcuM_Prepare 
Clean action: Mfx_Prepare 
Clean action: Nm_prepare 
Clean action: NvM_ForwardWriteMon 
Clean action: PduR_Forward 
Clean action: WdgIf_Id_Generate 
Clean action: Xcp_Forward_CpuLoad 
Clean action: Xcp_Forward_DmeUser 
Clean action: Xcp_Forward_rba_Byp 
Clean action: Xcp_Forward_rba_MemLay 
Clean action: Xcp_Prepare 
Clean action: rba_MemLib_Process 
Clean action: Bfx_Validate 
Clean action: CanIf_GenerateId 
Clean action: CanNm_Prepare_AllVariants 
Clean action: CanSM_Prepare 
Clean action: CanTrcv_GenerateEOC 
Clean action: ComStack_Generate 
Clean action: Crc_Generate 
Clean action: Det_generator 
Clean action: EcuM_PbDetermineForward 
Clean action: EcuM_RbMonitoringValidate 
Clean action: EcuM_Validate 
Clean action: Mfx_Validate 
Clean action: Nm_Forward 
Clean action: WdgIf_Validate 
Clean action: Xcp_Forward_BSWMD 
Clean action: Bfx_Generate 
Clean action: CanNm_Forward_AllVariants 
Clean action: CanNm_Validate_AllVariants 
Clean action: CanSM_Forward 
Clean action: CanSM_Validate 
Clean action: CanTrcv_Validator 
Clean action: ComM_Forward 
Clean action: Dem_IdGenerator 
Clean action: EcuM_Generate 
Clean action: EcuM_PbDetermineValidate 
Clean action: EcuM_RbMonitoringGenerate 
Clean action: EcuM_WarningReport 
Clean action: Mfx_Generate 
Clean action: WdgIf_Generate 
Clean action: rba_DemObdBasic_IdGenerator 
Clean action: CanSM_Generate 
Clean action: CanTrcv_BSWMD_Forward 
Clean action: Com_Prepare 
Clean action: Dem_forwarder 
Clean action: EcuM_PbDetermineGenerate 
Clean action: WdgM_Id_Generate 
Clean action: ComM_Validate 
Clean action: Nm_Validate 
Clean action: WdgM_Validate 
Clean action: Xcp_Validate 
Clean action: rba_DemObdBasic_forwarder 
Clean action: CanIf_Forward 
Clean action: CanTrcv_Generate 
Clean action: CanTrcv_Generate_PB 
Clean action: ComM_Generate 
Clean action: ComM_Generate_PB 
Clean action: Dcm_IdGenerator 
Clean action: Dem_validate 
Clean action: Nm_Generate 
Clean action: NvM_Forward 
Clean action: NvM_Generate 
Clean action: WdgM_Generate 
Clean action: Xcp_Generate 
Clean action: rba_DemObdBasic_validator 
Clean action: Dem_generator 
Clean action: Fee_Generate 
Clean action: Fee_GenerateJava 
Clean action: MemIf_Generate 
Clean action: PduR_Prepare 
Clean action: rba_DemObdBasic_generator 
Clean action: BswM_Generate 
Clean action: BswM_Validate 
Clean action: CanIf_Validate 
Clean action: CanNm_Generate_AllVariants 
Clean action: CanNm_Generate_PB_AllVariants 
Clean action: CanTp_Validate_PC 
Clean action: Com_Validate 
Clean action: Fee_Forward 
Clean action: PduR_Validate 
Clean action: CanIf_Generate 
Clean action: CanIf_Generate_PB 
Clean action: CanTp_Generate_PC 
Clean action: Com_Forward 
Clean action: Com_Generate 
Clean action: Com_Generate_PB 
Clean action: Dcm_validator_generator 
Clean action: PduR_Generate 
Clean action: PduR_Generate_PB 
Clean action: Dcm_Generator 
Clean action: rba_ArxmlGen_Validate 
Clean action: rba_ArxmlGen_Generate 
********************************************************************************
Project clean execution has been completed
Time taken to run Project Clean :: 00:00:00:137 hh:mm:ss:ms 
********************************************************************************
********************************************************************************
Pre build execution has started at 15:36:33:598 hh:mm:ss:ms 
********************************************************************************
Pre build validation successfully completed
Execute action: 0_CheckLicenses 
********************************************************************************
Starting action: Verifying Licenses
License availabe for stack: Common: OK 
License availabe for stack: RTA-BASE: OK 
License availabe for stack: RTA-CAN: OK 
License availabe for stack: RTA-COM: OK 
License availabe for stack: RTA-DIAG: OK 
License availabe for stack: RTA-ETH: NO 
License availabe for stack: RTA-FRAY: NO 
License availabe for stack: RTA-HWD(Can): OK 
License availabe for stack: RTA-HWD(Eth): NO 
License availabe for stack: RTA-HWD(Fray): NO 
License availabe for stack: RTA-HWD(Lin): NO 
License availabe for stack: RTA-J1939: NO 
License availabe for stack: RTA-LIN: NO 
License availabe for stack: RTA-MEM: OK 
License availabe for stack: RTA-RipsPlugins: NO 
License availabe for stack: RTA-SAFE: OK 
License availabe for stack: RTA-SEC: NO 
License availabe for stack: RTA-SWCL: NO 
License availabe for stack: RTA-XCP: OK 
Finished action: Verifying Licenses
Execution of action 0_CheckLicenses successfully completed
********************************************************************************
Execute action: ApplicationRegisterer 
********************************************************************************
Starting action: Register the Application. Applicable only for Headless usage
Finished action: Register the Application. Applicable only for Headless usage
Registering Application not required - No support for headless
Execution of action ApplicationRegisterer skipped
********************************************************************************
Execute action: BswmdEcucValues_1_RemoveExistingBswmdEcucValues 
********************************************************************************
Starting action: Remove Bswmd Ecuc Values for ArxmlGen
Removing static BSWMD Ecuc Values.
Static BSWMD Ecuc Values.
Successfully removed static BSWMD Ecuc Values.
Finished action: Remove Bswmd Ecuc Values for ArxmlGen
Execution of action BswmdEcucValues_1_RemoveExistingBswmdEcucValues successfully completed
********************************************************************************
Execute action: BswmdEcucValues_2_CreateBswmdEcucValues 
********************************************************************************
Starting action: Create Bswmd Ecuc Values for ArxmlGen
Acquiring static BSWMD Ecuc Values.
Creating static BSWMD Ecuc Values files.
Creating file 'Xcp_BswMD_EcucValues.arxml'.
Creating file 'CanNm_Prot_EcucValues.arxml'.
Creating file 'ComM_Prot_EcucValues.arxml'.
Creating file 'CanSM_Prot_EcucValues.arxml'.
Creating file 'PduR_Prot_EcucValues.arxml'.
Creating file 'CanTrcv_Prot_EcucValues.arxml'.
Creating file 'Com_Prot_EcucValues.arxml'.
Creating file 'CanIf_Prot_EcucValues.arxml'.
Creating file 'Nm_Prot_EcucValues.arxml'.
Successfully created static BSWMD Ecuc Values.
Finished action: Create Bswmd Ecuc Values for ArxmlGen
Execution of action BswmdEcucValues_2_CreateBswmdEcucValues successfully completed
********************************************************************************
Execute action: DuplicatedParamDefChecker 
********************************************************************************
Starting action: Checks for duplicated param defs.
Finished action: Checks for duplicated param defs.
Execution of action DuplicatedParamDefChecker successfully completed
********************************************************************************
Execute action: ParamDefMissingChecker 
********************************************************************************
Starting action: Checks for empty definitons.
Finished action: Checks for empty definitons.
Execution of action ParamDefMissingChecker successfully completed
********************************************************************************
Execute action: ProjectStateValidator 
********************************************************************************
Starting action: Runs project validation.
Finished action: Runs project validation.
Execution of action ProjectStateValidator successfully completed
********************************************************************************
********************************************************************************
Main build execution has started at 15:36:37:921 hh:mm:ss:ms 
********************************************************************************
Execute action: Bfx_Prepare 
********************************************************************************
oAW: Prepare script: Bfx_Prepare.oaw
oAW: Run script: Bfx_Prepare.oaw
oAW: End of running script: Bfx_Prepare.oaw
Execution of action Bfx_Prepare successfully completed
********************************************************************************
Execute action: CanTp_Prepare_PC 
********************************************************************************
oAW: Prepare script: CanTp_Prepare.mwe
oAW: Run script: CanTp_Prepare.mwe
oAW: End of running script: CanTp_Prepare.mwe
Execution of action CanTp_Prepare_PC successfully completed
********************************************************************************
Execute action: CanTrcv_Forward 
********************************************************************************
oAW: Prepare script: CanTrcv_Forward.mwe
oAW: Run script: CanTrcv_Forward.mwe
oAW: End of running script: CanTrcv_Forward.mwe
Execution of action CanTrcv_Forward successfully completed
********************************************************************************
Execute action: ComM_Prepare 
********************************************************************************
oAW: Prepare script: ComM_GenerateId.oaw
oAW: Run script: ComM_GenerateId.oaw
oAW: End of running script: ComM_GenerateId.oaw
Execution of action ComM_Prepare successfully completed
********************************************************************************
Execute action: ComStack_Validate 
********************************************************************************
oAW: Prepare script: ComStack_Validate.oaw
oAW: Run script: ComStack_Validate.oaw
oAW: End of running script: ComStack_Validate.oaw
Execution of action ComStack_Validate successfully completed
********************************************************************************
Execute action: Crc_Validate 
********************************************************************************
oAW: Prepare script: Crc_Validate.oaw
oAW: Run script: Crc_Validate.oaw
oAW: End of running script: Crc_Validate.oaw
Execution of action Crc_Validate successfully completed
********************************************************************************
Execute action: Det_validator 
********************************************************************************
oAW: Prepare script: Det_Validate.mwe
oAW: Run script: Det_Validate.mwe
oAW: End of running script: Det_Validate.mwe
Execution of action Det_validator successfully completed
********************************************************************************
Execute action: EcuM_Forward 
********************************************************************************
oAW: Prepare script: EcuM_Forward.mwe
oAW: Run script: EcuM_Forward.mwe
oAW: End of running script: EcuM_Forward.mwe
Execution of action EcuM_Forward successfully completed
********************************************************************************
Execute action: EcuM_Prepare 
********************************************************************************
oAW: Prepare script: EcuM_GenerateId.mwe
oAW: Run script: EcuM_GenerateId.mwe
oAW: End of running script: EcuM_GenerateId.mwe
Execution of action EcuM_Prepare successfully completed
********************************************************************************
Execute action: Mfx_Prepare 
********************************************************************************
oAW: Prepare script: Mfx_Prepare.oaw
oAW: Run script: Mfx_Prepare.oaw
oAW: End of running script: Mfx_Prepare.oaw
Execution of action Mfx_Prepare successfully completed
********************************************************************************
Execute action: Nm_prepare 
********************************************************************************
oAW: Prepare script: Nm_GenerateId.oaw
oAW: Run script: Nm_GenerateId.oaw
oAW: End of running script: Nm_GenerateId.oaw
Execution of action Nm_prepare successfully completed
********************************************************************************
Execute action: NvM_ForwardWriteMon 
********************************************************************************
CFW: Perl Port Local Host URL : http://127.0.0.1:62946/RPC2
CFW: Call Version
CFW: ConfProcess version is: 11.0
Perl: CFW: Set Variant Data
Perl: CFW: Variant data created
Perl: Variant data transferred
CFW: Call Init_variables
Perl: PerlHash updated, created and transfered
Perl: No Input Artefacts passed.
Perl: Process Step executed in NvM_ForwardWriteMon
Perl: End of: NvM_ForwardWriteMon
Execution of action NvM_ForwardWriteMon successfully completed
********************************************************************************
Execute action: PduR_Forward 
********************************************************************************
oAW: Prepare script: PduR_Forward.oaw
oAW: Run script: PduR_Forward.oaw
oAW: End of running script: PduR_Forward.oaw
Execution of action PduR_Forward successfully completed
********************************************************************************
Execute action: WdgIf_Id_Generate 
********************************************************************************
oAW: Prepare script: WdgIf_Id_Generate.oaw
oAW: Run script: WdgIf_Id_Generate.oaw
oAW: End of running script: WdgIf_Id_Generate.oaw
Execution of action WdgIf_Id_Generate successfully completed
********************************************************************************
Execute action: Xcp_Forward_CpuLoad 
********************************************************************************
oAW: Prepare script: Xcp_Forward_CpuLoad.oaw
oAW: Run script: Xcp_Forward_CpuLoad.oaw
oAW: End of running script: Xcp_Forward_CpuLoad.oaw
Execution of action Xcp_Forward_CpuLoad successfully completed
********************************************************************************
Execute action: Xcp_Forward_DmeUser 
********************************************************************************
oAW: Prepare script: Xcp_Forward_DmeUser.oaw
oAW: Run script: Xcp_Forward_DmeUser.oaw
oAW: End of running script: Xcp_Forward_DmeUser.oaw
Execution of action Xcp_Forward_DmeUser successfully completed
********************************************************************************
Execute action: Xcp_Forward_rba_Byp 
********************************************************************************
oAW: Prepare script: Xcp_Forward_rba_Byp.oaw
oAW: Run script: Xcp_Forward_rba_Byp.oaw
oAW: End of running script: Xcp_Forward_rba_Byp.oaw
Execution of action Xcp_Forward_rba_Byp successfully completed
********************************************************************************
Execute action: Xcp_Forward_rba_MemLay 
********************************************************************************
oAW: Prepare script: Xcp_Forward_rba_MemLay.oaw
oAW: Run script: Xcp_Forward_rba_MemLay.oaw
oAW: End of running script: Xcp_Forward_rba_MemLay.oaw
Execution of action Xcp_Forward_rba_MemLay successfully completed
********************************************************************************
Execute action: Xcp_Prepare 
********************************************************************************
oAW: Prepare script: Xcp_GenerateId.oaw
oAW: Run script: Xcp_GenerateId.oaw
oAW: End of running script: Xcp_GenerateId.oaw
Execution of action Xcp_Prepare successfully completed
********************************************************************************
Execute action: rba_MemLib_Process 
********************************************************************************
Execution of action rba_MemLib_Process successfully completed
********************************************************************************
Execute action: Bfx_Validate 
********************************************************************************
oAW: Prepare script: Bfx_Validate.oaw
oAW: Run script: Bfx_Validate.oaw
oAW: End of running script: Bfx_Validate.oaw
Execution of action Bfx_Validate successfully completed
********************************************************************************
Execute action: CanIf_GenerateId 
********************************************************************************
oAW: Prepare script: CanIf_GenerateId.oaw
oAW: Run script: CanIf_GenerateId.oaw
oAW: End of running script: CanIf_GenerateId.oaw
Execution of action CanIf_GenerateId successfully completed
********************************************************************************
Execute action: CanNm_Prepare_AllVariants 
********************************************************************************
oAW: Prepare script: CanNm_GenerateId.oaw
oAW: Run script: CanNm_GenerateId.oaw
oAW: End of running script: CanNm_GenerateId.oaw
Execution of action CanNm_Prepare_AllVariants successfully completed
********************************************************************************
Execute action: CanSM_Prepare 
********************************************************************************
oAW: Prepare script: CanSM_GenerateId.oaw
oAW: Run script: CanSM_GenerateId.oaw
oAW: End of running script: CanSM_GenerateId.oaw
Execution of action CanSM_Prepare successfully completed
********************************************************************************
Execute action: CanTrcv_GenerateEOC 
********************************************************************************
oAW: Prepare script: CanTrcv_GenerateEOC.mwe
oAW: Run script: CanTrcv_GenerateEOC.mwe
oAW: End of running script: CanTrcv_GenerateEOC.mwe
Execution of action CanTrcv_GenerateEOC successfully completed
********************************************************************************
Execute action: ComStack_Generate 
********************************************************************************
oAW: Prepare script: ComStack_Generate.oaw
oAW: Run script: ComStack_Generate.oaw
oAW: End of running script: ComStack_Generate.oaw
Execution of action ComStack_Generate successfully completed
********************************************************************************
Execute action: Crc_Generate 
********************************************************************************
oAW: Prepare script: Crc_Generate.oaw
oAW: Run script: Crc_Generate.oaw
oAW: End of running script: Crc_Generate.oaw
Execution of action Crc_Generate successfully completed
********************************************************************************
Execute action: Det_generator 
********************************************************************************
oAW: Prepare script: Det_Generate.mwe
oAW: Run script: Det_Generate.mwe
oAW: End of running script: Det_Generate.mwe
Execution of action Det_generator successfully completed
********************************************************************************
Execute action: EcuM_PbDetermineForward 
********************************************************************************
oAW: Prepare script: EcuM_PbDetermineForward.mwe
oAW: Run script: EcuM_PbDetermineForward.mwe
oAW: End of running script: EcuM_PbDetermineForward.mwe
Execution of action EcuM_PbDetermineForward successfully completed
********************************************************************************
Execute action: EcuM_RbMonitoringValidate 
********************************************************************************
oAW: Prepare script: EcuM_RbMonitoringValidate.mwe
oAW: Run script: EcuM_RbMonitoringValidate.mwe
oAW: End of running script: EcuM_RbMonitoringValidate.mwe
Execution of action EcuM_RbMonitoringValidate successfully completed
********************************************************************************
Execute action: EcuM_Validate 
********************************************************************************
oAW: Prepare script: EcuM_Validate.mwe
oAW: Run script: EcuM_Validate.mwe
oAW: End of running script: EcuM_Validate.mwe
Execution of action EcuM_Validate successfully completed
********************************************************************************
Execute action: Mfx_Validate 
********************************************************************************
oAW: Prepare script: Mfx_Validate.oaw
oAW: Run script: Mfx_Validate.oaw
oAW: End of running script: Mfx_Validate.oaw
Execution of action Mfx_Validate successfully completed
********************************************************************************
Execute action: Nm_Forward 
********************************************************************************
oAW: Prepare script: Nm_Forward.oaw
oAW: Run script: Nm_Forward.oaw
oAW: End of running script: Nm_Forward.oaw
Execution of action Nm_Forward successfully completed
********************************************************************************
Execute action: WdgIf_Validate 
********************************************************************************
oAW: Prepare script: WdgIf_Validate.oaw
oAW: Run script: WdgIf_Validate.oaw
oAW: End of running script: WdgIf_Validate.oaw
Execution of action WdgIf_Validate successfully completed
********************************************************************************
Execute action: Xcp_Forward_BSWMD 
********************************************************************************
oAW: Prepare script: Xcp_Forward_rba_ArxmlGen.oaw
oAW: Run script: Xcp_Forward_rba_ArxmlGen.oaw
oAW: End of running script: Xcp_Forward_rba_ArxmlGen.oaw
Execution of action Xcp_Forward_BSWMD successfully completed
********************************************************************************
Execute action: Bfx_Generate 
********************************************************************************
oAW: Prepare script: Bfx_Generate.oaw
oAW: Run script: Bfx_Generate.oaw
oAW: End of running script: Bfx_Generate.oaw
Execution of action Bfx_Generate successfully completed
********************************************************************************
Execute action: CanNm_Forward_AllVariants 
********************************************************************************
oAW: Prepare script: CanNm_Forward.oaw
oAW: Run script: CanNm_Forward.oaw
oAW: End of running script: CanNm_Forward.oaw
Execution of action CanNm_Forward_AllVariants successfully completed
********************************************************************************
Execute action: CanNm_Validate_AllVariants 
********************************************************************************
oAW: Prepare script: CanNm_Validate.oaw
oAW: Run script: CanNm_Validate.oaw
oAW: End of running script: CanNm_Validate.oaw
Execution of action CanNm_Validate_AllVariants successfully completed
********************************************************************************
Execute action: CanSM_Forward 
********************************************************************************
oAW: Prepare script: CanSM_Forward.oaw
oAW: Run script: CanSM_Forward.oaw
oAW: End of running script: CanSM_Forward.oaw
Execution of action CanSM_Forward successfully completed
********************************************************************************
Execute action: CanSM_Validate 
********************************************************************************
oAW: Prepare script: CanSM_Validate.oaw
oAW: Run script: CanSM_Validate.oaw
oAW: End of running script: CanSM_Validate.oaw
Execution of action CanSM_Validate successfully completed
********************************************************************************
Execute action: CanTrcv_Validator 
********************************************************************************
oAW: Prepare script: CanTrcv_Validate.mwe
oAW: Run script: CanTrcv_Validate.mwe
oAW: End of running script: CanTrcv_Validate.mwe
Execution of action CanTrcv_Validator successfully completed
********************************************************************************
Execute action: ComM_Forward 
********************************************************************************
oAW: Prepare script: ComM_Forward.oaw
oAW: Run script: ComM_Forward.oaw
oAW: End of running script: ComM_Forward.oaw
Execution of action ComM_Forward successfully completed
********************************************************************************
Execute action: Dem_IdGenerator 
********************************************************************************
oAW: Prepare script: Dem_GenerateID.mwe
oAW: Run script: Dem_GenerateID.mwe
oAW: End of running script: Dem_GenerateID.mwe
Execution of action Dem_IdGenerator successfully completed
********************************************************************************
Execute action: EcuM_Generate 
********************************************************************************
oAW: Prepare script: EcuM_Generate.mwe
oAW: Run script: EcuM_Generate.mwe
oAW: End of running script: EcuM_Generate.mwe
Execution of action EcuM_Generate successfully completed
********************************************************************************
Execute action: EcuM_PbDetermineValidate 
********************************************************************************
oAW: Prepare script: EcuM_PbDetermineValidate.mwe
oAW: Run script: EcuM_PbDetermineValidate.mwe
oAW: End of running script: EcuM_PbDetermineValidate.mwe
Execution of action EcuM_PbDetermineValidate successfully completed
********************************************************************************
Execute action: EcuM_RbMonitoringGenerate 
********************************************************************************
oAW: Prepare script: EcuM_RbMonitoringGenerate.mwe
oAW: Run script: EcuM_RbMonitoringGenerate.mwe
oAW: End of running script: EcuM_RbMonitoringGenerate.mwe
Execution of action EcuM_RbMonitoringGenerate successfully completed
********************************************************************************
Execute action: EcuM_WarningReport 
********************************************************************************
oAW: Prepare script: EcuM_WarningReport.mwe
oAW: Run script: EcuM_WarningReport.mwe
oAW: End of running script: EcuM_WarningReport.mwe
Execution of action EcuM_WarningReport successfully completed
********************************************************************************
Execute action: Mfx_Generate 
********************************************************************************
oAW: Prepare script: Mfx_Generate.oaw
oAW: Run script: Mfx_Generate.oaw
oAW: End of running script: Mfx_Generate.oaw
Execution of action Mfx_Generate successfully completed
********************************************************************************
Execute action: WdgIf_Generate 
********************************************************************************
oAW: Prepare script: WdgIf_Generate.oaw
oAW: Run script: WdgIf_Generate.oaw
oAW: End of running script: WdgIf_Generate.oaw
Execution of action WdgIf_Generate successfully completed
********************************************************************************
Execute action: rba_DemObdBasic_IdGenerator 
********************************************************************************
oAW: Prepare script: rba_DemObdBasic_IdGenerator.mwe
oAW: Run script: rba_DemObdBasic_IdGenerator.mwe
oAW: End of running script: rba_DemObdBasic_IdGenerator.mwe
Execution of action rba_DemObdBasic_IdGenerator successfully completed
********************************************************************************
Execute action: CanSM_Generate 
********************************************************************************
oAW: Prepare script: CanSM_Generate.oaw
oAW: Run script: CanSM_Generate.oaw
oAW: End of running script: CanSM_Generate.oaw
Execution of action CanSM_Generate successfully completed
********************************************************************************
Execute action: CanTrcv_BSWMD_Forward 
********************************************************************************
oAW: Prepare script: CanTrcv_BSWMD_Forward.mwe
oAW: Run script: CanTrcv_BSWMD_Forward.mwe
oAW: End of running script: CanTrcv_BSWMD_Forward.mwe
Execution of action CanTrcv_BSWMD_Forward successfully completed
********************************************************************************
Execute action: Com_Prepare 
********************************************************************************
oAW: Prepare script: Com_GenerateId.oaw
oAW: Run script: Com_GenerateId.oaw
oAW: End of running script: Com_GenerateId.oaw
Execution of action Com_Prepare successfully completed
********************************************************************************
Execute action: Dem_forwarder 
********************************************************************************
oAW: Prepare script: Dem_Forwarder.mwe
oAW: Run script: Dem_Forwarder.mwe
oAW: End of running script: Dem_Forwarder.mwe
Execution of action Dem_forwarder successfully completed
********************************************************************************
Execute action: EcuM_PbDetermineGenerate 
********************************************************************************
oAW: Prepare script: EcuM_PbDetermineGenerate.mwe
oAW: Run script: EcuM_PbDetermineGenerate.mwe
oAW: End of running script: EcuM_PbDetermineGenerate.mwe
Execution of action EcuM_PbDetermineGenerate successfully completed
********************************************************************************
Execute action: WdgM_Id_Generate 
********************************************************************************
oAW: Prepare script: WdgM_Id_Generate.oaw
oAW: Run script: WdgM_Id_Generate.oaw
oAW: End of running script: WdgM_Id_Generate.oaw
Execution of action WdgM_Id_Generate successfully completed
********************************************************************************
Execute action: ComM_Validate 
********************************************************************************
oAW: Prepare script: ComM_Validate.oaw
oAW: Run script: ComM_Validate.oaw
oAW: End of running script: ComM_Validate.oaw
Execution of action ComM_Validate successfully completed
********************************************************************************
Execute action: Nm_Validate 
********************************************************************************
oAW: Prepare script: Nm_Validate_Var1.oaw
oAW: Run script: Nm_Validate_Var1.oaw
oAW: End of running script: Nm_Validate_Var1.oaw
Execution of action Nm_Validate successfully completed
********************************************************************************
Execute action: WdgM_Validate 
********************************************************************************
oAW: Prepare script: WdgM_Validate.oaw
oAW: Run script: WdgM_Validate.oaw
oAW: End of running script: WdgM_Validate.oaw
Execution of action WdgM_Validate successfully completed
********************************************************************************
Execute action: Xcp_Validate 
********************************************************************************
oAW: Prepare script: Xcp_Validate.oaw
oAW: Run script: Xcp_Validate.oaw
oAW: End of running script: Xcp_Validate.oaw
Execution of action Xcp_Validate successfully completed
********************************************************************************
Execute action: rba_DemObdBasic_forwarder 
********************************************************************************
oAW: Prepare script: rba_DemObdBasic_Forwarder.mwe
oAW: Run script: rba_DemObdBasic_Forwarder.mwe
oAW: End of running script: rba_DemObdBasic_Forwarder.mwe
Execution of action rba_DemObdBasic_forwarder successfully completed
********************************************************************************
Execute action: CanIf_Forward 
********************************************************************************
oAW: Prepare script: CanIf_Forward.oaw
oAW: Run script: CanIf_Forward.oaw
oAW: End of running script: CanIf_Forward.oaw
Execution of action CanIf_Forward successfully completed
********************************************************************************
Execute action: CanTrcv_Generate 
********************************************************************************
oAW: Prepare script: CanTrcv_Generate.mwe
oAW: Run script: CanTrcv_Generate.mwe
oAW: End of running script: CanTrcv_Generate.mwe
Execution of action CanTrcv_Generate successfully completed
********************************************************************************
Execute action: CanTrcv_Generate_PB 
********************************************************************************
oAW: Prepare script: CanTrcv_GeneratePBL.mwe
oAW: Run script: CanTrcv_GeneratePBL.mwe
oAW: End of running script: CanTrcv_GeneratePBL.mwe
Execution of action CanTrcv_Generate_PB successfully completed
********************************************************************************
Execute action: ComM_Generate 
********************************************************************************
oAW: Prepare script: ComM_Generate.oaw
oAW: Run script: ComM_Generate.oaw
oAW: End of running script: ComM_Generate.oaw
Execution of action ComM_Generate successfully completed
********************************************************************************
Execute action: ComM_Generate_PB 
********************************************************************************
oAW: Prepare script: ComM_Generate_PB.oaw
oAW: Run script: ComM_Generate_PB.oaw
oAW: End of running script: ComM_Generate_PB.oaw
Execution of action ComM_Generate_PB successfully completed
********************************************************************************
Execute action: Dcm_IdGenerator 
********************************************************************************
oAW: Prepare script: Dcm_GenerateID.oaw
oAW: Run script: Dcm_GenerateID.oaw
oAW: End of running script: Dcm_GenerateID.oaw
Execution of action Dcm_IdGenerator successfully completed
********************************************************************************
Execute action: Dem_validate 
********************************************************************************
oAW: Prepare script: Dem_Validate.oaw
oAW: Run script: Dem_Validate.oaw
oAW: End of running script: Dem_Validate.oaw
Execution of action Dem_validate successfully completed
********************************************************************************
Execute action: Nm_Generate 
********************************************************************************
oAW: Prepare script: Nm_Generate.oaw
oAW: Run script: Nm_Generate.oaw
oAW: End of running script: Nm_Generate.oaw
Execution of action Nm_Generate successfully completed
********************************************************************************
Execute action: NvM_Forward 
********************************************************************************
CFW: Call Init_variables
Perl: PerlHash updated, created and transfered
Perl: No Input Artefacts passed.
Perl: Process Step executed in NvM_Forward
Perl: Push to ARTOP in NvM_Forward
Perl: End of: NvM_Forward
Execution of action NvM_Forward successfully completed
********************************************************************************
Execute action: NvM_Generate 
********************************************************************************
CFW: Call Init_variables
Perl: PerlHash updated, created and transfered
Perl: Update Input Artefacts in ConfProcess..
Perl: ArtefactHash created
Perl: ArtefactHash transferred
Perl: Process Step executed in NvM_Generate
Perl: Push to ARTOP in NvM_Generate
Perl: End of: NvM_Generate
Execution of action NvM_Generate successfully completed
********************************************************************************
Execute action: WdgM_Generate 
********************************************************************************
oAW: Prepare script: WdgM_Generate.oaw
oAW: Run script: WdgM_Generate.oaw
oAW: End of running script: WdgM_Generate.oaw
Execution of action WdgM_Generate successfully completed
********************************************************************************
Execute action: Xcp_Generate 
********************************************************************************
oAW: Prepare script: Xcp_Generate.oaw
oAW: Run script: Xcp_Generate.oaw
oAW: End of running script: Xcp_Generate.oaw
Execution of action Xcp_Generate successfully completed
********************************************************************************
Execute action: rba_DemObdBasic_validator 
********************************************************************************
oAW: Prepare script: rba_DemObdBasic_Validate.mwe
oAW: Run script: rba_DemObdBasic_Validate.mwe
oAW: End of running script: rba_DemObdBasic_Validate.mwe
Execution of action rba_DemObdBasic_validator successfully completed
********************************************************************************
Execute action: Dem_generator 
********************************************************************************
oAW: Prepare script: Dem_Generate.oaw
oAW: Run script: Dem_Generate.oaw
oAW: End of running script: Dem_Generate.oaw
Execution of action Dem_generator successfully completed
********************************************************************************
Execute action: Fee_Generate 
********************************************************************************
CFW: Call Init_variables
Perl: PerlHash updated, created and transfered
Perl: No Input Artefacts passed.
Perl: Process Step executed in Fee_Generate
Perl: End of: Fee_Generate
Execution of action Fee_Generate successfully completed
********************************************************************************
Execute action: Fee_GenerateJava 
********************************************************************************
Execution of action Fee_GenerateJava successfully completed
********************************************************************************
Execute action: MemIf_Generate 
********************************************************************************
CFW: Call Init_variables
Perl: PerlHash updated, created and transfered
Perl: No Input Artefacts passed.
Perl: Process Step executed in MemIf_Generate
Perl: End of: MemIf_Generate
Execution of action MemIf_Generate successfully completed
********************************************************************************
Execute action: PduR_Prepare 
********************************************************************************
oAW: Prepare script: PduR_GenerateId.oaw
oAW: Run script: PduR_GenerateId.oaw
oAW: End of running script: PduR_GenerateId.oaw
Execution of action PduR_Prepare successfully completed
********************************************************************************
Execute action: rba_DemObdBasic_generator 
********************************************************************************
oAW: Prepare script: rba_DemObdBasic_Generate.mwe
oAW: Run script: rba_DemObdBasic_Generate.mwe
oAW: End of running script: rba_DemObdBasic_Generate.mwe
Execution of action rba_DemObdBasic_generator successfully completed
********************************************************************************
Execute action: BswM_Generate 
********************************************************************************
oAW: Prepare script: BswM_Generate.mwe
oAW: Run script: BswM_Generate.mwe
oAW: End of running script: BswM_Generate.mwe
Execution of action BswM_Generate successfully completed
********************************************************************************
Execute action: BswM_Validate 
********************************************************************************
oAW: Prepare script: BswM_Validate.mwe
oAW: Run script: BswM_Validate.mwe
oAW: End of running script: BswM_Validate.mwe
Execution of action BswM_Validate successfully completed
********************************************************************************
Execute action: CanIf_Validate 
********************************************************************************
oAW: Prepare script: CanIf_Validate.oaw
oAW: Run script: CanIf_Validate.oaw
oAW: End of running script: CanIf_Validate.oaw
Execution of action CanIf_Validate successfully completed
********************************************************************************
Execute action: CanNm_Generate_AllVariants 
********************************************************************************
oAW: Prepare script: CanNm_Generate.oaw
oAW: Run script: CanNm_Generate.oaw
oAW: End of running script: CanNm_Generate.oaw
Execution of action CanNm_Generate_AllVariants successfully completed
********************************************************************************
Execute action: CanNm_Generate_PB_AllVariants 
********************************************************************************
oAW: Prepare script: CanNm_Generate_PB.oaw
oAW: Run script: CanNm_Generate_PB.oaw
oAW: End of running script: CanNm_Generate_PB.oaw
Execution of action CanNm_Generate_PB_AllVariants successfully completed
********************************************************************************
Execute action: CanTp_Validate_PC 
********************************************************************************
oAW: Prepare script: CanTp_Validate.mwe
oAW: Run script: CanTp_Validate.mwe
oAW: End of running script: CanTp_Validate.mwe
Execution of action CanTp_Validate_PC successfully completed
********************************************************************************
Execute action: Com_Validate 
********************************************************************************
oAW: Prepare script: Com_Validate.oaw
oAW: Run script: Com_Validate.oaw
oAW: End of running script: Com_Validate.oaw
Execution of action Com_Validate successfully completed
********************************************************************************
Execute action: Fee_Forward 
********************************************************************************
CFW: Call Init_variables
Perl: PerlHash updated, created and transfered
Perl: No Input Artefacts passed.
Perl: Process Step executed in Fee_Forward
Perl: Push to ARTOP in Fee_Forward
Perl: End of: Fee_Forward
Execution of action Fee_Forward successfully completed
********************************************************************************
Execute action: PduR_Validate 
********************************************************************************
oAW: Prepare script: PduR_Validate.oaw
oAW: Run script: PduR_Validate.oaw
oAW: End of running script: PduR_Validate.oaw
Execution of action PduR_Validate successfully completed
********************************************************************************
Execute action: CanIf_Generate 
********************************************************************************
oAW: Prepare script: CanIf_Generate.oaw
oAW: Run script: CanIf_Generate.oaw
oAW: End of running script: CanIf_Generate.oaw
Execution of action CanIf_Generate successfully completed
********************************************************************************
Execute action: CanIf_Generate_PB 
********************************************************************************
oAW: Prepare script: CanIf_Generate_PB.oaw
oAW: Run script: CanIf_Generate_PB.oaw
oAW: End of running script: CanIf_Generate_PB.oaw
Execution of action CanIf_Generate_PB successfully completed
********************************************************************************
Execute action: CanTp_Generate_PC 
********************************************************************************
oAW: Prepare script: CanTp_Generate.mwe
oAW: Run script: CanTp_Generate.mwe
oAW: End of running script: CanTp_Generate.mwe
Execution of action CanTp_Generate_PC successfully completed
********************************************************************************
Execute action: Com_Forward 
********************************************************************************
oAW: Prepare script: Com_Forward.oaw
oAW: Run script: Com_Forward.oaw
oAW: End of running script: Com_Forward.oaw
Execution of action Com_Forward successfully completed
********************************************************************************
Execute action: Com_Generate 
********************************************************************************
oAW: Prepare script: Com_Generate.oaw
oAW: Run script: Com_Generate.oaw
oAW: End of running script: Com_Generate.oaw
Execution of action Com_Generate successfully completed
********************************************************************************
Execute action: Com_Generate_PB 
********************************************************************************
oAW: Prepare script: Com_Generate_PB.oaw
oAW: Run script: Com_Generate_PB.oaw
oAW: End of running script: Com_Generate_PB.oaw
Execution of action Com_Generate_PB successfully completed
********************************************************************************
Execute action: Dcm_validator_generator 
********************************************************************************
oAW: Prepare script: Dcm_Validate.oaw
oAW: Run script: Dcm_Validate.oaw
oAW: End of running script: Dcm_Validate.oaw
Execution of action Dcm_validator_generator successfully completed
********************************************************************************
Execute action: PduR_Generate 
********************************************************************************
oAW: Prepare script: PduR_Generate.oaw
oAW: Run script: PduR_Generate.oaw
oAW: End of running script: PduR_Generate.oaw
Execution of action PduR_Generate successfully completed
********************************************************************************
Execute action: PduR_Generate_PB 
********************************************************************************
oAW: Prepare script: PduR_Generate_PB.oaw
oAW: Run script: PduR_Generate_PB.oaw
oAW: End of running script: PduR_Generate_PB.oaw
Execution of action PduR_Generate_PB successfully completed
********************************************************************************
Execute action: Dcm_Generator 
********************************************************************************
oAW: Prepare script: Dcm_generate.oaw
oAW: Run script: Dcm_generate.oaw
oAW: End of running script: Dcm_generate.oaw
Execution of action Dcm_Generator successfully completed
********************************************************************************
Execute action: rba_ArxmlGen_Validate 
********************************************************************************
oAW: Prepare script: rba_ArxmlGen_Validate.oaw
oAW: Run script: rba_ArxmlGen_Validate.oaw
oAW: End of running script: rba_ArxmlGen_Validate.oaw
Execution of action rba_ArxmlGen_Validate successfully completed
********************************************************************************
Execute action: rba_ArxmlGen_Generate 
********************************************************************************
oAW: Prepare script: rba_ArxmlGen_Generate.oaw
oAW: Run script: rba_ArxmlGen_Generate.oaw
oAW: End of running script: rba_ArxmlGen_Generate.oaw
Execution of action rba_ArxmlGen_Generate successfully completed
********************************************************************************
********************************************************************************
Post build execution has started at 15:39:01:098 hh:mm:ss:ms 
********************************************************************************
Execute action: CopyOutput_1_CopyGeneratedCodeToOutput 
********************************************************************************
Starting action: Copy generated code to the output folder.
Finished action: Copy generated code to the output folder.
Execution of action CopyOutput_1_CopyGeneratedCodeToOutput successfully completed
********************************************************************************
Execute action: CopyOutput_2_CopyGeneratedArxmlToProject 
********************************************************************************
Starting action: Copy generated ARXML to the output folder.
Finished action: Copy generated ARXML to the output folder.
Execution of action CopyOutput_2_CopyGeneratedArxmlToProject successfully completed
********************************************************************************
Execute action: CopyOutput_3_CopyStaticIntegrationCodeToOutput 
********************************************************************************
Starting action: Copy integration code to the output folder.
Finished action: Copy integration code to the output folder.
Execution of action CopyOutput_3_CopyStaticIntegrationCodeToOutput successfully completed
********************************************************************************
Execute action: CopyOutput_4_CopyStaticCodeToOutput 
********************************************************************************
Starting action: Copy static code to the output folder.
Static code generation not selected, skipping copy action.
Finished action: Copy static code to the output folder.
Execution of action CopyOutput_4_CopyStaticCodeToOutput successfully completed
********************************************************************************
Execute action: CopyOutput_5_CopyStaticArxmlToProject 
********************************************************************************
Starting action: Copy static ARXML to the output folder.
Finished action: Copy static ARXML to the output folder.
Execution of action CopyOutput_5_CopyStaticArxmlToProject successfully completed
********************************************************************************
Execute action: CopyOutput_6_CopyGeneratedLogsToOutput 
********************************************************************************
Starting action: Copy generated logs to the output folder.
Finished action: Copy generated logs to the output folder.
Execution of action CopyOutput_6_CopyGeneratedLogsToOutput successfully completed
********************************************************************************
Execute action: CopyOutput_7_CleanupGeneratedCode 
********************************************************************************
Starting action: Cleanup generated code to the output folder.
Finished action: Cleanup generated code to the output folder.
Execution of action CopyOutput_7_CleanupGeneratedCode successfully completed
********************************************************************************
Execute action: GenerateCodeGenVersionHeader 
********************************************************************************
Starting action: Generate the CodeGen version and diagnostic header file.
Finished action: Generate the CodeGen version and diagnostic header file.
Execution of action GenerateCodeGenVersionHeader successfully completed
********************************************************************************
Execute action: MapServiceComponentsToECUExtract 
********************************************************************************
Starting action: Map Service Components to ECU_Extract
Finished action: Map Service Components to ECU_Extract
Execution of action MapServiceComponentsToECUExtract successfully completed
********************************************************************************

********************************************************************************
Pre Build Summary 
********************************************************************************
- 0_CheckLicenses --> Success (Executed for 00:00:00:017 hh:mm:ss:ms)
- ApplicationRegisterer --> Skipped (Executed for 00:00:00:005 hh:mm:ss:ms)
- BswmdEcucValues_1_RemoveExistingBswmdEcucValues --> Success (Executed for 00:00:00:009 hh:mm:ss:ms)
- BswmdEcucValues_2_CreateBswmdEcucValues --> Success (Executed for 00:00:00:051 hh:mm:ss:ms)
- DuplicatedParamDefChecker --> Success (Executed for 00:00:00:275 hh:mm:ss:ms)
- ParamDefMissingChecker --> Success (Executed for 00:00:00:269 hh:mm:ss:ms)
- ProjectStateValidator --> Success (Executed for 00:00:00:005 hh:mm:ss:ms)
Build Summary 
********************************************************************************
- Bfx_Prepare --> Success (Executed for 00:00:03:917 hh:mm:ss:ms)
- CanTp_Prepare_PC --> Success (Executed for 00:00:00:013 hh:mm:ss:ms)
- CanTrcv_Forward --> Success (Executed for 00:00:00:118 hh:mm:ss:ms)
- ComM_Prepare --> Success (Executed for 00:00:00:015 hh:mm:ss:ms)
- ComStack_Validate --> Success (Executed for 00:00:00:040 hh:mm:ss:ms)
- Crc_Validate --> Success (Executed for 00:00:00:022 hh:mm:ss:ms)
- Det_validator --> Success (Executed for 00:00:00:022 hh:mm:ss:ms)
- EcuM_Forward --> Success (Executed for 00:00:00:016 hh:mm:ss:ms)
- EcuM_Prepare --> Success (Executed for 00:00:00:012 hh:mm:ss:ms)
- Mfx_Prepare --> Success (Executed for 00:00:00:015 hh:mm:ss:ms)
- Nm_prepare --> Success (Executed for 00:00:00:020 hh:mm:ss:ms)
- NvM_ForwardWriteMon --> Success (Executed for 00:00:01:532 hh:mm:ss:ms)
- PduR_Forward --> Success (Executed for 00:00:00:128 hh:mm:ss:ms)
- WdgIf_Id_Generate --> Success (Executed for 00:00:00:012 hh:mm:ss:ms)
- Xcp_Forward_CpuLoad --> Success (Executed for 00:00:00:011 hh:mm:ss:ms)
- Xcp_Forward_DmeUser --> Success (Executed for 00:00:00:008 hh:mm:ss:ms)
- Xcp_Forward_rba_Byp --> Success (Executed for 00:00:00:012 hh:mm:ss:ms)
- Xcp_Forward_rba_MemLay --> Success (Executed for 00:00:00:008 hh:mm:ss:ms)
- Xcp_Prepare --> Success (Executed for 00:00:00:011 hh:mm:ss:ms)
- rba_MemLib_Process --> Success (Executed for 00:00:00:049 hh:mm:ss:ms)
- Bfx_Validate --> Success (Executed for 00:00:00:024 hh:mm:ss:ms)
- CanIf_GenerateId --> Success (Executed for 00:00:00:075 hh:mm:ss:ms)
- CanNm_Prepare_AllVariants --> Success (Executed for 00:00:00:012 hh:mm:ss:ms)
- CanSM_Prepare --> Success (Executed for 00:00:00:131 hh:mm:ss:ms)
- CanTrcv_GenerateEOC --> Success (Executed for 00:00:00:012 hh:mm:ss:ms)
- ComStack_Generate --> Success (Executed for 00:00:00:034 hh:mm:ss:ms)
- Crc_Generate --> Success (Executed for 00:00:00:015 hh:mm:ss:ms)
- Det_generator --> Success (Executed for 00:00:00:021 hh:mm:ss:ms)
- EcuM_PbDetermineForward --> Success (Executed for 00:00:00:010 hh:mm:ss:ms)
- EcuM_RbMonitoringValidate --> Success (Executed for 00:00:00:026 hh:mm:ss:ms)
- EcuM_Validate --> Success (Executed for 00:00:00:054 hh:mm:ss:ms)
- Mfx_Validate --> Success (Executed for 00:00:00:030 hh:mm:ss:ms)
- Nm_Forward --> Success (Executed for 00:00:00:016 hh:mm:ss:ms)
- WdgIf_Validate --> Success (Executed for 00:00:00:021 hh:mm:ss:ms)
- Xcp_Forward_BSWMD --> Success (Executed for 00:00:00:019 hh:mm:ss:ms)
- Bfx_Generate --> Success (Executed for 00:00:00:017 hh:mm:ss:ms)
- CanNm_Forward_AllVariants --> Success (Executed for 00:00:00:013 hh:mm:ss:ms)
- CanNm_Validate_AllVariants --> Success (Executed for 00:00:00:115 hh:mm:ss:ms)
- CanSM_Forward --> Success (Executed for 00:00:00:022 hh:mm:ss:ms)
- CanSM_Validate --> Success (Executed for 00:00:00:090 hh:mm:ss:ms)
- CanTrcv_Validator --> Success (Executed for 00:00:00:034 hh:mm:ss:ms)
- ComM_Forward --> Success (Executed for 00:00:00:039 hh:mm:ss:ms)
- Dem_IdGenerator --> Success (Executed for 00:00:00:095 hh:mm:ss:ms)
- EcuM_Generate --> Success (Executed for 00:00:00:090 hh:mm:ss:ms)
- EcuM_PbDetermineValidate --> Success (Executed for 00:00:00:022 hh:mm:ss:ms)
- EcuM_RbMonitoringGenerate --> Success (Executed for 00:00:00:018 hh:mm:ss:ms)
- EcuM_WarningReport --> Success (Executed for 00:00:00:015 hh:mm:ss:ms)
- Mfx_Generate --> Success (Executed for 00:00:00:070 hh:mm:ss:ms)
- WdgIf_Generate --> Success (Executed for 00:00:00:024 hh:mm:ss:ms)
- rba_DemObdBasic_IdGenerator --> Success (Executed for 00:00:00:014 hh:mm:ss:ms)
- CanSM_Generate --> Success (Executed for 00:00:00:026 hh:mm:ss:ms)
- CanTrcv_BSWMD_Forward --> Success (Executed for 00:00:00:020 hh:mm:ss:ms)
- Com_Prepare --> Success (Executed for 00:00:00:108 hh:mm:ss:ms)
- Dem_forwarder --> Success (Executed for 00:00:00:109 hh:mm:ss:ms)
- EcuM_PbDetermineGenerate --> Success (Executed for 00:00:00:013 hh:mm:ss:ms)
- WdgM_Id_Generate --> Success (Executed for 00:00:00:014 hh:mm:ss:ms)
- ComM_Validate --> Success (Executed for 00:00:00:101 hh:mm:ss:ms)
- Nm_Validate --> Success (Executed for 00:00:00:079 hh:mm:ss:ms)
- WdgM_Validate --> Success (Executed for 00:00:00:027 hh:mm:ss:ms)
- Xcp_Validate --> Success (Executed for 00:00:00:116 hh:mm:ss:ms)
- rba_DemObdBasic_forwarder --> Success (Executed for 00:00:00:017 hh:mm:ss:ms)
- CanIf_Forward --> Success (Executed for 00:00:00:074 hh:mm:ss:ms)
- CanTrcv_Generate --> Success (Executed for 00:00:00:054 hh:mm:ss:ms)
- CanTrcv_Generate_PB --> Success (Executed for 00:00:00:015 hh:mm:ss:ms)
- ComM_Generate --> Success (Executed for 00:00:00:042 hh:mm:ss:ms)
- ComM_Generate_PB --> Success (Executed for 00:00:00:015 hh:mm:ss:ms)
- Dcm_IdGenerator --> Success (Executed for 00:00:00:046 hh:mm:ss:ms)
- Dem_validate --> Success (Executed for 00:00:05:357 hh:mm:ss:ms)
- Nm_Generate --> Success (Executed for 00:00:00:048 hh:mm:ss:ms)
- NvM_Forward --> Success (Executed for 00:00:00:257 hh:mm:ss:ms)
- NvM_Generate --> Success (Executed for 00:00:00:335 hh:mm:ss:ms)
- WdgM_Generate --> Success (Executed for 00:00:00:040 hh:mm:ss:ms)
- Xcp_Generate --> Success (Executed for 00:00:00:073 hh:mm:ss:ms)
- rba_DemObdBasic_validator --> Success (Executed for 00:00:00:888 hh:mm:ss:ms)
- Dem_generator --> Success (Executed for 00:01:27:567 hh:mm:ss:ms)
- Fee_Generate --> Success (Executed for 00:00:01:646 hh:mm:ss:ms)
- Fee_GenerateJava --> Success (Executed for 00:00:00:125 hh:mm:ss:ms)
- MemIf_Generate --> Success (Executed for 00:00:00:063 hh:mm:ss:ms)
- PduR_Prepare --> Success (Executed for 00:00:00:718 hh:mm:ss:ms)
- rba_DemObdBasic_generator --> Success (Executed for 00:00:00:070 hh:mm:ss:ms)
- BswM_Generate --> Success (Executed for 00:00:00:960 hh:mm:ss:ms)
- BswM_Validate --> Success (Executed for 00:00:00:273 hh:mm:ss:ms)
- CanIf_Validate --> Success (Executed for 00:00:01:188 hh:mm:ss:ms)
- CanNm_Generate_AllVariants --> Success (Executed for 00:00:00:068 hh:mm:ss:ms)
- CanNm_Generate_PB_AllVariants --> Success (Executed for 00:00:00:050 hh:mm:ss:ms)
- CanTp_Validate_PC --> Success (Executed for 00:00:00:252 hh:mm:ss:ms)
- Com_Validate --> Success (Executed for 00:00:02:309 hh:mm:ss:ms)
- Fee_Forward --> Success (Executed for 00:00:00:162 hh:mm:ss:ms)
- PduR_Validate --> Success (Executed for 00:00:02:288 hh:mm:ss:ms)
- CanIf_Generate --> Success (Executed for 00:00:00:261 hh:mm:ss:ms)
- CanIf_Generate_PB --> Success (Executed for 00:00:01:657 hh:mm:ss:ms)
- CanTp_Generate_PC --> Success (Executed for 00:00:00:245 hh:mm:ss:ms)
- Com_Forward --> Success (Executed for 00:00:00:395 hh:mm:ss:ms)
- Com_Generate --> Success (Executed for 00:00:00:458 hh:mm:ss:ms)
- Com_Generate_PB --> Success (Executed for 00:00:01:427 hh:mm:ss:ms)
- Dcm_validator_generator --> Success (Executed for 00:00:00:993 hh:mm:ss:ms)
- PduR_Generate --> Success (Executed for 00:00:01:029 hh:mm:ss:ms)
- PduR_Generate_PB --> Success (Executed for 00:00:02:642 hh:mm:ss:ms)
- Dcm_Generator --> Success (Executed for 00:00:03:863 hh:mm:ss:ms)
- rba_ArxmlGen_Validate --> Success (Executed for 00:00:00:537 hh:mm:ss:ms)
- rba_ArxmlGen_Generate --> Success (Executed for 00:00:00:553 hh:mm:ss:ms)
********************************************************************************
Post Build Summary 
********************************************************************************
- CopyOutput_1_CopyGeneratedCodeToOutput --> Success (Executed for 00:00:00:298 hh:mm:ss:ms)
- CopyOutput_2_CopyGeneratedArxmlToProject --> Success (Executed for 00:00:00:241 hh:mm:ss:ms)
- CopyOutput_3_CopyStaticIntegrationCodeToOutput --> Success (Executed for 00:00:00:032 hh:mm:ss:ms)
- CopyOutput_4_CopyStaticCodeToOutput --> Success (Executed for 00:00:00:007 hh:mm:ss:ms)
- CopyOutput_5_CopyStaticArxmlToProject --> Success (Executed for 00:00:00:159 hh:mm:ss:ms)
- CopyOutput_6_CopyGeneratedLogsToOutput --> Success (Executed for 00:00:00:061 hh:mm:ss:ms)
- CopyOutput_7_CleanupGeneratedCode --> Success (Executed for 00:00:00:310 hh:mm:ss:ms)
- GenerateCodeGenVersionHeader --> Success (Executed for 00:00:00:009 hh:mm:ss:ms)
- MapServiceComponentsToECUExtract --> Success (Executed for 00:00:00:011 hh:mm:ss:ms)
Time taken for the complete build: 00:02:16:163
