********************************************************************************
Build Execution started
********************************************************************************
Tool Version : ISOLAR-A/B 9.2.1 
Tool Build Id :20220317_1800
Date : Mon Mar 23 13:14:31 CST 2026
Project : TE35H_XPDU_CAR_TC387_CAN2.0
********************************************************************************

********************************************************************************
Project clean execution has started at 13:14:31:619 hh:mm:ss:ms 
********************************************************************************
E:\09_SVN\05_TE35H\01_BSW\20Proj\BSW_A1\TC387_ISOLAR_Workspace\src\rte directory cleaned
Clean action: RTA_RTE 
********************************************************************************
Project clean execution has been completed
Time taken to run Project Clean :: 00:00:00:615 hh:mm:ss:ms 
********************************************************************************
********************************************************************************
Pre build execution has started at 13:14:33:502 hh:mm:ss:ms 
********************************************************************************
Pre build validation successfully completed
Execute action: RtePreProcessor 
********************************************************************************
Execution of action RtePreProcessor successfully completed
********************************************************************************
********************************************************************************
Main build execution has started at 13:14:46:391 hh:mm:ss:ms 
********************************************************************************
Execute action: RTA_RTE 
********************************************************************************
Command line options: 
-q 1 -r /DBC_SysDesc_CanNetwork/Pkg_Ecu/IPC -o [*.*]E:/09_SVN/05_TE35H/01_BSW/20Proj/BSW_A1/TC387_ISOLAR_Workspace/src/rte -f E:/09_SVN/05_TE35H/01_BSW/20Proj/BSW_A1/TC387_ISOLAR_Workspace/src/rte/rtegen_files.lst [ C:/Users/ADMINI~1/AppData/Local/Temp/rta/rte/AR1911/src/bsw/CanIf/integration/Can_GeneralTypes.arxml C:/Users/ADMINI~1/AppData/Local/Temp/rta/rte/AR1911/ecu_config/bsw/gen/CDD.arxml C:/Users/ADMINI~1/AppData/Local/Temp/rta/rte/AR1911/ecu_config/bsw/gen/CanTrcv_EOC.arxml C:/Users/ADMINI~1/AppData/Local/Temp/rta/rte/AR1911/ecu_config/bsw/gen/ComM_EOC.arxml C:/Users/ADMINI~1/AppData/Local/Temp/rta/rte/AR1911/ecu_config/bsw/gen/ComStack_Types.arxml C:/Users/ADMINI~1/AppData/Local/Temp/rta/rte/AR1911/ecu_config/bsw/gen/Com_EOC.arxml C:/Users/ADMINI~1/AppData/Local/Temp/rta/rte/AR1911/ecu_config/bsw/gen/Com_Flatmap.arxml C:/Users/ADMINI~1/AppData/Local/Temp/rta/rte/AR1911/ecu_config/bsw/gen/Nm_EOC.arxml C:/Users/ADMINI~1/AppData/Local/Temp/rta/rte/AR1911/ecu_config/bsw/gen/Xcp_EOC.arxml C:/Users/ADMINI~1/AppData/Local/Temp/rta/rte/AR1911/ecu_config/bsw/gen/_fwd/ecuc_configuration_values_fwd.arxml C:/Users/ADMINI~1/AppData/Local/Temp/rta/rte/AR1911/ecu_config/bsw/gen/bswmd/Bfx_BSWMD.arxml C:/Users/ADMINI~1/AppData/Local/Temp/rta/rte/AR1911/ecu_config/bsw/gen/bswmd/BswM_Cfg_BSWMD.arxml C:/Users/ADMINI~1/AppData/Local/Temp/rta/rte/AR1911/ecu_config/bsw/gen/bswmd/CanIf_BSWMD.arxml C:/Users/ADMINI~1/AppData/Local/Temp/rta/rte/AR1911/ecu_config/bsw/gen/bswmd/CanIf_Cfg_BSWMD.arxml C:/Users/ADMINI~1/AppData/Local/Temp/rta/rte/AR1911/ecu_config/bsw/gen/bswmd/CanIf_EOC.arxml C:/Users/ADMINI~1/AppData/Local/Temp/rta/rte/AR1911/ecu_config/bsw/gen/bswmd/CanNm_BSWMD.arxml C:/Users/ADMINI~1/AppData/Local/Temp/rta/rte/AR1911/ecu_config/bsw/gen/bswmd/CanNm_Cfg_BSWMD.arxml C:/Users/ADMINI~1/AppData/Local/Temp/rta/rte/AR1911/ecu_config/bsw/gen/bswmd/CanNm_EOC.arxml C:/Users/ADMINI~1/AppData/Local/Temp/rta/rte/AR1911/ecu_config/bsw/gen/bswmd/CanSM_BSWMD.arxml C:/Users/ADMINI~1/AppData/Local/Temp/rta/rte/AR1911/ecu_config/bsw/gen/bswmd/CanSM_Cfg_BSWMD.arxml C:/Users/ADMINI~1/AppData/Local/Temp/rta/rte/AR1911/ecu_config/bsw/gen/bswmd/CanSM_EOC.arxml C:/Users/ADMINI~1/AppData/Local/Temp/rta/rte/AR1911/ecu_config/bsw/gen/bswmd/CanTp_BSWMD.arxml C:/Users/ADMINI~1/AppData/Local/Temp/rta/rte/AR1911/ecu_config/bsw/gen/bswmd/CanTp_Cfg_BSWMD.arxml C:/Users/ADMINI~1/AppData/Local/Temp/rta/rte/AR1911/ecu_config/bsw/gen/bswmd/CanTrcv_BSWMD.arxml C:/Users/ADMINI~1/AppData/Local/Temp/rta/rte/AR1911/ecu_config/bsw/gen/bswmd/CanTrcv_Cfg_BSWMD.arxml C:/Users/ADMINI~1/AppData/Local/Temp/rta/rte/AR1911/ecu_config/bsw/gen/bswmd/ComM_BSWMD.arxml C:/Users/ADMINI~1/AppData/Local/Temp/rta/rte/AR1911/ecu_config/bsw/gen/bswmd/ComM_Cfg_BSWMD.arxml C:/Users/ADMINI~1/AppData/Local/Temp/rta/rte/AR1911/ecu_config/bsw/gen/bswmd/Com_BSWMD.arxml C:/Users/ADMINI~1/AppData/Local/Temp/rta/rte/AR1911/ecu_config/bsw/gen/bswmd/Com_Cfg_BSWMD.arxml C:/Users/ADMINI~1/AppData/Local/Temp/rta/rte/AR1911/ecu_config/bsw/gen/bswmd/Crc_Cfg_BSWMD.arxml C:/Users/ADMINI~1/AppData/Local/Temp/rta/rte/AR1911/ecu_config/bsw/gen/bswmd/Dcm_BSWMD.arxml C:/Users/ADMINI~1/AppData/Local/Temp/rta/rte/AR1911/ecu_config/bsw/gen/bswmd/Dcm_Cfg_BSWMD.arxml C:/Users/ADMINI~1/AppData/Local/Temp/rta/rte/AR1911/ecu_config/bsw/gen/bswmd/Dem_Cfg_BSWMD.arxml C:/Users/ADMINI~1/AppData/Local/Temp/rta/rte/AR1911/ecu_config/bsw/gen/bswmd/E2EXf_BSWMD.arxml C:/Users/ADMINI~1/AppData/Local/Temp/rta/rte/AR1911/ecu_config/bsw/gen/bswmd/E2E_Cfg_BSWMD.arxml C:/Users/ADMINI~1/AppData/Local/Temp/rta/rte/AR1911/ecu_config/bsw/gen/bswmd/EcuM_BSWMD.arxml C:/Users/ADMINI~1/AppData/Local/Temp/rta/rte/AR1911/ecu_config/bsw/gen/bswmd/EcuM_Cfg_BSWMD.arxml C:/Users/ADMINI~1/AppData/Local/Temp/rta/rte/AR1911/ecu_config/bsw/gen/bswmd/Fee_BSWMD.arxml C:/Users/ADMINI~1/AppData/Local/Temp/rta/rte/AR1911/ecu_config/bsw/gen/bswmd/MemIf_Cfg_BSWMD.arxml C:/Users/ADMINI~1/AppData/Local/Temp/rta/rte/AR1911/ecu_config/bsw/gen/bswmd/Mfx_BSWMD.arxml C:/Users/ADMINI~1/AppData/Local/Temp/rta/rte/AR1911/ecu_config/bsw/gen/bswmd/Nm_BSWMD.arxml C:/Users/ADMINI~1/AppData/Local/Temp/rta/rte/AR1911/ecu_config/bsw/gen/bswmd/Nm_Cfg_BSWMD.arxml C:/Users/ADMINI~1/AppData/Local/Temp/rta/rte/AR1911/ecu_config/bsw/gen/bswmd/NvM_Cfg_BSWMD.arxml C:/Users/ADMINI~1/AppData/Local/Temp/rta/rte/AR1911/ecu_config/bsw/gen/bswmd/NvM_Static_Cfg_BSWMD.arxml C:/Users/ADMINI~1/AppData/Local/Temp/rta/rte/AR1911/ecu_config/bsw/gen/bswmd/PduR_BSWMD.arxml C:/Users/ADMINI~1/AppData/Local/Temp/rta/rte/AR1911/ecu_config/bsw/gen/bswmd/PduR_Cfg_BSWMD.arxml C:/Users/ADMINI~1/AppData/Local/Temp/rta/rte/AR1911/ecu_config/bsw/gen/bswmd/PduR_EOC.arxml C:/Users/ADMINI~1/AppData/Local/Temp/rta/rte/AR1911/ecu_config/bsw/gen/bswmd/WdgIf_Cfg_BSWMD.arxml C:/Users/ADMINI~1/AppData/Local/Temp/rta/rte/AR1911/ecu_config/bsw/gen/bswmd/WdgM_Cfg_BSWMD.arxml C:/Users/ADMINI~1/AppData/Local/Temp/rta/rte/AR1911/ecu_config/bsw/gen/bswmd/Xcp_Cfg_BSWMD.arxml C:/Users/ADMINI~1/AppData/Local/Temp/rta/rte/AR1911/ecu_config/bsw/gen/bswmd/Xcp_Cfg_ModuleEntries_BSWMD.arxml C:/Users/ADMINI~1/AppData/Local/Temp/rta/rte/AR1911/ecu_config/bsw/gen/bswmd/rba_MemLib_BSWMD.arxml C:/Users/ADMINI~1/AppData/Local/Temp/rta/rte/AR1911/ecu_config/bsw/gen/swcd/BswM_Cfg_SWCD.arxml C:/Users/ADMINI~1/AppData/Local/Temp/rta/rte/AR1911/ecu_config/bsw/gen/swcd/ComM_Cfg_SWCD.arxml C:/Users/ADMINI~1/AppData/Local/Temp/rta/rte/AR1911/ecu_config/bsw/gen/swcd/ComM_SWCD.arxml C:/Users/ADMINI~1/AppData/Local/Temp/rta/rte/AR1911/ecu_config/bsw/gen/swcd/Dcm_Cfg_SWCD.arxml C:/Users/ADMINI~1/AppData/Local/Temp/rta/rte/AR1911/ecu_config/bsw/gen/swcd/Dem_Cfg_SWCD.arxml C:/Users/ADMINI~1/AppData/Local/Temp/rta/rte/AR1911/ecu_config/bsw/gen/swcd/Det_Cfg_SWCD.arxml C:/Users/ADMINI~1/AppData/Local/Temp/rta/rte/AR1911/ecu_config/bsw/gen/swcd/EcuM_Cfg_SWCD.arxml C:/Users/ADMINI~1/AppData/Local/Temp/rta/rte/AR1911/ecu_config/bsw/gen/swcd/NvM_Cfg_SWCD.arxml C:/Users/ADMINI~1/AppData/Local/Temp/rta/rte/AR1911/ecu_config/bsw/gen/swcd/WdgM_Cfg_SWCD.arxml C:/Users/ADMINI~1/AppData/Local/Temp/rta/rte/AR1911/ecu_config/bsw/gen/swcd/rba_DiagLib_Cfg_SWCD.arxml C:/Users/ADMINI~1/AppData/Local/Temp/rta/rte/AR1911/ecu_config/bsw/internal/bswmd_ecuc_values/CanIf_Prot_EcucValues.arxml C:/Users/ADMINI~1/AppData/Local/Temp/rta/rte/AR1911/ecu_config/bsw/internal/bswmd_ecuc_values/CanNm_Prot_EcucValues.arxml C:/Users/ADMINI~1/AppData/Local/Temp/rta/rte/AR1911/ecu_config/bsw/internal/bswmd_ecuc_values/CanSM_Prot_EcucValues.arxml C:/Users/ADMINI~1/AppData/Local/Temp/rta/rte/AR1911/ecu_config/bsw/internal/bswmd_ecuc_values/CanTrcv_Prot_EcucValues.arxml C:/Users/ADMINI~1/AppData/Local/Temp/rta/rte/AR1911/ecu_config/bsw/internal/bswmd_ecuc_values/ComM_Prot_EcucValues.arxml C:/Users/ADMINI~1/AppData/Local/Temp/rta/rte/AR1911/ecu_config/bsw/internal/bswmd_ecuc_values/Com_Prot_EcucValues.arxml C:/Users/ADMINI~1/AppData/Local/Temp/rta/rte/AR1911/ecu_config/bsw/internal/bswmd_ecuc_values/Nm_Prot_EcucValues.arxml C:/Users/ADMINI~1/AppData/Local/Temp/rta/rte/AR1911/ecu_config/bsw/internal/bswmd_ecuc_values/PduR_Prot_EcucValues.arxml C:/Users/ADMINI~1/AppData/Local/Temp/rta/rte/AR1911/ecu_config/bsw/internal/bswmd_ecuc_values/Xcp_BswMD_EcucValues.arxml C:/Users/ADMINI~1/AppData/Local/Temp/rta/rte/AR1911/DBC_SysDesc.arxml C:/Users/ADMINI~1/AppData/Local/Temp/rta/rte/AR1911/EcucValueCollection_Generated.arxml C:/Users/ADMINI~1/AppData/Local/Temp/rta/rte/AR1911/IPC_FlatMap.arxml C:/Users/ADMINI~1/AppData/Local/Temp/rta/rte/AR1911/IPC_FlatView_SWCD.arxml C:/Users/ADMINI~1/AppData/Local/Temp/rta/rte/AR1911/ISOLAR_PlatformTypes.arxml C:/Users/ADMINI~1/AppData/Local/Temp/rta/rte/AR1911/System_EcuExtr.arxml C:/Users/ADMINI~1/AppData/Local/Temp/rta/rte/AR1911/asw_config/ASW_BASE.arxml C:/Users/ADMINI~1/AppData/Local/Temp/rta/rte/AR1911/asw_config/ASW_COM.arxml C:/Users/ADMINI~1/AppData/Local/Temp/rta/rte/AR1911/asw_config/ASW_CORE0.arxml C:/Users/ADMINI~1/AppData/Local/Temp/rta/rte/AR1911/asw_config/ASW_CORE1.arxml C:/Users/ADMINI~1/AppData/Local/Temp/rta/rte/AR1911/asw_config/ASW_CORE2.arxml C:/Users/ADMINI~1/AppData/Local/Temp/rta/rte/AR1911/asw_config/ASW_CORE3.arxml C:/Users/ADMINI~1/AppData/Local/Temp/rta/rte/AR1911/asw_config/ASW_DCM.arxml C:/Users/ADMINI~1/AppData/Local/Temp/rta/rte/AR1911/asw_config/ASW_Dem.arxml C:/Users/ADMINI~1/AppData/Local/Temp/rta/rte/AR1911/asw_config/ASW_NM.arxml C:/Users/ADMINI~1/AppData/Local/Temp/rta/rte/AR1911/asw_config/ASW_NVM.arxml C:/Users/ADMINI~1/AppData/Local/Temp/rta/rte/AR1911/asw_config/ASW_WDG.arxml C:/Users/ADMINI~1/AppData/Local/Temp/rta/rte/AR1911/asw_config/ASW_XCP.arxml C:/Users/ADMINI~1/AppData/Local/Temp/rta/rte/AR1911/asw_config/CDD_CORE0.arxml C:/Users/ADMINI~1/AppData/Local/Temp/rta/rte/AR1911/asw_config/CDD_CORE1.arxml C:/Users/ADMINI~1/AppData/Local/Temp/rta/rte/AR1911/asw_config/CDD_CORE2.arxml C:/Users/ADMINI~1/AppData/Local/Temp/rta/rte/AR1911/asw_config/CDD_CORE3.arxml C:/Users/ADMINI~1/AppData/Local/Temp/rta/rte/AR1911/asw_config/MDG_App_Mode.arxml C:/Users/ADMINI~1/AppData/Local/Temp/rta/rte/AR1911/asw_config/RSID.arxml C:/Users/ADMINI~1/AppData/Local/Temp/rta/rte/AR1911/asw_config/SWC_Dem.arxml C:/Users/ADMINI~1/AppData/Local/Temp/rta/rte/AR1911/asw_config/ServiceSwComponentInterface.arxml C:/Users/ADMINI~1/AppData/Local/Temp/rta/rte/AR1911/autogenConf/Dcm_DidDatas.arxml C:/Users/ADMINI~1/AppData/Local/Temp/rta/rte/AR1911/autogenConf/Dcm_DidInfos.arxml C:/Users/ADMINI~1/AppData/Local/Temp/rta/rte/AR1911/autogenConf/Dcm_Dids.arxml C:/Users/ADMINI~1/AppData/Local/Temp/rta/rte/AR1911/autogenConf/Dcm_General.arxml C:/Users/ADMINI~1/AppData/Local/Temp/rta/rte/AR1911/autogenConf/Dcm_IoControlDids.arxml C:/Users/ADMINI~1/AppData/Local/Temp/rta/rte/AR1911/autogenConf/Dcm_Routines.arxml C:/Users/ADMINI~1/AppData/Local/Temp/rta/rte/AR1911/autogenConf/DemComponents.arxml C:/Users/ADMINI~1/AppData/Local/Temp/rta/rte/AR1911/autogenConf/DemDTCAttributess.arxml C:/Users/ADMINI~1/AppData/Local/Temp/rta/rte/AR1911/autogenConf/DemDTCs.arxml C:/Users/ADMINI~1/AppData/Local/Temp/rta/rte/AR1911/autogenConf/DemDataElement.arxml C:/Users/ADMINI~1/AppData/Local/Temp/rta/rte/AR1911/autogenConf/DemDid.arxml C:/Users/ADMINI~1/AppData/Local/Temp/rta/rte/AR1911/autogenConf/DemEventParameters.arxml C:/Users/ADMINI~1/AppData/Local/Temp/rta/rte/AR1911/autogenConf/Dem_ConfigDtcs.arxml C:/Users/ADMINI~1/AppData/Local/Temp/rta/rte/AR1911/autogenConf/ETAS_E2E.arxml C:/Users/ADMINI~1/AppData/Local/Temp/rta/rte/AR1911/autogenConf/NvMBlock_PART0.arxml C:/Users/ADMINI~1/AppData/Local/Temp/rta/rte/AR1911/autogenConf/NvMBlock_PART1.arxml C:/Users/ADMINI~1/AppData/Local/Temp/rta/rte/AR1911/autogenConf/NvMBlock_PART2.arxml C:/Users/ADMINI~1/AppData/Local/Temp/rta/rte/AR1911/autogenConf/dcm_OBD.arxml C:/Users/ADMINI~1/AppData/Local/Temp/rta/rte/AR1911/autogenConf/dem_OBD.arxml C:/Users/ADMINI~1/AppData/Local/Temp/rta/rte/AR1911/bsw/IPC_Project_CanIf_EcucValues.arxml C:/Users/ADMINI~1/AppData/Local/Temp/rta/rte/AR1911/bsw/IPC_Project_CanNm_EcucValues.arxml C:/Users/ADMINI~1/AppData/Local/Temp/rta/rte/AR1911/bsw/IPC_Project_CanSM_EcucValues.arxml C:/Users/ADMINI~1/AppData/Local/Temp/rta/rte/AR1911/bsw/IPC_Project_CanTp_EcucValues.arxml C:/Users/ADMINI~1/AppData/Local/Temp/rta/rte/AR1911/bsw/IPC_Project_Can_EcucValues.arxml C:/Users/ADMINI~1/AppData/Local/Temp/rta/rte/AR1911/bsw/IPC_Project_ComM_EcucValues.arxml C:/Users/ADMINI~1/AppData/Local/Temp/rta/rte/AR1911/bsw/IPC_Project_Com_EcucValues.arxml C:/Users/ADMINI~1/AppData/Local/Temp/rta/rte/AR1911/bsw/IPC_Project_Dcm_EcucValues.arxml C:/Users/ADMINI~1/AppData/Local/Temp/rta/rte/AR1911/bsw/IPC_Project_EcuC_EcucValues.arxml C:/Users/ADMINI~1/AppData/Local/Temp/rta/rte/AR1911/bsw/IPC_Project_Fee_EcucValues.arxml C:/Users/ADMINI~1/AppData/Local/Temp/rta/rte/AR1911/bsw/IPC_Project_MemIf_EcucValues.arxml C:/Users/ADMINI~1/AppData/Local/Temp/rta/rte/AR1911/bsw/IPC_Project_Nm_EcucValues.arxml C:/Users/ADMINI~1/AppData/Local/Temp/rta/rte/AR1911/bsw/IPC_Project_NvM_EcucValues.arxml C:/Users/ADMINI~1/AppData/Local/Temp/rta/rte/AR1911/bsw/IPC_Project_PduR_EcucValues.arxml C:/Users/ADMINI~1/AppData/Local/Temp/rta/rte/AR1911/bsw/IPC_Project_Xcp_EcucValues.arxml C:/Users/ADMINI~1/AppData/Local/Temp/rta/rte/AR1911/bsw/IPC_Project_rba_MemLib_EcucValues.arxml C:/Users/ADMINI~1/AppData/Local/Temp/rta/rte/AR1911/ecu_config/bsw/BSW_Manual_Config/Basic_Interfaces.arxml C:/Users/ADMINI~1/AppData/Local/Temp/rta/rte/AR1911/ecu_config/bsw/BSW_Manual_Config/Bfx_EcucValues.arxml C:/Users/ADMINI~1/AppData/Local/Temp/rta/rte/AR1911/ecu_config/bsw/BSW_Manual_Config/BswM_EcucValues.arxml C:/Users/ADMINI~1/AppData/Local/Temp/rta/rte/AR1911/ecu_config/bsw/BSW_Manual_Config/BswM_ModeMapping.arxml C:/Users/ADMINI~1/AppData/Local/Temp/rta/rte/AR1911/ecu_config/bsw/BSW_Manual_Config/CRC_EcuValues.arxml C:/Users/ADMINI~1/AppData/Local/Temp/rta/rte/AR1911/ecu_config/bsw/BSW_Manual_Config/CanTp_EcucValues.arxml C:/Users/ADMINI~1/AppData/Local/Temp/rta/rte/AR1911/ecu_config/bsw/BSW_Manual_Config/CanTrcv_EcucValues.arxml C:/Users/ADMINI~1/AppData/Local/Temp/rta/rte/AR1911/ecu_config/bsw/BSW_Manual_Config/Can_BSWMD.arxml C:/Users/ADMINI~1/AppData/Local/Temp/rta/rte/AR1911/ecu_config/bsw/BSW_Manual_Config/DCM_Data_SWC.arxml C:/Users/ADMINI~1/AppData/Local/Temp/rta/rte/AR1911/ecu_config/bsw/BSW_Manual_Config/DEM_Data_SWC.arxml C:/Users/ADMINI~1/AppData/Local/Temp/rta/rte/AR1911/ecu_config/bsw/BSW_Manual_Config/Dcm_EcucValues.arxml C:/Users/ADMINI~1/AppData/Local/Temp/rta/rte/AR1911/ecu_config/bsw/BSW_Manual_Config/Dem_EcucValues.arxml C:/Users/ADMINI~1/AppData/Local/Temp/rta/rte/AR1911/ecu_config/bsw/BSW_Manual_Config/Det_EcucValues.arxml C:/Users/ADMINI~1/AppData/Local/Temp/rta/rte/AR1911/ecu_config/bsw/BSW_Manual_Config/EcuC_Hardware_Partition_EcucValues.arxml C:/Users/ADMINI~1/AppData/Local/Temp/rta/rte/AR1911/ecu_config/bsw/BSW_Manual_Config/EcuM_EcucValues.arxml C:/Users/ADMINI~1/AppData/Local/Temp/rta/rte/AR1911/ecu_config/bsw/BSW_Manual_Config/Mfx_EcucValues.arxml C:/Users/ADMINI~1/AppData/Local/Temp/rta/rte/AR1911/ecu_config/bsw/BSW_Manual_Config/Platform.arxml C:/Users/ADMINI~1/AppData/Local/Temp/rta/rte/AR1911/ecu_config/bsw/BSW_Manual_Config/SpiDioMsc_Cfg.arxml C:/Users/ADMINI~1/AppData/Local/Temp/rta/rte/AR1911/ecu_config/bsw/BSW_Manual_Config/WdgIf_EcucValues.arxml C:/Users/ADMINI~1/AppData/Local/Temp/rta/rte/AR1911/ecu_config/bsw/BSW_Manual_Config/Wdg_EcucValues.arxml C:/Users/ADMINI~1/AppData/Local/Temp/rta/rte/AR1911/ecu_config/bsw/BSW_Manual_Config/Xcp_EcucValues.arxml C:/Users/ADMINI~1/AppData/Local/Temp/rta/rte/AR1911/ecu_config/bsw/BSW_Manual_Config/wdgm_EcucValues.arxml C:/Users/ADMINI~1/AppData/Local/Temp/rta/rte/AR1911/ecu_config/bsw/internal/ComStack_EcucValues.arxml C:/Users/ADMINI~1/AppData/Local/Temp/rta/rte/AR1911/ecu_config/os/internal/Os_EcucValues.arxml C:/Users/ADMINI~1/AppData/Local/Temp/rta/rte/AR1911/ecu_config/rte/internal/Rte_EcucValues.arxml C:/Users/ADMINI~1/AppData/Local/Temp/rta/rte/AR1911/system_config/PlatformBaseOld_Types.arxml C:/Users/ADMINI~1/AppData/Local/Temp/rta/rte/AR1911/system_config/PlatformBase_Types.arxml C:/Users/ADMINI~1/AppData/Local/Temp/rta/rte/AR1911/system_config/PlatformOld_Types.arxml C:/Users/ADMINI~1/AppData/Local/Temp/rta/rte/AR1911/system_config/PlatformSwBasePatch_Types.arxml C:/Users/ADMINI~1/AppData/Local/Temp/rta/rte/AR1911/system_config/Platform_Types.arxml C:/Users/ADMINI~1/AppData/Local/Temp/rta/rte/AR1911/system_config/Standard_Types.arxml C:/Users/ADMINI~1/AppData/Local/Temp/rta/rte/AR1911/system_config/System.arxml C:/Users/ADMINI~1/AppData/Local/Temp/rta/rte/AR1911/system_config/rba_CUCELCompuMethods_BSWMD.arxml C:/Users/ADMINI~1/AppData/Local/Temp/rta/rte/AR1911/system_config/rba_CUCELSwAddrMethod_BSWMD.arxml ] -ur=2 --os-define-osenv=RTAOS40 --exclusive-area-optimization=enable --os-output-param=all --use-partition-sections=on --deviate-bsw-any-partition=1 --deviate-split-swci-support=1 --os-output-param=changed --have-64bit-int-types=1 --error-report=xml
RTA-RTE V7.5.3
Copyright (C) ETAS GmbH 2004-2022
Pre-processor warning set to - pragma message
Phase is RTE (license verified)
>Validating XML...
>Validating Containers...
<Validating Containers... done
<Validating XML... done
>Building types database...
<Building types database... done
>Flattening Root Composition...
>Parsing RTE Configuration...
<Parsing RTE Configuration... done
<Flattening Root Composition... done
>Validating Input...
<Validating Input... done
>Processing Inter-OsApp IRVs...
<Processing Inter-OsApp IRVs... done
>Finding modes...
<Finding modes... done
>Building skeleton reification tree...
<Building skeleton reification tree... done
>Building reification tree...
<Building reification tree... done
>Generating output files...
<Generating output files... done
>Processing templates...
<Processing templates... done
Messages written to E:/09_SVN/05_TE35H/01_BSW/20Proj/BSW_A1/TC387_ISOLAR_Workspace/src/rte/RteErr.xml.
0 errors, 164 warnings and 2144 info messages were generated.
The following files were generated:
	E:/09_SVN/05_TE35H/01_BSW/20Proj/BSW_A1/TC387_ISOLAR_Workspace/src/rte/Core0_BSW_OsTask_SwcRequest.c
	E:/09_SVN/05_TE35H/01_BSW/20Proj/BSW_A1/TC387_ISOLAR_Workspace/src/rte/Core0_OsTask_ASW_100ms.c
	E:/09_SVN/05_TE35H/01_BSW/20Proj/BSW_A1/TC387_ISOLAR_Workspace/src/rte/Core0_OsTask_ASW_10ms.c
	E:/09_SVN/05_TE35H/01_BSW/20Proj/BSW_A1/TC387_ISOLAR_Workspace/src/rte/Core0_OsTask_ASW_1ms.c
	E:/09_SVN/05_TE35H/01_BSW/20Proj/BSW_A1/TC387_ISOLAR_Workspace/src/rte/Core0_OsTask_BSW_100ms.c
	E:/09_SVN/05_TE35H/01_BSW/20Proj/BSW_A1/TC387_ISOLAR_Workspace/src/rte/Core0_OsTask_BSW_10ms.c
	E:/09_SVN/05_TE35H/01_BSW/20Proj/BSW_A1/TC387_ISOLAR_Workspace/src/rte/Core0_OsTask_BSW_1ms.c
	E:/09_SVN/05_TE35H/01_BSW/20Proj/BSW_A1/TC387_ISOLAR_Workspace/src/rte/Core0_OsTask_BSW_50ms.c
	E:/09_SVN/05_TE35H/01_BSW/20Proj/BSW_A1/TC387_ISOLAR_Workspace/src/rte/Core1_OsTask_ASW_100ms.c
	E:/09_SVN/05_TE35H/01_BSW/20Proj/BSW_A1/TC387_ISOLAR_Workspace/src/rte/Core1_OsTask_ASW_10ms.c
	E:/09_SVN/05_TE35H/01_BSW/20Proj/BSW_A1/TC387_ISOLAR_Workspace/src/rte/Core1_OsTask_ASW_1ms.c
	E:/09_SVN/05_TE35H/01_BSW/20Proj/BSW_A1/TC387_ISOLAR_Workspace/src/rte/Core1_OsTask_BSW_10ms.c
	E:/09_SVN/05_TE35H/01_BSW/20Proj/BSW_A1/TC387_ISOLAR_Workspace/src/rte/Core2_OsTask_ASW_100ms.c
	E:/09_SVN/05_TE35H/01_BSW/20Proj/BSW_A1/TC387_ISOLAR_Workspace/src/rte/Core2_OsTask_ASW_10ms.c
	E:/09_SVN/05_TE35H/01_BSW/20Proj/BSW_A1/TC387_ISOLAR_Workspace/src/rte/Core2_OsTask_ASW_1ms.c
	E:/09_SVN/05_TE35H/01_BSW/20Proj/BSW_A1/TC387_ISOLAR_Workspace/src/rte/Core2_OsTask_ASW_5ms.c
	E:/09_SVN/05_TE35H/01_BSW/20Proj/BSW_A1/TC387_ISOLAR_Workspace/src/rte/Core2_OsTask_BSW_10ms.c
	E:/09_SVN/05_TE35H/01_BSW/20Proj/BSW_A1/TC387_ISOLAR_Workspace/src/rte/Core3_OsTask_ASW_1ms.c
	E:/09_SVN/05_TE35H/01_BSW/20Proj/BSW_A1/TC387_ISOLAR_Workspace/src/rte/Core3_OsTask_ASW_5ms.c
	E:/09_SVN/05_TE35H/01_BSW/20Proj/BSW_A1/TC387_ISOLAR_Workspace/src/rte/Core3_OsTask_BSW_10ms.c
	E:/09_SVN/05_TE35H/01_BSW/20Proj/BSW_A1/TC387_ISOLAR_Workspace/src/rte/Rte.c
	E:/09_SVN/05_TE35H/01_BSW/20Proj/BSW_A1/TC387_ISOLAR_Workspace/src/rte/Rte.h
	E:/09_SVN/05_TE35H/01_BSW/20Proj/BSW_A1/TC387_ISOLAR_Workspace/src/rte/Rte_ASW_BASE.h
	E:/09_SVN/05_TE35H/01_BSW/20Proj/BSW_A1/TC387_ISOLAR_Workspace/src/rte/Rte_ASW_BASE_Type.h
	E:/09_SVN/05_TE35H/01_BSW/20Proj/BSW_A1/TC387_ISOLAR_Workspace/src/rte/Rte_ASW_COM.h
	E:/09_SVN/05_TE35H/01_BSW/20Proj/BSW_A1/TC387_ISOLAR_Workspace/src/rte/Rte_ASW_COM_Type.h
	E:/09_SVN/05_TE35H/01_BSW/20Proj/BSW_A1/TC387_ISOLAR_Workspace/src/rte/Rte_ASW_CORE0.h
	E:/09_SVN/05_TE35H/01_BSW/20Proj/BSW_A1/TC387_ISOLAR_Workspace/src/rte/Rte_ASW_CORE0_Type.h
	E:/09_SVN/05_TE35H/01_BSW/20Proj/BSW_A1/TC387_ISOLAR_Workspace/src/rte/Rte_ASW_CORE1.h
	E:/09_SVN/05_TE35H/01_BSW/20Proj/BSW_A1/TC387_ISOLAR_Workspace/src/rte/Rte_ASW_CORE1_Type.h
	E:/09_SVN/05_TE35H/01_BSW/20Proj/BSW_A1/TC387_ISOLAR_Workspace/src/rte/Rte_ASW_CORE2.h
	E:/09_SVN/05_TE35H/01_BSW/20Proj/BSW_A1/TC387_ISOLAR_Workspace/src/rte/Rte_ASW_CORE2_Type.h
	E:/09_SVN/05_TE35H/01_BSW/20Proj/BSW_A1/TC387_ISOLAR_Workspace/src/rte/Rte_ASW_CORE3.h
	E:/09_SVN/05_TE35H/01_BSW/20Proj/BSW_A1/TC387_ISOLAR_Workspace/src/rte/Rte_ASW_CORE3_Type.h
	E:/09_SVN/05_TE35H/01_BSW/20Proj/BSW_A1/TC387_ISOLAR_Workspace/src/rte/Rte_ASW_DCM.h
	E:/09_SVN/05_TE35H/01_BSW/20Proj/BSW_A1/TC387_ISOLAR_Workspace/src/rte/Rte_ASW_DCM_Type.h
	E:/09_SVN/05_TE35H/01_BSW/20Proj/BSW_A1/TC387_ISOLAR_Workspace/src/rte/Rte_ASW_DEM.h
	E:/09_SVN/05_TE35H/01_BSW/20Proj/BSW_A1/TC387_ISOLAR_Workspace/src/rte/Rte_ASW_DEM_Type.h
	E:/09_SVN/05_TE35H/01_BSW/20Proj/BSW_A1/TC387_ISOLAR_Workspace/src/rte/Rte_ASW_NM.h
	E:/09_SVN/05_TE35H/01_BSW/20Proj/BSW_A1/TC387_ISOLAR_Workspace/src/rte/Rte_ASW_NM_Type.h
	E:/09_SVN/05_TE35H/01_BSW/20Proj/BSW_A1/TC387_ISOLAR_Workspace/src/rte/Rte_ASW_NVM.h
	E:/09_SVN/05_TE35H/01_BSW/20Proj/BSW_A1/TC387_ISOLAR_Workspace/src/rte/Rte_ASW_NVM_Type.h
	E:/09_SVN/05_TE35H/01_BSW/20Proj/BSW_A1/TC387_ISOLAR_Workspace/src/rte/Rte_ASW_WDG.h
	E:/09_SVN/05_TE35H/01_BSW/20Proj/BSW_A1/TC387_ISOLAR_Workspace/src/rte/Rte_ASW_WDG_Type.h
	E:/09_SVN/05_TE35H/01_BSW/20Proj/BSW_A1/TC387_ISOLAR_Workspace/src/rte/Rte_ASW_XCP.h
	E:/09_SVN/05_TE35H/01_BSW/20Proj/BSW_A1/TC387_ISOLAR_Workspace/src/rte/Rte_ASW_XCP_Type.h
	E:/09_SVN/05_TE35H/01_BSW/20Proj/BSW_A1/TC387_ISOLAR_Workspace/src/rte/Rte_BSWMD.arxml
	E:/09_SVN/05_TE35H/01_BSW/20Proj/BSW_A1/TC387_ISOLAR_Workspace/src/rte/Rte_BswM.h
	E:/09_SVN/05_TE35H/01_BSW/20Proj/BSW_A1/TC387_ISOLAR_Workspace/src/rte/Rte_BswM_Type.h
	E:/09_SVN/05_TE35H/01_BSW/20Proj/BSW_A1/TC387_ISOLAR_Workspace/src/rte/Rte_CDD_CORE0.h
	E:/09_SVN/05_TE35H/01_BSW/20Proj/BSW_A1/TC387_ISOLAR_Workspace/src/rte/Rte_CDD_CORE0_Type.h
	E:/09_SVN/05_TE35H/01_BSW/20Proj/BSW_A1/TC387_ISOLAR_Workspace/src/rte/Rte_CDD_CORE1.h
	E:/09_SVN/05_TE35H/01_BSW/20Proj/BSW_A1/TC387_ISOLAR_Workspace/src/rte/Rte_CDD_CORE1_Type.h
	E:/09_SVN/05_TE35H/01_BSW/20Proj/BSW_A1/TC387_ISOLAR_Workspace/src/rte/Rte_CDD_CORE2.h
	E:/09_SVN/05_TE35H/01_BSW/20Proj/BSW_A1/TC387_ISOLAR_Workspace/src/rte/Rte_CDD_CORE2_Type.h
	E:/09_SVN/05_TE35H/01_BSW/20Proj/BSW_A1/TC387_ISOLAR_Workspace/src/rte/Rte_CDD_CORE3.h
	E:/09_SVN/05_TE35H/01_BSW/20Proj/BSW_A1/TC387_ISOLAR_Workspace/src/rte/Rte_CDD_CORE3_Type.h
	E:/09_SVN/05_TE35H/01_BSW/20Proj/BSW_A1/TC387_ISOLAR_Workspace/src/rte/Rte_Catalog.xml
	E:/09_SVN/05_TE35H/01_BSW/20Proj/BSW_A1/TC387_ISOLAR_Workspace/src/rte/Rte_Cbk.h
	E:/09_SVN/05_TE35H/01_BSW/20Proj/BSW_A1/TC387_ISOLAR_Workspace/src/rte/Rte_Cfg.h
	E:/09_SVN/05_TE35H/01_BSW/20Proj/BSW_A1/TC387_ISOLAR_Workspace/src/rte/Rte_ComM.h
	E:/09_SVN/05_TE35H/01_BSW/20Proj/BSW_A1/TC387_ISOLAR_Workspace/src/rte/Rte_ComM_Type.h
	E:/09_SVN/05_TE35H/01_BSW/20Proj/BSW_A1/TC387_ISOLAR_Workspace/src/rte/Rte_Const.h
	E:/09_SVN/05_TE35H/01_BSW/20Proj/BSW_A1/TC387_ISOLAR_Workspace/src/rte/Rte_DataHandleType.h
	E:/09_SVN/05_TE35H/01_BSW/20Proj/BSW_A1/TC387_ISOLAR_Workspace/src/rte/Rte_Dcm.h
	E:/09_SVN/05_TE35H/01_BSW/20Proj/BSW_A1/TC387_ISOLAR_Workspace/src/rte/Rte_Dcm_Type.h
	E:/09_SVN/05_TE35H/01_BSW/20Proj/BSW_A1/TC387_ISOLAR_Workspace/src/rte/Rte_Dem.h
	E:/09_SVN/05_TE35H/01_BSW/20Proj/BSW_A1/TC387_ISOLAR_Workspace/src/rte/Rte_Dem_Type.h
	E:/09_SVN/05_TE35H/01_BSW/20Proj/BSW_A1/TC387_ISOLAR_Workspace/src/rte/Rte_Det.h
	E:/09_SVN/05_TE35H/01_BSW/20Proj/BSW_A1/TC387_ISOLAR_Workspace/src/rte/Rte_Det_Type.h
	E:/09_SVN/05_TE35H/01_BSW/20Proj/BSW_A1/TC387_ISOLAR_Workspace/src/rte/Rte_EcuM.h
	E:/09_SVN/05_TE35H/01_BSW/20Proj/BSW_A1/TC387_ISOLAR_Workspace/src/rte/Rte_EcuM_Type.h
	E:/09_SVN/05_TE35H/01_BSW/20Proj/BSW_A1/TC387_ISOLAR_Workspace/src/rte/Rte_Hook.h
	E:/09_SVN/05_TE35H/01_BSW/20Proj/BSW_A1/TC387_ISOLAR_Workspace/src/rte/Rte_Intl.h
	E:/09_SVN/05_TE35H/01_BSW/20Proj/BSW_A1/TC387_ISOLAR_Workspace/src/rte/Rte_Lib.c
	E:/09_SVN/05_TE35H/01_BSW/20Proj/BSW_A1/TC387_ISOLAR_Workspace/src/rte/Rte_Main.h
	E:/09_SVN/05_TE35H/01_BSW/20Proj/BSW_A1/TC387_ISOLAR_Workspace/src/rte/Rte_McSupportData.arxml
	E:/09_SVN/05_TE35H/01_BSW/20Proj/BSW_A1/TC387_ISOLAR_Workspace/src/rte/Rte_NvM.h
	E:/09_SVN/05_TE35H/01_BSW/20Proj/BSW_A1/TC387_ISOLAR_Workspace/src/rte/Rte_NvM_Type.h
	E:/09_SVN/05_TE35H/01_BSW/20Proj/BSW_A1/TC387_ISOLAR_Workspace/src/rte/Rte_Os_Type.h
	E:/09_SVN/05_TE35H/01_BSW/20Proj/BSW_A1/TC387_ISOLAR_Workspace/src/rte/Rte_RSID.h
	E:/09_SVN/05_TE35H/01_BSW/20Proj/BSW_A1/TC387_ISOLAR_Workspace/src/rte/Rte_RSID_Type.h
	E:/09_SVN/05_TE35H/01_BSW/20Proj/BSW_A1/TC387_ISOLAR_Workspace/src/rte/Rte_SWC_DEM.h
	E:/09_SVN/05_TE35H/01_BSW/20Proj/BSW_A1/TC387_ISOLAR_Workspace/src/rte/Rte_SWC_DEM_Type.h
	E:/09_SVN/05_TE35H/01_BSW/20Proj/BSW_A1/TC387_ISOLAR_Workspace/src/rte/Rte_Type.h
	E:/09_SVN/05_TE35H/01_BSW/20Proj/BSW_A1/TC387_ISOLAR_Workspace/src/rte/Rte_WdgM.h
	E:/09_SVN/05_TE35H/01_BSW/20Proj/BSW_A1/TC387_ISOLAR_Workspace/src/rte/Rte_WdgM_Type.h
	E:/09_SVN/05_TE35H/01_BSW/20Proj/BSW_A1/TC387_ISOLAR_Workspace/src/rte/Rte_rba_DiagLib.h
	E:/09_SVN/05_TE35H/01_BSW/20Proj/BSW_A1/TC387_ISOLAR_Workspace/src/rte/Rte_rba_DiagLib_Type.h
	E:/09_SVN/05_TE35H/01_BSW/20Proj/BSW_A1/TC387_ISOLAR_Workspace/src/rte/SchM_BswM.h
	E:/09_SVN/05_TE35H/01_BSW/20Proj/BSW_A1/TC387_ISOLAR_Workspace/src/rte/SchM_BswM_Type.h
	E:/09_SVN/05_TE35H/01_BSW/20Proj/BSW_A1/TC387_ISOLAR_Workspace/src/rte/SchM_Can.h
	E:/09_SVN/05_TE35H/01_BSW/20Proj/BSW_A1/TC387_ISOLAR_Workspace/src/rte/SchM_CanNm.h
	E:/09_SVN/05_TE35H/01_BSW/20Proj/BSW_A1/TC387_ISOLAR_Workspace/src/rte/SchM_CanNm_Type.h
	E:/09_SVN/05_TE35H/01_BSW/20Proj/BSW_A1/TC387_ISOLAR_Workspace/src/rte/SchM_CanSM.h
	E:/09_SVN/05_TE35H/01_BSW/20Proj/BSW_A1/TC387_ISOLAR_Workspace/src/rte/SchM_CanSM_Type.h
	E:/09_SVN/05_TE35H/01_BSW/20Proj/BSW_A1/TC387_ISOLAR_Workspace/src/rte/SchM_CanTp.h
	E:/09_SVN/05_TE35H/01_BSW/20Proj/BSW_A1/TC387_ISOLAR_Workspace/src/rte/SchM_CanTp_Type.h
	E:/09_SVN/05_TE35H/01_BSW/20Proj/BSW_A1/TC387_ISOLAR_Workspace/src/rte/SchM_CanTrcv.h
	E:/09_SVN/05_TE35H/01_BSW/20Proj/BSW_A1/TC387_ISOLAR_Workspace/src/rte/SchM_CanTrcv_Type.h
	E:/09_SVN/05_TE35H/01_BSW/20Proj/BSW_A1/TC387_ISOLAR_Workspace/src/rte/SchM_Can_Type.h
	E:/09_SVN/05_TE35H/01_BSW/20Proj/BSW_A1/TC387_ISOLAR_Workspace/src/rte/SchM_Com.h
	E:/09_SVN/05_TE35H/01_BSW/20Proj/BSW_A1/TC387_ISOLAR_Workspace/src/rte/SchM_ComM.h
	E:/09_SVN/05_TE35H/01_BSW/20Proj/BSW_A1/TC387_ISOLAR_Workspace/src/rte/SchM_ComM_Type.h
	E:/09_SVN/05_TE35H/01_BSW/20Proj/BSW_A1/TC387_ISOLAR_Workspace/src/rte/SchM_Com_Type.h
	E:/09_SVN/05_TE35H/01_BSW/20Proj/BSW_A1/TC387_ISOLAR_Workspace/src/rte/SchM_Dcm.h
	E:/09_SVN/05_TE35H/01_BSW/20Proj/BSW_A1/TC387_ISOLAR_Workspace/src/rte/SchM_Dcm_Type.h
	E:/09_SVN/05_TE35H/01_BSW/20Proj/BSW_A1/TC387_ISOLAR_Workspace/src/rte/SchM_Dem.h
	E:/09_SVN/05_TE35H/01_BSW/20Proj/BSW_A1/TC387_ISOLAR_Workspace/src/rte/SchM_Dem_Type.h
	E:/09_SVN/05_TE35H/01_BSW/20Proj/BSW_A1/TC387_ISOLAR_Workspace/src/rte/SchM_EcuM.h
	E:/09_SVN/05_TE35H/01_BSW/20Proj/BSW_A1/TC387_ISOLAR_Workspace/src/rte/SchM_EcuM_Type.h
	E:/09_SVN/05_TE35H/01_BSW/20Proj/BSW_A1/TC387_ISOLAR_Workspace/src/rte/SchM_NvM.h
	E:/09_SVN/05_TE35H/01_BSW/20Proj/BSW_A1/TC387_ISOLAR_Workspace/src/rte/SchM_NvM_Type.h
	E:/09_SVN/05_TE35H/01_BSW/20Proj/BSW_A1/TC387_ISOLAR_Workspace/src/rte/SchM_PduR.h
	E:/09_SVN/05_TE35H/01_BSW/20Proj/BSW_A1/TC387_ISOLAR_Workspace/src/rte/SchM_PduR_Type.h
	E:/09_SVN/05_TE35H/01_BSW/20Proj/BSW_A1/TC387_ISOLAR_Workspace/src/rte/SchM_WdgM.h
	E:/09_SVN/05_TE35H/01_BSW/20Proj/BSW_A1/TC387_ISOLAR_Workspace/src/rte/SchM_WdgM_Type.h
	E:/09_SVN/05_TE35H/01_BSW/20Proj/BSW_A1/TC387_ISOLAR_Workspace/src/rte/SchM_Xcp.h
	E:/09_SVN/05_TE35H/01_BSW/20Proj/BSW_A1/TC387_ISOLAR_Workspace/src/rte/SchM_Xcp_Type.h
	E:/09_SVN/05_TE35H/01_BSW/20Proj/BSW_A1/TC387_ISOLAR_Workspace/src/rte/iocNeeds.arxml
	E:/09_SVN/05_TE35H/01_BSW/20Proj/BSW_A1/TC387_ISOLAR_Workspace/src/rte/iocNeeds.h
	E:/09_SVN/05_TE35H/01_BSW/20Proj/BSW_A1/TC387_ISOLAR_Workspace/src/rte/osNeeds.arxml
Command: C:\ETAS\RTA-CAR_9.2.1\RTA-RTE_7.5.3/bin/RTEGen.exe -q 1 -r /DBC_SysDesc_CanNetwork/Pkg_Ecu/IPC -o [*.*]"E:/09_SVN/05_TE35H/01_BSW/20Proj/BSW_A1/TC387_ISOLAR_Workspace/src/rte" -f "E:/09_SVN/05_TE35H/01_BSW/20Proj/BSW_A1/TC387_ISOLAR_Workspace/src/rte/rtegen_files.lst" -ur=2 --os-define-osenv=RTAOS40 --exclusive-area-optimization=enable --os-output-param=all --use-partition-sections=on --deviate-bsw-any-partition=1 --deviate-split-swci-support=1 --os-output-param=changed --have-64bit-int-types=1 --error-report=xml

Execution of action RTA_RTE successfully completed
********************************************************************************
********************************************************************************
Post build execution has started at 13:32:36:695 hh:mm:ss:ms 
********************************************************************************
Execute action: ProblemsLogEntryCreator 
********************************************************************************
Execution of action ProblemsLogEntryCreator failed
********************************************************************************

********************************************************************************
Pre Build Summary 
********************************************************************************
- RtePreProcessor --> Success (Executed for 00:00:05:508 hh:mm:ss:ms)
Build Summary 
********************************************************************************
- RTA_RTE --> Success (Executed for 00:01:02:619 hh:mm:ss:ms)
********************************************************************************
Post Build Summary 
********************************************************************************
- ProblemsLogEntryCreator --> Error (Executed for 00:00:00:010 hh:mm:ss:ms)
null
Time taken for the complete build: 00:02:49:158
