output\objs\Targets\TC38xx\MCAL\MCAL_Gen\src\Adc_PBcfg.o
output\objs\Targets\TC38xx\MCAL\MCAL_Gen\src\Can_17_McmCan_PBcfg.o
output\objs\Targets\TC38xx\MCAL\MCAL_Gen\src\Dio_Lcfg.o
output\objs\Targets\TC38xx\MCAL\MCAL_Gen\src\Fls_17_Dmu_PBcfg.o
output\objs\Targets\TC38xx\MCAL\MCAL_Gen\src\Gpt_PBcfg.o
output\objs\Targets\TC38xx\MCAL\MCAL_Gen\src\I2c_PBcfg.o
output\objs\Targets\TC38xx\MCAL\MCAL_Gen\src\Icu_17_TimerIp_PBcfg.o
output\objs\Targets\TC38xx\MCAL\MCAL_Gen\src\Mcu_17_TimerIp_Cfg.o
output\objs\Targets\TC38xx\MCAL\MCAL_Gen\src\Mcu_PBcfg.o
output\objs\Targets\TC38xx\MCAL\MCAL_Gen\src\Port_PBcfg.o
output\objs\Targets\TC38xx\MCAL\MCAL_Gen\src\Pwm_17_GtmCcu6_PBcfg.o
output\objs\Targets\TC38xx\MCAL\MCAL_Gen\src\Spi_PBcfg.o
output\objs\Targets\TC38xx\MCAL\MCAL_Modules\Adc\src\Adc.o
output\objs\Targets\TC38xx\MCAL\MCAL_Modules\Can_17_McmCan\src\Can_17_McmCan.o
output\objs\Targets\TC38xx\MCAL\MCAL_Modules\Dio\src\Dio.o
output\objs\Targets\TC38xx\MCAL\MCAL_Modules\Fls_17_Dmu\src\Fls_17_Dmu.o
output\objs\Targets\TC38xx\MCAL\MCAL_Modules\Fls_17_Dmu\src\Fls_17_Dmu_ac.o
output\objs\Targets\TC38xx\MCAL\MCAL_Modules\Gpt\src\Gpt.o
output\objs\Targets\TC38xx\MCAL\MCAL_Modules\I2c\src\I2c.o
output\objs\Targets\TC38xx\MCAL\MCAL_Modules\Icu_17_TimerIp\src\Icu_17_TimerIp.o
output\objs\Targets\TC38xx\MCAL\MCAL_Modules\Irq\Irq.o
output\objs\Targets\TC38xx\MCAL\MCAL_Modules\McalLib\src\McalLib.o
output\objs\Targets\TC38xx\MCAL\MCAL_Modules\Mcu\src\Mcu.o
output\objs\Targets\TC38xx\MCAL\MCAL_Modules\Mcu\src\Mcu_17_TimerIp.o
output\objs\Targets\TC38xx\MCAL\MCAL_Modules\Port\src\Port.o
output\objs\Targets\TC38xx\MCAL\MCAL_Modules\Pwm_17_GtmCcu6\src\Pwm_17_GtmCcu6.o
output\objs\Targets\TC38xx\MCAL\MCAL_Modules\Spi\src\Spi.o
output\objs\Integration\ecu\BswM_Callout_Stub.o
output\objs\Integration\ecu\CanIf_Cdd_Cbk.o
output\objs\Integration\ecu\EcuM_integration.o
output\objs\Integration\ecu\EcuM_User.o
output\objs\Integration\ecu\ECU_Startup.o
output\objs\Integration\ecu\FBL_DataMPrvCfg.o
output\objs\Integration\ecu\Integration.o
output\objs\Integration\ecu\LogisticData.o
output\objs\Integration\ecu\Nvm_MultiBlockCallback.o
output\objs\Integration\ecu\SchM.o
output\objs\Integration\ecu\TimingCalculation.o
output\objs\Integration\Infineon\iLLD\TC38A\Tricore\Ccu6\PwmHl\IfxCcu6_PwmHl.o
output\objs\Integration\Infineon\iLLD\TC38A\Tricore\Ccu6\Std\IfxCcu6.o
output\objs\Integration\Infineon\iLLD\TC38A\Tricore\Ccu6\TimerWithTrigger\IfxCcu6_TimerWithTrigger.o
output\objs\Integration\Infineon\iLLD\TC38A\Tricore\Cpu\Irq\IfxCpu_Irq.o
output\objs\Integration\Infineon\iLLD\TC38A\Tricore\Cpu\Std\IfxCpu.o
output\objs\Integration\Infineon\iLLD\TC38A\Tricore\Evadc\Adc\IfxEvadc_Adc.o
output\objs\Integration\Infineon\iLLD\TC38A\Tricore\Evadc\Std\IfxEvadc.o
output\objs\Integration\Infineon\iLLD\TC38A\Tricore\Gtm\Atom\Dtm_PwmHl\IfxGtm_Atom_Dtm_PwmHl.o
output\objs\Integration\Infineon\iLLD\TC38A\Tricore\Gtm\Atom\Pwm\IfxGtm_Atom_Pwm.o
output\objs\Integration\Infineon\iLLD\TC38A\Tricore\Gtm\Atom\PwmHl\IfxGtm_Atom_PwmHl.o
output\objs\Integration\Infineon\iLLD\TC38A\Tricore\Gtm\Atom\Timer\IfxGtm_Atom_Timer.o
output\objs\Integration\Infineon\iLLD\TC38A\Tricore\Gtm\Pwm\IfxGtm_Pwm.o
output\objs\Integration\Infineon\iLLD\TC38A\Tricore\Gtm\Std\IfxGtm.o
output\objs\Integration\Infineon\iLLD\TC38A\Tricore\Gtm\Std\IfxGtm_Atom.o
output\objs\Integration\Infineon\iLLD\TC38A\Tricore\Gtm\Std\IfxGtm_Cmu.o
output\objs\Integration\Infineon\iLLD\TC38A\Tricore\Gtm\Std\IfxGtm_Dpll.o
output\objs\Integration\Infineon\iLLD\TC38A\Tricore\Gtm\Std\IfxGtm_Dtm.o
output\objs\Integration\Infineon\iLLD\TC38A\Tricore\Gtm\Std\IfxGtm_Psm.o
output\objs\Integration\Infineon\iLLD\TC38A\Tricore\Gtm\Std\IfxGtm_Spe.o
output\objs\Integration\Infineon\iLLD\TC38A\Tricore\Gtm\Std\IfxGtm_Tbu.o
output\objs\Integration\Infineon\iLLD\TC38A\Tricore\Gtm\Std\IfxGtm_Tim.o
output\objs\Integration\Infineon\iLLD\TC38A\Tricore\Gtm\Std\IfxGtm_Tom.o
output\objs\Integration\Infineon\iLLD\TC38A\Tricore\Gtm\Tim\In\IfxGtm_Tim_In.o
output\objs\Integration\Infineon\iLLD\TC38A\Tricore\Gtm\Tim\Timer\IfxGtm_Tim_Timer.o
output\objs\Integration\Infineon\iLLD\TC38A\Tricore\Gtm\Tom\Dtm_PwmHl\IfxGtm_Tom_Dtm_PwmHl.o
output\objs\Integration\Infineon\iLLD\TC38A\Tricore\Gtm\Tom\Pwm\IfxGtm_Tom_Pwm.o
output\objs\Integration\Infineon\iLLD\TC38A\Tricore\Gtm\Tom\PwmHl\IfxGtm_Tom_PwmHl.o
output\objs\Integration\Infineon\iLLD\TC38A\Tricore\Gtm\Tom\Timer\IfxGtm_Tom_Timer.o
output\objs\Integration\Infineon\iLLD\TC38A\Tricore\Gtm\Trig\IfxGtm_Trig.o
output\objs\Integration\Infineon\iLLD\TC38A\Tricore\Pms\Std\IfxPmsEvr.o
output\objs\Integration\Infineon\iLLD\TC38A\Tricore\Pms\Std\IfxPmsPm.o
output\objs\Integration\Infineon\iLLD\TC38A\Tricore\Port\Std\IfxPort.o
output\objs\Integration\Infineon\iLLD\TC38A\Tricore\Scu\Std\IfxScuCcu.o
output\objs\Integration\Infineon\iLLD\TC38A\Tricore\Scu\Std\IfxScuWdt.o
output\objs\Integration\Infineon\iLLD\TC38A\Tricore\Src\Std\IfxSrc.o
output\objs\Integration\Infineon\iLLD\TC38A\Tricore\_Impl\IfxCcu6_cfg.o
output\objs\Integration\Infineon\iLLD\TC38A\Tricore\_Impl\IfxCpu_cfg.o
output\objs\Integration\Infineon\iLLD\TC38A\Tricore\_Impl\IfxEvadc_cfg.o
output\objs\Integration\Infineon\iLLD\TC38A\Tricore\_Impl\IfxGtm_cfg.o
output\objs\Integration\Infineon\iLLD\TC38A\Tricore\_Impl\IfxPort_cfg.o
output\objs\Integration\Infineon\iLLD\TC38A\Tricore\_PinMap\IfxCcu6_PinMap.o
output\objs\Integration\Infineon\iLLD\TC38A\Tricore\_PinMap\IfxGtm_PinMap.o
output\objs\Integration\Infineon\Service\CpuGeneric\StdIf\IfxStdIf_PwmHl.o
output\objs\Integration\Infineon\Service\CpuGeneric\StdIf\IfxStdIf_Timer.o
output\objs\Integration\mcal\Adc_Irq.o
output\objs\Integration\mcal\Can_17_McmCan_Irq.o
output\objs\Integration\mcal\Ccu6_Irq.o
output\objs\Integration\mcal\Cpu0_Main.o
output\objs\Integration\mcal\Cpu1_Main.o
output\objs\Integration\mcal\Cpu2_Main.o
output\objs\Integration\mcal\Cpu3_Main.o
output\objs\Integration\mcal\Gtm_Irq.o
output\objs\Integration\mcal\main.o
output\objs\Integration\mcal\McuFunc.o
output\objs\Integration\mcal\OverlayManager.o
output\objs\Integration\mcal\SchM_Adc.o
output\objs\Integration\mcal\SchM_Can_17_McmCan.o
output\objs\Integration\mcal\SchM_Gpt.o
output\objs\Integration\mcal\SchM_Icu_17_TimerIp.o
output\objs\Integration\mcal\SchM_McalLib.o
output\objs\Integration\mcal\SchM_Mcu.o
output\objs\Integration\mcal\SchM_Pwm_17_GtmCcu6.o
output\objs\Integration\mcal\SchM_Smu.o
output\objs\Integration\mcal\SchM_Spi.o
output\objs\Integration\mcal\SchM_Wdg_17_Scu.o
output\objs\Integration\mcal\Spi_Irq.o
output\objs\Integration\mcal\Stm_Irq.o
output\objs\Integration\mcal\Stubs.o
output\objs\Integration\mcal\Traps.o
output\objs\Integration\mcal\Wdg.o
output\objs\Integration\os\Os_Cbk_GetStopwatch.o
output\objs\Integration\os\Os_Cbk_Idle.o
output\objs\Integration\os\Os_Hooks.o
output\objs\Integration\os\ProtectionHook.o
output\objs\Integration\os\Task_Background.o
output\objs\Integration\TC38x\Ifx_Cfg_Ssw.o
output\objs\Integration\TC38x\Ifx_Cfg_SswBmhd.o
output\objs\Integration\TC38x\IFX_Os.o
output\objs\Integration\TC38x\Ifx_Ssw_Infra.o
output\objs\Integration\TC38x\Ifx_Ssw_Tc0.o
output\objs\Integration\TC38x\Ifx_Ssw_Tc1.o
output\objs\Integration\TC38x\Ifx_Ssw_Tc2.o
output\objs\Integration\TC38x\Ifx_Ssw_Tc3.o
output\objs\bsw\Bfx\src\Bfx_Bit.o
output\objs\bsw\Bfx\src\Bfx_GetVersionInfo.o
output\objs\bsw\Bfx\src\Bfx_TstParityEven_u16_u8.o
output\objs\bsw\Bfx\src\Bfx_TstParityEven_u32_u8.o
output\objs\bsw\Bfx\src\Bfx_TstParityEven_u64_u8.o
output\objs\bsw\Bfx\src\Bfx_TstParityEven_u8_u8.o
output\objs\bsw\BswM\integration\BswM_Appl.o
output\objs\bsw\BswM\src\BswM.o
output\objs\bsw\BswM\src\BswM_CanSM.o
output\objs\bsw\BswM\src\BswM_ComM.o
output\objs\bsw\BswM\src\BswM_DCM.o
output\objs\bsw\BswM\src\BswM_EcuM.o
output\objs\bsw\BswM\src\BswM_EthIf.o
output\objs\bsw\BswM\src\BswM_EthSM.o
output\objs\bsw\BswM\src\BswM_FrSM.o
output\objs\bsw\BswM\src\BswM_Generic.o
output\objs\bsw\BswM\src\BswM_J1939Dcm.o
output\objs\bsw\BswM\src\BswM_J1939Nm.o
output\objs\bsw\BswM\src\BswM_LinSM.o
output\objs\bsw\BswM\src\BswM_LinTp.o
output\objs\bsw\BswM\src\BswM_Nm.o
output\objs\bsw\BswM\src\BswM_NvM.o
output\objs\bsw\BswM\src\BswM_Prv.o
output\objs\bsw\BswM\src\BswM_Prv_AC.o
output\objs\bsw\BswM\src\BswM_Prv_AL.o
output\objs\bsw\BswM\src\BswM_Prv_IntrptQueue.o
output\objs\bsw\BswM\src\BswM_Prv_MRP.o
output\objs\bsw\BswM\src\BswM_Prv_ProcessDeferredRequest.o
output\objs\bsw\BswM\src\BswM_Prv_ProcessDelayedReqst.o
output\objs\bsw\BswM\src\BswM_Prv_RL.o
output\objs\bsw\BswM\src\BswM_Sd.o
output\objs\bsw\BswM\src\BswM_WdgM.o
output\objs\bsw\BswM_PreCompile_and_PB_Variant\BswM_Cfg.o
output\objs\bsw\BswM_PreCompile_and_PB_Variant\BswM_Cfg_AC.o
output\objs\bsw\BswM_PreCompile_and_PB_Variant\BswM_Cfg_LE.o
output\objs\bsw\BswM_PreCompile_and_PB_Variant\BswM_Cfg_ModeManagerReq.o
output\objs\bsw\BswM_PreCompile_and_PB_Variant\BswM_Cfg_MRP.o
output\objs\bsw\BswM_PreCompile_and_PB_Variant\BswM_Cfg_RL.o
output\objs\bsw\BswM_PreCompile_and_PB_Variant\BswM_PBcfg.o
output\objs\bsw\CanIf\CanIf_cfg.o
output\objs\bsw\CanIf\CanIf_PBcfg.o
output\objs\bsw\CanIf\integration\CanIfAppl.o
output\objs\bsw\CanIf\integration\CanIf_ControllerModeIndication_Integration.o
output\objs\bsw\CanIf\integration\CanIf_RxIndication_Integration.o
output\objs\bsw\CanIf\integration\CanIf_SetControllerMode_Integration.o
output\objs\bsw\CanIf\integration\CanIf_Write_Integration.o
output\objs\bsw\CanIf\src\CanIf_Baudrate.o
output\objs\bsw\CanIf\src\CanIf_Controller.o
output\objs\bsw\CanIf\src\CanIf_GetTxConfirmationState.o
output\objs\bsw\CanIf\src\CanIf_GetVersionInfo.o
output\objs\bsw\CanIf\src\CanIf_Init.o
output\objs\bsw\CanIf\src\CanIf_PduMode.o
output\objs\bsw\CanIf\src\CanIf_Prv.o
output\objs\bsw\CanIf\src\CanIf_Prv_Buffer.o
output\objs\bsw\CanIf\src\CanIf_Rb_Apis.o
output\objs\bsw\CanIf\src\CanIf_ReadNotifStatus.o
output\objs\bsw\CanIf\src\CanIf_ReadRxPduData.o
output\objs\bsw\CanIf\src\CanIf_RxIndication.o
output\objs\bsw\CanIf\src\CanIf_SetDynamicTxId.o
output\objs\bsw\CanIf\src\CanIf_Shared.o
output\objs\bsw\CanIf\src\CanIf_Transceiver.o
output\objs\bsw\CanIf\src\CanIf_Transmit.o
output\objs\bsw\CanIf\src\CanIf_TriggerTransmit.o
output\objs\bsw\CanIf\src\CanIf_TxConfirmation.o
output\objs\bsw\CanIf\src\CanIf_Wakeup.o
output\objs\bsw\CanIf\src\CanIf_XCore.o
output\objs\bsw\CanNm\integration\CanNmAppl.o
output\objs\bsw\CanNm\src\CanNm.o
output\objs\bsw\CanNm\src\CanNm_ChangeState.o
output\objs\bsw\CanNm\src\CanNm_CheckRemoteSleepIndication.o
output\objs\bsw\CanNm\src\CanNm_ConfirmPnAvailability.o
output\objs\bsw\CanNm\src\CanNm_DisableCommunication.o
output\objs\bsw\CanNm\src\CanNm_EnableCommunication.o
output\objs\bsw\CanNm\src\CanNm_GetLocalNodeIdentifier.o
output\objs\bsw\CanNm\src\CanNm_GetNodeIdentifier.o
output\objs\bsw\CanNm\src\CanNm_GetPduData.o
output\objs\bsw\CanNm\src\CanNm_GetState.o
output\objs\bsw\CanNm\src\CanNm_GetUserData.o
output\objs\bsw\CanNm\src\CanNm_GetVersionInfo.o
output\objs\bsw\CanNm\src\CanNm_Init.o
output\objs\bsw\CanNm\src\CanNm_NetworkRelease.o
output\objs\bsw\CanNm\src\CanNm_NetworkRequest.o
output\objs\bsw\CanNm\src\CanNm_PassiveStartup.o
output\objs\bsw\CanNm\src\CanNm_RepeatMessageRequest.o
output\objs\bsw\CanNm\src\CanNm_RequestBusSynchronization.o
output\objs\bsw\CanNm\src\CanNm_RxIndication.o
output\objs\bsw\CanNm\src\CanNm_SetSleepReadyBit.o
output\objs\bsw\CanNm\src\CanNm_SetUserData.o
output\objs\bsw\CanNm\src\CanNm_StartTransmission.o
output\objs\bsw\CanNm\src\CanNm_Transmit.o
output\objs\bsw\CanNm\src\CanNm_TxConfirmation.o
output\objs\bsw\CanNm_PreCompile_and_PB_Variant\CanNm_Cfg.o
output\objs\bsw\CanNm_PreCompile_and_PB_Variant\CanNm_PBcfg.o
output\objs\bsw\CanSM\CanSM_PBcfg.o
output\objs\bsw\CanSM\src\CanSM_CheckTransceiverWakeFlagIndication.o
output\objs\bsw\CanSM\src\CanSM_ClearTrcvWufFlagIndication.o
output\objs\bsw\CanSM\src\CanSM_ConfirmPnAvailability.o
output\objs\bsw\CanSM\src\CanSM_ControllerBusoff.o
output\objs\bsw\CanSM\src\CanSM_ControllerModeIndication.o
output\objs\bsw\CanSM\src\CanSM_GetCurrentComMode.o
output\objs\bsw\CanSM\src\CanSM_GetVersionInfo.o
output\objs\bsw\CanSM\src\CanSM_Init.o
output\objs\bsw\CanSM\src\CanSM_InternalStateTransition.o
output\objs\bsw\CanSM\src\CanSM_Main.o
output\objs\bsw\CanSM\src\CanSM_NetworkModes.o
output\objs\bsw\CanSM\src\CanSM_RequestComMode.o
output\objs\bsw\CanSM\src\CanSM_SetBaudrate.o
output\objs\bsw\CanSM\src\CanSM_SetEcuPassive.o
output\objs\bsw\CanSM\src\CanSM_StartWakeupSource.o
output\objs\bsw\CanSM\src\CanSM_StopWakeupSource.o
output\objs\bsw\CanSM\src\CanSM_TransceiverModeIndication.o
output\objs\bsw\CanSM\src\CanSM_TxTimeoutException.o
output\objs\bsw\CanTp\integration\CanTp_CallOut.o
output\objs\bsw\CanTp\src\CanTp.o
output\objs\bsw\CanTp\src\CanTp_Prv.o
output\objs\bsw\CanTp_PreCompile\CanTp_Cfg.o
output\objs\bsw\CanTrcv\CanTrcv_Cfg.o
output\objs\bsw\CanTrcv\CanTrcv_PBcfg.o
output\objs\bsw\CanTrcv\integration\CanTrcv_Integration.o
output\objs\bsw\CanTrcv\integration\CanTrcv_rba_TJA1041.o
output\objs\bsw\CanTrcv\integration\CanTrcv_rba_TLE9255.o
output\objs\bsw\CanTrcv\src\CanTrcv.o
output\objs\bsw\Com\Com_Cfg.o
output\objs\bsw\Com\Com_PBcfg.o
output\objs\bsw\Com\Com_PBcfg_Common.o
output\objs\bsw\Com\Com_PBcfg_Variant.o
output\objs\bsw\Com\integration\ComAppl.o
output\objs\bsw\Com\integration\Com_Integration.o
output\objs\bsw\Com\src\Com_BusLoadManagement.o
output\objs\bsw\Com\src\Com_ByteCopy.o
output\objs\bsw\Com\src\Com_ByteCopyInit.o
output\objs\bsw\Com\src\Com_CopyRxData.o
output\objs\bsw\Com\src\Com_CopyTxData.o
output\objs\bsw\Com\src\Com_DeInit.o
output\objs\bsw\Com\src\Com_EnableRxDm.o
output\objs\bsw\Com\src\Com_Filter.o
output\objs\bsw\Com\src\Com_GetStatus.o
output\objs\bsw\Com\src\Com_GetVersionInfo.o
output\objs\bsw\Com\src\Com_Init.o
output\objs\bsw\Com\src\Com_InvalidateShadowSignal.o
output\objs\bsw\Com\src\Com_InvalidateSignal.o
output\objs\bsw\Com\src\Com_InvalidateSignalGroup.o
output\objs\bsw\Com\src\Com_IpduGroupStart.o
output\objs\bsw\Com\src\Com_IpduGroupStop.o
output\objs\bsw\Com\src\Com_MainFunctionRouteSignals.o
output\objs\bsw\Com\src\Com_MainFunctionRx.o
output\objs\bsw\Com\src\Com_MainFunctionTx.o
output\objs\bsw\Com\src\Com_PackGwMappings.o
output\objs\bsw\Com\src\Com_PackSignal.o
output\objs\bsw\Com\src\Com_ProcessSignal.o
output\objs\bsw\Com\src\Com_ProcessSignalGroup.o
output\objs\bsw\Com\src\Com_ReceiveDynSignal.o
output\objs\bsw\Com\src\Com_ReceiveShadowSignal.o
output\objs\bsw\Com\src\Com_ReceiveSignal.o
output\objs\bsw\Com\src\Com_ReceiveSignalGroup.o
output\objs\bsw\Com\src\Com_ReceiveSignalGroupArray.o
output\objs\bsw\Com\src\Com_ReceiveSignalGroupArrayWithMetaData.o
output\objs\bsw\Com\src\Com_ReceiveSignalGroupWithMetaData.o
output\objs\bsw\Com\src\Com_ReceiveSignalWithMetadata.o
output\objs\bsw\Com\src\Com_RxIndication.o
output\objs\bsw\Com\src\Com_SendDynSignal.o
output\objs\bsw\Com\src\Com_SendIpdu.o
output\objs\bsw\Com\src\Com_SendSignal.o
output\objs\bsw\Com\src\Com_SendSignalGroup.o
output\objs\bsw\Com\src\Com_SendSignalGroupArray.o
output\objs\bsw\Com\src\Com_SendSignalGroupArrayWithMetaData.o
output\objs\bsw\Com\src\Com_SendSignalGroupWithMetaData.o
output\objs\bsw\Com\src\Com_SendSignalWithMetaData.o
output\objs\bsw\Com\src\Com_ShadowBuffToIpduBuff.o
output\objs\bsw\Com\src\Com_StartOfReception.o
output\objs\bsw\Com\src\Com_SwitchIpduTxMode.o
output\objs\bsw\Com\src\Com_TpRxIndication.o
output\objs\bsw\Com\src\Com_TpTxConfirmation.o
output\objs\bsw\Com\src\Com_TriggerIPDUSend.o
output\objs\bsw\Com\src\Com_TriggerIPDUSendWithMetaData.o
output\objs\bsw\Com\src\Com_TriggerTransmit.o
output\objs\bsw\Com\src\Com_TxChangeMode.o
output\objs\bsw\Com\src\Com_TxConfirmation.o
output\objs\bsw\Com\src\Com_UnpackSignal.o
output\objs\bsw\Com\src\Com_UpdateShadowSignal.o
output\objs\bsw\ComM\ComM_Cfg.o
output\objs\bsw\ComM\ComM_Main.o
output\objs\bsw\ComM\ComM_PBcfg.o
output\objs\bsw\ComM\integration\ComMAppl.o
output\objs\bsw\ComM\src\ComM.o
output\objs\bsw\ComM\src\ComM_BusSM_ModeIndication.o
output\objs\bsw\ComM\src\ComM_CommunicationAllowed.o
output\objs\bsw\ComM\src\ComM_Dcm_ActiveDiagnostic.o
output\objs\bsw\ComM\src\ComM_Dcm_InactiveDiagnostic.o
output\objs\bsw\ComM\src\ComM_DeInit.o
output\objs\bsw\ComM\src\ComM_EcuM_PNCWakeUpIndication.o
output\objs\bsw\ComM\src\ComM_EcuM_WakeupIndication.o
output\objs\bsw\ComM\src\ComM_GetCurrentComMode.o
output\objs\bsw\ComM\src\ComM_GetInhibitionStatus.o
output\objs\bsw\ComM\src\ComM_GetMaxComMode.o
output\objs\bsw\ComM\src\ComM_GetRequestedComMode.o
output\objs\bsw\ComM\src\ComM_GetState.o
output\objs\bsw\ComM\src\ComM_GetStatus.o
output\objs\bsw\ComM\src\ComM_GetVersionInfo.o
output\objs\bsw\ComM\src\ComM_Init.o
output\objs\bsw\ComM\src\ComM_LChannelMainFunction.o
output\objs\bsw\ComM\src\ComM_LimitChannelToNoComMode.o
output\objs\bsw\ComM\src\ComM_LimitECUToNoComMode.o
output\objs\bsw\ComM\src\ComM_LPncMainFunction.o
output\objs\bsw\ComM\src\ComM_LUpdateFullComRequestors.o
output\objs\bsw\ComM\src\ComM_Nm_BusSleepMode.o
output\objs\bsw\ComM\src\ComM_Nm_NetworkMode.o
output\objs\bsw\ComM\src\ComM_Nm_NetworkStartIndication.o
output\objs\bsw\ComM\src\ComM_Nm_PrepareBusSleepMode.o
output\objs\bsw\ComM\src\ComM_Nm_RestartIndication.o
output\objs\bsw\ComM\src\ComM_PreventWakeUp.o
output\objs\bsw\ComM\src\ComM_ReadInhibitCounter.o
output\objs\bsw\ComM\src\ComM_RequestComMode.o
output\objs\bsw\ComM\src\ComM_ResetInhibitCounter.o
output\objs\bsw\ComM\src\ComM_SetECUGroupClassification.o
output\objs\bsw\Crc\Crc.o
output\objs\bsw\Crc\Crc_Cfg.o
output\objs\bsw\Dcm\Dcm_Lcfg_DslDsd.o
output\objs\bsw\Dcm\Dcm_Lcfg_DspObd.o
output\objs\bsw\Dcm\Dcm_Lcfg_DspUds.o
output\objs\bsw\Dcm\integration\DcmAppl_CheckEncryptionCompressionMethod.o
output\objs\bsw\Dcm\integration\DcmAppl_ConfirmationRespPend.o
output\objs\bsw\Dcm\integration\DcmAppl_DcmCancelPagedBufferProcessing.o
output\objs\bsw\Dcm\integration\DcmAppl_DcmCheckCDTCRecord.o
output\objs\bsw\Dcm\integration\DcmAppl_DcmCheckControlMaskAndState.o
output\objs\bsw\Dcm\integration\DcmAppl_DcmCheckRdbiResponseLength.o
output\objs\bsw\Dcm\integration\DcmAppl_DcmCheckRoutineControlOptionRecord.o
output\objs\bsw\Dcm\integration\DcmAppl_DcmCheckSeed.o
output\objs\bsw\Dcm\integration\DcmAppl_DcmCheckWDBIReqLen.o
output\objs\bsw\Dcm\integration\DcmAppl_DcmClearRoeEventInformation.o
output\objs\bsw\Dcm\integration\DcmAppl_DcmCommControlConditionCheck.o
output\objs\bsw\Dcm\integration\DcmAppl_DcmComModeError.o
output\objs\bsw\Dcm\integration\DcmAppl_DcmConfirmation.o
output\objs\bsw\Dcm\integration\DcmAppl_DcmConfirmationRDPI.o
output\objs\bsw\Dcm\integration\DcmAppl_DcmConfirmation_DcmNegResp.o
output\objs\bsw\Dcm\integration\DcmAppl_DcmConfirmation_GeneralReject.o
output\objs\bsw\Dcm\integration\DcmAppl_DcmControlDtcSettingEnableStatus.o
output\objs\bsw\Dcm\integration\DcmAppl_DcmCopyRxData.o
output\objs\bsw\Dcm\integration\DcmAppl_DcmEcuResetPreparation.o
output\objs\bsw\Dcm\integration\DcmAppl_DcmGetNRCForMinLengthCheck.o
output\objs\bsw\Dcm\integration\DcmAppl_DcmGetP2Timings.o
output\objs\bsw\Dcm\integration\DcmAppl_DcmGetPermissionForMemoryAccess_u8.o
output\objs\bsw\Dcm\integration\DcmAppl_DcmGetPermTxWarmResp.o
output\objs\bsw\Dcm\integration\DcmAppl_DcmGetRemainingResponseLength.o
output\objs\bsw\Dcm\integration\DcmAppl_DcmGetROEDidInfo.o
output\objs\bsw\Dcm\integration\DcmAppl_DcmGetRoeDTCInfo.o
output\objs\bsw\Dcm\integration\DcmAppl_DcmGetRxPermission.o
output\objs\bsw\Dcm\integration\DcmAppl_DcmGetSesChgPermission.o
output\objs\bsw\Dcm\integration\DcmAppl_DcmGetStoreType.o
output\objs\bsw\Dcm\integration\DcmAppl_DcmGetUpdatedDelayForPowerOn.o
output\objs\bsw\Dcm\integration\DcmAppl_DcmGetUpdatedDelayTime.o
output\objs\bsw\Dcm\integration\DcmAppl_DcmIndicationFuncTpr.o
output\objs\bsw\Dcm\integration\DcmAppl_DcmIsComModeDefault.o
output\objs\bsw\Dcm\integration\DcmAppl_DcmMemSizeCheckForTransferData.o
output\objs\bsw\Dcm\integration\DcmAppl_DcmModifyResponse.o
output\objs\bsw\Dcm\integration\DcmAppl_DcmNotification.o
output\objs\bsw\Dcm\integration\DcmAppl_DcmReadDataNRC.o
output\objs\bsw\Dcm\integration\DcmAppl_DcmReadDddiFromNvM.o
output\objs\bsw\Dcm\integration\DcmAppl_DcmRespWarmInit.o
output\objs\bsw\Dcm\integration\DcmAppl_DcmRxIndication.o
output\objs\bsw\Dcm\integration\DcmAppl_DcmSecaInvalidKey.o
output\objs\bsw\Dcm\integration\DcmAppl_DcmSecaValidKey.o
output\objs\bsw\Dcm\integration\DcmAppl_DcmSecurityLevelLocked.o
output\objs\bsw\Dcm\integration\DcmAppl_DcmSesCtrlChangeIndication.o
output\objs\bsw\Dcm\integration\DcmAppl_DcmSetUpRoeEvent.o
output\objs\bsw\Dcm\integration\DcmAppl_DcmStartOfReception.o
output\objs\bsw\Dcm\integration\DcmAppl_DcmStartProtocol.o
output\objs\bsw\Dcm\integration\DcmAppl_DcmStopProtocol.o
output\objs\bsw\Dcm\integration\DcmAppl_DcmStoreRespForJump.o
output\objs\bsw\Dcm\integration\DcmAppl_DcmStoreROEcycleCounter.o
output\objs\bsw\Dcm\integration\DcmAppl_DcmStoreRoeDidInfo.o
output\objs\bsw\Dcm\integration\DcmAppl_DcmStoreRoeDTCInfo.o
output\objs\bsw\Dcm\integration\DcmAppl_DcmSwitchCommunicationControl.o
output\objs\bsw\Dcm\integration\DcmAppl_DcmTransferDataCheckPermission.o
output\objs\bsw\Dcm\integration\DcmAppl_DcmUpdateRxTable.o
output\objs\bsw\Dcm\integration\DcmAppl_DcmWriteOrClearDddiInNvM.o
output\objs\bsw\Dcm\integration\DcmAppl_Dcm_GetProgConditions.o
output\objs\bsw\Dcm\integration\DcmAppl_Dcm_ProcessRequestDownload.o
output\objs\bsw\Dcm\integration\DcmAppl_Dcm_ProcessRequestTransferExit.o
output\objs\bsw\Dcm\integration\DcmAppl_Dcm_ProcessRequestUpload.o
output\objs\bsw\Dcm\integration\DcmAppl_Dcm_ReadMemory.o
output\objs\bsw\Dcm\integration\DcmAppl_Dcm_SetProgConditions.o
output\objs\bsw\Dcm\integration\DcmAppl_Dcm_WriteMemory.o
output\objs\bsw\Dcm\integration\DcmAppl_DDDI_Read_Memory_Condition.o
output\objs\bsw\Dcm\integration\DcmAppl_DisableDTCSetting.o
output\objs\bsw\Dcm\integration\DcmAppl_EnableDTCSetting.o
output\objs\bsw\Dcm\integration\DcmAppl_ManufacturerNotification.o
output\objs\bsw\Dcm\integration\DcmAppl_OBD_Mode04.o
output\objs\bsw\Dcm\integration\DcmAppl_P3TimeoutIndication.o
output\objs\bsw\Dcm\integration\DcmAppl_Switch_DcmBootLoaderReset.o
output\objs\bsw\Dcm\integration\DcmAppl_Switch_DcmDiagnosticSessionControl.o
output\objs\bsw\Dcm\integration\DcmAppl_Switch_DcmDriveToDriveReset.o
output\objs\bsw\Dcm\integration\DcmAppl_Switch_DcmEcuReset.o
output\objs\bsw\Dcm\integration\DcmAppl_Switch_DcmExecuteDscReset.o
output\objs\bsw\Dcm\integration\DcmAppl_Switch_DcmExecuteEcuReset.o
output\objs\bsw\Dcm\integration\DcmAppl_Switch_DcmExecuteReset.o
output\objs\bsw\Dcm\integration\DcmAppl_Switch_DcmResponseOnEvent.o
output\objs\bsw\Dcm\integration\DcmAppl_Switch_DcmSysSupplierReset.o
output\objs\bsw\Dcm\integration\DcmAppl_UserCommCtrlReEnableModeRuleService.o
output\objs\bsw\Dcm\integration\DcmAppl_UserDIDModeRuleService.o
output\objs\bsw\Dcm\integration\DcmAppl_UserDTCSettingEnableModeRuleService.o
output\objs\bsw\Dcm\integration\DcmAppl_UserMemoryRangeModeRuleService.o
output\objs\bsw\Dcm\integration\DcmAppl_UserRIDModeRuleService.o
output\objs\bsw\Dcm\integration\DcmAppl_UserServiceModeRuleService.o
output\objs\bsw\Dcm\integration\DcmAppl_UserSubServiceModeRuleService.o
output\objs\bsw\Dcm\src\DcmCore\DcmCoreDslDsd\DcmCore_DslDsd_BootLoader.o
output\objs\bsw\Dcm\src\DcmCore\DcmCoreDslDsd\DcmCore_DslDsd_ConfirmRespPend.o
output\objs\bsw\Dcm\src\DcmCore\DcmCoreDslDsd\DcmCore_DslDsd_GetKwpTimingValues.o
output\objs\bsw\Dcm\src\DcmCore\DcmCoreDslDsd\DcmCore_DslDsd_PrepareKwpTimingValues.o
output\objs\bsw\Dcm\src\DcmCore\DcmCoreDslDsd\DcmCore_DslDsd_RestartP3Timer.o
output\objs\bsw\Dcm\src\DcmCore\DcmCoreDslDsd\DcmCore_DslDsd_RestoreSecaTimer.o
output\objs\bsw\Dcm\src\DcmCore\DcmCoreDslDsd\DcmCore_DslDsd_SetKwpDefaultTimingValues.o
output\objs\bsw\Dcm\src\DcmCore\DcmCoreDslDsd\DcmCore_DslDsd_SetKwpTimingValues.o
output\objs\bsw\Dcm\src\DcmCore\DcmCoreDslDsd\DcmCore_DslDsd_SetP3MaxMonitoring.o
output\objs\bsw\Dcm\src\DcmCore\DcmCoreDslDsd\DcmCore_DslDsd_WarmStart.o
output\objs\bsw\Dcm\src\DcmCore\DcmCoreLib\DcmCore_DslDsd_InternalApi.o
output\objs\bsw\Dcm\src\DcmCore\DcmCoreLib\DcmCore_DslDsd_SignalLib.o
output\objs\bsw\Dcm\src\DcmCore\DcmCoreMain\DcmCore_Main.o
output\objs\bsw\Dcm\src\DcmCore\DcmCoreMain\DcmCore_Main_Init.o
output\objs\bsw\Dcm\src\DcmDsp\DcmDspLib\DcmDspUds_Memaddress_Calc.o
output\objs\bsw\Dcm\src\DcmDsp\DcmDspObd\DcmDspObd_Mode1.o
output\objs\bsw\Dcm\src\DcmDsp\DcmDspObd\DcmDspObd_Mode2.o
output\objs\bsw\Dcm\src\DcmDsp\DcmDspObd\DcmDspObd_Mode37A.o
output\objs\bsw\Dcm\src\DcmDsp\DcmDspObd\DcmDspObd_Mode4.o
output\objs\bsw\Dcm\src\DcmDsp\DcmDspObd\DcmDspObd_Mode6.o
output\objs\bsw\Dcm\src\DcmDsp\DcmDspObd\DcmDspObd_Mode8.o
output\objs\bsw\Dcm\src\DcmDsp\DcmDspObd\DcmDspObd_Mode9.o
output\objs\bsw\Dcm\src\DcmDsp\DcmDspUds\DcmDspUds_CC.o
output\objs\bsw\Dcm\src\DcmDsp\DcmDspUds\DcmDspUds_Cdi.o
output\objs\bsw\Dcm\src\DcmDsp\DcmDspUds\DcmDspUds_Cdtcs.o
output\objs\bsw\Dcm\src\DcmDsp\DcmDspUds\DcmDspUds_Dddi.o
output\objs\bsw\Dcm\src\DcmDsp\DcmDspUds\DcmDspUds_Did_Support.o
output\objs\bsw\Dcm\src\DcmDsp\DcmDspUds\DcmDspUds_Dsc.o
output\objs\bsw\Dcm\src\DcmDsp\DcmDspUds\DcmDspUds_Er.o
output\objs\bsw\Dcm\src\DcmDsp\DcmDspUds\DcmDspUds_GetVIN.o
output\objs\bsw\Dcm\src\DcmDsp\DcmDspUds\DcmDspUds_Iocbi.o
output\objs\bsw\Dcm\src\DcmDsp\DcmDspUds\DcmDspUds_Rc.o
output\objs\bsw\Dcm\src\DcmDsp\DcmDspUds\DcmDspUds_Rdbi.o
output\objs\bsw\Dcm\src\DcmDsp\DcmDspUds\DcmDspUds_Rdpi.o
output\objs\bsw\Dcm\src\DcmDsp\DcmDspUds\DcmDspUds_Rdtc.o
output\objs\bsw\Dcm\src\DcmDsp\DcmDspUds\DcmDspUds_Rdtc_GetFreezeFrameDataByRecord.o
output\objs\bsw\Dcm\src\DcmDsp\DcmDspUds\DcmDspUds_Rdtc_RepDTCFaultDetectionCounter.o
output\objs\bsw\Dcm\src\DcmDsp\DcmDspUds\DcmDspUds_Rdtc_RepFailedDTC.o
output\objs\bsw\Dcm\src\DcmDsp\DcmDspUds\DcmDspUds_Rdtc_RepNumDTCByStatusMask.o
output\objs\bsw\Dcm\src\DcmDsp\DcmDspUds\DcmDspUds_Rdtc_ReportDTCBySevMaskRec.o
output\objs\bsw\Dcm\src\DcmDsp\DcmDspUds\DcmDspUds_Rdtc_ReportDTCSnapshotRecId.o
output\objs\bsw\Dcm\src\DcmDsp\DcmDspUds\DcmDspUds_Rdtc_ReportExtendedDataRecordByDTC.o
output\objs\bsw\Dcm\src\DcmDsp\DcmDspUds\DcmDspUds_Rdtc_ReportSnapshotRecordByDTC.o
output\objs\bsw\Dcm\src\DcmDsp\DcmDspUds\DcmDspUds_Rdtc_RepSeverityOfDTC.o
output\objs\bsw\Dcm\src\DcmDsp\DcmDspUds\DcmDspUds_Rdtc_RepSuppDTC.o
output\objs\bsw\Dcm\src\DcmDsp\DcmDspUds\DcmDspUds_RequestDownload.o
output\objs\bsw\Dcm\src\DcmDsp\DcmDspUds\DcmDspUds_RequestTransferExit.o
output\objs\bsw\Dcm\src\DcmDsp\DcmDspUds\DcmDspUds_RequestUpload.o
output\objs\bsw\Dcm\src\DcmDsp\DcmDspUds\DcmDspUds_Rmba.o
output\objs\bsw\Dcm\src\DcmDsp\DcmDspUds\DcmDspUds_Roe.o
output\objs\bsw\Dcm\src\DcmDsp\DcmDspUds\DcmDspUds_Seca.o
output\objs\bsw\Dcm\src\DcmDsp\DcmDspUds\DcmDspUds_Seca_ChgSecurity.o
output\objs\bsw\Dcm\src\DcmDsp\DcmDspUds\DcmDspUds_Seca_RestoreDelayCount.o
output\objs\bsw\Dcm\src\DcmDsp\DcmDspUds\DcmDspUds_Seca_SecurityIni.o
output\objs\bsw\Dcm\src\DcmDsp\DcmDspUds\DcmDspUds_Tp.o
output\objs\bsw\Dcm\src\DcmDsp\DcmDspUds\DcmDspUds_TransferData.o
output\objs\bsw\Dcm\src\DcmDsp\DcmDspUds\DcmDspUds_Uds_Did_F186.o
output\objs\bsw\Dcm\src\DcmDsp\DcmDspUds\DcmDspUds_Wdbi.o
output\objs\bsw\Dcm\src\DcmDsp\DcmDspUds\DcmDspUds_Wmba.o
output\objs\bsw\Dcm\src\Dsd\Dcm_Dsd_Lib.o
output\objs\bsw\Dcm\src\Dsd\Dcm_Dsd_Rdpi.o
output\objs\bsw\Dcm\src\Dsd\Dcm_Dsd_Roe.o
output\objs\bsw\Dcm\src\Dsd\Dcm_Dsd_StateMachine.o
output\objs\bsw\Dcm\src\Dsl\Dcm_Dsl_CancelTransmit.o
output\objs\bsw\Dcm\src\Dsl\Dcm_Dsl_ComMInteraction.o
output\objs\bsw\Dcm\src\Dsl\Dcm_Dsl_CopyRxData.o
output\objs\bsw\Dcm\src\Dsl\Dcm_Dsl_CopyTxData.o
output\objs\bsw\Dcm\src\Dsl\Dcm_Dsl_OBDStateMachine.o
output\objs\bsw\Dcm\src\Dsl\Dcm_Dsl_PagedBuffer.o
output\objs\bsw\Dcm\src\Dsl\Dcm_Dsl_Protocol.o
output\objs\bsw\Dcm\src\Dsl\Dcm_Dsl_RxIndication.o
output\objs\bsw\Dcm\src\Dsl\Dcm_Dsl_Security.o
output\objs\bsw\Dcm\src\Dsl\Dcm_Dsl_Session.o
output\objs\bsw\Dcm\src\Dsl\Dcm_Dsl_StartOfReception.o
output\objs\bsw\Dcm\src\Dsl\Dcm_Dsl_StateMachine.o
output\objs\bsw\Dcm\src\Dsl\Dcm_Dsl_TxResponse.o
output\objs\bsw\Dem\Dem_Cfg_Clear.o
output\objs\bsw\Dem\Dem_Cfg_Client_DataStructures.o
output\objs\bsw\Dem\Dem_Cfg_DTC_DataStructures.o
output\objs\bsw\Dem\Dem_Cfg_Events_DataStructures.o
output\objs\bsw\Dem\Dem_Cfg_NvmCallbacks.o
output\objs\bsw\Dem\Dem_Cfg_OperationCycle_DataStructures.o
output\objs\bsw\Dem\integration\Dem_KL15Persistence.o
output\objs\bsw\Dem\integration\Dem_PrjChronoSorting.o
output\objs\bsw\Dem\integration\Dem_PrjDisturbanceMemory.o
output\objs\bsw\Dem\integration\Dem_PrjEnvDataElement.o
output\objs\bsw\Dem\integration\Dem_PrjEraseAllNvMDataHandling.o
output\objs\bsw\Dem\integration\Dem_PrjEvmemProjectExtension.o
output\objs\bsw\Dem\integration\Dem_PrjSpecificConsistencyCheck.o
output\objs\bsw\Dem\integration\Dem_PrjSpecificDebOptimization.o
output\objs\bsw\Dem\integration\Dem_PrjSpecificFailureMemory.o
output\objs\bsw\Dem\integration\Dem_PrjSpecificIndiHandling.o
output\objs\bsw\Dem\src\client\Dem_Client.o
output\objs\bsw\Dem\src\client\Dem_ClientMachine_Clear.o
output\objs\bsw\Dem\src\client\Dem_ClientRequestDispatcher.o
output\objs\bsw\Dem\src\client\Dem_Client_Api.o
output\objs\bsw\Dem\src\consischk\Dem_ConsisChk.o
output\objs\bsw\Dem\src\deb\Dem_Deb.o
output\objs\bsw\Dem\src\deb\Dem_DebArTime.o
output\objs\bsw\Dem\src\deb\Dem_DebBase.o
output\objs\bsw\Dem\src\deb\Dem_DebCtrBaseClass.o
output\objs\bsw\Dem\src\distmem\Dem_DisturbanceMemory.o
output\objs\bsw\Dem\src\dtc\Dem_DTCFilter.o
output\objs\bsw\Dem\src\dtc\Dem_DTCGroup.o
output\objs\bsw\Dem\src\dtc\Dem_DTCs.o
output\objs\bsw\Dem\src\dtc\Dem_DTCStatusByte.o
output\objs\bsw\Dem\src\dtc\Dem_Prv_J1939Dcm.o
output\objs\bsw\Dem\src\enco\Dem_EnableCondition.o
output\objs\bsw\Dem\src\env\Dem_EnvDataElement.o
output\objs\bsw\Dem\src\env\Dem_EnvDid.o
output\objs\bsw\Dem\src\env\Dem_EnvExtendedData.o
output\objs\bsw\Dem\src\env\Dem_EnvExtendedDataRec.o
output\objs\bsw\Dem\src\env\Dem_EnvFFRecNumeration.o
output\objs\bsw\Dem\src\env\Dem_EnvFreezeFrame.o
output\objs\bsw\Dem\src\env\Dem_EnvMain.o
output\objs\bsw\Dem\src\env\Dem_EvtRelatedData.o
output\objs\bsw\Dem\src\env\Dem_J1939EnvFreezeFrame.o
output\objs\bsw\Dem\src\evbuff\Dem_EvBuff.o
output\objs\bsw\Dem\src\evbuff\Dem_EvBuffDistributor.o
output\objs\bsw\Dem\src\evdep\Dem_Dependencies.o
output\objs\bsw\Dem\src\evdep\Dem_EventRecheck.o
output\objs\bsw\Dem\src\event\Dem_EventFHandling.o
output\objs\bsw\Dem\src\event\Dem_Events.o
output\objs\bsw\Dem\src\event\Dem_EventStatus.o
output\objs\bsw\Dem\src\evmem\Dem_EvMem.o
output\objs\bsw\Dem\src\evmem\Dem_EvMemApi.o
output\objs\bsw\Dem\src\evmem\Dem_EvMemGen.o
output\objs\bsw\Dem\src\indct\Dem_Indicator.o
output\objs\bsw\Dem\src\indct\Dem_IndicatorAttributes.o
output\objs\bsw\Dem\src\main\Dem_Clear.o
output\objs\bsw\Dem\src\main\Dem_GenericNvData.o
output\objs\bsw\Dem\src\main\Dem_Main.o
output\objs\bsw\Dem\src\main\Dem_OperationCycle.o
output\objs\bsw\Dem\src\map\Dem_Mapping.o
output\objs\bsw\Dem\src\nvm\Dem_Nvm.o
output\objs\bsw\Dem\src\nvm\Dem_NvmCallbacks.o
output\objs\bsw\Dem\src\stoco\Dem_StorageCondition.o
output\objs\bsw\Det\src\Det.o
output\objs\bsw\EcuM\EcuM_Cfg.o
output\objs\bsw\EcuM\EcuM_Cfg_PbExt.o
output\objs\bsw\EcuM\EcuM_Cfg_RbMo.o
output\objs\bsw\EcuM\EcuM_Cfg_Shutdown.o
output\objs\bsw\EcuM\EcuM_Cfg_Sleep.o
output\objs\bsw\EcuM\EcuM_Cfg_Startup.o
output\objs\bsw\EcuM\EcuM_Cfg_SynchPoint.o
output\objs\bsw\EcuM\EcuM_Lcfg.o
output\objs\bsw\EcuM\EcuM_PBcfg.o
output\objs\bsw\EcuM\integration\EcuM_Callout_Stubs.o
output\objs\bsw\EcuM\src\EcuM_BootTarget.o
output\objs\bsw\EcuM\src\EcuM_CurrentState.o
output\objs\bsw\EcuM\src\EcuM_KillAllRequests.o
output\objs\bsw\EcuM\src\EcuM_MainFunction.o
output\objs\bsw\EcuM\src\EcuM_Misc.o
output\objs\bsw\EcuM\src\EcuM_Prv.o
output\objs\bsw\EcuM\src\EcuM_Prv_RteActions.o
output\objs\bsw\EcuM\src\EcuM_ReleasePOST_RUN.o
output\objs\bsw\EcuM\src\EcuM_ReleaseRUN.o
output\objs\bsw\EcuM\src\EcuM_RequestPOST_RUN.o
output\objs\bsw\EcuM\src\EcuM_RequestRUN.o
output\objs\bsw\EcuM\src\EcuM_SetState.o
output\objs\bsw\EcuM\src\EcuM_Shutdown.o
output\objs\bsw\EcuM\src\EcuM_ShutdownServices.o
output\objs\bsw\EcuM\src\EcuM_Sleep.o
output\objs\bsw\EcuM\src\EcuM_Startup.o
output\objs\bsw\EcuM\src\EcuM_WakeupServices.o
output\objs\bsw\Fee\Fee_Cfg.o
output\objs\bsw\Fee\src\Fee_Config.o
output\objs\bsw\Fee\src\Fee_Dbg.o
output\objs\bsw\Fee\src\Fee_Job.o
output\objs\bsw\Fee\src\Fee_Lib.o
output\objs\bsw\Fee\src\Fee_Medium.o
output\objs\bsw\Fee\src\Fee_Order.o
output\objs\bsw\Fee\src\Fee_Proc.o
output\objs\bsw\integration\rba_BswSrv\src\rba_BswSrv_MemCompare.o
output\objs\bsw\integration\rba_BswSrv\src\rba_BswSrv_MemCopy.o
output\objs\bsw\integration\rba_BswSrv\src\rba_BswSrv_MemSet.o
output\objs\bsw\MemIf\src\MemIf.o
output\objs\bsw\MemIf\src\MemIf_MainFunction.o
output\objs\bsw\MemIf\src\MemIf_Rb_GetStatus.o
output\objs\bsw\MemIf\src\MemIf_Rb_MainFunction.o
output\objs\bsw\Mfx\src\Mfx_AbsDiffP2_s16s16_s16.o
output\objs\bsw\Mfx\src\Mfx_AbsDiffP2_s16s16_u16.o
output\objs\bsw\Mfx\src\Mfx_AbsDiffP2_u16s16_s16.o
output\objs\bsw\Mfx\src\Mfx_AbsDiffP2_u16s16_u16.o
output\objs\bsw\Mfx\src\Mfx_AbsDiffP2_u16u16_s16.o
output\objs\bsw\Mfx\src\Mfx_AbsDiffP2_u16u16_u16.o
output\objs\bsw\Mfx\src\Mfx_AbsDiff_s16s16_s16.o
output\objs\bsw\Mfx\src\Mfx_AbsDiff_s16s16_s8.o
output\objs\bsw\Mfx\src\Mfx_AbsDiff_s16s16_u16.o
output\objs\bsw\Mfx\src\Mfx_AbsDiff_s16s16_u8.o
output\objs\bsw\Mfx\src\Mfx_AbsDiff_s32s32_s16.o
output\objs\bsw\Mfx\src\Mfx_AbsDiff_s32s32_s32.o
output\objs\bsw\Mfx\src\Mfx_AbsDiff_s32s32_s8.o
output\objs\bsw\Mfx\src\Mfx_AbsDiff_s32s32_u16.o
output\objs\bsw\Mfx\src\Mfx_AbsDiff_s32s32_u32.o
output\objs\bsw\Mfx\src\Mfx_AbsDiff_s32s32_u8.o
output\objs\bsw\Mfx\src\Mfx_AbsDiff_s8s8_s8.o
output\objs\bsw\Mfx\src\Mfx_AbsDiff_s8s8_u8.o
output\objs\bsw\Mfx\src\Mfx_AbsDiff_u16s16_s16.o
output\objs\bsw\Mfx\src\Mfx_AbsDiff_u16s16_s8.o
output\objs\bsw\Mfx\src\Mfx_AbsDiff_u16s16_u16.o
output\objs\bsw\Mfx\src\Mfx_AbsDiff_u16s16_u8.o
output\objs\bsw\Mfx\src\Mfx_AbsDiff_u16u16_s16.o
output\objs\bsw\Mfx\src\Mfx_AbsDiff_u16u16_s8.o
output\objs\bsw\Mfx\src\Mfx_AbsDiff_u16u16_u16.o
output\objs\bsw\Mfx\src\Mfx_AbsDiff_u16u16_u8.o
output\objs\bsw\Mfx\src\Mfx_Absdiff_u32s32_s16.o
output\objs\bsw\Mfx\src\Mfx_Absdiff_u32s32_s32.o
output\objs\bsw\Mfx\src\Mfx_Absdiff_u32s32_s8.o
output\objs\bsw\Mfx\src\Mfx_AbsDiff_u32s32_u16.o
output\objs\bsw\Mfx\src\Mfx_AbsDiff_u32s32_u32.o
output\objs\bsw\Mfx\src\Mfx_AbsDiff_u32s32_u8.o
output\objs\bsw\Mfx\src\Mfx_Absdiff_u32u32_s16.o
output\objs\bsw\Mfx\src\Mfx_Absdiff_u32u32_s32.o
output\objs\bsw\Mfx\src\Mfx_Absdiff_u32u32_s8.o
output\objs\bsw\Mfx\src\Mfx_AbsDiff_u32u32_u16.o
output\objs\bsw\Mfx\src\Mfx_AbsDiff_u32u32_u32.o
output\objs\bsw\Mfx\src\Mfx_AbsDiff_u32u32_u8.o
output\objs\bsw\Mfx\src\Mfx_AbsDiff_u8s8_s8.o
output\objs\bsw\Mfx\src\Mfx_AbsDiff_u8s8_u8.o
output\objs\bsw\Mfx\src\Mfx_AbsDiff_u8u8_s8.o
output\objs\bsw\Mfx\src\Mfx_AbsDiff_u8u8_u8.o
output\objs\bsw\Mfx\src\Mfx_AbsP2_s16_s16.o
output\objs\bsw\Mfx\src\Mfx_AbsP2_s16_u16.o
output\objs\bsw\Mfx\src\Mfx_AbsP2_s32_s32.o
output\objs\bsw\Mfx\src\Mfx_AbsP2_s32_u32.o
output\objs\bsw\Mfx\src\Mfx_Abs_s16_s16.o
output\objs\bsw\Mfx\src\Mfx_Abs_s16_u16.o
output\objs\bsw\Mfx\src\Mfx_Abs_s32_s16.o
output\objs\bsw\Mfx\src\Mfx_Abs_s32_s32.o
output\objs\bsw\Mfx\src\Mfx_Abs_s32_s8.o
output\objs\bsw\Mfx\src\Mfx_Abs_s32_u16.o
output\objs\bsw\Mfx\src\Mfx_Abs_s32_u32.o
output\objs\bsw\Mfx\src\Mfx_Abs_s32_u8.o
output\objs\bsw\Mfx\src\Mfx_Abs_s8_s8.o
output\objs\bsw\Mfx\src\Mfx_Abs_s8_u8.o
output\objs\bsw\Mfx\src\Mfx_AddP2_s16s16_s16.o
output\objs\bsw\Mfx\src\Mfx_AddP2_s16s16_u16.o
output\objs\bsw\Mfx\src\Mfx_AddP2_s32s32_s32.o
output\objs\bsw\Mfx\src\Mfx_AddP2_s32s32_u32.o
output\objs\bsw\Mfx\src\Mfx_AddP2_u16s16_s16.o
output\objs\bsw\Mfx\src\Mfx_AddP2_u16s16_u16.o
output\objs\bsw\Mfx\src\Mfx_AddP2_u16u16_s16.o
output\objs\bsw\Mfx\src\Mfx_AddP2_u16u16_u16.o
output\objs\bsw\Mfx\src\Mfx_AddP2_u32s32_s32.o
output\objs\bsw\Mfx\src\Mfx_AddP2_u32s32_u32.o
output\objs\bsw\Mfx\src\Mfx_AddP2_u32u32_s32.o
output\objs\bsw\Mfx\src\Mfx_AddP2_u32u32_u32.o
output\objs\bsw\Mfx\src\Mfx_Add_s16s16_s16.o
output\objs\bsw\Mfx\src\Mfx_Add_s16s16_s8.o
output\objs\bsw\Mfx\src\Mfx_Add_s16s16_u16.o
output\objs\bsw\Mfx\src\Mfx_Add_s16s16_u8.o
output\objs\bsw\Mfx\src\Mfx_Add_s32s32_s16.o
output\objs\bsw\Mfx\src\Mfx_Add_s32s32_s32.o
output\objs\bsw\Mfx\src\Mfx_Add_s32s32_s8.o
output\objs\bsw\Mfx\src\Mfx_Add_s32s32_u16.o
output\objs\bsw\Mfx\src\Mfx_Add_s32s32_u32.o
output\objs\bsw\Mfx\src\Mfx_Add_s32s32_u8.o
output\objs\bsw\Mfx\src\Mfx_Add_s8s8_s8.o
output\objs\bsw\Mfx\src\Mfx_Add_s8s8_u8.o
output\objs\bsw\Mfx\src\Mfx_Add_u16s16_s16.o
output\objs\bsw\Mfx\src\Mfx_Add_u16s16_s8.o
output\objs\bsw\Mfx\src\Mfx_Add_u16s16_u16.o
output\objs\bsw\Mfx\src\Mfx_Add_u16s16_u8.o
output\objs\bsw\Mfx\src\Mfx_Add_u16u16_s16.o
output\objs\bsw\Mfx\src\Mfx_Add_u16u16_s8.o
output\objs\bsw\Mfx\src\Mfx_Add_u16u16_u16.o
output\objs\bsw\Mfx\src\Mfx_Add_u16u16_u8.o
output\objs\bsw\Mfx\src\Mfx_Add_u32s32_s16.o
output\objs\bsw\Mfx\src\Mfx_Add_u32s32_s32.o
output\objs\bsw\Mfx\src\Mfx_Add_u32s32_s8.o
output\objs\bsw\Mfx\src\Mfx_Add_u32s32_u16.o
output\objs\bsw\Mfx\src\Mfx_Add_u32s32_u32.o
output\objs\bsw\Mfx\src\Mfx_Add_u32s32_u8.o
output\objs\bsw\Mfx\src\Mfx_Add_u32u32_s16.o
output\objs\bsw\Mfx\src\Mfx_Add_u32u32_s32.o
output\objs\bsw\Mfx\src\Mfx_Add_u32u32_s8.o
output\objs\bsw\Mfx\src\Mfx_Add_u32u32_u16.o
output\objs\bsw\Mfx\src\Mfx_Add_u32u32_u32.o
output\objs\bsw\Mfx\src\Mfx_Add_u32u32_u8.o
output\objs\bsw\Mfx\src\Mfx_Add_u8s8_s8.o
output\objs\bsw\Mfx\src\Mfx_Add_u8s8_u8.o
output\objs\bsw\Mfx\src\Mfx_Add_u8u8_s8.o
output\objs\bsw\Mfx\src\Mfx_Add_u8u8_u8.o
output\objs\bsw\Mfx\src\Mfx_ConvertP2_s16_s32.o
output\objs\bsw\Mfx\src\Mfx_ConvertP2_s16_s8.o
output\objs\bsw\Mfx\src\Mfx_ConvertP2_s32_s16.o
output\objs\bsw\Mfx\src\Mfx_ConvertP2_s8_s16.o
output\objs\bsw\Mfx\src\Mfx_ConvertP2_u16_u32.o
output\objs\bsw\Mfx\src\Mfx_ConvertP2_u16_u8.o
output\objs\bsw\Mfx\src\Mfx_ConvertP2_u32_u16.o
output\objs\bsw\Mfx\src\Mfx_ConvertP2_u8_u16.o
output\objs\bsw\Mfx\src\Mfx_DivP2_s16s16_s16.o
output\objs\bsw\Mfx\src\Mfx_DivP2_s16s16_u16.o
output\objs\bsw\Mfx\src\Mfx_DivP2_s16u16_s16.o
output\objs\bsw\Mfx\src\Mfx_DivP2_s16u16_u16.o
output\objs\bsw\Mfx\src\Mfx_DivP2_s32s32_s32.o
output\objs\bsw\Mfx\src\Mfx_DivP2_s32s32_u32.o
output\objs\bsw\Mfx\src\Mfx_DivP2_s32u32_s32.o
output\objs\bsw\Mfx\src\Mfx_DivP2_s32u32_u32.o
output\objs\bsw\Mfx\src\Mfx_DivP2_u16s16_s16.o
output\objs\bsw\Mfx\src\Mfx_DivP2_u16s16_u16.o
output\objs\bsw\Mfx\src\Mfx_DivP2_u16u16_s16.o
output\objs\bsw\Mfx\src\Mfx_DivP2_u16u16_u16.o
output\objs\bsw\Mfx\src\Mfx_DivP2_u32s32_s32.o
output\objs\bsw\Mfx\src\Mfx_DivP2_u32s32_u32.o
output\objs\bsw\Mfx\src\Mfx_DivP2_u32u32_s32.o
output\objs\bsw\Mfx\src\Mfx_DivP2_u32u32_u32.o
output\objs\bsw\Mfx\src\Mfx_DivShLeft_s16s16u8_s16.o
output\objs\bsw\Mfx\src\Mfx_DivShLeft_s16u16u8_s16.o
output\objs\bsw\Mfx\src\Mfx_DivShLeft_s32s32u8_s16.o
output\objs\bsw\Mfx\src\Mfx_DivShLeft_s32s32u8_s32.o
output\objs\bsw\Mfx\src\Mfx_DivShLeft_s32s32u8_s8.o
output\objs\bsw\Mfx\src\Mfx_DivShLeft_s32s32u8_u16.o
output\objs\bsw\Mfx\src\Mfx_DivShLeft_s32s32u8_u32.o
output\objs\bsw\Mfx\src\Mfx_DivShLeft_s32s32u8_u8.o
output\objs\bsw\Mfx\src\Mfx_DivShLeft_s32u32u8_s16.o
output\objs\bsw\Mfx\src\Mfx_DivShLeft_s32u32u8_s32.o
output\objs\bsw\Mfx\src\Mfx_DivShLeft_s32u32u8_s8.o
output\objs\bsw\Mfx\src\Mfx_DivShLeft_s32u32u8_u16.o
output\objs\bsw\Mfx\src\Mfx_DivShLeft_s32u32u8_u32.o
output\objs\bsw\Mfx\src\Mfx_DivShLeft_s32u32u8_u8.o
output\objs\bsw\Mfx\src\Mfx_DivShLeft_u16u16u8_u16.o
output\objs\bsw\Mfx\src\Mfx_DivShLeft_u16u16u8_u8.o
output\objs\bsw\Mfx\src\Mfx_DivShLeft_u32s32u8_s16.o
output\objs\bsw\Mfx\src\Mfx_DivShLeft_u32s32u8_s32.o
output\objs\bsw\Mfx\src\Mfx_DivShLeft_u32s32u8_s8.o
output\objs\bsw\Mfx\src\Mfx_DivShLeft_u32s32u8_u16.o
output\objs\bsw\Mfx\src\Mfx_DivShLeft_u32s32u8_u32.o
output\objs\bsw\Mfx\src\Mfx_DivShLeft_u32s32u8_u8.o
output\objs\bsw\Mfx\src\Mfx_DivShLeft_u32u32u8_s16.o
output\objs\bsw\Mfx\src\Mfx_DivShLeft_u32u32u8_s32.o
output\objs\bsw\Mfx\src\Mfx_DivShLeft_u32u32u8_s8.o
output\objs\bsw\Mfx\src\Mfx_DivShLeft_u32u32u8_u16.o
output\objs\bsw\Mfx\src\Mfx_DivShLeft_u32u32u8_u32.o
output\objs\bsw\Mfx\src\Mfx_DivShLeft_u32u32u8_u8.o
output\objs\bsw\Mfx\src\Mfx_DivShLeft_u8u8u8_u8.o
output\objs\bsw\Mfx\src\Mfx_Div_s16s16_s16.o
output\objs\bsw\Mfx\src\Mfx_Div_s16s16_s8.o
output\objs\bsw\Mfx\src\Mfx_Div_s16s16_u16.o
output\objs\bsw\Mfx\src\Mfx_Div_s16s16_u8.o
output\objs\bsw\Mfx\src\Mfx_Div_s16u16_s16.o
output\objs\bsw\Mfx\src\Mfx_Div_s16u16_s8.o
output\objs\bsw\Mfx\src\Mfx_Div_s16u16_u16.o
output\objs\bsw\Mfx\src\Mfx_Div_s16u16_u8.o
output\objs\bsw\Mfx\src\Mfx_Div_s32s16_s16.o
output\objs\bsw\Mfx\src\Mfx_Div_s32s32_s16.o
output\objs\bsw\Mfx\src\Mfx_Div_s32s32_s32.o
output\objs\bsw\Mfx\src\Mfx_Div_s32s32_s8.o
output\objs\bsw\Mfx\src\Mfx_Div_s32s32_u16.o
output\objs\bsw\Mfx\src\Mfx_Div_s32s32_u32.o
output\objs\bsw\Mfx\src\Mfx_Div_s32s32_u8.o
output\objs\bsw\Mfx\src\Mfx_Div_s32u16_u16.o
output\objs\bsw\Mfx\src\Mfx_Div_s32u32_s16.o
output\objs\bsw\Mfx\src\Mfx_Div_s32u32_s32.o
output\objs\bsw\Mfx\src\Mfx_Div_s32u32_s8.o
output\objs\bsw\Mfx\src\Mfx_Div_s32u32_u16.o
output\objs\bsw\Mfx\src\Mfx_Div_s32u32_u32.o
output\objs\bsw\Mfx\src\Mfx_Div_s32u32_u8.o
output\objs\bsw\Mfx\src\Mfx_Div_s8s8_s8.o
output\objs\bsw\Mfx\src\Mfx_Div_s8s8_u8.o
output\objs\bsw\Mfx\src\Mfx_Div_s8u8_s8.o
output\objs\bsw\Mfx\src\Mfx_Div_s8u8_u8.o
output\objs\bsw\Mfx\src\Mfx_Div_u16s16_s16.o
output\objs\bsw\Mfx\src\Mfx_Div_u16s16_s8.o
output\objs\bsw\Mfx\src\Mfx_Div_u16s16_u16.o
output\objs\bsw\Mfx\src\Mfx_Div_u16s16_u8.o
output\objs\bsw\Mfx\src\Mfx_Div_u16u16_s16.o
output\objs\bsw\Mfx\src\Mfx_Div_u16u16_s8.o
output\objs\bsw\Mfx\src\Mfx_Div_u16u16_u16.o
output\objs\bsw\Mfx\src\Mfx_Div_u16u16_u8.o
output\objs\bsw\Mfx\src\Mfx_Div_u32s32_s16.o
output\objs\bsw\Mfx\src\Mfx_Div_u32s32_s32.o
output\objs\bsw\Mfx\src\Mfx_Div_u32s32_s8.o
output\objs\bsw\Mfx\src\Mfx_Div_u32s32_u16.o
output\objs\bsw\Mfx\src\Mfx_Div_u32s32_u32.o
output\objs\bsw\Mfx\src\Mfx_Div_u32s32_u8.o
output\objs\bsw\Mfx\src\Mfx_Div_u32u16_u16.o
output\objs\bsw\Mfx\src\Mfx_Div_u32u16_u32.o
output\objs\bsw\Mfx\src\Mfx_Div_u32u32_s16.o
output\objs\bsw\Mfx\src\Mfx_Div_u32u32_s32.o
output\objs\bsw\Mfx\src\Mfx_Div_u32u32_s8.o
output\objs\bsw\Mfx\src\Mfx_Div_u32u32_u16.o
output\objs\bsw\Mfx\src\Mfx_Div_u32u32_u32.o
output\objs\bsw\Mfx\src\Mfx_Div_u32u32_u8.o
output\objs\bsw\Mfx\src\Mfx_Div_u8s8_s8.o
output\objs\bsw\Mfx\src\Mfx_Div_u8s8_u8.o
output\objs\bsw\Mfx\src\Mfx_Div_u8u8_s8.o
output\objs\bsw\Mfx\src\Mfx_Div_u8u8_u8.o
output\objs\bsw\Mfx\src\Mfx_GetVersionInfo.o
output\objs\bsw\Mfx\src\Mfx_Limit.o
output\objs\bsw\Mfx\src\Mfx_Max_s16.o
output\objs\bsw\Mfx\src\Mfx_Max_s32.o
output\objs\bsw\Mfx\src\Mfx_Max_s8.o
output\objs\bsw\Mfx\src\Mfx_Max_u16.o
output\objs\bsw\Mfx\src\Mfx_Max_u32.o
output\objs\bsw\Mfx\src\Mfx_Max_u8.o
output\objs\bsw\Mfx\src\Mfx_Minmax_s16.o
output\objs\bsw\Mfx\src\Mfx_Minmax_s32.o
output\objs\bsw\Mfx\src\Mfx_Minmax_s8.o
output\objs\bsw\Mfx\src\Mfx_Minmax_u16.o
output\objs\bsw\Mfx\src\Mfx_Minmax_u32.o
output\objs\bsw\Mfx\src\Mfx_Minmax_u8.o
output\objs\bsw\Mfx\src\Mfx_Min_s16.o
output\objs\bsw\Mfx\src\Mfx_Min_s32.o
output\objs\bsw\Mfx\src\Mfx_Min_s8.o
output\objs\bsw\Mfx\src\Mfx_Min_u16.o
output\objs\bsw\Mfx\src\Mfx_Min_u32.o
output\objs\bsw\Mfx\src\Mfx_Min_u8.o
output\objs\bsw\Mfx\src\Mfx_Mod_s16.o
output\objs\bsw\Mfx\src\Mfx_Mod_s32.o
output\objs\bsw\Mfx\src\Mfx_Mod_s32s32_s16.o
output\objs\bsw\Mfx\src\Mfx_Mod_s32s32_s8.o
output\objs\bsw\Mfx\src\Mfx_Mod_s8.o
output\objs\bsw\Mfx\src\Mfx_Mod_u16.o
output\objs\bsw\Mfx\src\Mfx_Mod_u32.o
output\objs\bsw\Mfx\src\Mfx_Mod_u32u32_u16.o
output\objs\bsw\Mfx\src\Mfx_Mod_u32u32_u8.o
output\objs\bsw\Mfx\src\Mfx_Mod_u8.o
output\objs\bsw\Mfx\src\Mfx_MulDiv_s16s16s16_s16.o
output\objs\bsw\Mfx\src\Mfx_MulDiv_s16s16u16_s16.o
output\objs\bsw\Mfx\src\Mfx_MulDiv_s16u16s16_s16.o
output\objs\bsw\Mfx\src\Mfx_MulDiv_s16u16s16_u16.o
output\objs\bsw\Mfx\src\Mfx_MulDiv_s16u16u16_s16.o
output\objs\bsw\Mfx\src\Mfx_MulDiv_s16u16u16_u16.o
output\objs\bsw\Mfx\src\Mfx_MulDiv_s32s32s16_s16.o
output\objs\bsw\Mfx\src\Mfx_MulDiv_s32s32s32_s16.o
output\objs\bsw\Mfx\src\Mfx_MulDiv_s32s32s32_s32.o
output\objs\bsw\Mfx\src\Mfx_MulDiv_s32s32s32_u16.o
output\objs\bsw\Mfx\src\Mfx_MulDiv_s32s32u32_s32.o
output\objs\bsw\Mfx\src\Mfx_MulDiv_s32u32s32_s32.o
output\objs\bsw\Mfx\src\Mfx_MulDiv_s32u32u32_s32.o
output\objs\bsw\Mfx\src\Mfx_MulDiv_u16s16s16_s16.o
output\objs\bsw\Mfx\src\Mfx_MulDiv_u16s16s16_u16.o
output\objs\bsw\Mfx\src\Mfx_MulDiv_u16s16u16_s16.o
output\objs\bsw\Mfx\src\Mfx_MulDiv_u16s16u16_u16.o
output\objs\bsw\Mfx\src\Mfx_MulDiv_u16u16u16_u16.o
output\objs\bsw\Mfx\src\Mfx_MulDiv_u32s32s32_s32.o
output\objs\bsw\Mfx\src\Mfx_MulDiv_u32s32s32_u32.o
output\objs\bsw\Mfx\src\Mfx_MulDiv_u32s32u32_s32.o
output\objs\bsw\Mfx\src\Mfx_MulDiv_u32s32u32_u32.o
output\objs\bsw\Mfx\src\Mfx_MulDiv_u32u32s32_u32.o
output\objs\bsw\Mfx\src\Mfx_MulDiv_u32u32u16_u16.o
output\objs\bsw\Mfx\src\Mfx_MulDiv_u32u32u32_u16.o
output\objs\bsw\Mfx\src\Mfx_MulDiv_u32u32u32_u32.o
output\objs\bsw\Mfx\src\Mfx_MulP2_s16s16_s16.o
output\objs\bsw\Mfx\src\Mfx_MulP2_s16s16_u16.o
output\objs\bsw\Mfx\src\Mfx_MulP2_s32s32_s32.o
output\objs\bsw\Mfx\src\Mfx_MulP2_s32s32_u32.o
output\objs\bsw\Mfx\src\Mfx_MulP2_u16s16_s16.o
output\objs\bsw\Mfx\src\Mfx_MulP2_u16s16_u16.o
output\objs\bsw\Mfx\src\Mfx_MulP2_u16u16_s16.o
output\objs\bsw\Mfx\src\Mfx_MulP2_u16u16_u16.o
output\objs\bsw\Mfx\src\Mfx_MulP2_u32s32_s32.o
output\objs\bsw\Mfx\src\Mfx_MulP2_u32s32_u32.o
output\objs\bsw\Mfx\src\Mfx_MulP2_u32u32_s32.o
output\objs\bsw\Mfx\src\Mfx_MulP2_u32u32_u32.o
output\objs\bsw\Mfx\src\Mfx_MulShRight_s16s16u8_s16.o
output\objs\bsw\Mfx\src\Mfx_MulShRight_s16s16u8_s8.o
output\objs\bsw\Mfx\src\Mfx_MulShRight_s16s16u8_u16.o
output\objs\bsw\Mfx\src\Mfx_MulShRight_s16s16u8_u8.o
output\objs\bsw\Mfx\src\Mfx_MulShRight_s32s32u8_s16.o
output\objs\bsw\Mfx\src\Mfx_MulShRight_s32s32u8_s32.o
output\objs\bsw\Mfx\src\Mfx_MulShRight_s32s32u8_s8.o
output\objs\bsw\Mfx\src\Mfx_MulShRight_s32s32u8_u16.o
output\objs\bsw\Mfx\src\Mfx_MulShRight_s32s32u8_u32.o
output\objs\bsw\Mfx\src\Mfx_MulShRight_s32s32u8_u8.o
output\objs\bsw\Mfx\src\Mfx_MulShRight_u32s32u8_s16.o
output\objs\bsw\Mfx\src\Mfx_MulShRight_u32s32u8_s32.o
output\objs\bsw\Mfx\src\Mfx_MulShRight_u32s32u8_s8.o
output\objs\bsw\Mfx\src\Mfx_MulShRight_u32s32u8_u16.o
output\objs\bsw\Mfx\src\Mfx_MulShRight_u32s32u8_u32.o
output\objs\bsw\Mfx\src\Mfx_MulShRight_u32s32u8_u8.o
output\objs\bsw\Mfx\src\Mfx_MulShRight_u32u32u8_s16.o
output\objs\bsw\Mfx\src\Mfx_MulShRight_u32u32u8_s32.o
output\objs\bsw\Mfx\src\Mfx_MulShRight_u32u32u8_s8.o
output\objs\bsw\Mfx\src\Mfx_MulShRight_u32u32u8_u16.o
output\objs\bsw\Mfx\src\Mfx_MulShRight_u32u32u8_u32.o
output\objs\bsw\Mfx\src\Mfx_MulShRight_u32u32u8_u8.o
output\objs\bsw\Mfx\src\Mfx_Mul_s16s16_s16.o
output\objs\bsw\Mfx\src\Mfx_Mul_s16s16_s32.o
output\objs\bsw\Mfx\src\Mfx_Mul_s16s16_s8.o
output\objs\bsw\Mfx\src\Mfx_Mul_s16s16_u16.o
output\objs\bsw\Mfx\src\Mfx_Mul_s16s16_u8.o
output\objs\bsw\Mfx\src\Mfx_Mul_s16u16_s16.o
output\objs\bsw\Mfx\src\Mfx_Mul_s16u16_s32.o
output\objs\bsw\Mfx\src\Mfx_Mul_s16u16_u16.o
output\objs\bsw\Mfx\src\Mfx_Mul_s32s32_s16.o
output\objs\bsw\Mfx\src\Mfx_Mul_s32s32_s32.o
output\objs\bsw\Mfx\src\Mfx_Mul_s32s32_s8.o
output\objs\bsw\Mfx\src\Mfx_Mul_s32s32_u16.o
output\objs\bsw\Mfx\src\Mfx_Mul_s32s32_u32.o
output\objs\bsw\Mfx\src\Mfx_Mul_s32s32_u8.o
output\objs\bsw\Mfx\src\Mfx_Mul_s32u16_s32.o
output\objs\bsw\Mfx\src\Mfx_Mul_s8s8_s8.o
output\objs\bsw\Mfx\src\Mfx_Mul_s8s8_u8.o
output\objs\bsw\Mfx\src\Mfx_Mul_s8u8_s8.o
output\objs\bsw\Mfx\src\Mfx_Mul_s8u8_u8.o
output\objs\bsw\Mfx\src\Mfx_Mul_u16s16_s16.o
output\objs\bsw\Mfx\src\Mfx_Mul_u16s16_s32.o
output\objs\bsw\Mfx\src\Mfx_Mul_u16s16_s8.o
output\objs\bsw\Mfx\src\Mfx_Mul_u16s16_u16.o
output\objs\bsw\Mfx\src\Mfx_Mul_u16s16_u8.o
output\objs\bsw\Mfx\src\Mfx_Mul_u16u16_s16.o
output\objs\bsw\Mfx\src\Mfx_Mul_u16u16_s8.o
output\objs\bsw\Mfx\src\Mfx_Mul_u16u16_u16.o
output\objs\bsw\Mfx\src\Mfx_Mul_u16u16_u32.o
output\objs\bsw\Mfx\src\Mfx_Mul_u16u16_u8.o
output\objs\bsw\Mfx\src\Mfx_Mul_u32s32_s16.o
output\objs\bsw\Mfx\src\Mfx_Mul_u32s32_s32.o
output\objs\bsw\Mfx\src\Mfx_Mul_u32s32_s8.o
output\objs\bsw\Mfx\src\Mfx_Mul_u32s32_u16.o
output\objs\bsw\Mfx\src\Mfx_Mul_u32s32_u32.o
output\objs\bsw\Mfx\src\Mfx_Mul_u32s32_u8.o
output\objs\bsw\Mfx\src\Mfx_Mul_u32u16_u32.o
output\objs\bsw\Mfx\src\Mfx_Mul_u32u32_s16.o
output\objs\bsw\Mfx\src\Mfx_Mul_u32u32_s32.o
output\objs\bsw\Mfx\src\Mfx_Mul_u32u32_s8.o
output\objs\bsw\Mfx\src\Mfx_Mul_u32u32_u16.o
output\objs\bsw\Mfx\src\Mfx_Mul_u32u32_u32.o
output\objs\bsw\Mfx\src\Mfx_Mul_u32u32_u8.o
output\objs\bsw\Mfx\src\Mfx_Mul_u8s8_s8.o
output\objs\bsw\Mfx\src\Mfx_Mul_u8s8_u8.o
output\objs\bsw\Mfx\src\Mfx_Mul_u8u8_s8.o
output\objs\bsw\Mfx\src\Mfx_Mul_u8u8_u8.o
output\objs\bsw\Mfx\src\Mfx_RDiv_s16s16_s16.o
output\objs\bsw\Mfx\src\Mfx_RDiv_s16s16_s8.o
output\objs\bsw\Mfx\src\Mfx_RDiv_s16s16_u16.o
output\objs\bsw\Mfx\src\Mfx_RDiv_s16s16_u8.o
output\objs\bsw\Mfx\src\Mfx_RDiv_s16u16_s16.o
output\objs\bsw\Mfx\src\Mfx_RDiv_s16u16_s8.o
output\objs\bsw\Mfx\src\Mfx_RDiv_s16u16_u16.o
output\objs\bsw\Mfx\src\Mfx_RDiv_s16u16_u8.o
output\objs\bsw\Mfx\src\Mfx_RDiv_s32s16_s16.o
output\objs\bsw\Mfx\src\Mfx_RDiv_s32s32_s16.o
output\objs\bsw\Mfx\src\Mfx_RDiv_s32s32_s32.o
output\objs\bsw\Mfx\src\Mfx_RDiv_s32s32_s8.o
output\objs\bsw\Mfx\src\Mfx_RDiv_s32s32_u16.o
output\objs\bsw\Mfx\src\Mfx_RDiv_s32s32_u32.o
output\objs\bsw\Mfx\src\Mfx_RDiv_s32s32_u8.o
output\objs\bsw\Mfx\src\Mfx_RDiv_s32u16_u16.o
output\objs\bsw\Mfx\src\Mfx_RDiv_s32u32_s16.o
output\objs\bsw\Mfx\src\Mfx_RDiv_s32u32_s32.o
output\objs\bsw\Mfx\src\Mfx_RDiv_s32u32_s8.o
output\objs\bsw\Mfx\src\Mfx_RDiv_s32u32_u16.o
output\objs\bsw\Mfx\src\Mfx_RDiv_s32u32_u32.o
output\objs\bsw\Mfx\src\Mfx_RDiv_s32u32_u8.o
output\objs\bsw\Mfx\src\Mfx_RDiv_s8s8_s8.o
output\objs\bsw\Mfx\src\Mfx_RDiv_s8s8_u8.o
output\objs\bsw\Mfx\src\Mfx_RDiv_s8u8_s8.o
output\objs\bsw\Mfx\src\Mfx_RDiv_s8u8_u8.o
output\objs\bsw\Mfx\src\Mfx_RDiv_u16s16_s16.o
output\objs\bsw\Mfx\src\Mfx_RDiv_u16s16_s8.o
output\objs\bsw\Mfx\src\Mfx_RDiv_u16s16_u16.o
output\objs\bsw\Mfx\src\Mfx_RDiv_u16s16_u8.o
output\objs\bsw\Mfx\src\Mfx_RDiv_u16u16_s16.o
output\objs\bsw\Mfx\src\Mfx_RDiv_u16u16_s8.o
output\objs\bsw\Mfx\src\Mfx_RDiv_u16u16_u16.o
output\objs\bsw\Mfx\src\Mfx_RDiv_u16u16_u8.o
output\objs\bsw\Mfx\src\Mfx_RDiv_u32s32_s16.o
output\objs\bsw\Mfx\src\Mfx_RDiv_u32s32_s32.o
output\objs\bsw\Mfx\src\Mfx_RDiv_u32s32_s8.o
output\objs\bsw\Mfx\src\Mfx_RDiv_u32s32_u16.o
output\objs\bsw\Mfx\src\Mfx_RDiv_u32s32_u32.o
output\objs\bsw\Mfx\src\Mfx_RDiv_u32s32_u8.o
output\objs\bsw\Mfx\src\Mfx_RDiv_u32u16_u16.o
output\objs\bsw\Mfx\src\Mfx_RDiv_u32u16_u32.o
output\objs\bsw\Mfx\src\Mfx_RDiv_u32u32_s16.o
output\objs\bsw\Mfx\src\Mfx_RDiv_u32u32_s32.o
output\objs\bsw\Mfx\src\Mfx_RDiv_u32u32_s8.o
output\objs\bsw\Mfx\src\Mfx_RDiv_u32u32_u16.o
output\objs\bsw\Mfx\src\Mfx_RDiv_u32u32_u32.o
output\objs\bsw\Mfx\src\Mfx_RDiv_u32u32_u8.o
output\objs\bsw\Mfx\src\Mfx_RDiv_u8s8_s8.o
output\objs\bsw\Mfx\src\Mfx_RDiv_u8s8_u8.o
output\objs\bsw\Mfx\src\Mfx_RDiv_u8u8_s8.o
output\objs\bsw\Mfx\src\Mfx_RDiv_u8u8_u8.o
output\objs\bsw\Mfx\src\Mfx_RMulDiv_s16s16s16_s16.o
output\objs\bsw\Mfx\src\Mfx_RMulDiv_s16s16u16_s16.o
output\objs\bsw\Mfx\src\Mfx_RMulDiv_s16u16s16_s16.o
output\objs\bsw\Mfx\src\Mfx_RMulDiv_s16u16s16_u16.o
output\objs\bsw\Mfx\src\Mfx_RMulDiv_s16u16u16_s16.o
output\objs\bsw\Mfx\src\Mfx_RMulDiv_s16u16u16_u16.o
output\objs\bsw\Mfx\src\Mfx_RMulDiv_s32s32s16_s16.o
output\objs\bsw\Mfx\src\Mfx_RMulDiv_s32s32s32_s16.o
output\objs\bsw\Mfx\src\Mfx_RMulDiv_s32s32s32_s32.o
output\objs\bsw\Mfx\src\Mfx_RMulDiv_s32s32s32_u16.o
output\objs\bsw\Mfx\src\Mfx_RMulDiv_s32s32u32_s32.o
output\objs\bsw\Mfx\src\Mfx_RMulDiv_s32u32s32_s32.o
output\objs\bsw\Mfx\src\Mfx_RMulDiv_s32u32u32_s32.o
output\objs\bsw\Mfx\src\Mfx_RMulDiv_u16s16s16_s16.o
output\objs\bsw\Mfx\src\Mfx_RMulDiv_u16s16s16_u16.o
output\objs\bsw\Mfx\src\Mfx_RMulDiv_u16s16u16_s16.o
output\objs\bsw\Mfx\src\Mfx_RMulDiv_u16s16u16_u16.o
output\objs\bsw\Mfx\src\Mfx_RMulDiv_u16u16u16_u16.o
output\objs\bsw\Mfx\src\Mfx_RMulDiv_u32s32s32_s32.o
output\objs\bsw\Mfx\src\Mfx_RMulDiv_u32s32s32_u32.o
output\objs\bsw\Mfx\src\Mfx_RMulDiv_u32s32u32_s32.o
output\objs\bsw\Mfx\src\Mfx_RMulDiv_u32s32u32_u32.o
output\objs\bsw\Mfx\src\Mfx_RMulDiv_u32u32s32_u32.o
output\objs\bsw\Mfx\src\Mfx_RMulDiv_u32u32u16_u16.o
output\objs\bsw\Mfx\src\Mfx_RMulDiv_u32u32u32_u16.o
output\objs\bsw\Mfx\src\Mfx_RMulDiv_u32u32u32_u32.o
output\objs\bsw\Mfx\src\Mfx_SubP2_s16s16_s16.o
output\objs\bsw\Mfx\src\Mfx_SubP2_s16s16_u16.o
output\objs\bsw\Mfx\src\Mfx_SubP2_s16u16_s16.o
output\objs\bsw\Mfx\src\Mfx_SubP2_s16u16_u16.o
output\objs\bsw\Mfx\src\Mfx_SubP2_s32s32_s32.o
output\objs\bsw\Mfx\src\Mfx_SubP2_s32s32_u32.o
output\objs\bsw\Mfx\src\Mfx_SubP2_s32u32_s32.o
output\objs\bsw\Mfx\src\Mfx_SubP2_s32u32_u32.o
output\objs\bsw\Mfx\src\Mfx_SubP2_u16s16_s16.o
output\objs\bsw\Mfx\src\Mfx_SubP2_u16s16_u16.o
output\objs\bsw\Mfx\src\Mfx_SubP2_u16u16_s16.o
output\objs\bsw\Mfx\src\Mfx_SubP2_u16u16_u16.o
output\objs\bsw\Mfx\src\Mfx_SubP2_u32s32_s32.o
output\objs\bsw\Mfx\src\Mfx_SubP2_u32s32_u32.o
output\objs\bsw\Mfx\src\Mfx_SubP2_u32u32_s32.o
output\objs\bsw\Mfx\src\Mfx_SubP2_u32u32_u32.o
output\objs\bsw\Mfx\src\Mfx_Sub_s16s16_s16.o
output\objs\bsw\Mfx\src\Mfx_Sub_s16s16_s8.o
output\objs\bsw\Mfx\src\Mfx_Sub_s16s16_u16.o
output\objs\bsw\Mfx\src\Mfx_Sub_s16s16_u8.o
output\objs\bsw\Mfx\src\Mfx_Sub_s16u16_s16.o
output\objs\bsw\Mfx\src\Mfx_Sub_s16u16_s8.o
output\objs\bsw\Mfx\src\Mfx_Sub_s16u16_u16.o
output\objs\bsw\Mfx\src\Mfx_Sub_s16u16_u8.o
output\objs\bsw\Mfx\src\Mfx_Sub_s32s32_s16.o
output\objs\bsw\Mfx\src\Mfx_Sub_s32s32_s32.o
output\objs\bsw\Mfx\src\Mfx_Sub_s32s32_s8.o
output\objs\bsw\Mfx\src\Mfx_Sub_s32s32_u16.o
output\objs\bsw\Mfx\src\Mfx_Sub_s32s32_u32.o
output\objs\bsw\Mfx\src\Mfx_Sub_s32s32_u8.o
output\objs\bsw\Mfx\src\Mfx_Sub_s32u32_s16.o
output\objs\bsw\Mfx\src\Mfx_Sub_s32u32_s32.o
output\objs\bsw\Mfx\src\Mfx_Sub_s32u32_s8.o
output\objs\bsw\Mfx\src\Mfx_Sub_s32u32_u16.o
output\objs\bsw\Mfx\src\Mfx_Sub_s32u32_u32.o
output\objs\bsw\Mfx\src\Mfx_Sub_s32u32_u8.o
output\objs\bsw\Mfx\src\Mfx_Sub_s8s8_s8.o
output\objs\bsw\Mfx\src\Mfx_Sub_s8s8_u8.o
output\objs\bsw\Mfx\src\Mfx_Sub_s8u8_s8.o
output\objs\bsw\Mfx\src\Mfx_Sub_s8u8_u8.o
output\objs\bsw\Mfx\src\Mfx_Sub_u16s16_s16.o
output\objs\bsw\Mfx\src\Mfx_Sub_u16s16_s8.o
output\objs\bsw\Mfx\src\Mfx_Sub_u16s16_u16.o
output\objs\bsw\Mfx\src\Mfx_Sub_u16s16_u8.o
output\objs\bsw\Mfx\src\Mfx_Sub_u16u16_s16.o
output\objs\bsw\Mfx\src\Mfx_Sub_u16u16_s8.o
output\objs\bsw\Mfx\src\Mfx_Sub_u16u16_u16.o
output\objs\bsw\Mfx\src\Mfx_Sub_u16u16_u8.o
output\objs\bsw\Mfx\src\Mfx_Sub_u32s32_s16.o
output\objs\bsw\Mfx\src\Mfx_Sub_u32s32_s32.o
output\objs\bsw\Mfx\src\Mfx_Sub_u32s32_s8.o
output\objs\bsw\Mfx\src\Mfx_Sub_u32s32_u16.o
output\objs\bsw\Mfx\src\Mfx_Sub_u32s32_u32.o
output\objs\bsw\Mfx\src\Mfx_Sub_u32s32_u8.o
output\objs\bsw\Mfx\src\Mfx_Sub_u32u32_s16.o
output\objs\bsw\Mfx\src\Mfx_Sub_u32u32_s32.o
output\objs\bsw\Mfx\src\Mfx_Sub_u32u32_s8.o
output\objs\bsw\Mfx\src\Mfx_Sub_u32u32_u16.o
output\objs\bsw\Mfx\src\Mfx_Sub_u32u32_u32.o
output\objs\bsw\Mfx\src\Mfx_Sub_u32u32_u8.o
output\objs\bsw\Mfx\src\Mfx_Sub_u8s8_s8.o
output\objs\bsw\Mfx\src\Mfx_Sub_u8s8_u8.o
output\objs\bsw\Mfx\src\Mfx_Sub_u8u8_s8.o
output\objs\bsw\Mfx\src\Mfx_Sub_u8u8_u8.o
output\objs\bsw\Nm\Nm_Cfg.o
output\objs\bsw\Nm\src\Nm.o
output\objs\bsw\Nm\src\Nm_BusSleepMode.o
output\objs\bsw\Nm\src\Nm_CheckRemoteSleepIndication.o
output\objs\bsw\Nm\src\Nm_CoordReadyToSleepCancellation.o
output\objs\bsw\Nm\src\Nm_CoordReadyToSleepIndication.o
output\objs\bsw\Nm\src\Nm_DisableCommunication.o
output\objs\bsw\Nm\src\Nm_EnableCommunication.o
output\objs\bsw\Nm\src\Nm_Extensions.o
output\objs\bsw\Nm\src\Nm_GetLocalNodeIdentifier.o
output\objs\bsw\Nm\src\Nm_GetNodeIdentifier.o
output\objs\bsw\Nm\src\Nm_GetPduData.o
output\objs\bsw\Nm\src\Nm_GetState.o
output\objs\bsw\Nm\src\Nm_GetUserData.o
output\objs\bsw\Nm\src\Nm_GetVersionInfo.o
output\objs\bsw\Nm\src\Nm_Int_NetworkRelease.o
output\objs\bsw\Nm\src\Nm_Int_NetworkRequest.o
output\objs\bsw\Nm\src\Nm_LinNm.o
output\objs\bsw\Nm\src\Nm_MainFunction.o
output\objs\bsw\Nm\src\Nm_NetworkMode.o
output\objs\bsw\Nm\src\Nm_NetworkRelease.o
output\objs\bsw\Nm\src\Nm_NetworkRequest.o
output\objs\bsw\Nm\src\Nm_NetworkStartIndication.o
output\objs\bsw\Nm\src\Nm_PassiveStartup.o
output\objs\bsw\Nm\src\Nm_PrepareBusSleepMode.o
output\objs\bsw\Nm\src\Nm_RemoteSleepCancellation.o
output\objs\bsw\Nm\src\Nm_RemoteSleepIndication.o
output\objs\bsw\Nm\src\Nm_RepeatMessageRequest.o
output\objs\bsw\Nm\src\Nm_SetUserData.o
output\objs\bsw\Nm\src\Nm_SynchronizeMode.o
output\objs\bsw\NvM\NvM_Cfg.o
output\objs\bsw\NvM\src\AuxiliaryRequests\Asynchronous\NvM_Rb_AuxInvalidateNvBlock.o
output\objs\bsw\NvM\src\AuxiliaryRequests\Asynchronous\NvM_Rb_AuxReadBlock.o
output\objs\bsw\NvM\src\AuxiliaryRequests\Asynchronous\NvM_Rb_AuxWriteBlock.o
output\objs\bsw\NvM\src\AuxiliaryRequests\Synchronous\NvM_Rb_AuxGetDataIndex.o
output\objs\bsw\NvM\src\AuxiliaryRequests\Synchronous\NvM_Rb_AuxGetErrorStatus.o
output\objs\bsw\NvM\src\AuxiliaryRequests\Synchronous\NvM_Rb_AuxGetMigrationResult.o
output\objs\bsw\NvM\src\AuxiliaryRequests\Synchronous\NvM_Rb_AuxSetDataIndex.o
output\objs\bsw\NvM\src\CommonRequests\NvM_GetVersionInfo.o
output\objs\bsw\NvM\src\CommonRequests\NvM_Init.o
output\objs\bsw\NvM\src\CommonRequests\NvM_Rb_GetActiveService.o
output\objs\bsw\NvM\src\CommonRequests\NvM_Rb_GetRequestType.o
output\objs\bsw\NvM\src\CommonRequests\NvM_Rb_GetStatus.o
output\objs\bsw\NvM\src\Internal\BlockData\NvM_BlockData.o
output\objs\bsw\NvM\src\Internal\Crc\NvM_Crc.o
output\objs\bsw\NvM\src\Internal\CryptoServices\NvM_Crypto.o
output\objs\bsw\NvM\src\Internal\CryptoServices\NvM_Csm.o
output\objs\bsw\NvM\src\Internal\ErrorDetection\NvM_ErrorDetection.o
output\objs\bsw\NvM\src\Internal\ExplicitSynchronization\NvM_ExplicitSynchronization.o
output\objs\bsw\NvM\src\Internal\InternalBuffer\NvM_InternalBuffer.o
output\objs\bsw\NvM\src\Internal\JobHandling\NvM_Job.o
output\objs\bsw\NvM\src\Internal\JobHandling\NvM_JobInvalidate.o
output\objs\bsw\NvM\src\Internal\JobHandling\NvM_JobMaintain.o
output\objs\bsw\NvM\src\Internal\JobHandling\NvM_JobRead.o
output\objs\bsw\NvM\src\Internal\JobHandling\NvM_JobRecalcRamBlkCrc.o
output\objs\bsw\NvM\src\Internal\JobHandling\NvM_JobRestore.o
output\objs\bsw\NvM\src\Internal\JobHandling\NvM_JobValidate.o
output\objs\bsw\NvM\src\Internal\JobHandling\NvM_JobWrite.o
output\objs\bsw\NvM\src\Internal\JobResource\NvM_JobResource.o
output\objs\bsw\NvM\src\Internal\MemIf\NvM_MemIf.o
output\objs\bsw\NvM\src\Internal\Monitoring\NvM_Rb_WriteMon.o
output\objs\bsw\NvM\src\Internal\ProcessMultiBlock\NvM_ProcessMultiBlock.o
output\objs\bsw\NvM\src\Internal\QueueHandling\NvM_JobQueue.o
output\objs\bsw\NvM\src\Internal\QueueHandling\NvM_Queue.o
output\objs\bsw\NvM\src\Internal\QueueHandling\NvM_RequestQueue.o
output\objs\bsw\NvM\src\Internal\Service\NvM_Service.o
output\objs\bsw\NvM\src\MultiBlockRequests\NvM_CancelWriteAll.o
output\objs\bsw\NvM\src\MultiBlockRequests\NvM_InitAfterReadAll.o
output\objs\bsw\NvM\src\MultiBlockRequests\NvM_Rb_FirstInitAll.o
output\objs\bsw\NvM\src\MultiBlockRequests\NvM_ReadAll.o
output\objs\bsw\NvM\src\MultiBlockRequests\NvM_ValidateAll.o
output\objs\bsw\NvM\src\MultiBlockRequests\NvM_WriteAll.o
output\objs\bsw\NvM\src\NvM_Asserts.o
output\objs\bsw\NvM\src\ScheduledFunctions\NvM_MainFunction.o
output\objs\bsw\NvM\src\ScheduledFunctions\NvM_MainFunctionArbitrate.o
output\objs\bsw\NvM\src\ScheduledFunctions\NvM_MainFunctionJobStart.o
output\objs\bsw\NvM\src\ScheduledFunctions\NvM_MainFunctionResultEval.o
output\objs\bsw\NvM\src\SingleBlockRequests\Asynchronous\NvM_EraseNvBlock.o
output\objs\bsw\NvM\src\SingleBlockRequests\Asynchronous\NvM_InvalidateNvBlock.o
output\objs\bsw\NvM\src\SingleBlockRequests\Asynchronous\NvM_ReadBlock.o
output\objs\bsw\NvM\src\SingleBlockRequests\Asynchronous\NvM_RestoreBlockDefaults.o
output\objs\bsw\NvM\src\SingleBlockRequests\Asynchronous\NvM_WriteBlock.o
output\objs\bsw\NvM\src\SingleBlockRequests\Synchronous\NvM_GetDataIndex.o
output\objs\bsw\NvM\src\SingleBlockRequests\Synchronous\NvM_GetErrorStatus.o
output\objs\bsw\NvM\src\SingleBlockRequests\Synchronous\NvM_Rb_GetBlockId.o
output\objs\bsw\NvM\src\SingleBlockRequests\Synchronous\NvM_Rb_GetMigrationResult.o
output\objs\bsw\NvM\src\SingleBlockRequests\Synchronous\NvM_Rb_GetNvBlockLength.o
output\objs\bsw\NvM\src\SingleBlockRequests\Synchronous\NvM_Rb_GetWriteCounter.o
output\objs\bsw\NvM\src\SingleBlockRequests\Synchronous\NvM_Rb_SetWriteAllTrigger.o
output\objs\bsw\NvM\src\SingleBlockRequests\Synchronous\NvM_SetBlockLockStatus.o
output\objs\bsw\NvM\src\SingleBlockRequests\Synchronous\NvM_SetBlockProtection.o
output\objs\bsw\NvM\src\SingleBlockRequests\Synchronous\NvM_SetDataIndex.o
output\objs\bsw\NvM\src\SingleBlockRequests\Synchronous\NvM_SetRamBlockStatus.o
output\objs\bsw\PduR\integration\PduRAppl.o
output\objs\bsw\PduR\PduR_Cfg.o
output\objs\bsw\PduR\PduR_dLoIf.o
output\objs\bsw\PduR\PduR_dLoIfTT.o
output\objs\bsw\PduR\PduR_dLoTp.o
output\objs\bsw\PduR\PduR_dUpIf.o
output\objs\bsw\PduR\PduR_dUpTp.o
output\objs\bsw\PduR\PduR_LoTp.o
output\objs\bsw\PduR\PduR_PBcfg.o
output\objs\bsw\PduR\PduR_UpIf.o
output\objs\bsw\PduR\PduR_UpTp.o
output\objs\bsw\PduR\src\PduR_BufferPool.o
output\objs\bsw\PduR\src\PduR_EnableDisableRouting.o
output\objs\bsw\PduR\src\PduR_Gateway_DDIfTransmit_FiFo.o
output\objs\bsw\PduR\src\PduR_Gateway_DDIfTxConf_FiFo.o
output\objs\bsw\PduR\src\PduR_Gateway_DDIfTxConf_NoBuf.o
output\objs\bsw\PduR\src\PduR_Gateway_IfRxInd.o
output\objs\bsw\PduR\src\PduR_Gateway_TpDcmTx.o
output\objs\bsw\PduR\src\PduR_Gateway_TpRx.o
output\objs\bsw\PduR\src\PduR_Gateway_TpTx.o
output\objs\bsw\PduR\src\PduR_Gateway_TpTxConf.o
output\objs\bsw\PduR\src\PduR_Gateway_TTIfTransmit_Buf.o
output\objs\bsw\PduR\src\PduR_Gateway_TTIfTransmit_FiFo.o
output\objs\bsw\PduR\src\PduR_Gateway_TTIfTrigTx_Buf.o
output\objs\bsw\PduR\src\PduR_Gateway_TTIfTrigTx_FiFo.o
output\objs\bsw\PduR\src\PduR_Gateway_TTIfTxConf_Buf.o
output\objs\bsw\PduR\src\PduR_Gateway_TTIfTxConf_FiFo.o
output\objs\bsw\PduR\src\PduR_Gateway_UpIf.o
output\objs\bsw\PduR\src\PduR_GetBuffer.o
output\objs\bsw\PduR\src\PduR_GetConfigurationId.o
output\objs\bsw\PduR\src\PduR_GetVersionInfo.o
output\objs\bsw\PduR\src\PduR_Globals.o
output\objs\bsw\PduR\src\PduR_Init.o
output\objs\bsw\PduR\src\PduR_InvalidId_If.o
output\objs\bsw\PduR\src\PduR_InvalidId_Tp.o
output\objs\bsw\PduR\src\PduR_InvalidId_UpTx.o
output\objs\bsw\PduR\src\PduR_Multicast_UpToLo.o
output\objs\bsw\PduR\src\PduR_Multicast_UpTx.o
output\objs\bsw\PduR\src\PduR_NullFunc_TrigTx.o
output\objs\bsw\PduR\src\PduR_Null_UpIf.o
output\objs\bsw\PduR\src\PduR_RPG_TpRx.o
output\objs\bsw\Rba_DemObdBasic\integration\rba_DemObdBasic_IumprExtension.o
output\objs\bsw\Rba_DemObdBasic\integration\rba_DemObdBasic_ProjectExtension.o
output\objs\bsw\Rba_DemObdBasic\rba_DemObdBasic_Cfg_Dtr.o
output\objs\bsw\Rba_DemObdBasic\rba_DemObdBasic_Cfg_Iumpr.o
output\objs\bsw\Rba_DemObdBasic\rba_DemObdBasic_Cfg_Rdy.o
output\objs\bsw\Rba_DemObdBasic\src\dtr\rba_DemObdBasic_Dtr.o
output\objs\bsw\Rba_DemObdBasic\src\iumpr\rba_DemObdBasic_DenCondition.o
output\objs\bsw\Rba_DemObdBasic\src\iumpr\rba_DemObdBasic_Iumpr.o
output\objs\bsw\Rba_DemObdBasic\src\iumpr\rba_DemObdBasic_IumprOutput.o
output\objs\bsw\Rba_DemObdBasic\src\iumpr\rba_DemObdBasic_Ratio.o
output\objs\bsw\Rba_DemObdBasic\src\main\rba_DemObdBasic_DistanceTimePid.o
output\objs\bsw\Rba_DemObdBasic\src\main\rba_DemObdBasic_DistanceTimePid_User.o
output\objs\bsw\Rba_DemObdBasic\src\main\rba_DemObdBasic_Dtc.o
output\objs\bsw\Rba_DemObdBasic\src\main\rba_DemObdBasic_Event.o
output\objs\bsw\Rba_DemObdBasic\src\main\rba_DemObdBasic_EvMem.o
output\objs\bsw\Rba_DemObdBasic\src\main\rba_DemObdBasic_FreezeFrame.o
output\objs\bsw\Rba_DemObdBasic\src\main\rba_DemObdBasic_Main.o
output\objs\bsw\Rba_DemObdBasic\src\main\rba_DemObdBasic_Mil.o
output\objs\bsw\Rba_DemObdBasic\src\main\rba_DemObdBasic_OperationCycle.o
output\objs\bsw\Rba_DemObdBasic\src\main\rba_DemObdBasic_PdtcMem.o
output\objs\bsw\Rba_DemObdBasic\src\main\rba_DemObdBasic_Pid.o
output\objs\bsw\Rba_DemObdBasic\src\nvm\rba_DemObdBasic_NvmCallbacks.o
output\objs\bsw\Rba_DemObdBasic\src\rdy\rba_DemObdBasic_Readiness.o
output\objs\bsw\Rba_DiagLib\src\rba_DiagLib_ByteOrderUtils.o
output\objs\bsw\Rba_FeeFs1\integration\rba_FeeFs1_SyncRead.o
output\objs\bsw\Rba_FeeFs1\src\rba_FeeFs1_BlockMaintenance.o
output\objs\bsw\Rba_FeeFs1\src\rba_FeeFs1_Cancel.o
output\objs\bsw\Rba_FeeFs1\src\rba_FeeFs1_Cbk.o
output\objs\bsw\Rba_FeeFs1\src\rba_FeeFs1_Det.o
output\objs\bsw\Rba_FeeFs1\src\rba_FeeFs1_EraseImmediateBlock.o
output\objs\bsw\Rba_FeeFs1\src\rba_FeeFs1_GetJobResult.o
output\objs\bsw\Rba_FeeFs1\src\rba_FeeFs1_GetStatus.o
output\objs\bsw\Rba_FeeFs1\src\rba_FeeFs1_GetVersionInfo.o
output\objs\bsw\Rba_FeeFs1\src\rba_FeeFs1_HlMaintainBlock.o
output\objs\bsw\Rba_FeeFs1\src\rba_FeeFs1_HlOrderHandling.o
output\objs\bsw\Rba_FeeFs1\src\rba_FeeFs1_HlReadBlock.o
output\objs\bsw\Rba_FeeFs1\src\rba_FeeFs1_HlWriteBlock.o
output\objs\bsw\Rba_FeeFs1\src\rba_FeeFs1_Init.o
output\objs\bsw\Rba_FeeFs1\src\rba_FeeFs1_InvalidateBlock.o
output\objs\bsw\Rba_FeeFs1\src\rba_FeeFs1_LlBlockHandling.o
output\objs\bsw\Rba_FeeFs1\src\rba_FeeFs1_LlDetectSector.o
output\objs\bsw\Rba_FeeFs1\src\rba_FeeFs1_LlErase.o
output\objs\bsw\Rba_FeeFs1\src\rba_FeeFs1_LlMarker.o
output\objs\bsw\Rba_FeeFs1\src\rba_FeeFs1_LlSearchBlk.o
output\objs\bsw\Rba_FeeFs1\src\rba_FeeFs1_LlSectorHandling.o
output\objs\bsw\Rba_FeeFs1\src\rba_FeeFs1_LlWriteBlock.o
output\objs\bsw\Rba_FeeFs1\src\rba_FeeFs1_MainFunction.o
output\objs\bsw\Rba_FeeFs1\src\rba_FeeFs1_Read.o
output\objs\bsw\Rba_FeeFs1\src\rba_FeeFs1_SetMode.o
output\objs\bsw\Rba_FeeFs1\src\rba_FeeFs1_Srv.o
output\objs\bsw\Rba_FeeFs1\src\rba_FeeFs1_Write.o
output\objs\bsw\Rba_MemLib\src\rba_MemLib.o
output\objs\bsw\Rba_MemLib\src\rba_MemLib_Mem.o
output\objs\bsw\Rba_MemLib\src\rba_MemLib_Random.o
output\objs\bsw\Rba_MemLib\src\rba_MemLib_TimerUs.o
output\objs\bsw\WdgIf\WdgIf_Cfg.o
output\objs\bsw\WdgIf\WdgIf_PBcfg.o
output\objs\bsw\WdgM\integration\WdgM_Bsw_User.o
output\objs\bsw\WdgM\src\WdgM.o
output\objs\bsw\WdgM\src\WdgM_Prv.o
output\objs\bsw\WdgM\WdgM_Cfg.o
output\objs\bsw\WdgM\WdgM_PBcfg.o
output\objs\bsw\Xcp\integration\Xcp_Appl_EnterDaqList.o
output\objs\bsw\Xcp\integration\Xcp_Appl_Init.o
output\objs\bsw\Xcp\integration\Xcp_Appl_NewSwFlashed.o
output\objs\bsw\Xcp\integration\Xcp_Appl_StoreCalReq.o
output\objs\bsw\Xcp\integration\Xcp_Appl_TriggerSchedule.o
output\objs\bsw\Xcp\integration\Xcp_BuildChecksum.o
output\objs\bsw\Xcp\integration\Xcp_CalPage.o
output\objs\bsw\Xcp\integration\Xcp_CmdReceived.o
output\objs\bsw\Xcp\integration\Xcp_ConnectTransportLayer.o
output\objs\bsw\Xcp\integration\Xcp_GetId.o
output\objs\bsw\Xcp\integration\Xcp_MemoryAccessProtection.o
output\objs\bsw\Xcp\integration\Xcp_MemoryReadWrite.o
output\objs\bsw\Xcp\integration\Xcp_OdtEntryReadWrite.o
output\objs\bsw\Xcp\integration\Xcp_SeedAndKey.o
output\objs\bsw\Xcp\integration\Xcp_StaticAddressTransformation.o
output\objs\bsw\Xcp\integration\Xcp_Timestamp.o
output\objs\bsw\Xcp\integration\Xcp_UserCmd.o
output\objs\bsw\Xcp\src\Xcp.o
output\objs\bsw\Xcp\src\XcpOnCan.o
output\objs\bsw\Xcp\src\XcpOnCdd.o
output\objs\bsw\Xcp\src\XcpOnEth.o
output\objs\bsw\Xcp\src\XcpOnFr.o
output\objs\bsw\Xcp\src\Xcp_Cmd0xC0Handling.o
output\objs\bsw\Xcp\src\Xcp_CmdAllocDaq.o
output\objs\bsw\Xcp\src\Xcp_CmdAllocOdt.o
output\objs\bsw\Xcp\src\Xcp_CmdAllocOdtEntry.o
output\objs\bsw\Xcp\src\Xcp_CmdBuildChecksum.o
output\objs\bsw\Xcp\src\Xcp_CmdClearDaqList.o
output\objs\bsw\Xcp\src\Xcp_CmdConnect.o
output\objs\bsw\Xcp\src\Xcp_CmdCopyCalPage.o
output\objs\bsw\Xcp\src\Xcp_CmdDisconnect.o
output\objs\bsw\Xcp\src\Xcp_CmdDownload.o
output\objs\bsw\Xcp\src\Xcp_CmdDownloadMax.o
output\objs\bsw\Xcp\src\Xcp_CmdDownloadNext.o
output\objs\bsw\Xcp\src\Xcp_CmdFreeDaq.o
output\objs\bsw\Xcp\src\Xcp_CmdGetCalPage.o
output\objs\bsw\Xcp\src\Xcp_CmdGetCommModeInfo.o
output\objs\bsw\Xcp\src\Xcp_CmdGetDaqClock.o
output\objs\bsw\Xcp\src\Xcp_CmdGetDaqEventInfo.o
output\objs\bsw\Xcp\src\Xcp_CmdGetDaqListMode.o
output\objs\bsw\Xcp\src\Xcp_CmdGetDaqPackedMode.o
output\objs\bsw\Xcp\src\Xcp_CmdGetDaqProcessorInfo.o
output\objs\bsw\Xcp\src\Xcp_CmdGetDaqResolutionInfo.o
output\objs\bsw\Xcp\src\Xcp_CmdGetId.o
output\objs\bsw\Xcp\src\Xcp_CmdGetPageInfo.o
output\objs\bsw\Xcp\src\Xcp_CmdGetPagProcessorInfo.o
output\objs\bsw\Xcp\src\Xcp_CmdGetSeed.o
output\objs\bsw\Xcp\src\Xcp_CmdGetSegmentInfo.o
output\objs\bsw\Xcp\src\Xcp_CmdGetStatus.o
output\objs\bsw\Xcp\src\Xcp_CmdModifyBits.o
output\objs\bsw\Xcp\src\Xcp_CmdReadDaq.o
output\objs\bsw\Xcp\src\Xcp_CmdSetCalPage.o
output\objs\bsw\Xcp\src\Xcp_CmdSetDaqListMode.o
output\objs\bsw\Xcp\src\Xcp_CmdSetDaqPackedMode.o
output\objs\bsw\Xcp\src\Xcp_CmdSetDaqPtr.o
output\objs\bsw\Xcp\src\Xcp_CmdSetMta.o
output\objs\bsw\Xcp\src\Xcp_CmdSetRequest.o
output\objs\bsw\Xcp\src\Xcp_CmdShortDownload.o
output\objs\bsw\Xcp\src\Xcp_CmdShortUpload.o
output\objs\bsw\Xcp\src\Xcp_CmdStartStopDaqList.o
output\objs\bsw\Xcp\src\Xcp_CmdStartStopSynch.o
output\objs\bsw\Xcp\src\Xcp_CmdSynch.o
output\objs\bsw\Xcp\src\Xcp_CmdTransportLayerCmd.o
output\objs\bsw\Xcp\src\Xcp_CmdUnlock.o
output\objs\bsw\Xcp\src\Xcp_CmdUpload.o
output\objs\bsw\Xcp\src\Xcp_CmdUserCmd.o
output\objs\bsw\Xcp\src\Xcp_CmdWriteDaq.o
output\objs\bsw\Xcp\src\Xcp_CmdWriteDaqMultiple.o
output\objs\bsw\Xcp\src\Xcp_DaqEvent.o
output\objs\bsw\Xcp\src\Xcp_DaqRam.o
output\objs\bsw\Xcp\src\Xcp_EventChannel.o
output\objs\bsw\Xcp\src\Xcp_GetVersionInfo.o
output\objs\bsw\Xcp\src\Xcp_Init.o
output\objs\bsw\Xcp\src\Xcp_ProductLineMdg1.o
output\objs\bsw\Xcp\src\Xcp_QueHandling.o
output\objs\bsw\Xcp\src\Xcp_Receive.o
output\objs\bsw\Xcp\src\Xcp_ReceiveCommand.o
output\objs\bsw\Xcp\src\Xcp_Stim.o
output\objs\bsw\Xcp\src\Xcp_SubCmdGetVersion.o
output\objs\bsw\Xcp\src\Xcp_Transmit.o
output\objs\bsw\Xcp\src\Xcp_Utils.o
output\objs\bsw\Xcp\src\Xcp_UtilsStartStop.o
output\objs\bsw\Xcp\XcpOnCan_Cfg.o
output\objs\bsw\Xcp\Xcp_Cfg.o
output\objs\bswcdd\ADS1115\ADS1115.o
output\objs\bswcdd\ADS1115\ADS1115_Calib.o
output\objs\bswcdd\AES128_CMAC\AES128_CMAC.o
output\objs\bswcdd\BLDC\0_Devices\BLDC_CAP\BLDC_CapApp.o
output\objs\bswcdd\BLDC\0_Devices\BLDC_CAP\BLDC_CapCalib.o
output\objs\bswcdd\BLDC\0_Devices\BLDC_CAP\BLDC_CapHal.o
output\objs\bswcdd\BLDC\0_Devices\BLDC_DeviceCfg.o
output\objs\bswcdd\BLDC\1_BLDC_UDrv\0_UDrvGTM\BLDC_UDrvGtm.o
output\objs\bswcdd\BLDC\1_BLDC_UDrv\0_UDrvGTM\CapGtmCfg_DRV8340\BLDC_UDrvGtmCfg_DRV8340.o
output\objs\bswcdd\BLDC\1_BLDC_UDrv\0_UDrvGTM\CapGtmCfg_TLE9180\BLDC_UDrvGtmCfg_TLE9180.o
output\objs\bswcdd\BLDC\BLDC.o
output\objs\bswcdd\BLDC\BLDC_GeneFunc.o
output\objs\bswcdd\BLDC\BLDC_GeneHal.o
output\objs\bswcdd\BSW\AB_DID_Shared_Deal\AB_DID_Shared.o
output\objs\bswcdd\BSW\bswsrv.o
output\objs\bswcdd\BSW\BSW_DEF.o
output\objs\bswcdd\BSW\CAN01\CAN01_CallbackAck.o
output\objs\bswcdd\BSW\CAN01\CAN01_CallbackTout.o
output\objs\bswcdd\BSW\CAN01\CAN01_CalloutRx.o
output\objs\bswcdd\BSW\CAN01\CAN01_CalloutTx.o
output\objs\bswcdd\BSW\CAN01\CAN01_DEF.o
output\objs\bswcdd\BSW\CAN02\CAN02_CallbackAck.o
output\objs\bswcdd\BSW\CAN02\CAN02_CallbackTout.o
output\objs\bswcdd\BSW\CAN02\CAN02_CalloutRx.o
output\objs\bswcdd\BSW\CAN02\CAN02_CalloutTx.o
output\objs\bswcdd\BSW\CAN02\CAN02_DEF.o
output\objs\bswcdd\BSW\CAN03\CAN03_CallbackAck.o
output\objs\bswcdd\BSW\CAN03\CAN03_CallbackTout.o
output\objs\bswcdd\BSW\CAN03\CAN03_CalloutRx.o
output\objs\bswcdd\BSW\CAN03\CAN03_CalloutTx.o
output\objs\bswcdd\BSW\CAN03\CAN03_DEF.o
output\objs\bswcdd\BSW\ComToutDet\ComToutDet_Cfg.o
output\objs\bswcdd\CCP\CAL\CalUsr.o
output\objs\bswcdd\CCP\CAL\CALUSR_DEF.o
output\objs\bswcdd\CCP\CCP\Ccp_Cbk.o
output\objs\bswcdd\CCP\CCP\CCP_Cfg.o
output\objs\bswcdd\CCP\CCP\CCP_Daq.o
output\objs\bswcdd\CCP\CCP\CCP_Def.o
output\objs\bswcdd\CCP\CCP\CCP_Mon.o
output\objs\bswcdd\CCP\CCP\CCP_Opt.o
output\objs\bswcdd\CCP\CCP\CCP_Prg.o
output\objs\bswcdd\CCP\CCP\CCP_Srv.o
output\objs\bswcdd\CCP\CCPUSR\CCPUSR.o
output\objs\bswcdd\CCP\CCPUSR\CCPUSR_CanIf.o
output\objs\bswcdd\CCP\CCPUSR\CCPUSR_Cfg.o
output\objs\bswcdd\CCP\CCPUSR\CCPUSR_Daq.o
output\objs\bswcdd\CCP\DEVHAL\DEVHAL_1.o
output\objs\bswcdd\CCP\DEVHAL\DEVHAL_Api.o
output\objs\bswcdd\CCP\DEVHAL\DEVHAL_Cfg.o
output\objs\bswcdd\CCP\DEVHAL\DEVHAL_Def.o
output\objs\bswcdd\CCP\SPY\spy_daq.o
output\objs\bswcdd\CCP\SPY\SPY_DEF.o
output\objs\bswcdd\CCU6\CCU6.o
output\objs\bswcdd\CCU6\CCU6_Cfg.o
output\objs\bswcdd\CCU6\CCU6_DEF.o
output\objs\bswcdd\CCU6\CCU6_Hal.o
output\objs\bswcdd\ComHal\ComHal.o
output\objs\bswcdd\DFM\DFM.o
output\objs\bswcdd\DFM\DFM_LCfg.o
output\objs\bswcdd\DFM\MutexDef.o
output\objs\bswcdd\DFM\RingQueue\RingQueue.o
output\objs\bswcdd\Dsm\DSM_Bsl.o
output\objs\bswcdd\Dsm\DSM_Ctx.o
output\objs\bswcdd\Dsm\DSM_DEF.o
output\objs\bswcdd\Dsm\DSM_Diag.o
output\objs\bswcdd\Dsm\DSM_Nvm_Def.o
output\objs\bswcdd\Dsm\DSM_Sav.o
output\objs\bswcdd\Dsm\fail\FAIL.o
output\objs\bswcdd\Dsm\fail\FAIL_DEF.o
output\objs\bswcdd\Dsm\fail\FAIL_Nvm_Def.o
output\objs\bswcdd\Dsm\fault\FAULT_Api.o
output\objs\bswcdd\Dsm\fault\FAULT_Data.o
output\objs\bswcdd\Dsm\fault\FAULT_FF.o
output\objs\bswcdd\Dsm\TSMem.o
output\objs\bswcdd\EAS\EAS.o
output\objs\bswcdd\EAS\EAS_DEF.o
output\objs\bswcdd\EAS\EAS_L.o
output\objs\bswcdd\ERL\EnhancedResetLogger.o
output\objs\bswcdd\ESM\AESM\aesmsrv.o
output\objs\bswcdd\ESM\AESM\aesmsrv_prj.o
output\objs\bswcdd\ESM\AESM\aesm_1.o
output\objs\bswcdd\ESM\AESM\AESM_DAT.o
output\objs\bswcdd\ESM\AESM\AESM_DEF.o
output\objs\bswcdd\ESM\AESM\AESM_STA.o
output\objs\bswcdd\ESM\AESM\AESM_TRA.o
output\objs\bswcdd\ESM\ESM\esmsrv.o
output\objs\bswcdd\ESM\ESM\esmsrv_prj.o
output\objs\bswcdd\ESM\ESM\esm_1.o
output\objs\bswcdd\ESM\ESM\ESM_DAT.o
output\objs\bswcdd\ESM\ESM\ESM_DEF.o
output\objs\bswcdd\ESM\ESM\ESM_STA.o
output\objs\bswcdd\ESM\ESM\ESM_TRA.o
output\objs\bswcdd\ESM\GESM\gesmsrv.o
output\objs\bswcdd\ESM\GESM\gesmsrv_prj.o
output\objs\bswcdd\ESM\GESM\gesm_1.o
output\objs\bswcdd\ESM\GESM\GESM_DAT.o
output\objs\bswcdd\ESM\GESM\GESM_DEF.o
output\objs\bswcdd\ESM\GESM\GESM_STA.o
output\objs\bswcdd\ESM\GESM\GESM_TRA.o
output\objs\bswcdd\ESM\OESM\oesmsrv.o
output\objs\bswcdd\ESM\OESM\oesmsrv_prj.o
output\objs\bswcdd\ESM\OESM\oesm_1.o
output\objs\bswcdd\ESM\OESM\OESM_DAT.o
output\objs\bswcdd\ESM\OESM\OESM_DEF.o
output\objs\bswcdd\ESM\OESM\OESM_STA.o
output\objs\bswcdd\ESM\OESM\OESM_TRA.o
output\objs\bswcdd\F32SRV\F32SRV_API.o
output\objs\bswcdd\F32SRV\F32SRV_DEF.o
output\objs\bswcdd\FR\FR_EcuSetCfg.o
output\objs\bswcdd\FR\FR_Hal.o
output\objs\bswcdd\FR\FR_InputSystem.o
output\objs\bswcdd\FR\FR_System.o
output\objs\bswcdd\GCCU6\GCCU6.o
output\objs\bswcdd\GCCU6\GCCU6_Cfg.o
output\objs\bswcdd\GCCU6\GCCU6_DEF.o
output\objs\bswcdd\GtmM\GtmM.o
output\objs\bswcdd\GtmM\GtmM_AtomAdcTrigger.o
output\objs\bswcdd\GtmM\GtmM_DtmCtrl.o
output\objs\bswcdd\GtmM\GtmM_PhaseShiftControl.o
output\objs\bswcdd\HARD\HARD_DEF.o
output\objs\bswcdd\HARD\HARD_Esm.o
output\objs\bswcdd\HARD\HARD_Io.o
output\objs\bswcdd\HARD\hard_mod.o
output\objs\bswcdd\HARD\HARD_Ptg.o
output\objs\bswcdd\HARD\HARD_Tab.o
output\objs\bswcdd\HARD\HARD_tsk.o
output\objs\bswcdd\HARD\MATH_SC.o
output\objs\bswcdd\HARD\MATH_TAB.o
output\objs\bswcdd\HARD\MATH_TRI.o
output\objs\bswcdd\IOHAL\IcuHal\IcuHal.o
output\objs\bswcdd\IOHAL\IOHAL_Cfg_I.o
output\objs\bswcdd\J1939\J1939.o
output\objs\bswcdd\J1939\J1939TP.o
output\objs\bswcdd\MATHSRV\MATHSRV_ADD_32.o
output\objs\bswcdd\MATHSRV\MATHSRV_CALC_PARA.o
output\objs\bswcdd\MATHSRV\MATHSRV_Div.o
output\objs\bswcdd\MATHSRV\MATHSRV_INTERP_U16.o
output\objs\bswcdd\MATHSRV\MATHSRV_INTERP_U8.o
output\objs\bswcdd\MATHSRV\MATHSRV_MEDIAN_FILTER.o
output\objs\bswcdd\MATHSRV\MATHSRV_Mul.o
output\objs\bswcdd\MATHSRV\MATHSRV_MulDiv_16.o
output\objs\bswcdd\MATHSRV\MATHSRV_MulDiv_32.o
output\objs\bswcdd\MATHSRV\MATHSRV_S16_FIRST_ORDER_FILTER_G_U16.o
output\objs\bswcdd\MATHSRV\MATHSRV_S16_FIRST_ORDER_FILTER_G_U8.o
output\objs\bswcdd\MATHSRV\MATHSRV_S16_SLEW_FILTER.o
output\objs\bswcdd\MATHSRV\MATHSRV_S8_SLEW_FILTER.o
output\objs\bswcdd\MATHSRV\MATHSRV_SCHMITT_TRIGGER.o
output\objs\bswcdd\MATHSRV\MATHSRV_Sub.o
output\objs\bswcdd\MATHSRV\MATHSRV_U16_FIRST_ORDER_FILTER_G_U16.o
output\objs\bswcdd\MATHSRV\MATHSRV_U16_FIRST_ORDER_FILTER_G_U8.o
output\objs\bswcdd\MATHSRV\MATHSRV_U16_SLEW_FILTER.o
output\objs\bswcdd\MATHSRV\MATHSRV_U8_SLEW_FILTER.o
output\objs\bswcdd\MCS\MCS.o
output\objs\bswcdd\MCS\MCS0.o
output\objs\bswcdd\osTime\osTime.o
output\objs\bswcdd\PortMux\PortMux.o
output\objs\bswcdd\PreDriver\Drv8340\DRV8340.o
output\objs\bswcdd\PreDriver\Drv8340\DRV8340_Calib.o
output\objs\bswcdd\PreDriver\Drv8340\DRV83xx.o
output\objs\bswcdd\PreDriver\Drv8340\DRV83xx_HAL.o
output\objs\bswcdd\PreDriver\PreDrv.o
output\objs\bswcdd\PreDriver\TLE9180\TLE9180.o
output\objs\bswcdd\PreDriver\TLE9180\TLE9180_DEF.o
output\objs\bswcdd\PreDriver\TLE9180\TLE9180_HAL.o
output\objs\bswcdd\Qspi_dma\Qspi_dma.o
output\objs\bswcdd\RES\RESBSL.o
output\objs\bswcdd\RES\RES_DEF.o
output\objs\bswcdd\RingQ\RingQ.o
output\objs\bswcdd\RingQ\RingQ_Cfg.o
output\objs\bswcdd\SafeTPack\SafeTpackMain.o
output\objs\bswcdd\SafeTPack\StpEBGenSrc\src\HtxFwCheck_Cfg.o
output\objs\bswcdd\SafeTPack\StpEBGenSrc\src\HtxIntSafeWdg_Cfg.o
output\objs\bswcdd\SafeTPack\StpEBGenSrc\src\HtxLbist_Cfg.o
output\objs\bswcdd\SafeTPack\StpEBGenSrc\src\HtxRegMon_Cfg.o
output\objs\bswcdd\SafeTPack\StpEBGenSrc\src\HtxSfrTst_Cfg.o
output\objs\bswcdd\SafeTPack\StpEBGenSrc\src\HtxTestHnd_Cfg.o
output\objs\bswcdd\SafeTPack\StpEBGenSrc\src\HtxTLF35584Qspi_Cfg.o
output\objs\bswcdd\SafeTPack\StpEBGenSrc\src\HtxTLF35584_Cfg.o
output\objs\bswcdd\SafeTPack\StpEBGenSrc\src\HtxVmtMbist_Cfg.o
output\objs\bswcdd\SafeTPack\StpEBGenSrc\src\HtxWdgIf_Cfg.o
output\objs\bswcdd\SafeTPack\Stp_Basic\AppSw\CfgMcal\src\Smu_PBcfg.o
output\objs\bswcdd\SafeTPack\Stp_Basic\AppSw\DemoHtxStp\Clk\src\Clk.o
output\objs\bswcdd\SafeTPack\Stp_Basic\AppSw\DemoHtxStp\Clk\src\Clk_Cfg.o
output\objs\bswcdd\SafeTPack\Stp_Basic\AppSw\DemoHtxStp\SafeWdgM\src\SafeWdgM.o
output\objs\bswcdd\SafeTPack\Stp_Basic\AppSw\DemoHtxStp\StpRefApp\src\AppCbk.o
output\objs\bswcdd\SafeTPack\Stp_Basic\AppSw\DemoHtxStp\StpRefApp\src\PfmRefApp.o
output\objs\bswcdd\SafeTPack\Stp_Basic\AppSw\DemoHtxStp\StpRefApp\src\StpRefApp.o
output\objs\bswcdd\SafeTPack\Stp_Basic\AppSw\DemoHtxStp\Support\src\Support_EndInit.o
output\objs\bswcdd\SafeTPack\Stp_Basic\AppSw\DemoHtxStp\TstM\src\TstM.o
output\objs\bswcdd\SafeTPack\Stp_Basic\BaseSw\Autosar_Srv\Mcal_SafetyError.o
output\objs\bswcdd\SafeTPack\Stp_Basic\BaseSw\Integration\SchM_HtxIntSafeWdg.o
output\objs\bswcdd\SafeTPack\Stp_Basic\HtxStpSrc\01_StpSource\01_HtxTestLib\01_HtxMicroTestLib\01_HtxSfrTst\src\HtxSfrTstCmp.o
output\objs\bswcdd\SafeTPack\Stp_Basic\HtxStpSrc\01_StpSource\01_HtxTestLib\01_HtxMicroTestLib\01_HtxSfrTst\src\HtxSfrTstCrc.o
output\objs\bswcdd\SafeTPack\Stp_Basic\HtxStpSrc\01_StpSource\01_HtxTestLib\01_HtxMicroTestLib\02_HtxLbist\src\HtxLbist.o
output\objs\bswcdd\SafeTPack\Stp_Basic\HtxStpSrc\01_StpSource\01_HtxTestLib\01_HtxMicroTestLib\03_HtxRegMon\src\HtxRegMon.o
output\objs\bswcdd\SafeTPack\Stp_Basic\HtxStpSrc\01_StpSource\01_HtxTestLib\01_HtxMicroTestLib\04_HtxMonbist\src\HtxMonbist.o
output\objs\bswcdd\SafeTPack\Stp_Basic\HtxStpSrc\01_StpSource\01_HtxTestLib\01_HtxMicroTestLib\05_HtxDtsResult\src\HtxDtsResultA.o
output\objs\bswcdd\SafeTPack\Stp_Basic\HtxStpSrc\01_StpSource\01_HtxTestLib\01_HtxMicroTestLib\05_HtxDtsResult\src\HtxDtsResultB.o
output\objs\bswcdd\SafeTPack\Stp_Basic\HtxStpSrc\01_StpSource\01_HtxTestLib\01_HtxMicroTestLib\06_HtxSmuAliveAlarm\src\HtxSmuAliveAlarm.o
output\objs\bswcdd\SafeTPack\Stp_Basic\HtxStpSrc\01_StpSource\01_HtxTestLib\01_HtxMicroTestLib\07_HtxVmtMbist\src\HtxVmtMbist.o
output\objs\bswcdd\SafeTPack\Stp_Basic\HtxStpSrc\01_StpSource\01_HtxTestLib\01_HtxMicroTestLib\08_HtxFwCheck\src\HtxFwCheck.o
output\objs\bswcdd\SafeTPack\Stp_Basic\HtxStpSrc\01_StpSource\01_HtxTestLib\02_HtxTestHandler\src\HtxTestHnd.o
output\objs\bswcdd\SafeTPack\Stp_Basic\Mcal\Smu\src\Smu.o
output\objs\bswcdd\SafeTPack\Stp_WD\HtxStpSrc\01_StpSource\02_HtxSafeWdg\01_HtxWdgIf\src\HtxWdgIf.o
output\objs\bswcdd\SafeTPack\Stp_WD\HtxStpSrc\01_StpSource\02_HtxSafeWdg\02_HtxIntSafeWdg\src\HtxIntSafeWdg.o
output\objs\bswcdd\SafeTPack\Stp_WD\HtxStpSrc\01_StpSource\02_HtxSafeWdg\03_HtxTLF35584\src\HtxTLF35584.o
output\objs\bswcdd\SafeTPack\Stp_WD\HtxStpSrc\01_StpSource\02_HtxSafeWdg\04_HtxTLF35584Qspi\src\HtxTLF35584Qspi.o
output\objs\bswcdd\SBC\SBC.o
output\objs\bswcdd\SBC\SBC_DEF.o
output\objs\bswcdd\SBC\SBC_Hal.o
output\objs\bswcdd\STFSRV\ASTFSRV\ASTFSRV_DEF.o
output\objs\bswcdd\STFSRV\GSTFSRV\GSTFSRV_DEF.o
output\objs\bswcdd\STFSRV\OSTFSRV\OSTFSRV_DEF.o
output\objs\bswcdd\STFSRV\STFSRV\STFSRV_DEF.o
output\objs\bswcdd\TPPC\0_Devices\TPPC_ACM\TPPC_ACMApp.o
output\objs\bswcdd\TPPC\0_Devices\TPPC_ACM\TPPC_ACMCalib.o
output\objs\bswcdd\TPPC\0_Devices\TPPC_ACM\TPPC_ACMHal.o
output\objs\bswcdd\TPPC\0_Devices\TPPC_DeviceCfg.o
output\objs\bswcdd\TPPC\0_Devices\TPPC_EPS\TPPC_EPSApp.o
output\objs\bswcdd\TPPC\0_Devices\TPPC_EPS\TPPC_EPSCalib.o
output\objs\bswcdd\TPPC\0_Devices\TPPC_EPS\TPPC_EPSHal.o
output\objs\bswcdd\TPPC\1_TPPC_UDrv\0_UDrvGTM\ACMGtmCfg\TPPC_UDrvGtmCfg_ACM.o
output\objs\bswcdd\TPPC\1_TPPC_UDrv\0_UDrvGTM\EPSGtmCfg\TPPC_UDrvGtmCfg_EPS.o
output\objs\bswcdd\TPPC\1_TPPC_UDrv\0_UDrvGTM\TPPC_UDrvGtm.o
output\objs\bswcdd\TPPC\TPPC.o
output\objs\bswcdd\TPPC\TPPC_GeneFunc.o
output\objs\bswcdd\TPPC\TPPC_GeneHal.o
output\objs\bswcdd\UcbSwap\UcbSwap.o
output\objs\bswcdd\UDS\UDS_DidCallbackRead.o
output\objs\bswcdd\UDS\UDS_DidCallbackWrite.o
output\objs\bswcdd\UDS\UDS_DidCfg.o
output\objs\bswcdd\UDS\UDS_DidDataDef.o
output\objs\bswcdd\UDS\UDS_DidDataUpdate.o
output\objs\bswcdd\UDS\UDS_DidModule.o
output\objs\bswcdd\UDS\UDS_Nvm_Def.o
output\objs\bswcdd\UDS\UDS_Rdbi.o
output\objs\bswcdd\UDS\UDS_RoutineCtrl.o
output\objs\bswcdd\UDS\UDS_Wdbi.o
output\objs\bswcdd\VADC\ADC_Single_Channel.o
output\objs\bswcdd\VADC\VADC.o
output\objs\rte\Core0_BSW_OsTask_SwcRequest.o
output\objs\rte\Core0_OsTask_ASW_100ms.o
output\objs\rte\Core0_OsTask_ASW_10ms.o
output\objs\rte\Core0_OsTask_ASW_1ms.o
output\objs\rte\Core0_OsTask_BSW_100ms.o
output\objs\rte\Core0_OsTask_BSW_10ms.o
output\objs\rte\Core0_OsTask_BSW_1ms.o
output\objs\rte\Core0_OsTask_BSW_50ms.o
output\objs\rte\Core1_OsTask_ASW_100ms.o
output\objs\rte\Core1_OsTask_ASW_10ms.o
output\objs\rte\Core1_OsTask_ASW_1ms.o
output\objs\rte\Core1_OsTask_BSW_10ms.o
output\objs\rte\Core2_OsTask_ASW_100ms.o
output\objs\rte\Core2_OsTask_ASW_10ms.o
output\objs\rte\Core2_OsTask_ASW_1ms.o
output\objs\rte\Core2_OsTask_ASW_5ms.o
output\objs\rte\Core2_OsTask_BSW_10ms.o
output\objs\rte\Core3_OsTask_ASW_1ms.o
output\objs\rte\Core3_OsTask_ASW_5ms.o
output\objs\rte\Core3_OsTask_BSW_10ms.o
output\objs\rte\Rte.o
output\objs\rte\Rte_Lib.o
output\objs\ASW\ASW_BASE\src\ASW_BASE.o
output\objs\ASW\ASW_COM\ASW_COM.o
output\objs\ASW\ASW_CORE0\src\ASW_CORE0.o
output\objs\ASW\ASW_CORE1\src\ASW_CORE1.o
output\objs\ASW\ASW_CORE2\src\ASW_CORE2.o
output\objs\ASW\ASW_CORE3\src\ASW_CORE3.o
output\objs\ASW\ASW_DCM\obd\RunnableEntity_0_func_vit_06.o
output\objs\ASW\ASW_DCM\obd\RunnableEntity_0_func_VIT_0A.o
output\objs\ASW\ASW_DCM\obd\RunnableEntity_0_VIT_04.o
output\objs\ASW\ASW_DCM\src\ASW_DCM.o
output\objs\ASW\ASW_DCM\src\ASW_DCM_PID_Service01.o
output\objs\ASW\ASW_DCM\src\Dcm_ExternalServiceProcessing.o
output\objs\ASW\ASW_DCM\src\Dcm_FailureAttemptCnt.o
output\objs\ASW\ASW_DCM\src\Diag_SeedKey.o
output\objs\ASW\ASW_DEM\src\ASW_DEM.o
output\objs\ASW\ASW_DEM\src\ASW_DEM_CBStatusComp_DemComponent_func.o
output\objs\ASW\ASW_NM\src\ASW_NM.o
output\objs\ASW\ASW_NVM\src\ASW_NVM.o
output\objs\ASW\ASW_WDG\src\ASW_WDG.o
output\objs\ASW\ASW_XCP\src\ASW_XCP.o
output\objs\ASW\CDD_CORE0\src\CDD_CORE0.o
output\objs\ASW\CDD_CORE1\src\CDD_CORE1.o
output\objs\ASW\CDD_CORE2\src\CDD_CORE2.o
output\objs\ASW\CDD_CORE3\src\CDD_CORE3.o
output\objs\ASW\CDD_FR\DCAC\FR_DCACCfg.o
output\objs\ASW\CDD_FR\MGTCU\FR_MGTCUCfg.o
output\objs\ASW\CDD_FR\PDU\FR_PDUCfg.o
output\objs\ASW\CDD_TPPC\CDD_TPPC.o
output\objs\ASW\Dem_User\Dem_User.o
output\objs\ASW\RSID\RSID.o
output\objs\ASW\SWC_DEM\SWC_DEM.o
output\objs\main\AcuMain\MAIN_AcuDEF.o
output\objs\main\AcuMain\MAIN_AcuTsk.o
output\objs\main\AutoMSG\MAIN_MSG_Auto_Can01.o
output\objs\main\AutoMSG\MAIN_MSG_Auto_Can01_DEF.o
output\objs\main\AutoMSG\MAIN_MSG_Auto_Can02.o
output\objs\main\AutoMSG\MAIN_MSG_Auto_Can02_DEF.o
output\objs\main\AutoMSG\MAIN_MSG_Auto_Can03.o
output\objs\main\AutoMSG\MAIN_MSG_Auto_Can03_DEF.o
output\objs\main\AutoMSG\MAIN_MSG_period_Can01.o
output\objs\main\AutoMSG\MAIN_MSG_period_Can02.o
output\objs\main\AutoMSG\MAIN_MSG_period_Can03.o
output\objs\main\GcuMain\GMAIN_DEF.o
output\objs\main\GcuMain\GMAIN_tsk.o
output\objs\main\McuMain\MAIN_DEF.o
output\objs\main\McuMain\MAIN_tsk.o
output\objs\main\OcuMain\MAIN_OcuDEF.o
output\objs\main\OcuMain\MAIN_OcuTsk.o
output\objs\main\PduMain\MAIN_PduDEF.o
output\objs\main\PduMain\MAIN_PduTsk.o
output\objs\main\_MainModule\AOCUErrProtect\MAIN_ACMErrProtect.o
output\objs\main\_MainModule\AOCUErrProtect\MAIN_EPSErrProtect.o
output\objs\main\_MainModule\Assert\InvtAssert.o
output\objs\main\_MainModule\CalibData\MAIN_CalibData.o
output\objs\main\_MainModule\ErrCodePolling\MAIN_ECPCfg_ACM.o
output\objs\main\_MainModule\ErrCodePolling\MAIN_ECPCfg_EPS.o
output\objs\main\_MainModule\ErrCodePolling\MAIN_ECPCfg_MCU1.o
output\objs\main\_MainModule\ErrCodePolling\MAIN_ECPCfg_MCU2.o
output\objs\main\_MainModule\ErrCodePolling\MAIN_ECPCfg_PDU.o
output\objs\main\_MainModule\ErrCodePolling\MAIN_ErrCodePolling.o
output\objs\main\_MainModule\FFUpdate\MAIN_FFUpdate.o
output\objs\main\_MainModule\MuxFuncCfg\MAIN_MFC_Calib.o
output\objs\main\_MainModule\MuxFuncCfg\MAIN_MuxFuncCfg.o
output\objs\main\_MainModule\OCTrim\MAIN_OCTrim.o
output\objs\main\_MainModule\PduCtrl\MAIN_PduCtrl.o
output\objs\main\_MainModule\ReadAllCallback\MAIN_ReadAllCallback.o
output\objs\main\_MainModule\RollErrCode\MAIN_RollErrCode.o
output\objs\main\_MainModule\RunTime\MAIN_RunTime.o
