Start remove_macro  . was excuted
End remove_macro 
scons: done reading SConscript files.
scons: Building targets ...
CC build\objs\PJ_INVT_FBL\BSW\Bsw_Gen\Dcm\Dcm_Lcfg_DslDsd.o
CC build\objs\PJ_INVT_FBL\BSW\Bsw_Gen\Fee\Fee_Cfg.o
CC build\objs\PJ_INVT_FBL\BSW\Bsw_Gen\PduR\PduR_LoTp.o
CC build\objs\PJ_INVT_FBL\BSW\Bsw_Gen\PduR\PduR_PBcfg.o
CC build\objs\PJ_INVT_FBL\BSW\Bsw_Gen\PduR\PduR_UpTp.o
CC build\objs\PJ_INVT_FBL\InfineonLib\Infra\CDD\bsw\bswsrv.o
ctc W525: ["Fbl\InfineonLib\Infra\CDD\bsw\bswsrv.c" 285/24] discarded 'const' qualifier at assignment: conversion from unsigned char const volatile * to unsigned char *
ctc W525: ["Fbl\InfineonLib\Infra\CDD\bsw\bswsrv.c" 285/24] discarded 'volatile' qualifier at assignment: conversion from unsigned char const volatile * to unsigned char *
0 errors, 2 warnings



ctc W529: ["Fbl\InfineonLib\Infra\Integration\Bsw\Dcm\integration\Dcm_Cfg_Timer.h" 75/78] overflow in constant expression of type "unsigned long int"
0 errors, 1 warnings

ctc W529: ["Fbl\InfineonLib\Infra\Integration\Bsw\Dcm\integration\Dcm_Cfg_Timer.h" 75/78] overflow in constant expression of type "unsigned long int"
0 errors, 1 warnings

ctc W529: ["Fbl\InfineonLib\Infra\Integration\Bsw\Dcm\integration\Dcm_Cfg_Timer.h" 75/78] overflow in constant expression of type "unsigned long int"
ctc W549: ["Fbl\BSW\Bsw_Gen\Dcm\src\DcmCore\DcmCoreLib\DcmCore_DslDsd_Inl.h" 46/5] condition is always true
0 errors, 2 warnings

LINK build\dbg\PJ_INVT_FBL.elf
ltc W159: LSL: section ".text.start" (function .L44) was not selected because it already has an absolute restriction
ltc E163: ["Fbl\BSW\Bsw_Gen\Dcm\src\DcmCore\DcmCoreMain/DcmCore_Main.c" 384/13] "Dcm_FAC_Delay_Deal" redeclared with a different type
ltc I459: ["Fbl\BSW\Bsw_Gen\Dcm\src\DcmDsp\DcmDspUds/DcmDspUds_Seca.c" 537/6] previous declaration of "Dcm_FAC_Delay_Deal"
ltc I461: global type checking can be disabled if the type error(s) reported above cannot be avoided in your source code

===================
None
===================
scons: *** [build\dbg\PJ_INVT_FBL.elf] Error 1
scons: building terminated because of errors.
